185.250.242.58 - - [26/Dec/2020:08:24:51 +0000] "GET /assets/js/datepicker.js HTTP/1.1" 304 109 "http://realstresser.com/hub" "Serf/1.3.9 (mod_pagespeed/1.13.35.2-0)"
185.250.242.58 - - [26/Dec/2020:08:24:51 +0000] "GET /favicon/favicon.ico HTTP/1.1" 304 109 "http://realstresser.com/hub" "Serf/1.3.9 (mod_pagespeed/1.13.35.2-0)"
185.250.242.58 - - [26/Dec/2020:08:24:51 +0000] "GET /assets/images/faces/astronaut.png HTTP/1.1" 304 110 "http://realstresser.com/hub" "Serf/1.3.9 (mod_pagespeed/1.13.35.2-0)"
185.250.242.58 - - [26/Dec/2020:08:24:51 +0000] "GET /css/app.css HTTP/1.1" 304 111 "http://realstresser.com/hub" "Serf/1.3.9 (mod_pagespeed/1.13.35.2-0)"
185.250.242.58 - - [26/Dec/2020:08:24:51 +0000] "GET /js/app.js HTTP/1.1" 304 111 "http://realstresser.com/hub" "Serf/1.3.9 (mod_pagespeed/1.13.35.2-0)"
185.250.242.58 - - [26/Dec/2020:08:24:51 +0000] "GET /assets/plugins/chartjs/Chart.min.js HTTP/1.1" 304 111 "http://realstresser.com/hub" "Serf/1.3.9 (mod_pagespeed/1.13.35.2-0)"
185.250.242.58 - - [26/Dec/2020:08:24:51 +0000] "GET /assets/plugins/jquery.flot/jquery.flot.js HTTP/1.1" 304 111 "http://realstresser.com/hub" "Serf/1.3.9 (mod_pagespeed/1.13.35.2-0)"
185.250.242.58 - - [26/Dec/2020:08:24:51 +0000] "GET /assets/plugins/apexcharts/apexcharts.min.js HTTP/1.1" 304 111 "http://realstresser.com/hub" "Serf/1.3.9 (mod_pagespeed/1.13.35.2-0)"
185.250.242.58 - - [26/Dec/2020:08:24:51 +0000] "GET /assets/plugins/progressbar-js/progressbar.min.js HTTP/1.1" 304 110 "http://realstresser.com/hub" "Serf/1.3.9 (mod_pagespeed/1.13.35.2-0)"
185.250.242.58 - - [26/Dec/2020:08:24:51 +0000] "GET /assets/js/template.js HTTP/1.1" 304 110 "http://realstresser.com/hub" "Serf/1.3.9 (mod_pagespeed/1.13.35.2-0)"
185.250.242.58 - - [26/Dec/2020:08:24:51 +0000] "GET /assets/js/spinner.js HTTP/1.1" 304 109 "http://realstresser.com/hub" "Serf/1.3.9 (mod_pagespeed/1.13.35.2-0)"
79.164.146.167 - - [26/Dec/2020:08:24:51 +0000] "GET /assets/images/faces/xastronaut.png.pagespeed.ic.HJfjLqaB7a.webp HTTP/1.0" 200 11556 "https://realstresser.com/hub" "Mozilla/5.0 (Windows NT 10.0; Win64; x64) AppleWebKit/537.36 (KHTML, like Gecko) Chrome/87.0.4280.60 YaBrowser/20.12.0.963 Yowser/2.5 Safari/537.36"
79.164.146.167 - - [26/Dec/2020:08:24:51 +0000] "GET /assets/plugins/progressbar-js/progressbar.min.js.pagespeed.jm.-mxQzqREh5.js HTTP/1.0" 200 8850 "https://realstresser.com/hub" "Mozilla/5.0 (Windows NT 10.0; Win64; x64) AppleWebKit/537.36 (KHTML, like Gecko) Chrome/87.0.4280.60 YaBrowser/20.12.0.963 Yowser/2.5 Safari/537.36"
79.164.146.167 - - [26/Dec/2020:08:24:52 +0000] "GET /assets/js/template.js.pagespeed.jm.fsXzoulBGS.js HTTP/1.0" 200 1349 "https://realstresser.com/hub" "Mozilla/5.0 (Windows NT 10.0; Win64; x64) AppleWebKit/537.36 (KHTML, like Gecko) Chrome/87.0.4280.60 YaBrowser/20.12.0.963 Yowser/2.5 Safari/537.36"
79.164.146.167 - - [26/Dec/2020:08:24:52 +0000] "GET /assets/js/dashboard.js+datepicker.js.pagespeed.jc.-5zRbUUrQ9.js HTTP/1.0" 200 3958 "https://realstresser.com/hub" "Mozilla/5.0 (Windows NT 10.0; Win64; x64) AppleWebKit/537.36 (KHTML, like Gecko) Chrome/87.0.4280.60 YaBrowser/20.12.0.963 Yowser/2.5 Safari/537.36"
79.164.146.167 - - [26/Dec/2020:08:24:53 +0000] "GET /favicon.ico HTTP/1.0" 404 1075 "https://realstresser.com/hub" "Mozilla/5.0 (Windows NT 10.0; Win64; x64) AppleWebKit/537.36 (KHTML, like Gecko) Chrome/87.0.4280.60 YaBrowser/20.12.0.963 Yowser/2.5 Safari/537.36"
45.138.72.251 - - [26/Dec/2020:08:25:10 +0000] "GET /ajax/proxies?type=HTTP HTTP/1.0" 200 27859 "-" "-"
63.143.42.250 - - [26/Dec/2020:08:25:19 +0000] "GET / HTTP/1.0" 302 1486 "https://realstresser.com" "Mozilla/5.0+(compatible; UptimeRobot/2.0; http://www.uptimerobot.com/)"
185.250.242.58 - - [26/Dec/2020:08:25:19 +0000] "GET /indexsrc/all.min.css HTTP/1.1" 304 110 "http://realstresser.com/welcome" "Serf/1.3.9 (mod_pagespeed/1.13.35.2-0)"
63.143.42.250 - - [26/Dec/2020:08:25:19 +0000] "GET /welcome HTTP/1.0" 200 3835 "https://realstresser.com" "Mozilla/5.0+(compatible; UptimeRobot/2.0; http://www.uptimerobot.com/)"
185.250.242.58 - - [26/Dec/2020:08:25:19 +0000] "GET /indexsrc/privacy.png HTTP/1.1" 304 110 "http://realstresser.com/welcome" "Serf/1.3.9 (mod_pagespeed/1.13.35.2-0)"
185.250.242.58 - - [26/Dec/2020:08:25:19 +0000] "GET /indexsrc/services.png HTTP/1.1" 304 111 "http://realstresser.com/welcome" "Serf/1.3.9 (mod_pagespeed/1.13.35.2-0)"
185.250.242.58 - - [26/Dec/2020:08:25:19 +0000] "GET /indexsrc/c-image-1.png HTTP/1.1" 304 111 "http://realstresser.com/welcome" "Serf/1.3.9 (mod_pagespeed/1.13.35.2-0)"
185.250.242.58 - - [26/Dec/2020:08:25:19 +0000] "GET /indexsrc/c-image-2.png HTTP/1.1" 304 110 "http://realstresser.com/welcome" "Serf/1.3.9 (mod_pagespeed/1.13.35.2-0)"
185.250.242.58 - - [26/Dec/2020:08:25:19 +0000] "GET /indexsrc/c-image-4.png HTTP/1.1" 304 111 "http://realstresser.com/welcome" "Serf/1.3.9 (mod_pagespeed/1.13.35.2-0)"
185.250.242.58 - - [26/Dec/2020:08:25:19 +0000] "GET /indexsrc/jquery-1.12.4.min.js HTTP/1.1" 304 111 "http://realstresser.com/welcome" "Serf/1.3.9 (mod_pagespeed/1.13.35.2-0)"
63.143.42.250 - - [26/Dec/2020:08:26:19 +0000] "GET / HTTP/1.0" 302 1486 "https://realstresser.com" "Mozilla/5.0+(compatible; UptimeRobot/2.0; http://www.uptimerobot.com/)"
185.250.242.58 - - [26/Dec/2020:08:26:19 +0000] "GET /indexsrc/bootstrap.min.css HTTP/1.1" 304 111 "http://realstresser.com/welcome" "Serf/1.3.9 (mod_pagespeed/1.13.35.2-0)"
63.143.42.250 - - [26/Dec/2020:08:26:19 +0000] "GET /welcome HTTP/1.0" 200 3736 "https://realstresser.com" "Mozilla/5.0+(compatible; UptimeRobot/2.0; http://www.uptimerobot.com/)"
63.143.42.250 - - [26/Dec/2020:08:27:19 +0000] "GET / HTTP/1.0" 302 1486 "https://realstresser.com" "Mozilla/5.0+(compatible; UptimeRobot/2.0; http://www.uptimerobot.com/)"
185.250.242.58 - - [26/Dec/2020:08:27:19 +0000] "GET /indexsrc/aos.css HTTP/1.1" 304 110 "http://realstresser.com/welcome" "Serf/1.3.9 (mod_pagespeed/1.13.35.2-0)"
185.250.242.58 - - [26/Dec/2020:08:27:19 +0000] "GET /indexsrc/home.css HTTP/1.1" 304 110 "http://realstresser.com/welcome" "Serf/1.3.9 (mod_pagespeed/1.13.35.2-0)"
63.143.42.250 - - [26/Dec/2020:08:27:19 +0000] "GET /welcome HTTP/1.0" 200 3822 "https://realstresser.com" "Mozilla/5.0+(compatible; UptimeRobot/2.0; http://www.uptimerobot.com/)"
185.250.242.58 - - [26/Dec/2020:08:27:19 +0000] "GET /indexsrc/bootstrap.min.js HTTP/1.1" 304 111 "http://realstresser.com/welcome" "Serf/1.3.9 (mod_pagespeed/1.13.35.2-0)"
185.250.242.58 - - [26/Dec/2020:08:27:19 +0000] "GET /indexsrc/home.js HTTP/1.1" 304 109 "http://realstresser.com/welcome" "Serf/1.3.9 (mod_pagespeed/1.13.35.2-0)"
185.250.242.58 - - [26/Dec/2020:08:27:19 +0000] "GET /indexsrc/aos.js HTTP/1.1" 304 110 "http://realstresser.com/welcome" "Serf/1.3.9 (mod_pagespeed/1.13.35.2-0)"
45.138.72.251 - - [26/Dec/2020:08:28:09 +0000] "GET /ajax/proxies?type=HTTP HTTP/1.0" 200 27831 "-" "-"
63.143.42.250 - - [26/Dec/2020:08:28:19 +0000] "GET / HTTP/1.0" 302 1486 "https://realstresser.com" "Mozilla/5.0+(compatible; UptimeRobot/2.0; http://www.uptimerobot.com/)"
185.250.242.58 - - [26/Dec/2020:08:28:19 +0000] "GET /assets/img/favicon.ico HTTP/1.1" 404 1028 "http://realstresser.com/welcome" "Serf/1.3.9 (mod_pagespeed/1.13.35.2-0)"
185.250.242.58 - - [26/Dec/2020:08:28:19 +0000] "GET /indexsrc/css HTTP/1.1" 200 7186 "http://realstresser.com/welcome" "Serf/1.3.9 (mod_pagespeed/1.13.35.2-0)"
63.143.42.250 - - [26/Dec/2020:08:28:19 +0000] "GET /welcome HTTP/1.0" 200 3704 "https://realstresser.com" "Mozilla/5.0+(compatible; UptimeRobot/2.0; http://www.uptimerobot.com/)"
63.143.42.250 - - [26/Dec/2020:08:29:19 +0000] "GET / HTTP/1.0" 302 1486 "https://realstresser.com" "Mozilla/5.0+(compatible; UptimeRobot/2.0; http://www.uptimerobot.com/)"
185.250.242.58 - - [26/Dec/2020:08:29:19 +0000] "GET /indexsrc/all.min.css HTTP/1.1" 304 110 "http://realstresser.com/welcome" "Serf/1.3.9 (mod_pagespeed/1.13.35.2-0)"
185.250.242.58 - - [26/Dec/2020:08:29:19 +0000] "GET /indexsrc/privacy.png HTTP/1.1" 304 110 "http://realstresser.com/welcome" "Serf/1.3.9 (mod_pagespeed/1.13.35.2-0)"
63.143.42.250 - - [26/Dec/2020:08:29:19 +0000] "GET /welcome HTTP/1.0" 200 3822 "https://realstresser.com" "Mozilla/5.0+(compatible; UptimeRobot/2.0; http://www.uptimerobot.com/)"
185.250.242.58 - - [26/Dec/2020:08:29:19 +0000] "GET /indexsrc/services.png HTTP/1.1" 304 111 "http://realstresser.com/welcome" "Serf/1.3.9 (mod_pagespeed/1.13.35.2-0)"
185.250.242.58 - - [26/Dec/2020:08:29:19 +0000] "GET /indexsrc/c-image-1.png HTTP/1.1" 304 111 "http://realstresser.com/welcome" "Serf/1.3.9 (mod_pagespeed/1.13.35.2-0)"
185.250.242.58 - - [26/Dec/2020:08:29:19 +0000] "GET /indexsrc/c-image-2.png HTTP/1.1" 304 110 "http://realstresser.com/welcome" "Serf/1.3.9 (mod_pagespeed/1.13.35.2-0)"
185.250.242.58 - - [26/Dec/2020:08:29:19 +0000] "GET /indexsrc/c-image-4.png HTTP/1.1" 304 111 "http://realstresser.com/welcome" "Serf/1.3.9 (mod_pagespeed/1.13.35.2-0)"
185.250.242.58 - - [26/Dec/2020:08:29:19 +0000] "GET /indexsrc/jquery-1.12.4.min.js HTTP/1.1" 304 111 "http://realstresser.com/welcome" "Serf/1.3.9 (mod_pagespeed/1.13.35.2-0)"
185.250.242.58 - - [26/Dec/2020:08:29:19 +0000] "GET /indexsrc/header-bottom.svg HTTP/1.1" 200 739 "http://realstresser.com/welcome" "Serf/1.3.9 (mod_pagespeed/1.13.35.2-0)"
185.250.242.58 - - [26/Dec/2020:08:29:19 +0000] "GET /indexsrc/f-shape.svg HTTP/1.1" 200 753 "http://realstresser.com/welcome" "Serf/1.3.9 (mod_pagespeed/1.13.35.2-0)"
185.250.242.58 - - [26/Dec/2020:08:29:19 +0000] "GET /indexsrc/c-image-3.svg HTTP/1.1" 200 1603 "http://realstresser.com/welcome" "Serf/1.3.9 (mod_pagespeed/1.13.35.2-0)"
63.143.42.250 - - [26/Dec/2020:08:30:19 +0000] "GET / HTTP/1.0" 302 1486 "https://realstresser.com" "Mozilla/5.0+(compatible; UptimeRobot/2.0; http://www.uptimerobot.com/)"
185.250.242.58 - - [26/Dec/2020:08:30:19 +0000] "GET /indexsrc/bootstrap.min.css HTTP/1.1" 304 111 "http://realstresser.com/welcome" "Serf/1.3.9 (mod_pagespeed/1.13.35.2-0)"
63.143.42.250 - - [26/Dec/2020:08:30:19 +0000] "GET /welcome HTTP/1.0" 200 3749 "https://realstresser.com" "Mozilla/5.0+(compatible; UptimeRobot/2.0; http://www.uptimerobot.com/)"
45.138.72.251 - - [26/Dec/2020:08:30:25 +0000] "GET /ajax/proxies?type=HTTP HTTP/1.0" 200 27859 "-" "-"
63.143.42.250 - - [26/Dec/2020:08:31:19 +0000] "GET / HTTP/1.0" 302 1486 "https://realstresser.com" "Mozilla/5.0+(compatible; UptimeRobot/2.0; http://www.uptimerobot.com/)"
63.143.42.250 - - [26/Dec/2020:08:31:19 +0000] "GET /welcome HTTP/1.0" 200 3822 "https://realstresser.com" "Mozilla/5.0+(compatible; UptimeRobot/2.0; http://www.uptimerobot.com/)"
185.250.242.58 - - [26/Dec/2020:08:31:19 +0000] "GET /indexsrc/aos.css HTTP/1.1" 304 110 "http://realstresser.com/welcome" "Serf/1.3.9 (mod_pagespeed/1.13.35.2-0)"
185.250.242.58 - - [26/Dec/2020:08:31:19 +0000] "GET /indexsrc/home.css HTTP/1.1" 304 110 "http://realstresser.com/welcome" "Serf/1.3.9 (mod_pagespeed/1.13.35.2-0)"
185.250.242.58 - - [26/Dec/2020:08:31:19 +0000] "GET /indexsrc/bootstrap.min.js HTTP/1.1" 304 111 "http://realstresser.com/welcome" "Serf/1.3.9 (mod_pagespeed/1.13.35.2-0)"
185.250.242.58 - - [26/Dec/2020:08:31:19 +0000] "GET /indexsrc/home.js HTTP/1.1" 304 109 "http://realstresser.com/welcome" "Serf/1.3.9 (mod_pagespeed/1.13.35.2-0)"
185.250.242.58 - - [26/Dec/2020:08:31:19 +0000] "GET /indexsrc/aos.js HTTP/1.1" 304 110 "http://realstresser.com/welcome" "Serf/1.3.9 (mod_pagespeed/1.13.35.2-0)"
178.186.87.11 - - [26/Dec/2020:08:31:27 +0000] "GET /error_docs/styles.css HTTP/1.0" 200 1259 "-" "Mozilla/5.0 (Windows NT 10.0; Win64; x64) AppleWebKit/537.36 (KHTML, like Gecko) Chrome/87.0.4280.88 Safari/537.36"
178.186.87.11 - - [26/Dec/2020:08:31:27 +0000] "GET /favicon.ico HTTP/1.0" 404 1075 "https://realstresser.com/error_docs/styles.css" "Mozilla/5.0 (Windows NT 10.0; Win64; x64) AppleWebKit/537.36 (KHTML, like Gecko) Chrome/87.0.4280.88 Safari/537.36"
178.186.87.11 - - [26/Dec/2020:08:31:31 +0000] "GET / HTTP/1.0" 302 1486 "-" "Mozilla/5.0 (Windows NT 10.0; Win64; x64) AppleWebKit/537.36 (KHTML, like Gecko) Chrome/87.0.4280.88 Safari/537.36"
178.186.87.11 - - [26/Dec/2020:08:31:32 +0000] "GET /welcome HTTP/1.0" 200 5610 "-" "Mozilla/5.0 (Windows NT 10.0; Win64; x64) AppleWebKit/537.36 (KHTML, like Gecko) Chrome/87.0.4280.88 Safari/537.36"
178.186.87.11 - - [26/Dec/2020:08:31:32 +0000] "GET /indexsrc/aos.css HTTP/1.0" 200 2626 "https://realstresser.com/welcome" "Mozilla/5.0 (Windows NT 10.0; Win64; x64) AppleWebKit/537.36 (KHTML, like Gecko) Chrome/87.0.4280.88 Safari/537.36"
178.186.87.11 - - [26/Dec/2020:08:31:32 +0000] "GET /indexsrc/c-image-3.svg HTTP/1.0" 200 236 "https://realstresser.com/welcome" "Mozilla/5.0 (Windows NT 10.0; Win64; x64) AppleWebKit/537.36 (KHTML, like Gecko) Chrome/87.0.4280.88 Safari/537.36"
178.186.87.11 - - [26/Dec/2020:08:31:32 +0000] "GET /indexsrc/all.min.css HTTP/1.0" 200 12691 "https://realstresser.com/welcome" "Mozilla/5.0 (Windows NT 10.0; Win64; x64) AppleWebKit/537.36 (KHTML, like Gecko) Chrome/87.0.4280.88 Safari/537.36"
178.186.87.11 - - [26/Dec/2020:08:31:32 +0000] "GET /indexsrc/f-shape.svg HTTP/1.0" 304 128 "https://realstresser.com/welcome" "Mozilla/5.0 (Windows NT 10.0; Win64; x64) AppleWebKit/537.36 (KHTML, like Gecko) Chrome/87.0.4280.88 Safari/537.36"
178.186.87.11 - - [26/Dec/2020:08:31:32 +0000] "GET /indexsrc/header-bottom.svg HTTP/1.0" 304 128 "https://realstresser.com/welcome" "Mozilla/5.0 (Windows NT 10.0; Win64; x64) AppleWebKit/537.36 (KHTML, like Gecko) Chrome/87.0.4280.88 Safari/537.36"
178.186.87.11 - - [26/Dec/2020:08:31:32 +0000] "GET /indexsrc/home.css HTTP/1.0" 200 4840 "https://realstresser.com/welcome" "Mozilla/5.0 (Windows NT 10.0; Win64; x64) AppleWebKit/537.36 (KHTML, like Gecko) Chrome/87.0.4280.88 Safari/537.36"
178.186.87.11 - - [26/Dec/2020:08:31:32 +0000] "GET /indexsrc/bootstrap.min.css HTTP/1.0" 200 23399 "https://realstresser.com/welcome" "Mozilla/5.0 (Windows NT 10.0; Win64; x64) AppleWebKit/537.36 (KHTML, like Gecko) Chrome/87.0.4280.88 Safari/537.36"
178.186.87.11 - - [26/Dec/2020:08:31:33 +0000] "GET /indexsrc/aos.js HTTP/1.0" 200 266 "https://realstresser.com/welcome" "Mozilla/5.0 (Windows NT 10.0; Win64; x64) AppleWebKit/537.36 (KHTML, like Gecko) Chrome/87.0.4280.88 Safari/537.36"
178.186.87.11 - - [26/Dec/2020:08:31:33 +0000] "GET /indexsrc/home.js HTTP/1.0" 304 156 "https://realstresser.com/welcome" "Mozilla/5.0 (Windows NT 10.0; Win64; x64) AppleWebKit/537.36 (KHTML, like Gecko) Chrome/87.0.4280.88 Safari/537.36"
178.186.87.11 - - [26/Dec/2020:08:31:33 +0000] "GET /indexsrc/bootstrap.min.js HTTP/1.0" 200 16325 "https://realstresser.com/welcome" "Mozilla/5.0 (Windows NT 10.0; Win64; x64) AppleWebKit/537.36 (KHTML, like Gecko) Chrome/87.0.4280.88 Safari/537.36"
178.186.87.11 - - [26/Dec/2020:08:31:33 +0000] "GET /indexsrc/jquery-1.12.4.min.js HTTP/1.0" 200 34182 "https://realstresser.com/welcome" "Mozilla/5.0 (Windows NT 10.0; Win64; x64) AppleWebKit/537.36 (KHTML, like Gecko) Chrome/87.0.4280.88 Safari/537.36"
178.186.87.11 - - [26/Dec/2020:08:31:33 +0000] "GET /assets/img/favicon.ico HTTP/1.0" 404 1047 "https://realstresser.com/welcome" "Mozilla/5.0 (Windows NT 10.0; Win64; x64) AppleWebKit/537.36 (KHTML, like Gecko) Chrome/87.0.4280.88 Safari/537.36"
185.250.242.58 - - [26/Dec/2020:08:31:34 +0000] "GET /assets/plugins/feather-icons/feather.min.js HTTP/1.1" 304 111 "http://realstresser.com/login" "Serf/1.3.9 (mod_pagespeed/1.13.35.2-0)"
185.250.242.58 - - [26/Dec/2020:08:31:34 +0000] "GET /assets/js/template.js HTTP/1.1" 304 110 "http://realstresser.com/login" "Serf/1.3.9 (mod_pagespeed/1.13.35.2-0)"
178.186.87.11 - - [26/Dec/2020:08:31:34 +0000] "GET /login HTTP/1.0" 200 3291 "https://realstresser.com/welcome" "Mozilla/5.0 (Windows NT 10.0; Win64; x64) AppleWebKit/537.36 (KHTML, like Gecko) Chrome/87.0.4280.88 Safari/537.36"
185.250.242.58 - - [26/Dec/2020:08:31:34 +0000] "GET /favicon/favicon.ico HTTP/1.1" 304 109 "http://realstresser.com/login" "Serf/1.3.9 (mod_pagespeed/1.13.35.2-0)"
185.250.242.58 - - [26/Dec/2020:08:31:34 +0000] "GET /assets/fonts/feather-font/css/iconfont.css HTTP/1.1" 304 110 "http://realstresser.com/login" "Serf/1.3.9 (mod_pagespeed/1.13.35.2-0)"
185.250.242.58 - - [26/Dec/2020:08:31:34 +0000] "GET /assets/plugins/perfect-scrollbar/perfect-scrollbar.css HTTP/1.1" 304 109 "http://realstresser.com/login" "Serf/1.3.9 (mod_pagespeed/1.13.35.2-0)"
185.250.242.58 - - [26/Dec/2020:08:31:34 +0000] "GET /assets/plugins/bootstrap-datepicker/css/bootstrap-datepicker.min.css HTTP/1.1" 304 110 "http://realstresser.com/login" "Serf/1.3.9 (mod_pagespeed/1.13.35.2-0)"
185.250.242.58 - - [26/Dec/2020:08:31:34 +0000] "GET /css/app.css HTTP/1.1" 304 111 "http://realstresser.com/login" "Serf/1.3.9 (mod_pagespeed/1.13.35.2-0)"
185.250.242.58 - - [26/Dec/2020:08:31:34 +0000] "GET /assets/js/spinner.js HTTP/1.1" 304 109 "http://realstresser.com/login" "Serf/1.3.9 (mod_pagespeed/1.13.35.2-0)"
185.250.242.58 - - [26/Dec/2020:08:31:34 +0000] "GET /js/app.js HTTP/1.1" 304 111 "http://realstresser.com/login" "Serf/1.3.9 (mod_pagespeed/1.13.35.2-0)"
185.250.242.58 - - [26/Dec/2020:08:31:34 +0000] "GET /js/pages/readyLogin.js HTTP/1.1" 404 1028 "http://realstresser.com/login" "Serf/1.3.9 (mod_pagespeed/1.13.35.2-0)"
178.186.87.11 - - [26/Dec/2020:08:31:34 +0000] "GET /js/app.js HTTP/1.0" 200 260 "https://realstresser.com/login" "Mozilla/5.0 (Windows NT 10.0; Win64; x64) AppleWebKit/537.36 (KHTML, like Gecko) Chrome/87.0.4280.88 Safari/537.36"
178.186.87.11 - - [26/Dec/2020:08:31:34 +0000] "GET /js/pages/readyLogin.js HTTP/1.0" 404 1047 "https://realstresser.com/login" "Mozilla/5.0 (Windows NT 10.0; Win64; x64) AppleWebKit/537.36 (KHTML, like Gecko) Chrome/87.0.4280.88 Safari/537.36"
178.186.87.11 - - [26/Dec/2020:08:31:34 +0000] "GET /assets/plugins/perfect-scrollbar/perfect-scrollbar.css HTTP/1.0" 200 1077 "https://realstresser.com/login" "Mozilla/5.0 (Windows NT 10.0; Win64; x64) AppleWebKit/537.36 (KHTML, like Gecko) Chrome/87.0.4280.88 Safari/537.36"
178.186.87.11 - - [26/Dec/2020:08:31:34 +0000] "GET /css/app.css HTTP/1.0" 200 71748 "https://realstresser.com/login" "Mozilla/5.0 (Windows NT 10.0; Win64; x64) AppleWebKit/537.36 (KHTML, like Gecko) Chrome/87.0.4280.88 Safari/537.36"
178.186.87.11 - - [26/Dec/2020:08:31:34 +0000] "GET /assets/fonts/feather-font/css/iconfont.css HTTP/1.0" 200 2849 "https://realstresser.com/login" "Mozilla/5.0 (Windows NT 10.0; Win64; x64) AppleWebKit/537.36 (KHTML, like Gecko) Chrome/87.0.4280.88 Safari/537.36"
178.186.87.11 - - [26/Dec/2020:08:31:34 +0000] "GET /assets/js/template.js HTTP/1.0" 200 272 "https://realstresser.com/login" "Mozilla/5.0 (Windows NT 10.0; Win64; x64) AppleWebKit/537.36 (KHTML, like Gecko) Chrome/87.0.4280.88 Safari/537.36"
178.186.87.11 - - [26/Dec/2020:08:31:34 +0000] "GET /assets/plugins/bootstrap-datepicker/css/bootstrap-datepicker.min.css HTTP/1.0" 200 2486 "https://realstresser.com/login" "Mozilla/5.0 (Windows NT 10.0; Win64; x64) AppleWebKit/537.36 (KHTML, like Gecko) Chrome/87.0.4280.88 Safari/537.36"
178.186.87.11 - - [26/Dec/2020:08:31:34 +0000] "GET /assets/plugins/feather-icons/feather.min.js HTTP/1.0" 200 19880 "https://realstresser.com/login" "Mozilla/5.0 (Windows NT 10.0; Win64; x64) AppleWebKit/537.36 (KHTML, like Gecko) Chrome/87.0.4280.88 Safari/537.36"
178.186.87.11 - - [26/Dec/2020:08:31:34 +0000] "GET /assets/js/spinner.js HTTP/1.0" 304 156 "https://realstresser.com/login" "Mozilla/5.0 (Windows NT 10.0; Win64; x64) AppleWebKit/537.36 (KHTML, like Gecko) Chrome/87.0.4280.88 Safari/537.36"
185.250.242.58 - - [26/Dec/2020:08:31:34 +0000] "GET /assets/images/carousel/img6.html HTTP/1.1" 404 1028 "http://realstresser.com/login" "Serf/1.3.9 (mod_pagespeed/1.13.35.2-0)"
185.250.242.58 - - [26/Dec/2020:08:31:48 +0000] "GET /assets/images/faces/astronaut.png HTTP/1.1" 304 110 "http://realstresser.com/" "Serf/1.3.9 (mod_pagespeed/1.13.35.2-0)"
185.250.242.58 - - [26/Dec/2020:08:31:48 +0000] "GET /assets/plugins/perfect-scrollbar/perfect-scrollbar.min.js HTTP/1.1" 304 110 "http://realstresser.com/" "Serf/1.3.9 (mod_pagespeed/1.13.35.2-0)"
185.250.242.58 - - [26/Dec/2020:08:31:48 +0000] "GET /assets/plugins/chartjs/Chart.min.js HTTP/1.1" 304 111 "http://realstresser.com/" "Serf/1.3.9 (mod_pagespeed/1.13.35.2-0)"
185.250.242.58 - - [26/Dec/2020:08:31:48 +0000] "GET /assets/plugins/jquery.flot/jquery.flot.js HTTP/1.1" 304 111 "http://realstresser.com/" "Serf/1.3.9 (mod_pagespeed/1.13.35.2-0)"
185.250.242.58 - - [26/Dec/2020:08:31:48 +0000] "GET /assets/plugins/jquery.flot/jquery.flot.resize.js HTTP/1.1" 304 109 "http://realstresser.com/" "Serf/1.3.9 (mod_pagespeed/1.13.35.2-0)"
185.250.242.58 - - [26/Dec/2020:08:31:48 +0000] "GET /assets/plugins/bootstrap-datepicker/js/bootstrap-datepicker.min.js HTTP/1.1" 304 110 "http://realstresser.com/" "Serf/1.3.9 (mod_pagespeed/1.13.35.2-0)"
185.250.242.58 - - [26/Dec/2020:08:31:48 +0000] "GET /assets/plugins/apexcharts/apexcharts.min.js HTTP/1.1" 304 111 "http://realstresser.com/" "Serf/1.3.9 (mod_pagespeed/1.13.35.2-0)"
185.250.242.58 - - [26/Dec/2020:08:31:48 +0000] "GET /assets/plugins/progressbar-js/progressbar.min.js HTTP/1.1" 304 110 "http://realstresser.com/" "Serf/1.3.9 (mod_pagespeed/1.13.35.2-0)"
185.250.242.58 - - [26/Dec/2020:08:31:48 +0000] "GET /assets/js/dashboard.js HTTP/1.1" 304 110 "http://realstresser.com/" "Serf/1.3.9 (mod_pagespeed/1.13.35.2-0)"
178.186.87.11 - - [26/Dec/2020:08:31:48 +0000] "GET / HTTP/1.0" 200 5966 "https://realstresser.com/login" "Mozilla/5.0 (Windows NT 10.0; Win64; x64) AppleWebKit/537.36 (KHTML, like Gecko) Chrome/87.0.4280.88 Safari/537.36"
185.250.242.58 - - [26/Dec/2020:08:31:48 +0000] "GET /assets/js/datepicker.js HTTP/1.1" 304 109 "http://realstresser.com/" "Serf/1.3.9 (mod_pagespeed/1.13.35.2-0)"
178.186.87.11 - - [26/Dec/2020:08:31:48 +0000] "GET /assets/plugins/perfect-scrollbar/perfect-scrollbar.min.js HTTP/1.0" 200 5844 "https://realstresser.com/" "Mozilla/5.0 (Windows NT 10.0; Win64; x64) AppleWebKit/537.36 (KHTML, like Gecko) Chrome/87.0.4280.88 Safari/537.36"
178.186.87.11 - - [26/Dec/2020:08:31:48 +0000] "GET /assets/plugins/chartjs/Chart.min.js HTTP/1.0" 200 53152 "https://realstresser.com/" "Mozilla/5.0 (Windows NT 10.0; Win64; x64) AppleWebKit/537.36 (KHTML, like Gecko) Chrome/87.0.4280.88 Safari/537.36"
178.186.87.11 - - [26/Dec/2020:08:31:49 +0000] "GET /assets/plugins/jquery.flot/jquery.flot.js HTTP/1.0" 200 27519 "https://realstresser.com/" "Mozilla/5.0 (Windows NT 10.0; Win64; x64) AppleWebKit/537.36 (KHTML, like Gecko) Chrome/87.0.4280.88 Safari/537.36"
178.186.87.11 - - [26/Dec/2020:08:31:49 +0000] "GET /assets/plugins/jquery.flot/jquery.flot.resize.js HTTP/1.0" 200 1859 "https://realstresser.com/" "Mozilla/5.0 (Windows NT 10.0; Win64; x64) AppleWebKit/537.36 (KHTML, like Gecko) Chrome/87.0.4280.88 Safari/537.36"
178.186.87.11 - - [26/Dec/2020:08:31:49 +0000] "GET /assets/plugins/bootstrap-datepicker/js/bootstrap-datepicker.min.js HTTP/1.0" 200 10480 "https://realstresser.com/" "Mozilla/5.0 (Windows NT 10.0; Win64; x64) AppleWebKit/537.36 (KHTML, like Gecko) Chrome/87.0.4280.88 Safari/537.36"
178.186.87.11 - - [26/Dec/2020:08:31:50 +0000] "GET /assets/plugins/apexcharts/apexcharts.min.js HTTP/1.0" 200 112187 "https://realstresser.com/" "Mozilla/5.0 (Windows NT 10.0; Win64; x64) AppleWebKit/537.36 (KHTML, like Gecko) Chrome/87.0.4280.88 Safari/537.36"
178.186.87.11 - - [26/Dec/2020:08:31:50 +0000] "GET /assets/plugins/progressbar-js/progressbar.min.js HTTP/1.0" 200 8998 "https://realstresser.com/" "Mozilla/5.0 (Windows NT 10.0; Win64; x64) AppleWebKit/537.36 (KHTML, like Gecko) Chrome/87.0.4280.88 Safari/537.36"
178.186.87.11 - - [26/Dec/2020:08:31:50 +0000] "GET /assets/js/dashboard.js HTTP/1.0" 200 4404 "https://realstresser.com/" "Mozilla/5.0 (Windows NT 10.0; Win64; x64) AppleWebKit/537.36 (KHTML, like Gecko) Chrome/87.0.4280.88 Safari/537.36"
178.186.87.11 - - [26/Dec/2020:08:31:51 +0000] "GET /assets/js/datepicker.js HTTP/1.0" 200 651 "https://realstresser.com/" "Mozilla/5.0 (Windows NT 10.0; Win64; x64) AppleWebKit/537.36 (KHTML, like Gecko) Chrome/87.0.4280.88 Safari/537.36"
178.186.87.11 - - [26/Dec/2020:08:31:53 +0000] "GET /hub HTTP/1.0" 200 9915 "https://realstresser.com/" "Mozilla/5.0 (Windows NT 10.0; Win64; x64) AppleWebKit/537.36 (KHTML, like Gecko) Chrome/87.0.4280.88 Safari/537.36"
45.138.72.251 - - [26/Dec/2020:08:31:57 +0000] "GET /ajax/proxies?type=HTTP HTTP/1.0" 200 27831 "-" "-"
63.143.42.250 - - [26/Dec/2020:08:32:19 +0000] "GET / HTTP/1.0" 302 1486 "https://realstresser.com" "Mozilla/5.0+(compatible; UptimeRobot/2.0; http://www.uptimerobot.com/)"
63.143.42.250 - - [26/Dec/2020:08:32:19 +0000] "GET /welcome HTTP/1.0" 200 3822 "https://realstresser.com" "Mozilla/5.0+(compatible; UptimeRobot/2.0; http://www.uptimerobot.com/)"
45.138.72.251 - - [26/Dec/2020:08:33:02 +0000] "GET /ajax/proxies?type=HTTP HTTP/1.0" 200 27831 "-" "-"
63.143.42.250 - - [26/Dec/2020:08:33:19 +0000] "GET / HTTP/1.0" 302 1486 "https://realstresser.com" "Mozilla/5.0+(compatible; UptimeRobot/2.0; http://www.uptimerobot.com/)"
185.250.242.58 - - [26/Dec/2020:08:33:19 +0000] "GET /indexsrc/all.min.css HTTP/1.1" 304 110 "http://realstresser.com/welcome" "Serf/1.3.9 (mod_pagespeed/1.13.35.2-0)"
185.250.242.58 - - [26/Dec/2020:08:33:19 +0000] "GET /indexsrc/privacy.png HTTP/1.1" 304 110 "http://realstresser.com/welcome" "Serf/1.3.9 (mod_pagespeed/1.13.35.2-0)"
63.143.42.250 - - [26/Dec/2020:08:33:19 +0000] "GET /welcome HTTP/1.0" 200 3822 "https://realstresser.com" "Mozilla/5.0+(compatible; UptimeRobot/2.0; http://www.uptimerobot.com/)"
185.250.242.58 - - [26/Dec/2020:08:33:19 +0000] "GET /indexsrc/services.png HTTP/1.1" 304 111 "http://realstresser.com/welcome" "Serf/1.3.9 (mod_pagespeed/1.13.35.2-0)"
185.250.242.58 - - [26/Dec/2020:08:33:19 +0000] "GET /indexsrc/c-image-1.png HTTP/1.1" 304 111 "http://realstresser.com/welcome" "Serf/1.3.9 (mod_pagespeed/1.13.35.2-0)"
185.250.242.58 - - [26/Dec/2020:08:33:19 +0000] "GET /indexsrc/c-image-2.png HTTP/1.1" 304 110 "http://realstresser.com/welcome" "Serf/1.3.9 (mod_pagespeed/1.13.35.2-0)"
185.250.242.58 - - [26/Dec/2020:08:33:19 +0000] "GET /indexsrc/c-image-4.png HTTP/1.1" 304 111 "http://realstresser.com/welcome" "Serf/1.3.9 (mod_pagespeed/1.13.35.2-0)"
185.250.242.58 - - [26/Dec/2020:08:33:19 +0000] "GET /indexsrc/jquery-1.12.4.min.js HTTP/1.1" 304 111 "http://realstresser.com/welcome" "Serf/1.3.9 (mod_pagespeed/1.13.35.2-0)"
185.250.242.58 - - [26/Dec/2020:08:33:19 +0000] "GET /assets/img/favicon.ico HTTP/1.1" 404 1028 "http://realstresser.com/welcome" "Serf/1.3.9 (mod_pagespeed/1.13.35.2-0)"
185.250.242.58 - - [26/Dec/2020:08:33:19 +0000] "GET /indexsrc/css HTTP/1.1" 200 7186 "http://realstresser.com/welcome" "Serf/1.3.9 (mod_pagespeed/1.13.35.2-0)"
45.138.72.251 - - [26/Dec/2020:08:34:05 +0000] "GET /ajax/proxies?type=HTTP HTTP/1.0" 200 27831 "-" "-"
77.88.5.137 - - [26/Dec/2020:08:34:12 +0000] "GET /robots.txt HTTP/1.0" 404 1075 "-" "Mozilla/5.0 (compatible; YandexBot/3.0; +http://yandex.com/bots)"
77.88.5.24 - - [26/Dec/2020:08:34:16 +0000] "GET / HTTP/1.0" 302 1486 "-" "Mozilla/5.0 (compatible; YandexBot/3.0; +http://yandex.com/bots)"
63.143.42.250 - - [26/Dec/2020:08:34:19 +0000] "GET / HTTP/1.0" 302 1486 "https://realstresser.com" "Mozilla/5.0+(compatible; UptimeRobot/2.0; http://www.uptimerobot.com/)"
185.250.242.58 - - [26/Dec/2020:08:34:19 +0000] "GET /indexsrc/bootstrap.min.css HTTP/1.1" 304 111 "http://realstresser.com/welcome" "Serf/1.3.9 (mod_pagespeed/1.13.35.2-0)"
63.143.42.250 - - [26/Dec/2020:08:34:19 +0000] "GET /welcome HTTP/1.0" 200 3716 "https://realstresser.com" "Mozilla/5.0+(compatible; UptimeRobot/2.0; http://www.uptimerobot.com/)"
185.250.242.58 - - [26/Dec/2020:08:34:20 +0000] "GET /indexsrc/header-bottom.svg HTTP/1.1" 200 739 "http://realstresser.com/welcome" "Serf/1.3.9 (mod_pagespeed/1.13.35.2-0)"
77.88.5.94 - - [26/Dec/2020:08:34:20 +0000] "GET /welcome HTTP/1.0" 200 3822 "-" "Mozilla/5.0 (compatible; YandexBot/3.0; +http://yandex.com/bots)"
185.250.242.58 - - [26/Dec/2020:08:34:20 +0000] "GET /indexsrc/f-shape.svg HTTP/1.1" 200 753 "http://realstresser.com/welcome" "Serf/1.3.9 (mod_pagespeed/1.13.35.2-0)"
185.250.242.58 - - [26/Dec/2020:08:34:20 +0000] "GET /indexsrc/c-image-3.svg HTTP/1.1" 200 1603 "http://realstresser.com/welcome" "Serf/1.3.9 (mod_pagespeed/1.13.35.2-0)"
63.143.42.250 - - [26/Dec/2020:08:35:19 +0000] "GET / HTTP/1.0" 302 1486 "https://realstresser.com" "Mozilla/5.0+(compatible; UptimeRobot/2.0; http://www.uptimerobot.com/)"
185.250.242.58 - - [26/Dec/2020:08:35:19 +0000] "GET /indexsrc/home.css HTTP/1.1" 304 110 "http://realstresser.com/welcome" "Serf/1.3.9 (mod_pagespeed/1.13.35.2-0)"
185.250.242.58 - - [26/Dec/2020:08:35:19 +0000] "GET /indexsrc/aos.css HTTP/1.1" 304 110 "http://realstresser.com/welcome" "Serf/1.3.9 (mod_pagespeed/1.13.35.2-0)"
63.143.42.250 - - [26/Dec/2020:08:35:19 +0000] "GET /welcome HTTP/1.0" 200 3835 "https://realstresser.com" "Mozilla/5.0+(compatible; UptimeRobot/2.0; http://www.uptimerobot.com/)"
185.250.242.58 - - [26/Dec/2020:08:35:19 +0000] "GET /indexsrc/bootstrap.min.js HTTP/1.1" 304 111 "http://realstresser.com/welcome" "Serf/1.3.9 (mod_pagespeed/1.13.35.2-0)"
185.250.242.58 - - [26/Dec/2020:08:35:19 +0000] "GET /indexsrc/home.js HTTP/1.1" 304 109 "http://realstresser.com/welcome" "Serf/1.3.9 (mod_pagespeed/1.13.35.2-0)"
45.138.72.251 - - [26/Dec/2020:08:35:58 +0000] "GET /ajax/proxies?type=HTTP HTTP/1.0" 200 27859 "-" "-"
45.138.72.251 - - [26/Dec/2020:08:36:08 +0000] "GET /ajax/proxies?type=HTTP HTTP/1.0" 200 27831 "-" "-"
63.143.42.250 - - [26/Dec/2020:08:36:19 +0000] "GET / HTTP/1.0" 302 1486 "https://realstresser.com" "Mozilla/5.0+(compatible; UptimeRobot/2.0; http://www.uptimerobot.com/)"
63.143.42.250 - - [26/Dec/2020:08:36:19 +0000] "GET /welcome HTTP/1.0" 200 3745 "https://realstresser.com" "Mozilla/5.0+(compatible; UptimeRobot/2.0; http://www.uptimerobot.com/)"
63.143.42.250 - - [26/Dec/2020:08:37:19 +0000] "GET / HTTP/1.0" 302 1486 "https://realstresser.com" "Mozilla/5.0+(compatible; UptimeRobot/2.0; http://www.uptimerobot.com/)"
185.250.242.58 - - [26/Dec/2020:08:37:19 +0000] "GET /indexsrc/all.min.css HTTP/1.1" 304 110 "http://realstresser.com/welcome" "Serf/1.3.9 (mod_pagespeed/1.13.35.2-0)"
63.143.42.250 - - [26/Dec/2020:08:37:19 +0000] "GET /welcome HTTP/1.0" 200 3813 "https://realstresser.com" "Mozilla/5.0+(compatible; UptimeRobot/2.0; http://www.uptimerobot.com/)"
185.250.242.58 - - [26/Dec/2020:08:37:19 +0000] "GET /indexsrc/privacy.png HTTP/1.1" 304 110 "http://realstresser.com/welcome" "Serf/1.3.9 (mod_pagespeed/1.13.35.2-0)"
185.250.242.58 - - [26/Dec/2020:08:37:19 +0000] "GET /indexsrc/services.png HTTP/1.1" 304 111 "http://realstresser.com/welcome" "Serf/1.3.9 (mod_pagespeed/1.13.35.2-0)"
185.250.242.58 - - [26/Dec/2020:08:37:19 +0000] "GET /indexsrc/c-image-1.png HTTP/1.1" 304 111 "http://realstresser.com/welcome" "Serf/1.3.9 (mod_pagespeed/1.13.35.2-0)"
185.250.242.58 - - [26/Dec/2020:08:37:19 +0000] "GET /indexsrc/c-image-2.png HTTP/1.1" 304 110 "http://realstresser.com/welcome" "Serf/1.3.9 (mod_pagespeed/1.13.35.2-0)"
185.250.242.58 - - [26/Dec/2020:08:37:19 +0000] "GET /indexsrc/c-image-4.png HTTP/1.1" 304 111 "http://realstresser.com/welcome" "Serf/1.3.9 (mod_pagespeed/1.13.35.2-0)"
185.250.242.58 - - [26/Dec/2020:08:37:19 +0000] "GET /indexsrc/jquery-1.12.4.min.js HTTP/1.1" 304 111 "http://realstresser.com/welcome" "Serf/1.3.9 (mod_pagespeed/1.13.35.2-0)"
45.138.72.251 - - [26/Dec/2020:08:38:02 +0000] "GET /ajax/proxies?type=HTTP HTTP/1.0" 200 27831 "-" "-"
45.138.72.251 - - [26/Dec/2020:08:38:11 +0000] "GET /ajax/proxies?type=HTTP HTTP/1.0" 200 27831 "-" "-"
63.143.42.250 - - [26/Dec/2020:08:38:19 +0000] "GET / HTTP/1.0" 302 1486 "https://realstresser.com" "Mozilla/5.0+(compatible; UptimeRobot/2.0; http://www.uptimerobot.com/)"
185.250.242.58 - - [26/Dec/2020:08:38:19 +0000] "GET /indexsrc/bootstrap.min.css HTTP/1.1" 304 111 "http://realstresser.com/welcome" "Serf/1.3.9 (mod_pagespeed/1.13.35.2-0)"
185.250.242.58 - - [26/Dec/2020:08:38:19 +0000] "GET /indexsrc/css HTTP/1.1" 200 7186 "http://realstresser.com/welcome" "Serf/1.3.9 (mod_pagespeed/1.13.35.2-0)"
63.143.42.250 - - [26/Dec/2020:08:38:19 +0000] "GET /welcome HTTP/1.0" 200 3797 "https://realstresser.com" "Mozilla/5.0+(compatible; UptimeRobot/2.0; http://www.uptimerobot.com/)"
63.143.42.250 - - [26/Dec/2020:08:39:19 +0000] "GET / HTTP/1.0" 302 1486 "https://realstresser.com" "Mozilla/5.0+(compatible; UptimeRobot/2.0; http://www.uptimerobot.com/)"
185.250.242.58 - - [26/Dec/2020:08:39:19 +0000] "GET /indexsrc/aos.css HTTP/1.1" 304 110 "http://realstresser.com/welcome" "Serf/1.3.9 (mod_pagespeed/1.13.35.2-0)"
63.143.42.250 - - [26/Dec/2020:08:39:19 +0000] "GET /welcome HTTP/1.0" 200 3797 "https://realstresser.com" "Mozilla/5.0+(compatible; UptimeRobot/2.0; http://www.uptimerobot.com/)"
185.250.242.58 - - [26/Dec/2020:08:39:19 +0000] "GET /indexsrc/home.css HTTP/1.1" 304 110 "http://realstresser.com/welcome" "Serf/1.3.9 (mod_pagespeed/1.13.35.2-0)"
185.250.242.58 - - [26/Dec/2020:08:39:19 +0000] "GET /indexsrc/bootstrap.min.js HTTP/1.1" 304 111 "http://realstresser.com/welcome" "Serf/1.3.9 (mod_pagespeed/1.13.35.2-0)"
185.250.242.58 - - [26/Dec/2020:08:39:19 +0000] "GET /assets/img/favicon.ico HTTP/1.1" 404 1028 "http://realstresser.com/welcome" "Serf/1.3.9 (mod_pagespeed/1.13.35.2-0)"
185.250.242.58 - - [26/Dec/2020:08:39:19 +0000] "GET /indexsrc/home.js HTTP/1.1" 304 109 "http://realstresser.com/welcome" "Serf/1.3.9 (mod_pagespeed/1.13.35.2-0)"
63.143.42.250 - - [26/Dec/2020:08:40:19 +0000] "GET / HTTP/1.0" 302 1486 "https://realstresser.com" "Mozilla/5.0+(compatible; UptimeRobot/2.0; http://www.uptimerobot.com/)"
185.250.242.58 - - [26/Dec/2020:08:40:19 +0000] "GET /indexsrc/aos.js HTTP/1.1" 200 14491 "http://realstresser.com/welcome" "Serf/1.3.9 (mod_pagespeed/1.13.35.2-0)"
63.143.42.250 - - [26/Dec/2020:08:40:19 +0000] "GET /welcome HTTP/1.0" 200 3717 "https://realstresser.com" "Mozilla/5.0+(compatible; UptimeRobot/2.0; http://www.uptimerobot.com/)"
185.250.242.58 - - [26/Dec/2020:08:40:19 +0000] "GET /indexsrc/header-bottom.svg HTTP/1.1" 200 739 "http://realstresser.com/welcome" "Serf/1.3.9 (mod_pagespeed/1.13.35.2-0)"
185.250.242.58 - - [26/Dec/2020:08:40:19 +0000] "GET /indexsrc/f-shape.svg HTTP/1.1" 200 753 "http://realstresser.com/welcome" "Serf/1.3.9 (mod_pagespeed/1.13.35.2-0)"
185.250.242.58 - - [26/Dec/2020:08:40:19 +0000] "GET /indexsrc/c-image-3.svg HTTP/1.1" 200 1603 "http://realstresser.com/welcome" "Serf/1.3.9 (mod_pagespeed/1.13.35.2-0)"
45.138.72.251 - - [26/Dec/2020:08:40:35 +0000] "GET /ajax/proxies?type=HTTP HTTP/1.0" 200 27831 "-" "-"
45.138.72.251 - - [26/Dec/2020:08:41:15 +0000] "GET /ajax/proxies?type=HTTP HTTP/1.0" 200 27859 "-" "-"
63.143.42.250 - - [26/Dec/2020:08:41:19 +0000] "GET / HTTP/1.0" 302 1486 "https://realstresser.com" "Mozilla/5.0+(compatible; UptimeRobot/2.0; http://www.uptimerobot.com/)"
185.250.242.58 - - [26/Dec/2020:08:41:19 +0000] "GET /indexsrc/all.min.css HTTP/1.1" 304 110 "http://realstresser.com/welcome" "Serf/1.3.9 (mod_pagespeed/1.13.35.2-0)"
63.143.42.250 - - [26/Dec/2020:08:41:19 +0000] "GET /welcome HTTP/1.0" 200 3822 "https://realstresser.com" "Mozilla/5.0+(compatible; UptimeRobot/2.0; http://www.uptimerobot.com/)"
185.250.242.58 - - [26/Dec/2020:08:41:19 +0000] "GET /indexsrc/privacy.png HTTP/1.1" 304 110 "http://realstresser.com/welcome" "Serf/1.3.9 (mod_pagespeed/1.13.35.2-0)"
185.250.242.58 - - [26/Dec/2020:08:41:19 +0000] "GET /indexsrc/services.png HTTP/1.1" 304 111 "http://realstresser.com/welcome" "Serf/1.3.9 (mod_pagespeed/1.13.35.2-0)"
185.250.242.58 - - [26/Dec/2020:08:41:19 +0000] "GET /indexsrc/c-image-1.png HTTP/1.1" 304 111 "http://realstresser.com/welcome" "Serf/1.3.9 (mod_pagespeed/1.13.35.2-0)"
185.250.242.58 - - [26/Dec/2020:08:41:19 +0000] "GET /indexsrc/c-image-2.png HTTP/1.1" 304 110 "http://realstresser.com/welcome" "Serf/1.3.9 (mod_pagespeed/1.13.35.2-0)"
185.250.242.58 - - [26/Dec/2020:08:41:19 +0000] "GET /indexsrc/c-image-4.png HTTP/1.1" 304 111 "http://realstresser.com/welcome" "Serf/1.3.9 (mod_pagespeed/1.13.35.2-0)"
185.250.242.58 - - [26/Dec/2020:08:41:19 +0000] "GET /indexsrc/jquery-1.12.4.min.js HTTP/1.1" 304 111 "http://realstresser.com/welcome" "Serf/1.3.9 (mod_pagespeed/1.13.35.2-0)"
63.143.42.250 - - [26/Dec/2020:08:42:19 +0000] "GET / HTTP/1.0" 302 1486 "https://realstresser.com" "Mozilla/5.0+(compatible; UptimeRobot/2.0; http://www.uptimerobot.com/)"
185.250.242.58 - - [26/Dec/2020:08:42:19 +0000] "GET /indexsrc/bootstrap.min.css HTTP/1.1" 304 111 "http://realstresser.com/welcome" "Serf/1.3.9 (mod_pagespeed/1.13.35.2-0)"
63.143.42.250 - - [26/Dec/2020:08:42:19 +0000] "GET /welcome HTTP/1.0" 200 3736 "https://realstresser.com" "Mozilla/5.0+(compatible; UptimeRobot/2.0; http://www.uptimerobot.com/)"
45.138.72.251 - - [26/Dec/2020:08:43:00 +0000] "GET /ajax/proxies?type=HTTP HTTP/1.0" 200 27831 "-" "-"
63.143.42.250 - - [26/Dec/2020:08:43:19 +0000] "GET / HTTP/1.0" 302 1486 "https://realstresser.com" "Mozilla/5.0+(compatible; UptimeRobot/2.0; http://www.uptimerobot.com/)"
185.250.242.58 - - [26/Dec/2020:08:43:19 +0000] "GET /indexsrc/aos.css HTTP/1.1" 304 110 "http://realstresser.com/welcome" "Serf/1.3.9 (mod_pagespeed/1.13.35.2-0)"
63.143.42.250 - - [26/Dec/2020:08:43:19 +0000] "GET /welcome HTTP/1.0" 200 3822 "https://realstresser.com" "Mozilla/5.0+(compatible; UptimeRobot/2.0; http://www.uptimerobot.com/)"
185.250.242.58 - - [26/Dec/2020:08:43:19 +0000] "GET /indexsrc/home.css HTTP/1.1" 304 110 "http://realstresser.com/welcome" "Serf/1.3.9 (mod_pagespeed/1.13.35.2-0)"
185.250.242.58 - - [26/Dec/2020:08:43:19 +0000] "GET /indexsrc/bootstrap.min.js HTTP/1.1" 304 111 "http://realstresser.com/welcome" "Serf/1.3.9 (mod_pagespeed/1.13.35.2-0)"
185.250.242.58 - - [26/Dec/2020:08:43:19 +0000] "GET /indexsrc/home.js HTTP/1.1" 304 109 "http://realstresser.com/welcome" "Serf/1.3.9 (mod_pagespeed/1.13.35.2-0)"
63.143.42.250 - - [26/Dec/2020:08:43:32 +0000] "HEAD /?979 HTTP/1.0" 302 347 "-" "Mozilla/5.0+(compatible; UptimeRobot/2.0; http://www.uptimerobot.com/)"
45.138.72.251 - - [26/Dec/2020:08:43:50 +0000] "GET /ajax/proxies?type=HTTP HTTP/1.0" 200 27831 "-" "-"
63.143.42.250 - - [26/Dec/2020:08:44:19 +0000] "GET / HTTP/1.0" 302 1486 "https://realstresser.com" "Mozilla/5.0+(compatible; UptimeRobot/2.0; http://www.uptimerobot.com/)"
185.250.242.58 - - [26/Dec/2020:08:44:19 +0000] "GET /indexsrc/css HTTP/1.1" 200 7186 "http://realstresser.com/welcome" "Serf/1.3.9 (mod_pagespeed/1.13.35.2-0)"
63.143.42.250 - - [26/Dec/2020:08:44:19 +0000] "GET /welcome HTTP/1.0" 200 3704 "https://realstresser.com" "Mozilla/5.0+(compatible; UptimeRobot/2.0; http://www.uptimerobot.com/)"
185.250.242.58 - - [26/Dec/2020:08:44:19 +0000] "GET /indexsrc/aos.js HTTP/1.1" 304 110 "http://realstresser.com/welcome" "Serf/1.3.9 (mod_pagespeed/1.13.35.2-0)"
45.138.72.251 - - [26/Dec/2020:08:45:04 +0000] "GET /ajax/proxies?type=HTTP HTTP/1.0" 200 27831 "-" "-"
63.143.42.250 - - [26/Dec/2020:08:45:19 +0000] "GET / HTTP/1.0" 302 1486 "https://realstresser.com" "Mozilla/5.0+(compatible; UptimeRobot/2.0; http://www.uptimerobot.com/)"
185.250.242.58 - - [26/Dec/2020:08:45:19 +0000] "GET /indexsrc/all.min.css HTTP/1.1" 304 110 "http://realstresser.com/welcome" "Serf/1.3.9 (mod_pagespeed/1.13.35.2-0)"
63.143.42.250 - - [26/Dec/2020:08:45:19 +0000] "GET /welcome HTTP/1.0" 200 3835 "https://realstresser.com" "Mozilla/5.0+(compatible; UptimeRobot/2.0; http://www.uptimerobot.com/)"
185.250.242.58 - - [26/Dec/2020:08:45:19 +0000] "GET /indexsrc/privacy.png HTTP/1.1" 304 110 "http://realstresser.com/welcome" "Serf/1.3.9 (mod_pagespeed/1.13.35.2-0)"
185.250.242.58 - - [26/Dec/2020:08:45:19 +0000] "GET /indexsrc/services.png HTTP/1.1" 304 111 "http://realstresser.com/welcome" "Serf/1.3.9 (mod_pagespeed/1.13.35.2-0)"
185.250.242.58 - - [26/Dec/2020:08:45:19 +0000] "GET /indexsrc/c-image-1.png HTTP/1.1" 304 111 "http://realstresser.com/welcome" "Serf/1.3.9 (mod_pagespeed/1.13.35.2-0)"
185.250.242.58 - - [26/Dec/2020:08:45:19 +0000] "GET /indexsrc/c-image-2.png HTTP/1.1" 304 110 "http://realstresser.com/welcome" "Serf/1.3.9 (mod_pagespeed/1.13.35.2-0)"
185.250.242.58 - - [26/Dec/2020:08:45:19 +0000] "GET /indexsrc/c-image-4.png HTTP/1.1" 304 111 "http://realstresser.com/welcome" "Serf/1.3.9 (mod_pagespeed/1.13.35.2-0)"
185.250.242.58 - - [26/Dec/2020:08:45:19 +0000] "GET /assets/img/favicon.ico HTTP/1.1" 404 1028 "http://realstresser.com/welcome" "Serf/1.3.9 (mod_pagespeed/1.13.35.2-0)"
185.250.242.58 - - [26/Dec/2020:08:45:19 +0000] "GET /indexsrc/header-bottom.svg HTTP/1.1" 200 739 "http://realstresser.com/welcome" "Serf/1.3.9 (mod_pagespeed/1.13.35.2-0)"
185.250.242.58 - - [26/Dec/2020:08:45:19 +0000] "GET /indexsrc/f-shape.svg HTTP/1.1" 200 753 "http://realstresser.com/welcome" "Serf/1.3.9 (mod_pagespeed/1.13.35.2-0)"
185.250.242.58 - - [26/Dec/2020:08:45:19 +0000] "GET /indexsrc/c-image-3.svg HTTP/1.1" 200 1603 "http://realstresser.com/welcome" "Serf/1.3.9 (mod_pagespeed/1.13.35.2-0)"
185.250.242.58 - - [26/Dec/2020:08:45:19 +0000] "GET /indexsrc/jquery-1.12.4.min.js HTTP/1.1" 304 111 "http://realstresser.com/welcome" "Serf/1.3.9 (mod_pagespeed/1.13.35.2-0)"
63.143.42.250 - - [26/Dec/2020:08:46:19 +0000] "GET / HTTP/1.0" 302 1486 "https://realstresser.com" "Mozilla/5.0+(compatible; UptimeRobot/2.0; http://www.uptimerobot.com/)"
185.250.242.58 - - [26/Dec/2020:08:46:19 +0000] "GET /indexsrc/bootstrap.min.css HTTP/1.1" 304 111 "http://realstresser.com/welcome" "Serf/1.3.9 (mod_pagespeed/1.13.35.2-0)"
63.143.42.250 - - [26/Dec/2020:08:46:19 +0000] "GET /welcome HTTP/1.0" 200 3716 "https://realstresser.com" "Mozilla/5.0+(compatible; UptimeRobot/2.0; http://www.uptimerobot.com/)"
45.138.72.251 - - [26/Dec/2020:08:46:39 +0000] "GET /ajax/proxies?type=HTTP HTTP/1.0" 200 27859 "-" "-"
63.143.42.250 - - [26/Dec/2020:08:47:19 +0000] "GET / HTTP/1.0" 302 1486 "https://realstresser.com" "Mozilla/5.0+(compatible; UptimeRobot/2.0; http://www.uptimerobot.com/)"
185.250.242.58 - - [26/Dec/2020:08:47:19 +0000] "GET /indexsrc/aos.css HTTP/1.1" 304 110 "http://realstresser.com/welcome" "Serf/1.3.9 (mod_pagespeed/1.13.35.2-0)"
185.250.242.58 - - [26/Dec/2020:08:47:19 +0000] "GET /indexsrc/home.css HTTP/1.1" 304 110 "http://realstresser.com/welcome" "Serf/1.3.9 (mod_pagespeed/1.13.35.2-0)"
185.250.242.58 - - [26/Dec/2020:08:47:20 +0000] "GET /indexsrc/bootstrap.min.js HTTP/1.1" 304 111 "http://realstresser.com/welcome" "Serf/1.3.9 (mod_pagespeed/1.13.35.2-0)"
63.143.42.250 - - [26/Dec/2020:08:47:19 +0000] "GET /welcome HTTP/1.0" 200 3806 "https://realstresser.com" "Mozilla/5.0+(compatible; UptimeRobot/2.0; http://www.uptimerobot.com/)"
185.250.242.58 - - [26/Dec/2020:08:47:20 +0000] "GET /indexsrc/home.js HTTP/1.1" 304 109 "http://realstresser.com/welcome" "Serf/1.3.9 (mod_pagespeed/1.13.35.2-0)"
45.138.72.251 - - [26/Dec/2020:08:48:14 +0000] "GET /ajax/proxies?type=HTTP HTTP/1.0" 200 27831 "-" "-"
63.143.42.250 - - [26/Dec/2020:08:48:19 +0000] "GET / HTTP/1.0" 302 1486 "https://realstresser.com" "Mozilla/5.0+(compatible; UptimeRobot/2.0; http://www.uptimerobot.com/)"
185.250.242.58 - - [26/Dec/2020:08:48:19 +0000] "GET /indexsrc/aos.js HTTP/1.1" 304 110 "http://realstresser.com/welcome" "Serf/1.3.9 (mod_pagespeed/1.13.35.2-0)"
63.143.42.250 - - [26/Dec/2020:08:48:19 +0000] "GET /welcome HTTP/1.0" 200 3704 "https://realstresser.com" "Mozilla/5.0+(compatible; UptimeRobot/2.0; http://www.uptimerobot.com/)"
45.138.72.251 - - [26/Dec/2020:08:48:46 +0000] "GET /ajax/proxies?type=HTTP HTTP/1.0" 200 27831 "-" "-"
63.143.42.250 - - [26/Dec/2020:08:49:19 +0000] "GET / HTTP/1.0" 302 1486 "https://realstresser.com" "Mozilla/5.0+(compatible; UptimeRobot/2.0; http://www.uptimerobot.com/)"
185.250.242.58 - - [26/Dec/2020:08:49:20 +0000] "GET /indexsrc/all.min.css HTTP/1.1" 304 110 "http://realstresser.com/welcome" "Serf/1.3.9 (mod_pagespeed/1.13.35.2-0)"
63.143.42.250 - - [26/Dec/2020:08:49:20 +0000] "GET /welcome HTTP/1.0" 200 3822 "https://realstresser.com" "Mozilla/5.0+(compatible; UptimeRobot/2.0; http://www.uptimerobot.com/)"
185.250.242.58 - - [26/Dec/2020:08:49:20 +0000] "GET /indexsrc/privacy.png HTTP/1.1" 304 110 "http://realstresser.com/welcome" "Serf/1.3.9 (mod_pagespeed/1.13.35.2-0)"
185.250.242.58 - - [26/Dec/2020:08:49:20 +0000] "GET /indexsrc/services.png HTTP/1.1" 304 111 "http://realstresser.com/welcome" "Serf/1.3.9 (mod_pagespeed/1.13.35.2-0)"
185.250.242.58 - - [26/Dec/2020:08:49:20 +0000] "GET /indexsrc/c-image-1.png HTTP/1.1" 304 111 "http://realstresser.com/welcome" "Serf/1.3.9 (mod_pagespeed/1.13.35.2-0)"
185.250.242.58 - - [26/Dec/2020:08:49:20 +0000] "GET /indexsrc/c-image-2.png HTTP/1.1" 304 110 "http://realstresser.com/welcome" "Serf/1.3.9 (mod_pagespeed/1.13.35.2-0)"
185.250.242.58 - - [26/Dec/2020:08:49:20 +0000] "GET /indexsrc/c-image-4.png HTTP/1.1" 304 111 "http://realstresser.com/welcome" "Serf/1.3.9 (mod_pagespeed/1.13.35.2-0)"
185.250.242.58 - - [26/Dec/2020:08:49:20 +0000] "GET /indexsrc/jquery-1.12.4.min.js HTTP/1.1" 304 111 "http://realstresser.com/welcome" "Serf/1.3.9 (mod_pagespeed/1.13.35.2-0)"
185.250.242.58 - - [26/Dec/2020:08:49:20 +0000] "GET /indexsrc/css HTTP/1.1" 200 7186 "http://realstresser.com/welcome" "Serf/1.3.9 (mod_pagespeed/1.13.35.2-0)"
45.138.72.251 - - [26/Dec/2020:08:50:17 +0000] "GET /ajax/proxies?type=HTTP HTTP/1.0" 200 27831 "-" "-"
63.143.42.250 - - [26/Dec/2020:08:50:19 +0000] "GET / HTTP/1.0" 302 1486 "https://realstresser.com" "Mozilla/5.0+(compatible; UptimeRobot/2.0; http://www.uptimerobot.com/)"
185.250.242.58 - - [26/Dec/2020:08:50:19 +0000] "GET /indexsrc/bootstrap.min.css HTTP/1.1" 304 111 "http://realstresser.com/welcome" "Serf/1.3.9 (mod_pagespeed/1.13.35.2-0)"
63.143.42.250 - - [26/Dec/2020:08:50:19 +0000] "GET /welcome HTTP/1.0" 200 3729 "https://realstresser.com" "Mozilla/5.0+(compatible; UptimeRobot/2.0; http://www.uptimerobot.com/)"
63.143.42.250 - - [26/Dec/2020:08:51:19 +0000] "GET / HTTP/1.0" 302 1486 "https://realstresser.com" "Mozilla/5.0+(compatible; UptimeRobot/2.0; http://www.uptimerobot.com/)"
185.250.242.58 - - [26/Dec/2020:08:51:20 +0000] "GET /indexsrc/aos.css HTTP/1.1" 304 110 "http://realstresser.com/welcome" "Serf/1.3.9 (mod_pagespeed/1.13.35.2-0)"
185.250.242.58 - - [26/Dec/2020:08:51:20 +0000] "GET /indexsrc/home.css HTTP/1.1" 304 110 "http://realstresser.com/welcome" "Serf/1.3.9 (mod_pagespeed/1.13.35.2-0)"
63.143.42.250 - - [26/Dec/2020:08:51:19 +0000] "GET /welcome HTTP/1.0" 200 3822 "https://realstresser.com" "Mozilla/5.0+(compatible; UptimeRobot/2.0; http://www.uptimerobot.com/)"
185.250.242.58 - - [26/Dec/2020:08:51:20 +0000] "GET /indexsrc/bootstrap.min.js HTTP/1.1" 304 111 "http://realstresser.com/welcome" "Serf/1.3.9 (mod_pagespeed/1.13.35.2-0)"
185.250.242.58 - - [26/Dec/2020:08:51:20 +0000] "GET /indexsrc/home.js HTTP/1.1" 304 109 "http://realstresser.com/welcome" "Serf/1.3.9 (mod_pagespeed/1.13.35.2-0)"
185.250.242.58 - - [26/Dec/2020:08:51:20 +0000] "GET /assets/img/favicon.ico HTTP/1.1" 404 1028 "http://realstresser.com/welcome" "Serf/1.3.9 (mod_pagespeed/1.13.35.2-0)"
185.250.242.58 - - [26/Dec/2020:08:51:20 +0000] "GET /indexsrc/header-bottom.svg HTTP/1.1" 200 739 "http://realstresser.com/welcome" "Serf/1.3.9 (mod_pagespeed/1.13.35.2-0)"
185.250.242.58 - - [26/Dec/2020:08:51:20 +0000] "GET /indexsrc/f-shape.svg HTTP/1.1" 200 753 "http://realstresser.com/welcome" "Serf/1.3.9 (mod_pagespeed/1.13.35.2-0)"
185.250.242.58 - - [26/Dec/2020:08:51:20 +0000] "GET /indexsrc/c-image-3.svg HTTP/1.1" 200 1603 "http://realstresser.com/welcome" "Serf/1.3.9 (mod_pagespeed/1.13.35.2-0)"
45.138.72.251 - - [26/Dec/2020:08:51:41 +0000] "GET /ajax/proxies?type=HTTP HTTP/1.0" 200 27859 "-" "-"
63.143.42.250 - - [26/Dec/2020:08:52:19 +0000] "GET / HTTP/1.0" 302 1486 "https://realstresser.com" "Mozilla/5.0+(compatible; UptimeRobot/2.0; http://www.uptimerobot.com/)"
185.250.242.58 - - [26/Dec/2020:08:52:19 +0000] "GET /indexsrc/aos.js HTTP/1.1" 304 110 "http://realstresser.com/welcome" "Serf/1.3.9 (mod_pagespeed/1.13.35.2-0)"
63.143.42.250 - - [26/Dec/2020:08:52:19 +0000] "GET /welcome HTTP/1.0" 200 3704 "https://realstresser.com" "Mozilla/5.0+(compatible; UptimeRobot/2.0; http://www.uptimerobot.com/)"
45.138.72.251 - - [26/Dec/2020:08:52:51 +0000] "GET /ajax/proxies?type=HTTP HTTP/1.0" 200 27831 "-" "-"
63.143.42.250 - - [26/Dec/2020:08:53:19 +0000] "GET / HTTP/1.0" 302 1486 "https://realstresser.com" "Mozilla/5.0+(compatible; UptimeRobot/2.0; http://www.uptimerobot.com/)"
63.143.42.250 - - [26/Dec/2020:08:53:19 +0000] "GET /welcome HTTP/1.0" 200 3822 "https://realstresser.com" "Mozilla/5.0+(compatible; UptimeRobot/2.0; http://www.uptimerobot.com/)"
63.143.42.250 - - [26/Dec/2020:08:54:19 +0000] "GET / HTTP/1.0" 302 1486 "https://realstresser.com" "Mozilla/5.0+(compatible; UptimeRobot/2.0; http://www.uptimerobot.com/)"
185.250.242.58 - - [26/Dec/2020:08:54:19 +0000] "GET /indexsrc/all.min.css HTTP/1.1" 304 110 "http://realstresser.com/welcome" "Serf/1.3.9 (mod_pagespeed/1.13.35.2-0)"
63.143.42.250 - - [26/Dec/2020:08:54:19 +0000] "GET /welcome HTTP/1.0" 200 3822 "https://realstresser.com" "Mozilla/5.0+(compatible; UptimeRobot/2.0; http://www.uptimerobot.com/)"
185.250.242.58 - - [26/Dec/2020:08:54:20 +0000] "GET /indexsrc/privacy.png HTTP/1.1" 304 110 "http://realstresser.com/welcome" "Serf/1.3.9 (mod_pagespeed/1.13.35.2-0)"
185.250.242.58 - - [26/Dec/2020:08:54:20 +0000] "GET /indexsrc/services.png HTTP/1.1" 304 111 "http://realstresser.com/welcome" "Serf/1.3.9 (mod_pagespeed/1.13.35.2-0)"
185.250.242.58 - - [26/Dec/2020:08:54:20 +0000] "GET /indexsrc/c-image-1.png HTTP/1.1" 304 111 "http://realstresser.com/welcome" "Serf/1.3.9 (mod_pagespeed/1.13.35.2-0)"
185.250.242.58 - - [26/Dec/2020:08:54:20 +0000] "GET /indexsrc/c-image-2.png HTTP/1.1" 304 110 "http://realstresser.com/welcome" "Serf/1.3.9 (mod_pagespeed/1.13.35.2-0)"
