185.250.242.58 - - [26/Dec/2020:10:52:25 +0000] "GET /assets/plugins/chartjs/Chart.min.js HTTP/1.1" 200 173066 "http://realstresser.com/hub" "Serf/1.3.9 (mod_pagespeed/1.13.35.2-0)"
185.250.242.58 - - [26/Dec/2020:10:52:25 +0000] "GET /assets/plugins/jquery.flot/jquery.flot.js HTTP/1.1" 200 123225 "http://realstresser.com/hub" "Serf/1.3.9 (mod_pagespeed/1.13.35.2-0)"
185.250.242.58 - - [26/Dec/2020:10:52:25 +0000] "GET /assets/plugins/apexcharts/apexcharts.min.js HTTP/1.1" 200 445391 "http://realstresser.com/hub" "Serf/1.3.9 (mod_pagespeed/1.13.35.2-0)"
185.250.242.58 - - [26/Dec/2020:10:52:25 +0000] "GET /assets/plugins/progressbar-js/progressbar.min.js HTTP/1.1" 200 29713 "http://realstresser.com/hub" "Serf/1.3.9 (mod_pagespeed/1.13.35.2-0)"
185.250.242.58 - - [26/Dec/2020:10:52:25 +0000] "GET /assets/js/template.js HTTP/1.1" 304 110 "http://realstresser.com/hub" "Serf/1.3.9 (mod_pagespeed/1.13.35.2-0)"
185.250.242.58 - - [26/Dec/2020:10:52:25 +0000] "GET /assets/images/carousel/img6.html HTTP/1.1" 404 1028 "http://realstresser.com/hub" "Serf/1.3.9 (mod_pagespeed/1.13.35.2-0)"
45.138.72.251 - - [26/Dec/2020:10:53:16 +0000] "GET /ajax/proxies?type=HTTP HTTP/1.0" 200 27859 "-" "-"
63.143.42.250 - - [26/Dec/2020:10:53:19 +0000] "GET / HTTP/1.0" 302 1486 "https://realstresser.com" "Mozilla/5.0+(compatible; UptimeRobot/2.0; http://www.uptimerobot.com/)"
185.250.242.58 - - [26/Dec/2020:10:53:19 +0000] "GET /indexsrc/home.css HTTP/1.1" 304 110 "http://realstresser.com/welcome" "Serf/1.3.9 (mod_pagespeed/1.13.35.2-0)"
185.250.242.58 - - [26/Dec/2020:10:53:19 +0000] "GET /indexsrc/aos.css HTTP/1.1" 304 110 "http://realstresser.com/welcome" "Serf/1.3.9 (mod_pagespeed/1.13.35.2-0)"
185.250.242.58 - - [26/Dec/2020:10:53:19 +0000] "GET /indexsrc/all.min.css HTTP/1.1" 304 110 "http://realstresser.com/welcome" "Serf/1.3.9 (mod_pagespeed/1.13.35.2-0)"
63.143.42.250 - - [26/Dec/2020:10:53:19 +0000] "GET /welcome HTTP/1.0" 200 3819 "https://realstresser.com" "Mozilla/5.0+(compatible; UptimeRobot/2.0; http://www.uptimerobot.com/)"
185.250.242.58 - - [26/Dec/2020:10:53:19 +0000] "GET /indexsrc/bootstrap.min.js HTTP/1.1" 304 111 "http://realstresser.com/welcome" "Serf/1.3.9 (mod_pagespeed/1.13.35.2-0)"
185.250.242.58 - - [26/Dec/2020:10:53:19 +0000] "GET /indexsrc/home.js HTTP/1.1" 304 109 "http://realstresser.com/welcome" "Serf/1.3.9 (mod_pagespeed/1.13.35.2-0)"
185.250.242.58 - - [26/Dec/2020:10:53:19 +0000] "GET /indexsrc/aos.js HTTP/1.1" 304 110 "http://realstresser.com/welcome" "Serf/1.3.9 (mod_pagespeed/1.13.35.2-0)"
185.250.242.58 - - [26/Dec/2020:10:53:19 +0000] "GET /indexsrc/privacy.png HTTP/1.1" 304 110 "http://realstresser.com/welcome" "Serf/1.3.9 (mod_pagespeed/1.13.35.2-0)"
185.250.242.58 - - [26/Dec/2020:10:53:19 +0000] "GET /indexsrc/services.png HTTP/1.1" 304 111 "http://realstresser.com/welcome" "Serf/1.3.9 (mod_pagespeed/1.13.35.2-0)"
185.250.242.58 - - [26/Dec/2020:10:53:19 +0000] "GET /indexsrc/c-image-1.png HTTP/1.1" 304 111 "http://realstresser.com/welcome" "Serf/1.3.9 (mod_pagespeed/1.13.35.2-0)"
185.250.242.58 - - [26/Dec/2020:10:53:19 +0000] "GET /indexsrc/c-image-2.png HTTP/1.1" 304 110 "http://realstresser.com/welcome" "Serf/1.3.9 (mod_pagespeed/1.13.35.2-0)"
63.143.42.250 - - [26/Dec/2020:10:54:19 +0000] "GET / HTTP/1.0" 302 1486 "https://realstresser.com" "Mozilla/5.0+(compatible; UptimeRobot/2.0; http://www.uptimerobot.com/)"
185.250.242.58 - - [26/Dec/2020:10:54:20 +0000] "GET /indexsrc/css HTTP/1.1" 200 7186 "http://realstresser.com/welcome" "Serf/1.3.9 (mod_pagespeed/1.13.35.2-0)"
185.250.242.58 - - [26/Dec/2020:10:54:20 +0000] "GET /indexsrc/c-image-4.png HTTP/1.1" 304 111 "http://realstresser.com/welcome" "Serf/1.3.9 (mod_pagespeed/1.13.35.2-0)"
63.143.42.250 - - [26/Dec/2020:10:54:19 +0000] "GET /welcome HTTP/1.0" 200 3692 "https://realstresser.com" "Mozilla/5.0+(compatible; UptimeRobot/2.0; http://www.uptimerobot.com/)"
45.138.72.251 - - [26/Dec/2020:10:54:42 +0000] "GET /ajax/proxies?type=HTTP HTTP/1.0" 200 27831 "-" "-"
63.143.42.250 - - [26/Dec/2020:10:55:19 +0000] "GET / HTTP/1.0" 302 1486 "https://realstresser.com" "Mozilla/5.0+(compatible; UptimeRobot/2.0; http://www.uptimerobot.com/)"
63.143.42.250 - - [26/Dec/2020:10:55:19 +0000] "GET /welcome HTTP/1.0" 200 3822 "https://realstresser.com" "Mozilla/5.0+(compatible; UptimeRobot/2.0; http://www.uptimerobot.com/)"
185.250.242.58 - - [26/Dec/2020:10:55:19 +0000] "GET /indexsrc/jquery-1.12.4.min.js HTTP/1.1" 304 111 "http://realstresser.com/welcome" "Serf/1.3.9 (mod_pagespeed/1.13.35.2-0)"
45.138.72.251 - - [26/Dec/2020:10:55:26 +0000] "GET /ajax/proxies?type=HTTP HTTP/1.0" 200 27831 "-" "-"
63.143.42.250 - - [26/Dec/2020:10:56:19 +0000] "GET / HTTP/1.0" 302 1486 "https://realstresser.com" "Mozilla/5.0+(compatible; UptimeRobot/2.0; http://www.uptimerobot.com/)"
185.250.242.58 - - [26/Dec/2020:10:56:19 +0000] "GET /indexsrc/bootstrap.min.css HTTP/1.1" 304 111 "http://realstresser.com/welcome" "Serf/1.3.9 (mod_pagespeed/1.13.35.2-0)"
63.143.42.250 - - [26/Dec/2020:10:56:19 +0000] "GET /welcome HTTP/1.0" 200 3808 "https://realstresser.com" "Mozilla/5.0+(compatible; UptimeRobot/2.0; http://www.uptimerobot.com/)"
45.138.72.251 - - [26/Dec/2020:10:56:49 +0000] "GET /ajax/proxies?type=HTTP HTTP/1.0" 200 27831 "-" "-"
63.143.42.250 - - [26/Dec/2020:10:57:19 +0000] "GET / HTTP/1.0" 302 1486 "https://realstresser.com" "Mozilla/5.0+(compatible; UptimeRobot/2.0; http://www.uptimerobot.com/)"
185.250.242.58 - - [26/Dec/2020:10:57:21 +0000] "GET /indexsrc/aos.css HTTP/1.1" 304 110 "http://realstresser.com/welcome" "Serf/1.3.9 (mod_pagespeed/1.13.35.2-0)"
185.250.242.58 - - [26/Dec/2020:10:57:21 +0000] "GET /indexsrc/all.min.css HTTP/1.1" 304 110 "http://realstresser.com/welcome" "Serf/1.3.9 (mod_pagespeed/1.13.35.2-0)"
63.143.42.250 - - [26/Dec/2020:10:57:21 +0000] "GET /welcome HTTP/1.0" 200 3806 "https://realstresser.com" "Mozilla/5.0+(compatible; UptimeRobot/2.0; http://www.uptimerobot.com/)"
185.250.242.58 - - [26/Dec/2020:10:57:21 +0000] "GET /indexsrc/home.css HTTP/1.1" 304 110 "http://realstresser.com/welcome" "Serf/1.3.9 (mod_pagespeed/1.13.35.2-0)"
185.250.242.58 - - [26/Dec/2020:10:57:21 +0000] "GET /indexsrc/bootstrap.min.js HTTP/1.1" 304 111 "http://realstresser.com/welcome" "Serf/1.3.9 (mod_pagespeed/1.13.35.2-0)"
185.250.242.58 - - [26/Dec/2020:10:57:21 +0000] "GET /indexsrc/home.js HTTP/1.1" 304 109 "http://realstresser.com/welcome" "Serf/1.3.9 (mod_pagespeed/1.13.35.2-0)"
185.250.242.58 - - [26/Dec/2020:10:57:21 +0000] "GET /indexsrc/aos.js HTTP/1.1" 304 110 "http://realstresser.com/welcome" "Serf/1.3.9 (mod_pagespeed/1.13.35.2-0)"
185.250.242.58 - - [26/Dec/2020:10:57:21 +0000] "GET /indexsrc/privacy.png HTTP/1.1" 304 110 "http://realstresser.com/welcome" "Serf/1.3.9 (mod_pagespeed/1.13.35.2-0)"
185.250.242.58 - - [26/Dec/2020:10:57:21 +0000] "GET /indexsrc/services.png HTTP/1.1" 304 111 "http://realstresser.com/welcome" "Serf/1.3.9 (mod_pagespeed/1.13.35.2-0)"
185.250.242.58 - - [26/Dec/2020:10:57:21 +0000] "GET /indexsrc/c-image-1.png HTTP/1.1" 304 111 "http://realstresser.com/welcome" "Serf/1.3.9 (mod_pagespeed/1.13.35.2-0)"
185.250.242.58 - - [26/Dec/2020:10:57:21 +0000] "GET /indexsrc/c-image-2.png HTTP/1.1" 304 110 "http://realstresser.com/welcome" "Serf/1.3.9 (mod_pagespeed/1.13.35.2-0)"
185.250.242.58 - - [26/Dec/2020:10:57:21 +0000] "GET /assets/img/favicon.ico HTTP/1.1" 404 1028 "http://realstresser.com/welcome" "Serf/1.3.9 (mod_pagespeed/1.13.35.2-0)"
185.250.242.58 - - [26/Dec/2020:10:57:21 +0000] "GET /indexsrc/header-bottom.svg HTTP/1.1" 200 739 "http://realstresser.com/welcome" "Serf/1.3.9 (mod_pagespeed/1.13.35.2-0)"
185.250.242.58 - - [26/Dec/2020:10:57:21 +0000] "GET /indexsrc/f-shape.svg HTTP/1.1" 200 753 "http://realstresser.com/welcome" "Serf/1.3.9 (mod_pagespeed/1.13.35.2-0)"
185.250.242.58 - - [26/Dec/2020:10:57:21 +0000] "GET /indexsrc/c-image-3.svg HTTP/1.1" 200 1603 "http://realstresser.com/welcome" "Serf/1.3.9 (mod_pagespeed/1.13.35.2-0)"
45.138.72.251 - - [26/Dec/2020:10:58:04 +0000] "GET /ajax/proxies?type=HTTP HTTP/1.0" 200 27831 "-" "-"
63.143.42.250 - - [26/Dec/2020:10:58:19 +0000] "GET / HTTP/1.0" 302 1486 "https://realstresser.com" "Mozilla/5.0+(compatible; UptimeRobot/2.0; http://www.uptimerobot.com/)"
185.250.242.58 - - [26/Dec/2020:10:58:20 +0000] "GET /indexsrc/c-image-4.png HTTP/1.1" 304 111 "http://realstresser.com/welcome" "Serf/1.3.9 (mod_pagespeed/1.13.35.2-0)"
63.143.42.250 - - [26/Dec/2020:10:58:20 +0000] "GET /welcome HTTP/1.0" 200 3717 "https://realstresser.com" "Mozilla/5.0+(compatible; UptimeRobot/2.0; http://www.uptimerobot.com/)"
45.138.72.251 - - [26/Dec/2020:10:58:56 +0000] "GET /ajax/proxies?type=HTTP HTTP/1.0" 200 27859 "-" "-"
63.143.42.250 - - [26/Dec/2020:10:59:19 +0000] "GET / HTTP/1.0" 302 1486 "https://realstresser.com" "Mozilla/5.0+(compatible; UptimeRobot/2.0; http://www.uptimerobot.com/)"
63.143.42.250 - - [26/Dec/2020:10:59:19 +0000] "GET /welcome HTTP/1.0" 200 3822 "https://realstresser.com" "Mozilla/5.0+(compatible; UptimeRobot/2.0; http://www.uptimerobot.com/)"
185.250.242.58 - - [26/Dec/2020:10:59:19 +0000] "GET /indexsrc/jquery-1.12.4.min.js HTTP/1.1" 304 111 "http://realstresser.com/welcome" "Serf/1.3.9 (mod_pagespeed/1.13.35.2-0)"
63.143.42.250 - - [26/Dec/2020:11:00:19 +0000] "GET / HTTP/1.0" 302 1486 "https://realstresser.com" "Mozilla/5.0+(compatible; UptimeRobot/2.0; http://www.uptimerobot.com/)"
185.250.242.58 - - [26/Dec/2020:11:00:19 +0000] "GET /indexsrc/bootstrap.min.css HTTP/1.1" 304 111 "http://realstresser.com/welcome" "Serf/1.3.9 (mod_pagespeed/1.13.35.2-0)"
185.250.242.58 - - [26/Dec/2020:11:00:19 +0000] "GET /indexsrc/css HTTP/1.1" 200 7186 "http://realstresser.com/welcome" "Serf/1.3.9 (mod_pagespeed/1.13.35.2-0)"
63.143.42.250 - - [26/Dec/2020:11:00:19 +0000] "GET /welcome HTTP/1.0" 200 3808 "https://realstresser.com" "Mozilla/5.0+(compatible; UptimeRobot/2.0; http://www.uptimerobot.com/)"
45.138.72.251 - - [26/Dec/2020:11:00:26 +0000] "GET /ajax/proxies?type=HTTP HTTP/1.0" 200 27831 "-" "-"
63.143.42.250 - - [26/Dec/2020:11:01:19 +0000] "GET / HTTP/1.0" 302 1486 "https://realstresser.com" "Mozilla/5.0+(compatible; UptimeRobot/2.0; http://www.uptimerobot.com/)"
63.143.42.250 - - [26/Dec/2020:11:01:19 +0000] "GET /welcome HTTP/1.0" 200 3806 "https://realstresser.com" "Mozilla/5.0+(compatible; UptimeRobot/2.0; http://www.uptimerobot.com/)"
45.138.72.251 - - [26/Dec/2020:11:01:54 +0000] "GET /ajax/proxies?type=HTTP HTTP/1.0" 200 27831 "-" "-"
63.143.42.250 - - [26/Dec/2020:11:02:19 +0000] "GET / HTTP/1.0" 302 1486 "https://realstresser.com" "Mozilla/5.0+(compatible; UptimeRobot/2.0; http://www.uptimerobot.com/)"
185.250.242.58 - - [26/Dec/2020:11:02:19 +0000] "GET /indexsrc/aos.css HTTP/1.1" 304 110 "http://realstresser.com/welcome" "Serf/1.3.9 (mod_pagespeed/1.13.35.2-0)"
185.250.242.58 - - [26/Dec/2020:11:02:19 +0000] "GET /indexsrc/home.css HTTP/1.1" 304 110 "http://realstresser.com/welcome" "Serf/1.3.9 (mod_pagespeed/1.13.35.2-0)"
185.250.242.58 - - [26/Dec/2020:11:02:19 +0000] "GET /indexsrc/all.min.css HTTP/1.1" 304 110 "http://realstresser.com/welcome" "Serf/1.3.9 (mod_pagespeed/1.13.35.2-0)"
185.250.242.58 - - [26/Dec/2020:11:02:19 +0000] "GET /indexsrc/bootstrap.min.js HTTP/1.1" 304 111 "http://realstresser.com/welcome" "Serf/1.3.9 (mod_pagespeed/1.13.35.2-0)"
63.143.42.250 - - [26/Dec/2020:11:02:19 +0000] "GET /welcome HTTP/1.0" 200 3822 "https://realstresser.com" "Mozilla/5.0+(compatible; UptimeRobot/2.0; http://www.uptimerobot.com/)"
185.250.242.58 - - [26/Dec/2020:11:02:19 +0000] "GET /indexsrc/home.js HTTP/1.1" 304 109 "http://realstresser.com/welcome" "Serf/1.3.9 (mod_pagespeed/1.13.35.2-0)"
185.250.242.58 - - [26/Dec/2020:11:02:19 +0000] "GET /indexsrc/aos.js HTTP/1.1" 304 110 "http://realstresser.com/welcome" "Serf/1.3.9 (mod_pagespeed/1.13.35.2-0)"
185.250.242.58 - - [26/Dec/2020:11:02:19 +0000] "GET /indexsrc/privacy.png HTTP/1.1" 304 110 "http://realstresser.com/welcome" "Serf/1.3.9 (mod_pagespeed/1.13.35.2-0)"
185.250.242.58 - - [26/Dec/2020:11:02:19 +0000] "GET /indexsrc/services.png HTTP/1.1" 304 111 "http://realstresser.com/welcome" "Serf/1.3.9 (mod_pagespeed/1.13.35.2-0)"
185.250.242.58 - - [26/Dec/2020:11:02:19 +0000] "GET /indexsrc/c-image-1.png HTTP/1.1" 304 111 "http://realstresser.com/welcome" "Serf/1.3.9 (mod_pagespeed/1.13.35.2-0)"
185.250.242.58 - - [26/Dec/2020:11:02:20 +0000] "GET /indexsrc/c-image-2.png HTTP/1.1" 304 110 "http://realstresser.com/welcome" "Serf/1.3.9 (mod_pagespeed/1.13.35.2-0)"
45.138.72.251 - - [26/Dec/2020:11:02:32 +0000] "GET /ajax/proxies?type=HTTP HTTP/1.0" 200 27831 "-" "-"
63.143.42.250 - - [26/Dec/2020:11:03:19 +0000] "GET / HTTP/1.0" 302 1486 "https://realstresser.com" "Mozilla/5.0+(compatible; UptimeRobot/2.0; http://www.uptimerobot.com/)"
185.250.242.58 - - [26/Dec/2020:11:03:19 +0000] "GET /indexsrc/c-image-4.png HTTP/1.1" 304 111 "http://realstresser.com/welcome" "Serf/1.3.9 (mod_pagespeed/1.13.35.2-0)"
185.250.242.58 - - [26/Dec/2020:11:03:19 +0000] "GET /indexsrc/jquery-1.12.4.min.js HTTP/1.1" 304 111 "http://realstresser.com/welcome" "Serf/1.3.9 (mod_pagespeed/1.13.35.2-0)"
185.250.242.58 - - [26/Dec/2020:11:03:20 +0000] "GET /assets/img/favicon.ico HTTP/1.1" 404 1028 "http://realstresser.com/welcome" "Serf/1.3.9 (mod_pagespeed/1.13.35.2-0)"
185.250.242.58 - - [26/Dec/2020:11:03:20 +0000] "GET /indexsrc/header-bottom.svg HTTP/1.1" 200 739 "http://realstresser.com/welcome" "Serf/1.3.9 (mod_pagespeed/1.13.35.2-0)"
185.250.242.58 - - [26/Dec/2020:11:03:20 +0000] "GET /indexsrc/f-shape.svg HTTP/1.1" 200 753 "http://realstresser.com/welcome" "Serf/1.3.9 (mod_pagespeed/1.13.35.2-0)"
63.143.42.250 - - [26/Dec/2020:11:03:19 +0000] "GET /welcome HTTP/1.0" 200 3668 "https://realstresser.com" "Mozilla/5.0+(compatible; UptimeRobot/2.0; http://www.uptimerobot.com/)"
185.250.242.58 - - [26/Dec/2020:11:03:20 +0000] "GET /indexsrc/c-image-3.svg HTTP/1.1" 200 1603 "http://realstresser.com/welcome" "Serf/1.3.9 (mod_pagespeed/1.13.35.2-0)"
45.138.72.251 - - [26/Dec/2020:11:04:18 +0000] "GET /ajax/proxies?type=HTTP HTTP/1.0" 200 27859 "-" "-"
63.143.42.250 - - [26/Dec/2020:11:04:19 +0000] "GET / HTTP/1.0" 302 1486 "https://realstresser.com" "Mozilla/5.0+(compatible; UptimeRobot/2.0; http://www.uptimerobot.com/)"
63.143.42.250 - - [26/Dec/2020:11:04:19 +0000] "GET /welcome HTTP/1.0" 200 3835 "https://realstresser.com" "Mozilla/5.0+(compatible; UptimeRobot/2.0; http://www.uptimerobot.com/)"
185.250.242.58 - - [26/Dec/2020:11:04:19 +0000] "GET /indexsrc/bootstrap.min.css HTTP/1.1" 304 111 "http://realstresser.com/welcome" "Serf/1.3.9 (mod_pagespeed/1.13.35.2-0)"
45.138.72.251 - - [26/Dec/2020:11:05:12 +0000] "GET /ajax/proxies?type=HTTP HTTP/1.0" 200 27831 "-" "-"
63.143.42.250 - - [26/Dec/2020:11:05:19 +0000] "GET / HTTP/1.0" 302 1486 "https://realstresser.com" "Mozilla/5.0+(compatible; UptimeRobot/2.0; http://www.uptimerobot.com/)"
63.143.42.250 - - [26/Dec/2020:11:05:19 +0000] "GET /welcome HTTP/1.0" 200 3806 "https://realstresser.com" "Mozilla/5.0+(compatible; UptimeRobot/2.0; http://www.uptimerobot.com/)"
63.143.42.250 - - [26/Dec/2020:11:06:19 +0000] "GET / HTTP/1.0" 302 1486 "https://realstresser.com" "Mozilla/5.0+(compatible; UptimeRobot/2.0; http://www.uptimerobot.com/)"
185.250.242.58 - - [26/Dec/2020:11:06:20 +0000] "GET /indexsrc/aos.css HTTP/1.1" 304 110 "http://realstresser.com/welcome" "Serf/1.3.9 (mod_pagespeed/1.13.35.2-0)"
185.250.242.58 - - [26/Dec/2020:11:06:20 +0000] "GET /indexsrc/home.css HTTP/1.1" 304 110 "http://realstresser.com/welcome" "Serf/1.3.9 (mod_pagespeed/1.13.35.2-0)"
63.143.42.250 - - [26/Dec/2020:11:06:20 +0000] "GET /welcome HTTP/1.0" 200 3822 "https://realstresser.com" "Mozilla/5.0+(compatible; UptimeRobot/2.0; http://www.uptimerobot.com/)"
185.250.242.58 - - [26/Dec/2020:11:06:20 +0000] "GET /indexsrc/all.min.css HTTP/1.1" 304 110 "http://realstresser.com/welcome" "Serf/1.3.9 (mod_pagespeed/1.13.35.2-0)"
185.250.242.58 - - [26/Dec/2020:11:06:20 +0000] "GET /indexsrc/bootstrap.min.js HTTP/1.1" 304 111 "http://realstresser.com/welcome" "Serf/1.3.9 (mod_pagespeed/1.13.35.2-0)"
185.250.242.58 - - [26/Dec/2020:11:06:20 +0000] "GET /indexsrc/home.js HTTP/1.1" 304 109 "http://realstresser.com/welcome" "Serf/1.3.9 (mod_pagespeed/1.13.35.2-0)"
185.250.242.58 - - [26/Dec/2020:11:06:20 +0000] "GET /indexsrc/aos.js HTTP/1.1" 304 110 "http://realstresser.com/welcome" "Serf/1.3.9 (mod_pagespeed/1.13.35.2-0)"
185.250.242.58 - - [26/Dec/2020:11:06:20 +0000] "GET /indexsrc/privacy.png HTTP/1.1" 304 110 "http://realstresser.com/welcome" "Serf/1.3.9 (mod_pagespeed/1.13.35.2-0)"
185.250.242.58 - - [26/Dec/2020:11:06:20 +0000] "GET /indexsrc/services.png HTTP/1.1" 304 111 "http://realstresser.com/welcome" "Serf/1.3.9 (mod_pagespeed/1.13.35.2-0)"
185.250.242.58 - - [26/Dec/2020:11:06:20 +0000] "GET /indexsrc/c-image-1.png HTTP/1.1" 304 111 "http://realstresser.com/welcome" "Serf/1.3.9 (mod_pagespeed/1.13.35.2-0)"
185.250.242.58 - - [26/Dec/2020:11:06:20 +0000] "GET /indexsrc/c-image-2.png HTTP/1.1" 304 110 "http://realstresser.com/welcome" "Serf/1.3.9 (mod_pagespeed/1.13.35.2-0)"
185.250.242.58 - - [26/Dec/2020:11:06:20 +0000] "GET /indexsrc/css HTTP/1.1" 200 7186 "http://realstresser.com/welcome" "Serf/1.3.9 (mod_pagespeed/1.13.35.2-0)"
45.138.72.251 - - [26/Dec/2020:11:07:12 +0000] "GET /ajax/proxies?type=HTTP HTTP/1.0" 200 27831 "-" "-"
63.143.42.250 - - [26/Dec/2020:11:07:19 +0000] "GET / HTTP/1.0" 302 1486 "https://realstresser.com" "Mozilla/5.0+(compatible; UptimeRobot/2.0; http://www.uptimerobot.com/)"
185.250.242.58 - - [26/Dec/2020:11:07:19 +0000] "GET /indexsrc/c-image-4.png HTTP/1.1" 304 111 "http://realstresser.com/welcome" "Serf/1.3.9 (mod_pagespeed/1.13.35.2-0)"
185.250.242.58 - - [26/Dec/2020:11:07:19 +0000] "GET /indexsrc/jquery-1.12.4.min.js HTTP/1.1" 304 111 "http://realstresser.com/welcome" "Serf/1.3.9 (mod_pagespeed/1.13.35.2-0)"
63.143.42.250 - - [26/Dec/2020:11:07:19 +0000] "GET /welcome HTTP/1.0" 200 3682 "https://realstresser.com" "Mozilla/5.0+(compatible; UptimeRobot/2.0; http://www.uptimerobot.com/)"
45.138.72.251 - - [26/Dec/2020:11:07:40 +0000] "GET /ajax/proxies?type=HTTP HTTP/1.0" 200 27831 "-" "-"
63.143.42.250 - - [26/Dec/2020:11:08:19 +0000] "GET / HTTP/1.0" 302 1486 "https://realstresser.com" "Mozilla/5.0+(compatible; UptimeRobot/2.0; http://www.uptimerobot.com/)"
185.250.242.58 - - [26/Dec/2020:11:08:19 +0000] "GET /indexsrc/bootstrap.min.css HTTP/1.1" 304 111 "http://realstresser.com/welcome" "Serf/1.3.9 (mod_pagespeed/1.13.35.2-0)"
63.143.42.250 - - [26/Dec/2020:11:08:19 +0000] "GET /welcome HTTP/1.0" 200 3822 "https://realstresser.com" "Mozilla/5.0+(compatible; UptimeRobot/2.0; http://www.uptimerobot.com/)"
63.143.42.250 - - [26/Dec/2020:11:09:19 +0000] "GET / HTTP/1.0" 302 1486 "https://realstresser.com" "Mozilla/5.0+(compatible; UptimeRobot/2.0; http://www.uptimerobot.com/)"
185.250.242.58 - - [26/Dec/2020:11:09:19 +0000] "GET /assets/img/favicon.ico HTTP/1.1" 404 1028 "http://realstresser.com/welcome" "Serf/1.3.9 (mod_pagespeed/1.13.35.2-0)"
63.143.42.250 - - [26/Dec/2020:11:09:19 +0000] "GET /welcome HTTP/1.0" 200 3819 "https://realstresser.com" "Mozilla/5.0+(compatible; UptimeRobot/2.0; http://www.uptimerobot.com/)"
185.250.242.58 - - [26/Dec/2020:11:09:19 +0000] "GET /indexsrc/header-bottom.svg HTTP/1.1" 200 739 "http://realstresser.com/welcome" "Serf/1.3.9 (mod_pagespeed/1.13.35.2-0)"
185.250.242.58 - - [26/Dec/2020:11:09:19 +0000] "GET /indexsrc/c-image-3.svg HTTP/1.1" 200 1603 "http://realstresser.com/welcome" "Serf/1.3.9 (mod_pagespeed/1.13.35.2-0)"
185.250.242.58 - - [26/Dec/2020:11:09:19 +0000] "GET /indexsrc/f-shape.svg HTTP/1.1" 200 753 "http://realstresser.com/welcome" "Serf/1.3.9 (mod_pagespeed/1.13.35.2-0)"
63.143.42.250 - - [26/Dec/2020:11:10:19 +0000] "GET / HTTP/1.0" 302 1486 "https://realstresser.com" "Mozilla/5.0+(compatible; UptimeRobot/2.0; http://www.uptimerobot.com/)"
63.143.42.250 - - [26/Dec/2020:11:10:19 +0000] "GET /welcome HTTP/1.0" 200 3822 "https://realstresser.com" "Mozilla/5.0+(compatible; UptimeRobot/2.0; http://www.uptimerobot.com/)"
45.138.72.251 - - [26/Dec/2020:11:10:23 +0000] "GET /ajax/proxies?type=HTTP HTTP/1.0" 200 27859 "-" "-"
63.143.42.250 - - [26/Dec/2020:11:11:19 +0000] "GET / HTTP/1.0" 302 1486 "https://realstresser.com" "Mozilla/5.0+(compatible; UptimeRobot/2.0; http://www.uptimerobot.com/)"
185.250.242.58 - - [26/Dec/2020:11:11:19 +0000] "GET /indexsrc/aos.css HTTP/1.1" 304 110 "http://realstresser.com/welcome" "Serf/1.3.9 (mod_pagespeed/1.13.35.2-0)"
63.143.42.250 - - [26/Dec/2020:11:11:19 +0000] "GET /welcome HTTP/1.0" 200 3822 "https://realstresser.com" "Mozilla/5.0+(compatible; UptimeRobot/2.0; http://www.uptimerobot.com/)"
185.250.242.58 - - [26/Dec/2020:11:11:19 +0000] "GET /indexsrc/home.css HTTP/1.1" 304 110 "http://realstresser.com/welcome" "Serf/1.3.9 (mod_pagespeed/1.13.35.2-0)"
185.250.242.58 - - [26/Dec/2020:11:11:19 +0000] "GET /indexsrc/all.min.css HTTP/1.1" 304 110 "http://realstresser.com/welcome" "Serf/1.3.9 (mod_pagespeed/1.13.35.2-0)"
185.250.242.58 - - [26/Dec/2020:11:11:19 +0000] "GET /indexsrc/bootstrap.min.js HTTP/1.1" 304 111 "http://realstresser.com/welcome" "Serf/1.3.9 (mod_pagespeed/1.13.35.2-0)"
185.250.242.58 - - [26/Dec/2020:11:11:19 +0000] "GET /indexsrc/home.js HTTP/1.1" 304 109 "http://realstresser.com/welcome" "Serf/1.3.9 (mod_pagespeed/1.13.35.2-0)"
185.250.242.58 - - [26/Dec/2020:11:11:19 +0000] "GET /indexsrc/aos.js HTTP/1.1" 304 110 "http://realstresser.com/welcome" "Serf/1.3.9 (mod_pagespeed/1.13.35.2-0)"
185.250.242.58 - - [26/Dec/2020:11:11:19 +0000] "GET /indexsrc/privacy.png HTTP/1.1" 304 110 "http://realstresser.com/welcome" "Serf/1.3.9 (mod_pagespeed/1.13.35.2-0)"
185.250.242.58 - - [26/Dec/2020:11:11:19 +0000] "GET /indexsrc/services.png HTTP/1.1" 304 111 "http://realstresser.com/welcome" "Serf/1.3.9 (mod_pagespeed/1.13.35.2-0)"
185.250.242.58 - - [26/Dec/2020:11:11:19 +0000] "GET /indexsrc/c-image-1.png HTTP/1.1" 304 111 "http://realstresser.com/welcome" "Serf/1.3.9 (mod_pagespeed/1.13.35.2-0)"
185.250.242.58 - - [26/Dec/2020:11:11:19 +0000] "GET /indexsrc/c-image-2.png HTTP/1.1" 304 110 "http://realstresser.com/welcome" "Serf/1.3.9 (mod_pagespeed/1.13.35.2-0)"
185.250.242.58 - - [26/Dec/2020:11:11:19 +0000] "GET /indexsrc/c-image-4.png HTTP/1.1" 304 111 "http://realstresser.com/welcome" "Serf/1.3.9 (mod_pagespeed/1.13.35.2-0)"
185.250.242.58 - - [26/Dec/2020:11:11:20 +0000] "GET /indexsrc/jquery-1.12.4.min.js HTTP/1.1" 304 111 "http://realstresser.com/welcome" "Serf/1.3.9 (mod_pagespeed/1.13.35.2-0)"
63.143.42.250 - - [26/Dec/2020:11:12:19 +0000] "GET / HTTP/1.0" 302 1486 "https://realstresser.com" "Mozilla/5.0+(compatible; UptimeRobot/2.0; http://www.uptimerobot.com/)"
185.250.242.58 - - [26/Dec/2020:11:12:19 +0000] "GET /indexsrc/bootstrap.min.css HTTP/1.1" 304 111 "http://realstresser.com/welcome" "Serf/1.3.9 (mod_pagespeed/1.13.35.2-0)"
63.143.42.250 - - [26/Dec/2020:11:12:19 +0000] "GET /welcome HTTP/1.0" 200 3649 "https://realstresser.com" "Mozilla/5.0+(compatible; UptimeRobot/2.0; http://www.uptimerobot.com/)"
185.250.242.58 - - [26/Dec/2020:11:12:20 +0000] "GET /indexsrc/css HTTP/1.1" 200 7186 "http://realstresser.com/welcome" "Serf/1.3.9 (mod_pagespeed/1.13.35.2-0)"
63.143.42.250 - - [26/Dec/2020:11:13:19 +0000] "GET / HTTP/1.0" 302 1486 "https://realstresser.com" "Mozilla/5.0+(compatible; UptimeRobot/2.0; http://www.uptimerobot.com/)"
63.143.42.250 - - [26/Dec/2020:11:13:19 +0000] "GET /welcome HTTP/1.0" 200 3822 "https://realstresser.com" "Mozilla/5.0+(compatible; UptimeRobot/2.0; http://www.uptimerobot.com/)"
45.138.72.251 - - [26/Dec/2020:11:13:53 +0000] "GET /ajax/proxies?type=HTTP HTTP/1.0" 200 27831 "-" "-"
63.143.42.250 - - [26/Dec/2020:11:14:19 +0000] "GET / HTTP/1.0" 302 1486 "https://realstresser.com" "Mozilla/5.0+(compatible; UptimeRobot/2.0; http://www.uptimerobot.com/)"
185.250.242.58 - - [26/Dec/2020:11:14:19 +0000] "GET /assets/img/favicon.ico HTTP/1.1" 404 1028 "http://realstresser.com/welcome" "Serf/1.3.9 (mod_pagespeed/1.13.35.2-0)"
185.250.242.58 - - [26/Dec/2020:11:14:19 +0000] "GET /indexsrc/header-bottom.svg HTTP/1.1" 200 739 "http://realstresser.com/welcome" "Serf/1.3.9 (mod_pagespeed/1.13.35.2-0)"
185.250.242.58 - - [26/Dec/2020:11:14:19 +0000] "GET /indexsrc/f-shape.svg HTTP/1.1" 200 753 "http://realstresser.com/welcome" "Serf/1.3.9 (mod_pagespeed/1.13.35.2-0)"
63.143.42.250 - - [26/Dec/2020:11:14:19 +0000] "GET /welcome HTTP/1.0" 200 3835 "https://realstresser.com" "Mozilla/5.0+(compatible; UptimeRobot/2.0; http://www.uptimerobot.com/)"
185.250.242.58 - - [26/Dec/2020:11:14:19 +0000] "GET /indexsrc/c-image-3.svg HTTP/1.1" 200 1603 "http://realstresser.com/welcome" "Serf/1.3.9 (mod_pagespeed/1.13.35.2-0)"
63.143.42.250 - - [26/Dec/2020:11:15:19 +0000] "GET / HTTP/1.0" 302 1486 "https://realstresser.com" "Mozilla/5.0+(compatible; UptimeRobot/2.0; http://www.uptimerobot.com/)"
185.250.242.58 - - [26/Dec/2020:11:15:19 +0000] "GET /indexsrc/aos.css HTTP/1.1" 304 110 "http://realstresser.com/welcome" "Serf/1.3.9 (mod_pagespeed/1.13.35.2-0)"
63.143.42.250 - - [26/Dec/2020:11:15:19 +0000] "GET /welcome HTTP/1.0" 200 3822 "https://realstresser.com" "Mozilla/5.0+(compatible; UptimeRobot/2.0; http://www.uptimerobot.com/)"
185.250.242.58 - - [26/Dec/2020:11:15:19 +0000] "GET /indexsrc/home.css HTTP/1.1" 304 110 "http://realstresser.com/welcome" "Serf/1.3.9 (mod_pagespeed/1.13.35.2-0)"
185.250.242.58 - - [26/Dec/2020:11:15:19 +0000] "GET /indexsrc/all.min.css HTTP/1.1" 304 110 "http://realstresser.com/welcome" "Serf/1.3.9 (mod_pagespeed/1.13.35.2-0)"
185.250.242.58 - - [26/Dec/2020:11:15:19 +0000] "GET /indexsrc/bootstrap.min.js HTTP/1.1" 304 111 "http://realstresser.com/welcome" "Serf/1.3.9 (mod_pagespeed/1.13.35.2-0)"
185.250.242.58 - - [26/Dec/2020:11:15:19 +0000] "GET /indexsrc/home.js HTTP/1.1" 304 109 "http://realstresser.com/welcome" "Serf/1.3.9 (mod_pagespeed/1.13.35.2-0)"
185.250.242.58 - - [26/Dec/2020:11:15:19 +0000] "GET /indexsrc/aos.js HTTP/1.1" 304 110 "http://realstresser.com/welcome" "Serf/1.3.9 (mod_pagespeed/1.13.35.2-0)"
185.250.242.58 - - [26/Dec/2020:11:15:19 +0000] "GET /indexsrc/privacy.png HTTP/1.1" 304 110 "http://realstresser.com/welcome" "Serf/1.3.9 (mod_pagespeed/1.13.35.2-0)"
185.250.242.58 - - [26/Dec/2020:11:15:19 +0000] "GET /indexsrc/services.png HTTP/1.1" 304 111 "http://realstresser.com/welcome" "Serf/1.3.9 (mod_pagespeed/1.13.35.2-0)"
185.250.242.58 - - [26/Dec/2020:11:15:19 +0000] "GET /indexsrc/c-image-1.png HTTP/1.1" 304 111 "http://realstresser.com/welcome" "Serf/1.3.9 (mod_pagespeed/1.13.35.2-0)"
185.250.242.58 - - [26/Dec/2020:11:15:19 +0000] "GET /indexsrc/c-image-2.png HTTP/1.1" 304 110 "http://realstresser.com/welcome" "Serf/1.3.9 (mod_pagespeed/1.13.35.2-0)"
63.143.42.250 - - [26/Dec/2020:11:16:19 +0000] "GET / HTTP/1.0" 302 1486 "https://realstresser.com" "Mozilla/5.0+(compatible; UptimeRobot/2.0; http://www.uptimerobot.com/)"
185.250.242.58 - - [26/Dec/2020:11:16:19 +0000] "GET /indexsrc/c-image-4.png HTTP/1.1" 304 111 "http://realstresser.com/welcome" "Serf/1.3.9 (mod_pagespeed/1.13.35.2-0)"
185.250.242.58 - - [26/Dec/2020:11:16:19 +0000] "GET /indexsrc/jquery-1.12.4.min.js HTTP/1.1" 304 111 "http://realstresser.com/welcome" "Serf/1.3.9 (mod_pagespeed/1.13.35.2-0)"
185.250.242.58 - - [26/Dec/2020:11:16:20 +0000] "GET /indexsrc/bootstrap.min.css HTTP/1.1" 304 111 "http://realstresser.com/welcome" "Serf/1.3.9 (mod_pagespeed/1.13.35.2-0)"
63.143.42.250 - - [26/Dec/2020:11:16:19 +0000] "GET /welcome HTTP/1.0" 200 3668 "https://realstresser.com" "Mozilla/5.0+(compatible; UptimeRobot/2.0; http://www.uptimerobot.com/)"
45.138.72.251 - - [26/Dec/2020:11:16:47 +0000] "GET /ajax/proxies?type=HTTP HTTP/1.0" 200 27859 "-" "-"
63.143.42.250 - - [26/Dec/2020:11:17:19 +0000] "GET / HTTP/1.0" 302 1486 "https://realstresser.com" "Mozilla/5.0+(compatible; UptimeRobot/2.0; http://www.uptimerobot.com/)"
63.143.42.250 - - [26/Dec/2020:11:17:19 +0000] "GET /welcome HTTP/1.0" 200 3792 "https://realstresser.com" "Mozilla/5.0+(compatible; UptimeRobot/2.0; http://www.uptimerobot.com/)"
79.164.146.167 - - [26/Dec/2020:11:17:27 +0000] "GET /favicon.ico HTTP/1.0" 404 1075 "-" "Mozilla/5.0 (Windows NT 10.0; Win64; x64) AppleWebKit/537.36 (KHTML, like Gecko) Chrome/87.0.4280.60 YaBrowser/20.12.0.963 Yowser/2.5 Safari/537.36"
63.143.42.250 - - [26/Dec/2020:11:18:19 +0000] "GET / HTTP/1.0" 302 1486 "https://realstresser.com" "Mozilla/5.0+(compatible; UptimeRobot/2.0; http://www.uptimerobot.com/)"
185.250.242.58 - - [26/Dec/2020:11:18:19 +0000] "GET /indexsrc/css HTTP/1.1" 200 7186 "http://realstresser.com/welcome" "Serf/1.3.9 (mod_pagespeed/1.13.35.2-0)"
63.143.42.250 - - [26/Dec/2020:11:18:19 +0000] "GET /welcome HTTP/1.0" 200 3808 "https://realstresser.com" "Mozilla/5.0+(compatible; UptimeRobot/2.0; http://www.uptimerobot.com/)"
63.143.42.250 - - [26/Dec/2020:11:19:19 +0000] "GET / HTTP/1.0" 302 1486 "https://realstresser.com" "Mozilla/5.0+(compatible; UptimeRobot/2.0; http://www.uptimerobot.com/)"
185.250.242.58 - - [26/Dec/2020:11:19:19 +0000] "GET /indexsrc/aos.css HTTP/1.1" 304 110 "http://realstresser.com/welcome" "Serf/1.3.9 (mod_pagespeed/1.13.35.2-0)"
63.143.42.250 - - [26/Dec/2020:11:19:19 +0000] "GET /welcome HTTP/1.0" 200 3821 "https://realstresser.com" "Mozilla/5.0+(compatible; UptimeRobot/2.0; http://www.uptimerobot.com/)"
185.250.242.58 - - [26/Dec/2020:11:19:19 +0000] "GET /indexsrc/home.css HTTP/1.1" 304 110 "http://realstresser.com/welcome" "Serf/1.3.9 (mod_pagespeed/1.13.35.2-0)"
185.250.242.58 - - [26/Dec/2020:11:19:19 +0000] "GET /indexsrc/all.min.css HTTP/1.1" 304 110 "http://realstresser.com/welcome" "Serf/1.3.9 (mod_pagespeed/1.13.35.2-0)"
185.250.242.58 - - [26/Dec/2020:11:19:19 +0000] "GET /indexsrc/bootstrap.min.js HTTP/1.1" 304 111 "http://realstresser.com/welcome" "Serf/1.3.9 (mod_pagespeed/1.13.35.2-0)"
185.250.242.58 - - [26/Dec/2020:11:19:19 +0000] "GET /indexsrc/home.js HTTP/1.1" 304 109 "http://realstresser.com/welcome" "Serf/1.3.9 (mod_pagespeed/1.13.35.2-0)"
185.250.242.58 - - [26/Dec/2020:11:19:19 +0000] "GET /indexsrc/aos.js HTTP/1.1" 304 110 "http://realstresser.com/welcome" "Serf/1.3.9 (mod_pagespeed/1.13.35.2-0)"
185.250.242.58 - - [26/Dec/2020:11:19:20 +0000] "GET /indexsrc/privacy.png HTTP/1.1" 304 110 "http://realstresser.com/welcome" "Serf/1.3.9 (mod_pagespeed/1.13.35.2-0)"
185.250.242.58 - - [26/Dec/2020:11:19:20 +0000] "GET /indexsrc/services.png HTTP/1.1" 304 111 "http://realstresser.com/welcome" "Serf/1.3.9 (mod_pagespeed/1.13.35.2-0)"
185.250.242.58 - - [26/Dec/2020:11:19:20 +0000] "GET /indexsrc/c-image-1.png HTTP/1.1" 304 111 "http://realstresser.com/welcome" "Serf/1.3.9 (mod_pagespeed/1.13.35.2-0)"
185.250.242.58 - - [26/Dec/2020:11:19:20 +0000] "GET /indexsrc/c-image-2.png HTTP/1.1" 304 110 "http://realstresser.com/welcome" "Serf/1.3.9 (mod_pagespeed/1.13.35.2-0)"
63.143.42.250 - - [26/Dec/2020:11:20:19 +0000] "GET / HTTP/1.0" 302 1486 "https://realstresser.com" "Mozilla/5.0+(compatible; UptimeRobot/2.0; http://www.uptimerobot.com/)"
185.250.242.58 - - [26/Dec/2020:11:20:19 +0000] "GET /indexsrc/c-image-4.png HTTP/1.1" 304 111 "http://realstresser.com/welcome" "Serf/1.3.9 (mod_pagespeed/1.13.35.2-0)"
185.250.242.58 - - [26/Dec/2020:11:20:20 +0000] "GET /indexsrc/jquery-1.12.4.min.js HTTP/1.1" 304 111 "http://realstresser.com/welcome" "Serf/1.3.9 (mod_pagespeed/1.13.35.2-0)"
63.143.42.250 - - [26/Dec/2020:11:20:19 +0000] "GET /welcome HTTP/1.0" 200 3691 "https://realstresser.com" "Mozilla/5.0+(compatible; UptimeRobot/2.0; http://www.uptimerobot.com/)"
185.250.242.58 - - [26/Dec/2020:11:20:20 +0000] "GET /assets/img/favicon.ico HTTP/1.1" 404 1028 "http://realstresser.com/welcome" "Serf/1.3.9 (mod_pagespeed/1.13.35.2-0)"
185.250.242.58 - - [26/Dec/2020:11:20:20 +0000] "GET /indexsrc/header-bottom.svg HTTP/1.1" 200 739 "http://realstresser.com/welcome" "Serf/1.3.9 (mod_pagespeed/1.13.35.2-0)"
185.250.242.58 - - [26/Dec/2020:11:20:20 +0000] "GET /indexsrc/f-shape.svg HTTP/1.1" 200 753 "http://realstresser.com/welcome" "Serf/1.3.9 (mod_pagespeed/1.13.35.2-0)"
185.250.242.58 - - [26/Dec/2020:11:20:20 +0000] "GET /indexsrc/c-image-3.svg HTTP/1.1" 200 1603 "http://realstresser.com/welcome" "Serf/1.3.9 (mod_pagespeed/1.13.35.2-0)"
185.250.242.58 - - [26/Dec/2020:11:20:20 +0000] "GET /indexsrc/bootstrap.min.css HTTP/1.1" 304 111 "http://realstresser.com/welcome" "Serf/1.3.9 (mod_pagespeed/1.13.35.2-0)"
63.143.42.250 - - [26/Dec/2020:11:21:19 +0000] "GET / HTTP/1.0" 302 1486 "https://realstresser.com" "Mozilla/5.0+(compatible; UptimeRobot/2.0; http://www.uptimerobot.com/)"
63.143.42.250 - - [26/Dec/2020:11:21:19 +0000] "GET /welcome HTTP/1.0" 200 3792 "https://realstresser.com" "Mozilla/5.0+(compatible; UptimeRobot/2.0; http://www.uptimerobot.com/)"
45.138.72.251 - - [26/Dec/2020:11:22:16 +0000] "GET /ajax/proxies?type=HTTP HTTP/1.0" 200 27859 "-" "-"
63.143.42.250 - - [26/Dec/2020:11:22:19 +0000] "GET / HTTP/1.0" 302 1486 "https://realstresser.com" "Mozilla/5.0+(compatible; UptimeRobot/2.0; http://www.uptimerobot.com/)"
63.143.42.250 - - [26/Dec/2020:11:22:19 +0000] "GET /welcome HTTP/1.0" 200 3808 "https://realstresser.com" "Mozilla/5.0+(compatible; UptimeRobot/2.0; http://www.uptimerobot.com/)"
63.143.42.250 - - [26/Dec/2020:11:23:19 +0000] "GET / HTTP/1.0" 302 1486 "https://realstresser.com" "Mozilla/5.0+(compatible; UptimeRobot/2.0; http://www.uptimerobot.com/)"
185.250.242.58 - - [26/Dec/2020:11:23:20 +0000] "GET /indexsrc/aos.css HTTP/1.1" 304 110 "http://realstresser.com/welcome" "Serf/1.3.9 (mod_pagespeed/1.13.35.2-0)"
185.250.242.58 - - [26/Dec/2020:11:23:20 +0000] "GET /indexsrc/home.css HTTP/1.1" 304 110 "http://realstresser.com/welcome" "Serf/1.3.9 (mod_pagespeed/1.13.35.2-0)"
63.143.42.250 - - [26/Dec/2020:11:23:20 +0000] "GET /welcome HTTP/1.0" 200 3822 "https://realstresser.com" "Mozilla/5.0+(compatible; UptimeRobot/2.0; http://www.uptimerobot.com/)"
185.250.242.58 - - [26/Dec/2020:11:23:20 +0000] "GET /indexsrc/all.min.css HTTP/1.1" 304 110 "http://realstresser.com/welcome" "Serf/1.3.9 (mod_pagespeed/1.13.35.2-0)"
185.250.242.58 - - [26/Dec/2020:11:23:20 +0000] "GET /indexsrc/bootstrap.min.js HTTP/1.1" 304 111 "http://realstresser.com/welcome" "Serf/1.3.9 (mod_pagespeed/1.13.35.2-0)"
185.250.242.58 - - [26/Dec/2020:11:23:20 +0000] "GET /indexsrc/home.js HTTP/1.1" 304 109 "http://realstresser.com/welcome" "Serf/1.3.9 (mod_pagespeed/1.13.35.2-0)"
185.250.242.58 - - [26/Dec/2020:11:23:20 +0000] "GET /indexsrc/aos.js HTTP/1.1" 304 110 "http://realstresser.com/welcome" "Serf/1.3.9 (mod_pagespeed/1.13.35.2-0)"
185.250.242.58 - - [26/Dec/2020:11:23:20 +0000] "GET /indexsrc/privacy.png HTTP/1.1" 304 110 "http://realstresser.com/welcome" "Serf/1.3.9 (mod_pagespeed/1.13.35.2-0)"
185.250.242.58 - - [26/Dec/2020:11:23:20 +0000] "GET /indexsrc/services.png HTTP/1.1" 304 111 "http://realstresser.com/welcome" "Serf/1.3.9 (mod_pagespeed/1.13.35.2-0)"
185.250.242.58 - - [26/Dec/2020:11:23:20 +0000] "GET /indexsrc/c-image-1.png HTTP/1.1" 304 111 "http://realstresser.com/welcome" "Serf/1.3.9 (mod_pagespeed/1.13.35.2-0)"
185.250.242.58 - - [26/Dec/2020:11:23:20 +0000] "GET /indexsrc/c-image-2.png HTTP/1.1" 304 110 "http://realstresser.com/welcome" "Serf/1.3.9 (mod_pagespeed/1.13.35.2-0)"
185.250.242.58 - - [26/Dec/2020:11:23:20 +0000] "GET /indexsrc/css HTTP/1.1" 200 7186 "http://realstresser.com/welcome" "Serf/1.3.9 (mod_pagespeed/1.13.35.2-0)"
63.143.42.250 - - [26/Dec/2020:11:24:19 +0000] "GET / HTTP/1.0" 302 1486 "https://realstresser.com" "Mozilla/5.0+(compatible; UptimeRobot/2.0; http://www.uptimerobot.com/)"
185.250.242.58 - - [26/Dec/2020:11:24:19 +0000] "GET /indexsrc/c-image-4.png HTTP/1.1" 304 111 "http://realstresser.com/welcome" "Serf/1.3.9 (mod_pagespeed/1.13.35.2-0)"
63.143.42.250 - - [26/Dec/2020:11:24:19 +0000] "GET /welcome HTTP/1.0" 200 3717 "https://realstresser.com" "Mozilla/5.0+(compatible; UptimeRobot/2.0; http://www.uptimerobot.com/)"
63.143.42.250 - - [26/Dec/2020:11:25:19 +0000] "GET / HTTP/1.0" 302 1486 "https://realstresser.com" "Mozilla/5.0+(compatible; UptimeRobot/2.0; http://www.uptimerobot.com/)"
63.143.42.250 - - [26/Dec/2020:11:25:19 +0000] "GET /welcome HTTP/1.0" 200 3822 "https://realstresser.com" "Mozilla/5.0+(compatible; UptimeRobot/2.0; http://www.uptimerobot.com/)"
185.250.242.58 - - [26/Dec/2020:11:25:19 +0000] "GET /indexsrc/bootstrap.min.css HTTP/1.1" 304 111 "http://realstresser.com/welcome" "Serf/1.3.9 (mod_pagespeed/1.13.35.2-0)"
185.250.242.58 - - [26/Dec/2020:11:25:19 +0000] "GET /indexsrc/jquery-1.12.4.min.js HTTP/1.1" 304 111 "http://realstresser.com/welcome" "Serf/1.3.9 (mod_pagespeed/1.13.35.2-0)"
63.143.42.250 - - [26/Dec/2020:11:26:19 +0000] "GET / HTTP/1.0" 302 1486 "https://realstresser.com" "Mozilla/5.0+(compatible; UptimeRobot/2.0; http://www.uptimerobot.com/)"
185.250.242.58 - - [26/Dec/2020:11:26:19 +0000] "GET /assets/img/favicon.ico HTTP/1.1" 404 1028 "http://realstresser.com/welcome" "Serf/1.3.9 (mod_pagespeed/1.13.35.2-0)"
185.250.242.58 - - [26/Dec/2020:11:26:19 +0000] "GET /indexsrc/header-bottom.svg HTTP/1.1" 200 739 "http://realstresser.com/welcome" "Serf/1.3.9 (mod_pagespeed/1.13.35.2-0)"
185.250.242.58 - - [26/Dec/2020:11:26:19 +0000] "GET /indexsrc/f-shape.svg HTTP/1.1" 200 753 "http://realstresser.com/welcome" "Serf/1.3.9 (mod_pagespeed/1.13.35.2-0)"
63.143.42.250 - - [26/Dec/2020:11:26:19 +0000] "GET /welcome HTTP/1.0" 200 3792 "https://realstresser.com" "Mozilla/5.0+(compatible; UptimeRobot/2.0; http://www.uptimerobot.com/)"
185.250.242.58 - - [26/Dec/2020:11:26:19 +0000] "GET /indexsrc/c-image-3.svg HTTP/1.1" 200 1603 "http://realstresser.com/welcome" "Serf/1.3.9 (mod_pagespeed/1.13.35.2-0)"
2403:6200:8892:7cd6:e55e:dca5:c57e:d722 - - [26/Dec/2020:11:26:41 +0000] "GET / HTTP/1.0" 302 1428 "-" "Mozilla/5.0 (Windows NT 10.0; Win64; x64) AppleWebKit/537.36 (KHTML, like Gecko) Chrome/87.0.4280.88 Safari/537.36"
2403:6200:8892:7cd6:e55e:dca5:c57e:d722 - - [26/Dec/2020:11:26:42 +0000] "GET /welcome HTTP/1.0" 200 5712 "-" "Mozilla/5.0 (Windows NT 10.0; Win64; x64) AppleWebKit/537.36 (KHTML, like Gecko) Chrome/87.0.4280.88 Safari/537.36"
2403:6200:8892:7cd6:e55e:dca5:c57e:d722 - - [26/Dec/2020:11:26:42 +0000] "GET /indexsrc/bootstrap.min.css HTTP/1.0" 200 23399 "https://realstresser.com/welcome" "Mozilla/5.0 (Windows NT 10.0; Win64; x64) AppleWebKit/537.36 (KHTML, like Gecko) Chrome/87.0.4280.88 Safari/537.36"
2403:6200:8892:7cd6:e55e:dca5:c57e:d722 - - [26/Dec/2020:11:26:42 +0000] "GET /indexsrc/c-image-3.svg HTTP/1.0" 200 236 "https://realstresser.com/welcome" "Mozilla/5.0 (Windows NT 10.0; Win64; x64) AppleWebKit/537.36 (KHTML, like Gecko) Chrome/87.0.4280.88 Safari/537.36"
2403:6200:8892:7cd6:e55e:dca5:c57e:d722 - - [26/Dec/2020:11:26:42 +0000] "GET /indexsrc/f-shape.svg HTTP/1.0" 200 795 "https://realstresser.com/welcome" "Mozilla/5.0 (Windows NT 10.0; Win64; x64) AppleWebKit/537.36 (KHTML, like Gecko) Chrome/87.0.4280.88 Safari/537.36"
2403:6200:8892:7cd6:e55e:dca5:c57e:d722 - - [26/Dec/2020:11:26:42 +0000] "GET /indexsrc/xservices.png.pagespeed.ic.bIg2QnvvTe.webp HTTP/1.0" 200 264816 "https://realstresser.com/welcome" "Mozilla/5.0 (Windows NT 10.0; Win64; x64) AppleWebKit/537.36 (KHTML, like Gecko) Chrome/87.0.4280.88 Safari/537.36"
2403:6200:8892:7cd6:e55e:dca5:c57e:d722 - - [26/Dec/2020:11:26:42 +0000] "GET /indexsrc/xc-image-2.png.pagespeed.ic.pE8VRvsiKu.webp HTTP/1.0" 200 31285 "https://realstresser.com/welcome" "Mozilla/5.0 (Windows NT 10.0; Win64; x64) AppleWebKit/537.36 (KHTML, like Gecko) Chrome/87.0.4280.88 Safari/537.36"
2403:6200:8892:7cd6:e55e:dca5:c57e:d722 - - [26/Dec/2020:11:26:42 +0000] "GET /indexsrc/css HTTP/1.0" 200 197 "https://realstresser.com/welcome" "Mozilla/5.0 (Windows NT 10.0; Win64; x64) AppleWebKit/537.36 (KHTML, like Gecko) Chrome/87.0.4280.88 Safari/537.36"
2403:6200:8892:7cd6:e55e:dca5:c57e:d722 - - [26/Dec/2020:11:26:42 +0000] "GET /indexsrc/xc-image-4.png.pagespeed.ic.F53LBXuJW-.webp HTTP/1.0" 200 77523 "https://realstresser.com/welcome" "Mozilla/5.0 (Windows NT 10.0; Win64; x64) AppleWebKit/537.36 (KHTML, like Gecko) Chrome/87.0.4280.88 Safari/537.36"
2403:6200:8892:7cd6:e55e:dca5:c57e:d722 - - [26/Dec/2020:11:26:42 +0000] "GET /indexsrc/header-bottom.svg HTTP/1.0" 200 781 "https://realstresser.com/welcome" "Mozilla/5.0 (Windows NT 10.0; Win64; x64) AppleWebKit/537.36 (KHTML, like Gecko) Chrome/87.0.4280.88 Safari/537.36"
2403:6200:8892:7cd6:e55e:dca5:c57e:d722 - - [26/Dec/2020:11:26:42 +0000] "GET /indexsrc/xprivacy.png.pagespeed.ic.rDDsIgDz3t.webp HTTP/1.0" 200 21249 "https://realstresser.com/welcome" "Mozilla/5.0 (Windows NT 10.0; Win64; x64) AppleWebKit/537.36 (KHTML, like Gecko) Chrome/87.0.4280.88 Safari/537.36"
2403:6200:8892:7cd6:e55e:dca5:c57e:d722 - - [26/Dec/2020:11:26:42 +0000] "GET /indexsrc/xc-image-1.png.pagespeed.ic.-uNB3m5EXg.webp HTTP/1.0" 200 103489 "https://realstresser.com/welcome" "Mozilla/5.0 (Windows NT 10.0; Win64; x64) AppleWebKit/537.36 (KHTML, like Gecko) Chrome/87.0.4280.88 Safari/537.36"
185.250.242.58 - - [26/Dec/2020:11:26:44 +0000] "GET /assets/fonts/feather-font/css/iconfont.css HTTP/1.1" 304 110 "http://realstresser.com/login" "Serf/1.3.9 (mod_pagespeed/1.13.35.2-0)"
185.250.242.58 - - [26/Dec/2020:11:26:44 +0000] "GET /assets/plugins/perfect-scrollbar/perfect-scrollbar.css HTTP/1.1" 304 109 "http://realstresser.com/login" "Serf/1.3.9 (mod_pagespeed/1.13.35.2-0)"
2403:6200:8892:7cd6:e55e:dca5:c57e:d722 - - [26/Dec/2020:11:26:44 +0000] "GET /login HTTP/1.0" 200 3291 "https://realstresser.com/welcome" "Mozilla/5.0 (Windows NT 10.0; Win64; x64) AppleWebKit/537.36 (KHTML, like Gecko) Chrome/87.0.4280.88 Safari/537.36"
185.250.242.58 - - [26/Dec/2020:11:26:44 +0000] "GET /assets/plugins/bootstrap-datepicker/css/bootstrap-datepicker.min.css HTTP/1.1" 304 110 "http://realstresser.com/login" "Serf/1.3.9 (mod_pagespeed/1.13.35.2-0)"
185.250.242.58 - - [26/Dec/2020:11:26:44 +0000] "GET /assets/plugins/feather-icons/feather.min.js HTTP/1.1" 304 111 "http://realstresser.com/login" "Serf/1.3.9 (mod_pagespeed/1.13.35.2-0)"
185.250.242.58 - - [26/Dec/2020:11:26:44 +0000] "GET /assets/js/template.js HTTP/1.1" 304 110 "http://realstresser.com/login" "Serf/1.3.9 (mod_pagespeed/1.13.35.2-0)"
185.250.242.58 - - [26/Dec/2020:11:26:44 +0000] "GET /favicon/favicon.ico HTTP/1.1" 304 109 "http://realstresser.com/login" "Serf/1.3.9 (mod_pagespeed/1.13.35.2-0)"
185.250.242.58 - - [26/Dec/2020:11:26:44 +0000] "GET /assets/js/spinner.js HTTP/1.1" 304 109 "http://realstresser.com/login" "Serf/1.3.9 (mod_pagespeed/1.13.35.2-0)"
185.250.242.58 - - [26/Dec/2020:11:26:44 +0000] "GET /css/app.css HTTP/1.1" 304 111 "http://realstresser.com/login" "Serf/1.3.9 (mod_pagespeed/1.13.35.2-0)"
185.250.242.58 - - [26/Dec/2020:11:26:44 +0000] "GET /js/app.js HTTP/1.1" 304 111 "http://realstresser.com/login" "Serf/1.3.9 (mod_pagespeed/1.13.35.2-0)"
185.250.242.58 - - [26/Dec/2020:11:26:44 +0000] "GET /js/pages/readyLogin.js HTTP/1.1" 404 1028 "http://realstresser.com/login" "Serf/1.3.9 (mod_pagespeed/1.13.35.2-0)"
185.250.242.58 - - [26/Dec/2020:11:26:44 +0000] "GET /assets/images/carousel/img6.html HTTP/1.1" 404 1028 "http://realstresser.com/login" "Serf/1.3.9 (mod_pagespeed/1.13.35.2-0)"
2403:6200:8892:7cd6:e55e:dca5:c57e:d722 - - [26/Dec/2020:11:26:45 +0000] "GET /assets/fonts/feather-font/css/iconfont.css HTTP/1.0" 200 279 "https://realstresser.com/login" "Mozilla/5.0 (Windows NT 10.0; Win64; x64) AppleWebKit/537.36 (KHTML, like Gecko) Chrome/87.0.4280.88 Safari/537.36"
2403:6200:8892:7cd6:e55e:dca5:c57e:d722 - - [26/Dec/2020:11:26:45 +0000] "GET /assets/plugins/perfect-scrollbar/perfect-scrollbar.css HTTP/1.0" 200 291 "https://realstresser.com/login" "Mozilla/5.0 (Windows NT 10.0; Win64; x64) AppleWebKit/537.36 (KHTML, like Gecko) Chrome/87.0.4280.88 Safari/537.36"
2403:6200:8892:7cd6:e55e:dca5:c57e:d722 - - [26/Dec/2020:11:26:45 +0000] "GET /css/app.css HTTP/1.0" 200 248 "https://realstresser.com/login" "Mozilla/5.0 (Windows NT 10.0; Win64; x64) AppleWebKit/537.36 (KHTML, like Gecko) Chrome/87.0.4280.88 Safari/537.36"
2403:6200:8892:7cd6:e55e:dca5:c57e:d722 - - [26/Dec/2020:11:26:45 +0000] "GET /assets/plugins/bootstrap-datepicker/css/bootstrap-datepicker.min.css HTTP/1.0" 200 2486 "https://realstresser.com/login" "Mozilla/5.0 (Windows NT 10.0; Win64; x64) AppleWebKit/537.36 (KHTML, like Gecko) Chrome/87.0.4280.88 Safari/537.36"
2403:6200:8892:7cd6:e55e:dca5:c57e:d722 - - [26/Dec/2020:11:26:45 +0000] "GET /js/pages/readyLogin.js HTTP/1.0" 404 1047 "https://realstresser.com/login" "Mozilla/5.0 (Windows NT 10.0; Win64; x64) AppleWebKit/537.36 (KHTML, like Gecko) Chrome/87.0.4280.88 Safari/537.36"
185.250.242.58 - - [26/Dec/2020:11:26:58 +0000] "GET /assets/plugins/perfect-scrollbar/perfect-scrollbar.min.js HTTP/1.1" 304 110 "http://realstresser.com/" "Serf/1.3.9 (mod_pagespeed/1.13.35.2-0)"
185.250.242.58 - - [26/Dec/2020:11:26:58 +0000] "GET /assets/plugins/jquery.flot/jquery.flot.resize.js HTTP/1.1" 304 109 "http://realstresser.com/" "Serf/1.3.9 (mod_pagespeed/1.13.35.2-0)"
185.250.242.58 - - [26/Dec/2020:11:26:58 +0000] "GET /assets/plugins/bootstrap-datepicker/js/bootstrap-datepicker.min.js HTTP/1.1" 304 110 "http://realstresser.com/" "Serf/1.3.9 (mod_pagespeed/1.13.35.2-0)"
185.250.242.58 - - [26/Dec/2020:11:26:58 +0000] "GET /assets/js/dashboard.js HTTP/1.1" 304 110 "http://realstresser.com/" "Serf/1.3.9 (mod_pagespeed/1.13.35.2-0)"
185.250.242.58 - - [26/Dec/2020:11:26:58 +0000] "GET /assets/js/datepicker.js HTTP/1.1" 304 109 "http://realstresser.com/" "Serf/1.3.9 (mod_pagespeed/1.13.35.2-0)"
185.250.242.58 - - [26/Dec/2020:11:26:58 +0000] "GET /assets/images/faces/astronaut.png HTTP/1.1" 304 110 "http://realstresser.com/" "Serf/1.3.9 (mod_pagespeed/1.13.35.2-0)"
2403:6200:8892:7cd6:e55e:dca5:c57e:d722 - - [26/Dec/2020:11:26:58 +0000] "GET / HTTP/1.0" 200 5956 "https://realstresser.com/login" "Mozilla/5.0 (Windows NT 10.0; Win64; x64) AppleWebKit/537.36 (KHTML, like Gecko) Chrome/87.0.4280.88 Safari/537.36"
185.250.242.58 - - [26/Dec/2020:11:26:58 +0000] "GET /assets/plugins/chartjs/Chart.min.js HTTP/1.1" 304 111 "http://realstresser.com/" "Serf/1.3.9 (mod_pagespeed/1.13.35.2-0)"
185.250.242.58 - - [26/Dec/2020:11:26:58 +0000] "GET /assets/plugins/jquery.flot/jquery.flot.js HTTP/1.1" 304 111 "http://realstresser.com/" "Serf/1.3.9 (mod_pagespeed/1.13.35.2-0)"
185.250.242.58 - - [26/Dec/2020:11:26:58 +0000] "GET /assets/plugins/apexcharts/apexcharts.min.js HTTP/1.1" 304 111 "http://realstresser.com/" "Serf/1.3.9 (mod_pagespeed/1.13.35.2-0)"
185.250.242.58 - - [26/Dec/2020:11:26:58 +0000] "GET /assets/plugins/progressbar-js/progressbar.min.js HTTP/1.1" 304 110 "http://realstresser.com/" "Serf/1.3.9 (mod_pagespeed/1.13.35.2-0)"
2403:6200:8892:7cd6:e55e:dca5:c57e:d722 - - [26/Dec/2020:11:26:59 +0000] "GET / HTTP/1.0" 200 4423 "https://realstresser.com/login" "Mozilla/5.0 (Windows NT 10.0; Win64; x64) AppleWebKit/537.36 (KHTML, like Gecko) Chrome/87.0.4280.88 Safari/537.36"
63.143.42.250 - - [26/Dec/2020:11:27:19 +0000] "GET / HTTP/1.0" 302 1486 "https://realstresser.com" "Mozilla/5.0+(compatible; UptimeRobot/2.0; http://www.uptimerobot.com/)"
63.143.42.250 - - [26/Dec/2020:11:27:19 +0000] "GET /welcome HTTP/1.0" 200 3822 "https://realstresser.com" "Mozilla/5.0+(compatible; UptimeRobot/2.0; http://www.uptimerobot.com/)"
63.143.42.250 - - [26/Dec/2020:11:28:19 +0000] "GET / HTTP/1.0" 302 1486 "https://realstresser.com" "Mozilla/5.0+(compatible; UptimeRobot/2.0; http://www.uptimerobot.com/)"
63.143.42.250 - - [26/Dec/2020:11:28:19 +0000] "GET /welcome HTTP/1.0" 200 3822 "https://realstresser.com" "Mozilla/5.0+(compatible; UptimeRobot/2.0; http://www.uptimerobot.com/)"
185.250.242.58 - - [26/Dec/2020:11:28:19 +0000] "GET /indexsrc/aos.css HTTP/1.1" 304 110 "http://realstresser.com/welcome" "Serf/1.3.9 (mod_pagespeed/1.13.35.2-0)"
185.250.242.58 - - [26/Dec/2020:11:28:19 +0000] "GET /indexsrc/home.css HTTP/1.1" 304 110 "http://realstresser.com/welcome" "Serf/1.3.9 (mod_pagespeed/1.13.35.2-0)"
185.250.242.58 - - [26/Dec/2020:11:28:19 +0000] "GET /indexsrc/all.min.css HTTP/1.1" 304 110 "http://realstresser.com/welcome" "Serf/1.3.9 (mod_pagespeed/1.13.35.2-0)"
185.250.242.58 - - [26/Dec/2020:11:28:20 +0000] "GET /indexsrc/bootstrap.min.js HTTP/1.1" 304 111 "http://realstresser.com/welcome" "Serf/1.3.9 (mod_pagespeed/1.13.35.2-0)"
185.250.242.58 - - [26/Dec/2020:11:28:20 +0000] "GET /indexsrc/home.js HTTP/1.1" 304 109 "http://realstresser.com/welcome" "Serf/1.3.9 (mod_pagespeed/1.13.35.2-0)"
185.250.242.58 - - [26/Dec/2020:11:28:20 +0000] "GET /indexsrc/aos.js HTTP/1.1" 304 110 "http://realstresser.com/welcome" "Serf/1.3.9 (mod_pagespeed/1.13.35.2-0)"
185.250.242.58 - - [26/Dec/2020:11:28:20 +0000] "GET /indexsrc/privacy.png HTTP/1.1" 304 110 "http://realstresser.com/welcome" "Serf/1.3.9 (mod_pagespeed/1.13.35.2-0)"
185.250.242.58 - - [26/Dec/2020:11:28:20 +0000] "GET /indexsrc/services.png HTTP/1.1" 304 111 "http://realstresser.com/welcome" "Serf/1.3.9 (mod_pagespeed/1.13.35.2-0)"
185.250.242.58 - - [26/Dec/2020:11:28:20 +0000] "GET /indexsrc/c-image-1.png HTTP/1.1" 304 111 "http://realstresser.com/welcome" "Serf/1.3.9 (mod_pagespeed/1.13.35.2-0)"
185.250.242.58 - - [26/Dec/2020:11:28:20 +0000] "GET /indexsrc/c-image-2.png HTTP/1.1" 304 110 "http://realstresser.com/welcome" "Serf/1.3.9 (mod_pagespeed/1.13.35.2-0)"
185.250.242.58 - - [26/Dec/2020:11:28:20 +0000] "GET /indexsrc/c-image-4.png HTTP/1.1" 304 111 "http://realstresser.com/welcome" "Serf/1.3.9 (mod_pagespeed/1.13.35.2-0)"
63.143.42.250 - - [26/Dec/2020:11:29:19 +0000] "GET / HTTP/1.0" 302 1486 "https://realstresser.com" "Mozilla/5.0+(compatible; UptimeRobot/2.0; http://www.uptimerobot.com/)"
185.250.242.58 - - [26/Dec/2020:11:29:19 +0000] "GET /indexsrc/bootstrap.min.css HTTP/1.1" 304 111 "http://realstresser.com/welcome" "Serf/1.3.9 (mod_pagespeed/1.13.35.2-0)"
