79.164.146.167 - - [25/Dec/2020:13:59:20 +0000] "GET /indexsrc/home.css HTTP/1.0" 200 254 "https://realstresser.com/welcome" "Mozilla/5.0 (Windows NT 10.0; Win64; x64) AppleWebKit/537.36 (KHTML, like Gecko) Chrome/87.0.4280.60 YaBrowser/20.12.0.963 Yowser/2.5 Safari/537.36"
79.164.146.167 - - [25/Dec/2020:13:59:20 +0000] "GET /indexsrc/all.min.css HTTP/1.0" 200 12691 "https://realstresser.com/welcome" "Mozilla/5.0 (Windows NT 10.0; Win64; x64) AppleWebKit/537.36 (KHTML, like Gecko) Chrome/87.0.4280.60 YaBrowser/20.12.0.963 Yowser/2.5 Safari/537.36"
79.164.146.167 - - [25/Dec/2020:13:59:20 +0000] "GET /indexsrc/privacy.png HTTP/1.0" 200 37437 "https://realstresser.com/welcome" "Mozilla/5.0 (Windows NT 10.0; Win64; x64) AppleWebKit/537.36 (KHTML, like Gecko) Chrome/87.0.4280.60 YaBrowser/20.12.0.963 Yowser/2.5 Safari/537.36"
79.164.146.167 - - [25/Dec/2020:13:59:20 +0000] "GET /indexsrc/services.png HTTP/1.0" 200 317561 "https://realstresser.com/welcome" "Mozilla/5.0 (Windows NT 10.0; Win64; x64) AppleWebKit/537.36 (KHTML, like Gecko) Chrome/87.0.4280.60 YaBrowser/20.12.0.963 Yowser/2.5 Safari/537.36"
79.164.146.167 - - [25/Dec/2020:13:59:21 +0000] "GET /indexsrc/c-image-1.png HTTP/1.0" 200 109012 "https://realstresser.com/welcome" "Mozilla/5.0 (Windows NT 10.0; Win64; x64) AppleWebKit/537.36 (KHTML, like Gecko) Chrome/87.0.4280.60 YaBrowser/20.12.0.963 Yowser/2.5 Safari/537.36"
79.164.146.167 - - [25/Dec/2020:13:59:21 +0000] "GET /indexsrc/c-image-2.png HTTP/1.0" 200 33775 "https://realstresser.com/welcome" "Mozilla/5.0 (Windows NT 10.0; Win64; x64) AppleWebKit/537.36 (KHTML, like Gecko) Chrome/87.0.4280.60 YaBrowser/20.12.0.963 Yowser/2.5 Safari/537.36"
79.164.146.167 - - [25/Dec/2020:13:59:21 +0000] "GET /indexsrc/c-image-4.png HTTP/1.0" 200 85030 "https://realstresser.com/welcome" "Mozilla/5.0 (Windows NT 10.0; Win64; x64) AppleWebKit/537.36 (KHTML, like Gecko) Chrome/87.0.4280.60 YaBrowser/20.12.0.963 Yowser/2.5 Safari/537.36"
79.164.146.167 - - [25/Dec/2020:13:59:21 +0000] "GET /indexsrc/aos.js HTTP/1.0" 200 4944 "https://realstresser.com/welcome" "Mozilla/5.0 (Windows NT 10.0; Win64; x64) AppleWebKit/537.36 (KHTML, like Gecko) Chrome/87.0.4280.60 YaBrowser/20.12.0.963 Yowser/2.5 Safari/537.36"
79.164.146.167 - - [25/Dec/2020:13:59:22 +0000] "GET /indexsrc/bootstrap.min.js HTTP/1.0" 200 16325 "https://realstresser.com/welcome" "Mozilla/5.0 (Windows NT 10.0; Win64; x64) AppleWebKit/537.36 (KHTML, like Gecko) Chrome/87.0.4280.60 YaBrowser/20.12.0.963 Yowser/2.5 Safari/537.36"
79.164.146.167 - - [25/Dec/2020:13:59:22 +0000] "GET /indexsrc/home.js HTTP/1.0" 304 156 "https://realstresser.com/welcome" "Mozilla/5.0 (Windows NT 10.0; Win64; x64) AppleWebKit/537.36 (KHTML, like Gecko) Chrome/87.0.4280.60 YaBrowser/20.12.0.963 Yowser/2.5 Safari/537.36"
79.164.146.167 - - [25/Dec/2020:13:59:22 +0000] "GET /indexsrc/jquery-1.12.4.min.js HTTP/1.0" 200 34182 "https://realstresser.com/welcome" "Mozilla/5.0 (Windows NT 10.0; Win64; x64) AppleWebKit/537.36 (KHTML, like Gecko) Chrome/87.0.4280.60 YaBrowser/20.12.0.963 Yowser/2.5 Safari/537.36"
79.164.146.167 - - [25/Dec/2020:13:59:35 +0000] "GET /login HTTP/1.0" 200 3520 "https://realstresser.com/welcome" "Mozilla/5.0 (Windows NT 10.0; Win64; x64) AppleWebKit/537.36 (KHTML, like Gecko) Chrome/87.0.4280.60 YaBrowser/20.12.0.963 Yowser/2.5 Safari/537.36"
45.138.72.251 - - [25/Dec/2020:13:59:41 +0000] "GET /ajax/proxies?type=HTTP HTTP/1.0" 200 27859 "-" "-"
178.186.87.11 - - [25/Dec/2020:13:59:42 +0000] "GET /ajax/hub.php?type=start&host=https://payments-transfer24.site/&port=80&reqtype=GET&time=120&method=HTTP-BRUST&csrf=5e734ec27e642d2f293ae6d95b923b830boj8ee4g9e71rtjn6ls0kr9k5045refCS1781868711refCSdf54327be805c8adefef104582e8a25e HTTP/1.1" 200 1033 "https://realstresser.com/hub" "Mozilla/5.0 (Windows NT 10.0; Win64; x64) AppleWebKit/537.36 (KHTML, like Gecko) Chrome/87.0.4280.88 Safari/537.36"
178.186.87.11 - - [25/Dec/2020:13:59:42 +0000] "GET /ajax/hub.php?type=attacks&csrf=5e734ec27e642d2f293ae6d95b923b830boj8ee4g9e71rtjn6ls0kr9k5045refCS1781868711refCSdf54327be805c8adefef104582e8a25e HTTP/1.1" 200 1401 "https://realstresser.com/hub" "Mozilla/5.0 (Windows NT 10.0; Win64; x64) AppleWebKit/537.36 (KHTML, like Gecko) Chrome/87.0.4280.88 Safari/537.36"
79.164.146.167 - - [25/Dec/2020:13:59:49 +0000] "POST /ajax/login.php?type=login HTTP/1.1" 200 771 "https://realstresser.com/login" "Mozilla/5.0 (Windows NT 10.0; Win64; x64) AppleWebKit/537.36 (KHTML, like Gecko) Chrome/87.0.4280.60 YaBrowser/20.12.0.963 Yowser/2.5 Safari/537.36"
185.250.242.58 - - [25/Dec/2020:13:59:52 +0000] "GET /assets/images/faces/astronaut.png HTTP/1.1" 304 110 "http://realstresser.com/" "Serf/1.3.9 (mod_pagespeed/1.13.35.2-0)"
185.250.242.58 - - [25/Dec/2020:13:59:52 +0000] "GET /assets/plugins/perfect-scrollbar/perfect-scrollbar.min.js HTTP/1.1" 304 110 "http://realstresser.com/" "Serf/1.3.9 (mod_pagespeed/1.13.35.2-0)"
185.250.242.58 - - [25/Dec/2020:13:59:52 +0000] "GET /assets/plugins/chartjs/Chart.min.js HTTP/1.1" 304 111 "http://realstresser.com/" "Serf/1.3.9 (mod_pagespeed/1.13.35.2-0)"
185.250.242.58 - - [25/Dec/2020:13:59:52 +0000] "GET /assets/plugins/jquery.flot/jquery.flot.js HTTP/1.1" 304 111 "http://realstresser.com/" "Serf/1.3.9 (mod_pagespeed/1.13.35.2-0)"
185.250.242.58 - - [25/Dec/2020:13:59:52 +0000] "GET /assets/plugins/jquery.flot/jquery.flot.resize.js HTTP/1.1" 304 109 "http://realstresser.com/" "Serf/1.3.9 (mod_pagespeed/1.13.35.2-0)"
185.250.242.58 - - [25/Dec/2020:13:59:52 +0000] "GET /assets/plugins/bootstrap-datepicker/js/bootstrap-datepicker.min.js HTTP/1.1" 304 110 "http://realstresser.com/" "Serf/1.3.9 (mod_pagespeed/1.13.35.2-0)"
185.250.242.58 - - [25/Dec/2020:13:59:52 +0000] "GET /assets/plugins/apexcharts/apexcharts.min.js HTTP/1.1" 304 111 "http://realstresser.com/" "Serf/1.3.9 (mod_pagespeed/1.13.35.2-0)"
185.250.242.58 - - [25/Dec/2020:13:59:52 +0000] "GET /assets/plugins/progressbar-js/progressbar.min.js HTTP/1.1" 304 110 "http://realstresser.com/" "Serf/1.3.9 (mod_pagespeed/1.13.35.2-0)"
185.250.242.58 - - [25/Dec/2020:13:59:52 +0000] "GET /assets/js/dashboard.js HTTP/1.1" 304 110 "http://realstresser.com/" "Serf/1.3.9 (mod_pagespeed/1.13.35.2-0)"
185.250.242.58 - - [25/Dec/2020:13:59:52 +0000] "GET /assets/js/datepicker.js HTTP/1.1" 304 109 "http://realstresser.com/" "Serf/1.3.9 (mod_pagespeed/1.13.35.2-0)"
79.164.146.167 - - [25/Dec/2020:13:59:52 +0000] "GET / HTTP/1.0" 200 5966 "https://realstresser.com/login" "Mozilla/5.0 (Windows NT 10.0; Win64; x64) AppleWebKit/537.36 (KHTML, like Gecko) Chrome/87.0.4280.60 YaBrowser/20.12.0.963 Yowser/2.5 Safari/537.36"
79.164.146.167 - - [25/Dec/2020:13:59:53 +0000] "GET /assets/images/faces/xastronaut.png.pagespeed.ic.HJfjLqaB7a.webp HTTP/1.0" 200 11556 "https://realstresser.com/" "Mozilla/5.0 (Windows NT 10.0; Win64; x64) AppleWebKit/537.36 (KHTML, like Gecko) Chrome/87.0.4280.60 YaBrowser/20.12.0.963 Yowser/2.5 Safari/537.36"
79.164.146.167 - - [25/Dec/2020:13:59:53 +0000] "GET /assets/plugins/perfect-scrollbar/perfect-scrollbar.min.js HTTP/1.0" 200 5844 "https://realstresser.com/" "Mozilla/5.0 (Windows NT 10.0; Win64; x64) AppleWebKit/537.36 (KHTML, like Gecko) Chrome/87.0.4280.60 YaBrowser/20.12.0.963 Yowser/2.5 Safari/537.36"
79.164.146.167 - - [25/Dec/2020:13:59:53 +0000] "GET /assets/plugins/chartjs/Chart.min.js HTTP/1.0" 200 53152 "https://realstresser.com/" "Mozilla/5.0 (Windows NT 10.0; Win64; x64) AppleWebKit/537.36 (KHTML, like Gecko) Chrome/87.0.4280.60 YaBrowser/20.12.0.963 Yowser/2.5 Safari/537.36"
79.164.146.167 - - [25/Dec/2020:13:59:53 +0000] "GET /assets/plugins/jquery.flot/jquery.flot.js HTTP/1.0" 200 27519 "https://realstresser.com/" "Mozilla/5.0 (Windows NT 10.0; Win64; x64) AppleWebKit/537.36 (KHTML, like Gecko) Chrome/87.0.4280.60 YaBrowser/20.12.0.963 Yowser/2.5 Safari/537.36"
79.164.146.167 - - [25/Dec/2020:13:59:54 +0000] "GET /assets/plugins/jquery.flot/jquery.flot.resize.js HTTP/1.0" 200 299 "https://realstresser.com/" "Mozilla/5.0 (Windows NT 10.0; Win64; x64) AppleWebKit/537.36 (KHTML, like Gecko) Chrome/87.0.4280.60 YaBrowser/20.12.0.963 Yowser/2.5 Safari/537.36"
79.164.146.167 - - [25/Dec/2020:13:59:54 +0000] "GET /assets/plugins/bootstrap-datepicker/js/bootstrap-datepicker.min.js HTTP/1.0" 200 10480 "https://realstresser.com/" "Mozilla/5.0 (Windows NT 10.0; Win64; x64) AppleWebKit/537.36 (KHTML, like Gecko) Chrome/87.0.4280.60 YaBrowser/20.12.0.963 Yowser/2.5 Safari/537.36"
79.164.146.167 - - [25/Dec/2020:13:59:54 +0000] "GET /assets/plugins/jquery.flot/jquery.flot.resize.js HTTP/1.1" 200 3314 "https://realstresser.com/" "Mozilla/5.0 (Windows NT 10.0; Win64; x64) AppleWebKit/537.36 (KHTML, like Gecko) Chrome/87.0.4280.60 YaBrowser/20.12.0.963 Yowser/2.5 Safari/537.36"
79.164.146.167 - - [25/Dec/2020:13:59:55 +0000] "GET /assets/plugins/apexcharts/apexcharts.min.js HTTP/1.0" 200 112187 "https://realstresser.com/" "Mozilla/5.0 (Windows NT 10.0; Win64; x64) AppleWebKit/537.36 (KHTML, like Gecko) Chrome/87.0.4280.60 YaBrowser/20.12.0.963 Yowser/2.5 Safari/537.36"
79.164.146.167 - - [25/Dec/2020:13:59:55 +0000] "GET /assets/plugins/progressbar-js/progressbar.min.js HTTP/1.0" 200 8998 "https://realstresser.com/" "Mozilla/5.0 (Windows NT 10.0; Win64; x64) AppleWebKit/537.36 (KHTML, like Gecko) Chrome/87.0.4280.60 YaBrowser/20.12.0.963 Yowser/2.5 Safari/537.36"
79.164.146.167 - - [25/Dec/2020:13:59:55 +0000] "GET /assets/js/dashboard.js HTTP/1.0" 200 4404 "https://realstresser.com/" "Mozilla/5.0 (Windows NT 10.0; Win64; x64) AppleWebKit/537.36 (KHTML, like Gecko) Chrome/87.0.4280.60 YaBrowser/20.12.0.963 Yowser/2.5 Safari/537.36"
79.164.146.167 - - [25/Dec/2020:13:59:56 +0000] "GET /assets/js/datepicker.js HTTP/1.0" 304 156 "https://realstresser.com/" "Mozilla/5.0 (Windows NT 10.0; Win64; x64) AppleWebKit/537.36 (KHTML, like Gecko) Chrome/87.0.4280.60 YaBrowser/20.12.0.963 Yowser/2.5 Safari/537.36"
79.164.146.167 - - [25/Dec/2020:14:00:24 +0000] "GET /hub HTTP/1.0" 200 9931 "https://realstresser.com/" "Mozilla/5.0 (Windows NT 10.0; Win64; x64) AppleWebKit/537.36 (KHTML, like Gecko) Chrome/87.0.4280.60 YaBrowser/20.12.0.963 Yowser/2.5 Safari/537.36"
79.164.146.167 - - [25/Dec/2020:14:00:26 +0000] "GET /favicon.ico HTTP/1.0" 404 1075 "https://realstresser.com/hub" "Mozilla/5.0 (Windows NT 10.0; Win64; x64) AppleWebKit/537.36 (KHTML, like Gecko) Chrome/87.0.4280.60 YaBrowser/20.12.0.963 Yowser/2.5 Safari/537.36"
79.164.146.167 - - [25/Dec/2020:14:00:26 +0000] "GET /ajax/hub.php?type=attacks HTTP/1.1" 200 1052 "https://realstresser.com/hub" "Mozilla/5.0 (Windows NT 10.0; Win64; x64) AppleWebKit/537.36 (KHTML, like Gecko) Chrome/87.0.4280.60 YaBrowser/20.12.0.963 Yowser/2.5 Safari/537.36"
79.164.146.167 - - [25/Dec/2020:14:00:41 +0000] "GET /ajax/hub.php?type=start&host=https://online-edu.mirea.ru&port=80&reqtype=GET&time=120&method=HTTP-BRUST&csrf=52aa4ca2ac9bdf335688d6639a7fe328t723ihlap4av5rperq6717g4tf558refCS79164146167refCS7b08d585257435862986d02e96d2c127 HTTP/1.1" 200 1033 "https://realstresser.com/hub" "Mozilla/5.0 (Windows NT 10.0; Win64; x64) AppleWebKit/537.36 (KHTML, like Gecko) Chrome/87.0.4280.60 YaBrowser/20.12.0.963 Yowser/2.5 Safari/537.36"
45.138.72.251 - - [25/Dec/2020:14:00:41 +0000] "GET /ajax/proxies?type=HTTP HTTP/1.0" 200 27831 "-" "-"
79.164.146.167 - - [25/Dec/2020:14:00:42 +0000] "GET /ajax/hub.php?type=attacks&csrf=52aa4ca2ac9bdf335688d6639a7fe328t723ihlap4av5rperq6717g4tf558refCS79164146167refCS7b08d585257435862986d02e96d2c127 HTTP/1.1" 200 1387 "https://realstresser.com/hub" "Mozilla/5.0 (Windows NT 10.0; Win64; x64) AppleWebKit/537.36 (KHTML, like Gecko) Chrome/87.0.4280.60 YaBrowser/20.12.0.963 Yowser/2.5 Safari/537.36"
63.143.42.250 - - [25/Dec/2020:14:01:02 +0000] "HEAD / HTTP/1.0" 302 347 "https://realstresser.com" "Mozilla/5.0+(compatible; UptimeRobot/2.0; http://www.uptimerobot.com/)"
63.143.42.250 - - [25/Dec/2020:14:01:03 +0000] "HEAD /welcome HTTP/1.0" 200 193 "https://realstresser.com" "Mozilla/5.0+(compatible; UptimeRobot/2.0; http://www.uptimerobot.com/)"
178.186.87.11 - - [25/Dec/2020:14:01:43 +0000] "GET /ajax/hub.php?type=attacks&csrf=5e734ec27e642d2f293ae6d95b923b830boj8ee4g9e71rtjn6ls0kr9k5045refCS1781868711refCSdf54327be805c8adefef104582e8a25e HTTP/1.1" 200 1085 "https://realstresser.com/hub" "Mozilla/5.0 (Windows NT 10.0; Win64; x64) AppleWebKit/537.36 (KHTML, like Gecko) Chrome/87.0.4280.88 Safari/537.36"
89.47.234.10 - - [25/Dec/2020:14:02:26 +0000] "GET /login HTTP/1.0" 200 3507 "https://realstresser.com/welcome" "Mozilla/5.0 (Windows NT 10.0; Win64; x64) AppleWebKit/537.36 (KHTML, like Gecko) Chrome/87.0.4280.88 Safari/537.36"
185.250.242.58 - - [25/Dec/2020:14:04:39 +0000] "GET /assets/fonts/feather-font/css/iconfont.css HTTP/1.1" 304 110 "http://realstresser.com/login" "Serf/1.3.9 (mod_pagespeed/1.13.35.2-0)"
185.250.242.58 - - [25/Dec/2020:14:04:39 +0000] "GET /assets/plugins/perfect-scrollbar/perfect-scrollbar.css HTTP/1.1" 304 109 "http://realstresser.com/login" "Serf/1.3.9 (mod_pagespeed/1.13.35.2-0)"
185.250.242.58 - - [25/Dec/2020:14:04:39 +0000] "GET /assets/plugins/bootstrap-datepicker/css/bootstrap-datepicker.min.css HTTP/1.1" 304 110 "http://realstresser.com/login" "Serf/1.3.9 (mod_pagespeed/1.13.35.2-0)"
89.47.234.10 - - [25/Dec/2020:14:04:39 +0000] "GET /login HTTP/1.0" 200 3291 "https://realstresser.com/welcome" "Mozilla/5.0 (Windows NT 10.0; Win64; x64) AppleWebKit/537.36 (KHTML, like Gecko) Chrome/87.0.4280.88 Safari/537.36"
185.250.242.58 - - [25/Dec/2020:14:04:39 +0000] "GET /assets/plugins/feather-icons/feather.min.js HTTP/1.1" 304 111 "http://realstresser.com/login" "Serf/1.3.9 (mod_pagespeed/1.13.35.2-0)"
185.250.242.58 - - [25/Dec/2020:14:04:39 +0000] "GET /assets/js/template.js HTTP/1.1" 304 110 "http://realstresser.com/login" "Serf/1.3.9 (mod_pagespeed/1.13.35.2-0)"
185.250.242.58 - - [25/Dec/2020:14:04:39 +0000] "GET /favicon/favicon.ico HTTP/1.1" 200 1379 "http://realstresser.com/login" "Serf/1.3.9 (mod_pagespeed/1.13.35.2-0)"
185.250.242.58 - - [25/Dec/2020:14:04:39 +0000] "GET /assets/js/spinner.js HTTP/1.1" 304 109 "http://realstresser.com/login" "Serf/1.3.9 (mod_pagespeed/1.13.35.2-0)"
185.250.242.58 - - [25/Dec/2020:14:04:39 +0000] "GET /css/app.css HTTP/1.1" 200 657479 "http://realstresser.com/login" "Serf/1.3.9 (mod_pagespeed/1.13.35.2-0)"
185.250.242.58 - - [25/Dec/2020:14:04:40 +0000] "GET /js/app.js HTTP/1.1" 304 111 "http://realstresser.com/login" "Serf/1.3.9 (mod_pagespeed/1.13.35.2-0)"
185.250.242.58 - - [25/Dec/2020:14:04:40 +0000] "GET /js/pages/readyLogin.js HTTP/1.1" 404 1028 "http://realstresser.com/login" "Serf/1.3.9 (mod_pagespeed/1.13.35.2-0)"
185.250.242.58 - - [25/Dec/2020:14:04:40 +0000] "GET /assets/images/carousel/img6.html HTTP/1.1" 404 1028 "http://realstresser.com/login" "Serf/1.3.9 (mod_pagespeed/1.13.35.2-0)"
89.47.234.10 - - [25/Dec/2020:14:04:43 +0000] "GET /favicon/favicon.ico HTTP/1.0" 200 272 "https://realstresser.com/login" "Mozilla/5.0 (Windows NT 10.0; Win64; x64) AppleWebKit/537.36 (KHTML, like Gecko) Chrome/87.0.4280.88 Safari/537.36"
89.47.234.10 - - [25/Dec/2020:14:04:43 +0000] "GET /favicon/favicon.ico HTTP/1.1" 304 0 "https://realstresser.com/login" "Mozilla/5.0 (Windows NT 10.0; Win64; x64) AppleWebKit/537.36 (KHTML, like Gecko) Chrome/87.0.4280.88 Safari/537.36"
89.47.234.10 - - [25/Dec/2020:14:05:02 +0000] "POST /ajax/login.php?type=login HTTP/1.1" 200 771 "https://realstresser.com/login" "Mozilla/5.0 (Windows NT 10.0; Win64; x64) AppleWebKit/537.36 (KHTML, like Gecko) Chrome/87.0.4280.88 Safari/537.36"
185.250.242.58 - - [25/Dec/2020:14:05:06 +0000] "GET /assets/plugins/perfect-scrollbar/perfect-scrollbar.min.js HTTP/1.1" 304 110 "http://realstresser.com/" "Serf/1.3.9 (mod_pagespeed/1.13.35.2-0)"
185.250.242.58 - - [25/Dec/2020:14:05:06 +0000] "GET /assets/js/datepicker.js HTTP/1.1" 304 109 "http://realstresser.com/" "Serf/1.3.9 (mod_pagespeed/1.13.35.2-0)"
185.250.242.58 - - [25/Dec/2020:14:05:06 +0000] "GET /assets/images/faces/astronaut.png HTTP/1.1" 304 110 "http://realstresser.com/" "Serf/1.3.9 (mod_pagespeed/1.13.35.2-0)"
185.250.242.58 - - [25/Dec/2020:14:05:06 +0000] "GET /assets/plugins/chartjs/Chart.min.js HTTP/1.1" 304 111 "http://realstresser.com/" "Serf/1.3.9 (mod_pagespeed/1.13.35.2-0)"
185.250.242.58 - - [25/Dec/2020:14:05:06 +0000] "GET /assets/plugins/jquery.flot/jquery.flot.js HTTP/1.1" 304 111 "http://realstresser.com/" "Serf/1.3.9 (mod_pagespeed/1.13.35.2-0)"
185.250.242.58 - - [25/Dec/2020:14:05:06 +0000] "GET /assets/plugins/jquery.flot/jquery.flot.resize.js HTTP/1.1" 200 3564 "http://realstresser.com/" "Serf/1.3.9 (mod_pagespeed/1.13.35.2-0)"
185.250.242.58 - - [25/Dec/2020:14:05:06 +0000] "GET /assets/plugins/bootstrap-datepicker/js/bootstrap-datepicker.min.js HTTP/1.1" 304 110 "http://realstresser.com/" "Serf/1.3.9 (mod_pagespeed/1.13.35.2-0)"
185.250.242.58 - - [25/Dec/2020:14:05:06 +0000] "GET /assets/plugins/apexcharts/apexcharts.min.js HTTP/1.1" 304 111 "http://realstresser.com/" "Serf/1.3.9 (mod_pagespeed/1.13.35.2-0)"
185.250.242.58 - - [25/Dec/2020:14:05:06 +0000] "GET /assets/plugins/progressbar-js/progressbar.min.js HTTP/1.1" 304 110 "http://realstresser.com/" "Serf/1.3.9 (mod_pagespeed/1.13.35.2-0)"
185.250.242.58 - - [25/Dec/2020:14:05:06 +0000] "GET /assets/js/dashboard.js HTTP/1.1" 304 110 "http://realstresser.com/" "Serf/1.3.9 (mod_pagespeed/1.13.35.2-0)"
89.47.234.10 - - [25/Dec/2020:14:05:06 +0000] "GET / HTTP/1.0" 200 4178 "https://realstresser.com/login" "Mozilla/5.0 (Windows NT 10.0; Win64; x64) AppleWebKit/537.36 (KHTML, like Gecko) Chrome/87.0.4280.88 Safari/537.36"
89.47.234.10 - - [25/Dec/2020:14:05:06 +0000] "GET / HTTP/1.0" 200 4400 "https://realstresser.com/login" "Mozilla/5.0 (Windows NT 10.0; Win64; x64) AppleWebKit/537.36 (KHTML, like Gecko) Chrome/87.0.4280.88 Safari/537.36"
89.47.234.10 - - [25/Dec/2020:14:05:26 +0000] "GET /hub HTTP/1.0" 200 9923 "https://realstresser.com/" "Mozilla/5.0 (Windows NT 10.0; Win64; x64) AppleWebKit/537.36 (KHTML, like Gecko) Chrome/87.0.4280.88 Safari/537.36"
89.47.234.10 - - [25/Dec/2020:14:05:34 +0000] "GET /assets/plugins,_progressbar-js,_progressbar.min.js+js,_template.js+js,_dashboard.js+js,_datepicker.js.pagespeed.jc.zN51q4XJtp.js HTTP/1.0" 200 13436 "https://realstresser.com/hub" "Mozilla/5.0 (Windows NT 10.0; Win64; x64) AppleWebKit/537.36 (KHTML, like Gecko) Chrome/87.0.4280.88 Safari/537.36"
89.47.234.10 - - [25/Dec/2020:14:05:37 +0000] "GET /favicon.ico HTTP/1.0" 404 1075 "https://realstresser.com/hub" "Mozilla/5.0 (Windows NT 10.0; Win64; x64) AppleWebKit/537.36 (KHTML, like Gecko) Chrome/87.0.4280.88 Safari/537.36"
89.47.234.10 - - [25/Dec/2020:14:05:44 +0000] "GET /ajax/hub.php?type=attacks HTTP/1.1" 200 1048 "https://realstresser.com/hub" "Mozilla/5.0 (Windows NT 10.0; Win64; x64) AppleWebKit/537.36 (KHTML, like Gecko) Chrome/87.0.4280.88 Safari/537.36"
63.143.42.250 - - [25/Dec/2020:14:06:02 +0000] "HEAD / HTTP/1.0" 302 347 "https://realstresser.com" "Mozilla/5.0+(compatible; UptimeRobot/2.0; http://www.uptimerobot.com/)"
63.143.42.250 - - [25/Dec/2020:14:06:02 +0000] "HEAD /welcome HTTP/1.0" 200 193 "https://realstresser.com" "Mozilla/5.0+(compatible; UptimeRobot/2.0; http://www.uptimerobot.com/)"
185.250.242.58 - - [25/Dec/2020:14:06:49 +0000] "GET /img/jquery.easytree/loading.gif HTTP/1.1" 404 1028 "http://realstresser.com/register" "Serf/1.3.9 (mod_pagespeed/1.13.35.2-0)"
66.249.64.44 - - [25/Dec/2020:14:06:49 +0000] "GET /register HTTP/1.0" 200 3478 "-" "Mozilla/5.0 (Linux; Android 6.0.1; Nexus 5X Build/MMB29P) AppleWebKit/537.36 (KHTML, like Gecko) Chrome/87.0.4280.90 Mobile Safari/537.36 (compatible; Googlebot/2.1; +http://www.google.com/bot.html)"
66.249.64.42 - - [25/Dec/2020:14:06:52 +0000] "GET /assets/js/spinner.js.pagespeed.jm.CbhzmgRTJd.js HTTP/1.0" 200 584 "https://realstresser.com/register" "Mozilla/5.0 (Linux; Android 6.0.1; Nexus 5X Build/MMB29P) AppleWebKit/537.36 (KHTML, like Gecko) Chrome/87.0.4280.90 Mobile Safari/537.36 (compatible; Googlebot/2.1; +http://www.google.com/bot.html)"
66.249.64.40 - - [25/Dec/2020:14:06:53 +0000] "GET /js/pages/readyLogin.js HTTP/1.0" 404 1047 "https://realstresser.com/register" "Mozilla/5.0 (Linux; Android 6.0.1; Nexus 5X Build/MMB29P) AppleWebKit/537.36 (KHTML, like Gecko) Chrome/87.0.4280.90 Mobile Safari/537.36 (compatible; Googlebot/2.1; +http://www.google.com/bot.html)"
45.138.72.251 - - [25/Dec/2020:14:07:03 +0000] "GET /ajax/proxies?type=HTTP HTTP/1.0" 200 27859 "-" "-"
89.47.234.10 - - [25/Dec/2020:14:07:03 +0000] "GET /ajax/hub.php?type=start&host=https://webailesi.com/&port=80&reqtype=GET&time=120&method=HTTP-BRUST&csrf=024695bc8e5de97483ddd7d80de2c9b07odcingd6c9pbegcv2vrha510i560refCS894723410refCSdf54327be805c8adefef104582e8a25e HTTP/1.1" 200 1025 "https://realstresser.com/hub" "Mozilla/5.0 (Windows NT 10.0; Win64; x64) AppleWebKit/537.36 (KHTML, like Gecko) Chrome/87.0.4280.88 Safari/537.36"
89.47.234.10 - - [25/Dec/2020:14:07:04 +0000] "GET /ajax/hub.php?type=attacks&csrf=024695bc8e5de97483ddd7d80de2c9b07odcingd6c9pbegcv2vrha510i560refCS894723410refCSdf54327be805c8adefef104582e8a25e HTTP/1.1" 200 1378 "https://realstresser.com/hub" "Mozilla/5.0 (Windows NT 10.0; Win64; x64) AppleWebKit/537.36 (KHTML, like Gecko) Chrome/87.0.4280.88 Safari/537.36"
89.47.234.10 - - [25/Dec/2020:14:09:27 +0000] "GET /ajax/hub.php?type=attacks&csrf=024695bc8e5de97483ddd7d80de2c9b07odcingd6c9pbegcv2vrha510i560refCS894723410refCSdf54327be805c8adefef104582e8a25e HTTP/1.1" 200 1076 "https://realstresser.com/hub" "Mozilla/5.0 (Windows NT 10.0; Win64; x64) AppleWebKit/537.36 (KHTML, like Gecko) Chrome/87.0.4280.88 Safari/537.36"
89.47.234.10 - - [25/Dec/2020:14:09:31 +0000] "GET /ajax/hub.php?type=start&host=https://webailesi.com/&port=80&reqtype=GET&time=120&method=HTTP-BRUST&csrf=024695bc8e5de97483ddd7d80de2c9b07odcingd6c9pbegcv2vrha510i560refCS894723410refCSdf54327be805c8adefef104582e8a25e HTTP/1.1" 200 1025 "https://realstresser.com/hub" "Mozilla/5.0 (Windows NT 10.0; Win64; x64) AppleWebKit/537.36 (KHTML, like Gecko) Chrome/87.0.4280.88 Safari/537.36"
45.138.72.251 - - [25/Dec/2020:14:09:31 +0000] "GET /ajax/proxies?type=HTTP HTTP/1.0" 200 27831 "-" "-"
89.47.234.10 - - [25/Dec/2020:14:09:32 +0000] "GET /ajax/hub.php?type=attacks&csrf=024695bc8e5de97483ddd7d80de2c9b07odcingd6c9pbegcv2vrha510i560refCS894723410refCSdf54327be805c8adefef104582e8a25e HTTP/1.1" 200 1386 "https://realstresser.com/hub" "Mozilla/5.0 (Windows NT 10.0; Win64; x64) AppleWebKit/537.36 (KHTML, like Gecko) Chrome/87.0.4280.88 Safari/537.36"
89.47.234.10 - - [25/Dec/2020:14:10:51 +0000] "GET /ajax/hub.php?type=start&host=https://webailesi.com/&port=80&reqtype=GET&time=120&method=HTTP-BRUST&csrf=024695bc8e5de97483ddd7d80de2c9b07odcingd6c9pbegcv2vrha510i560refCS894723410refCSdf54327be805c8adefef104582e8a25e HTTP/1.1" 200 1014 "https://realstresser.com/hub" "Mozilla/5.0 (Windows NT 10.0; Win64; x64) AppleWebKit/537.36 (KHTML, like Gecko) Chrome/87.0.4280.88 Safari/537.36"
63.143.42.250 - - [25/Dec/2020:14:11:02 +0000] "HEAD / HTTP/1.0" 302 347 "https://realstresser.com" "Mozilla/5.0+(compatible; UptimeRobot/2.0; http://www.uptimerobot.com/)"
63.143.42.250 - - [25/Dec/2020:14:11:02 +0000] "HEAD /welcome HTTP/1.0" 200 193 "https://realstresser.com" "Mozilla/5.0+(compatible; UptimeRobot/2.0; http://www.uptimerobot.com/)"
89.47.234.10 - - [25/Dec/2020:14:11:53 +0000] "GET /ajax/hub.php?type=attacks&csrf=024695bc8e5de97483ddd7d80de2c9b07odcingd6c9pbegcv2vrha510i560refCS894723410refCSdf54327be805c8adefef104582e8a25e HTTP/1.1" 200 1079 "https://realstresser.com/hub" "Mozilla/5.0 (Windows NT 10.0; Win64; x64) AppleWebKit/537.36 (KHTML, like Gecko) Chrome/87.0.4280.88 Safari/537.36"
45.138.72.251 - - [25/Dec/2020:14:12:41 +0000] "GET /ajax/proxies?type=HTTP HTTP/1.0" 200 27859 "-" "-"
89.47.234.10 - - [25/Dec/2020:14:12:42 +0000] "GET /ajax/hub.php?type=start&host=https://webailesi.com/&port=80&reqtype=GET&time=120&method=HTTP-BRUST&csrf=024695bc8e5de97483ddd7d80de2c9b07odcingd6c9pbegcv2vrha510i560refCS894723410refCSdf54327be805c8adefef104582e8a25e HTTP/1.1" 200 1025 "https://realstresser.com/hub" "Mozilla/5.0 (Windows NT 10.0; Win64; x64) AppleWebKit/537.36 (KHTML, like Gecko) Chrome/87.0.4280.88 Safari/537.36"
89.47.234.10 - - [25/Dec/2020:14:12:42 +0000] "GET /ajax/hub.php?type=attacks&csrf=024695bc8e5de97483ddd7d80de2c9b07odcingd6c9pbegcv2vrha510i560refCS894723410refCSdf54327be805c8adefef104582e8a25e HTTP/1.1" 200 1386 "https://realstresser.com/hub" "Mozilla/5.0 (Windows NT 10.0; Win64; x64) AppleWebKit/537.36 (KHTML, like Gecko) Chrome/87.0.4280.88 Safari/537.36"
89.47.234.10 - - [25/Dec/2020:14:14:56 +0000] "GET /ajax/hub.php?type=attacks&csrf=024695bc8e5de97483ddd7d80de2c9b07odcingd6c9pbegcv2vrha510i560refCS894723410refCSdf54327be805c8adefef104582e8a25e HTTP/1.1" 200 1080 "https://realstresser.com/hub" "Mozilla/5.0 (Windows NT 10.0; Win64; x64) AppleWebKit/537.36 (KHTML, like Gecko) Chrome/87.0.4280.88 Safari/537.36"
89.47.234.10 - - [25/Dec/2020:14:15:09 +0000] "GET /ajax/hub.php?type=start&host=https://webailesi.com/&port=80&reqtype=GET&time=120&method=HTTP-BRUST&csrf=024695bc8e5de97483ddd7d80de2c9b07odcingd6c9pbegcv2vrha510i560refCS894723410refCSdf54327be805c8adefef104582e8a25e HTTP/1.1" 200 1025 "https://realstresser.com/hub" "Mozilla/5.0 (Windows NT 10.0; Win64; x64) AppleWebKit/537.36 (KHTML, like Gecko) Chrome/87.0.4280.88 Safari/537.36"
45.138.72.251 - - [25/Dec/2020:14:15:09 +0000] "GET /ajax/proxies?type=HTTP HTTP/1.0" 200 27831 "-" "-"
89.47.234.10 - - [25/Dec/2020:14:15:10 +0000] "GET /ajax/hub.php?type=attacks&csrf=024695bc8e5de97483ddd7d80de2c9b07odcingd6c9pbegcv2vrha510i560refCS894723410refCSdf54327be805c8adefef104582e8a25e HTTP/1.1" 200 1387 "https://realstresser.com/hub" "Mozilla/5.0 (Windows NT 10.0; Win64; x64) AppleWebKit/537.36 (KHTML, like Gecko) Chrome/87.0.4280.88 Safari/537.36"
63.143.42.250 - - [25/Dec/2020:14:16:02 +0000] "HEAD / HTTP/1.0" 302 347 "https://realstresser.com" "Mozilla/5.0+(compatible; UptimeRobot/2.0; http://www.uptimerobot.com/)"
63.143.42.250 - - [25/Dec/2020:14:16:02 +0000] "HEAD /welcome HTTP/1.0" 200 193 "https://realstresser.com" "Mozilla/5.0+(compatible; UptimeRobot/2.0; http://www.uptimerobot.com/)"
89.47.234.10 - - [25/Dec/2020:14:17:21 +0000] "GET /ajax/hub.php?type=attacks&csrf=024695bc8e5de97483ddd7d80de2c9b07odcingd6c9pbegcv2vrha510i560refCS894723410refCSdf54327be805c8adefef104582e8a25e HTTP/1.1" 200 1082 "https://realstresser.com/hub" "Mozilla/5.0 (Windows NT 10.0; Win64; x64) AppleWebKit/537.36 (KHTML, like Gecko) Chrome/87.0.4280.88 Safari/537.36"
89.47.234.10 - - [25/Dec/2020:14:17:42 +0000] "GET /ajax/hub.php?type=start&host=https://webailesi.com/&port=80&reqtype=GET&time=120&method=HTTP-BRUST&csrf=024695bc8e5de97483ddd7d80de2c9b07odcingd6c9pbegcv2vrha510i560refCS894723410refCSdf54327be805c8adefef104582e8a25e HTTP/1.1" 200 1026 "https://realstresser.com/hub" "Mozilla/5.0 (Windows NT 10.0; Win64; x64) AppleWebKit/537.36 (KHTML, like Gecko) Chrome/87.0.4280.88 Safari/537.36"
45.138.72.251 - - [25/Dec/2020:14:17:42 +0000] "GET /ajax/proxies?type=HTTP HTTP/1.0" 200 27859 "-" "-"
89.47.234.10 - - [25/Dec/2020:14:17:43 +0000] "GET /ajax/hub.php?type=attacks&csrf=024695bc8e5de97483ddd7d80de2c9b07odcingd6c9pbegcv2vrha510i560refCS894723410refCSdf54327be805c8adefef104582e8a25e HTTP/1.1" 200 1386 "https://realstresser.com/hub" "Mozilla/5.0 (Windows NT 10.0; Win64; x64) AppleWebKit/537.36 (KHTML, like Gecko) Chrome/87.0.4280.88 Safari/537.36"
89.47.234.10 - - [25/Dec/2020:14:18:08 +0000] "GET /ajax/hub.php?type=start&host=https://webailesi.com/&port=80&reqtype=GET&time=120&method=HTTP-BRUST&csrf=024695bc8e5de97483ddd7d80de2c9b07odcingd6c9pbegcv2vrha510i560refCS894723410refCSdf54327be805c8adefef104582e8a25e HTTP/1.1" 200 1014 "https://realstresser.com/hub" "Mozilla/5.0 (Windows NT 10.0; Win64; x64) AppleWebKit/537.36 (KHTML, like Gecko) Chrome/87.0.4280.88 Safari/537.36"
89.47.234.10 - - [25/Dec/2020:14:18:16 +0000] "GET /ajax/hub.php?type=start&host=https://webailesi.com/&port=80&reqtype=GET&time=120&method=HTTP-BRUST&csrf=024695bc8e5de97483ddd7d80de2c9b07odcingd6c9pbegcv2vrha510i560refCS894723410refCSdf54327be805c8adefef104582e8a25e HTTP/1.1" 200 1014 "https://realstresser.com/hub" "Mozilla/5.0 (Windows NT 10.0; Win64; x64) AppleWebKit/537.36 (KHTML, like Gecko) Chrome/87.0.4280.88 Safari/537.36"
89.47.234.10 - - [25/Dec/2020:14:19:48 +0000] "GET /ajax/hub.php?type=attacks&csrf=024695bc8e5de97483ddd7d80de2c9b07odcingd6c9pbegcv2vrha510i560refCS894723410refCSdf54327be805c8adefef104582e8a25e HTTP/1.1" 200 1083 "https://realstresser.com/hub" "Mozilla/5.0 (Windows NT 10.0; Win64; x64) AppleWebKit/537.36 (KHTML, like Gecko) Chrome/87.0.4280.88 Safari/537.36"
45.138.72.251 - - [25/Dec/2020:14:20:17 +0000] "GET /ajax/proxies?type=HTTP HTTP/1.0" 200 27831 "-" "-"
89.47.234.10 - - [25/Dec/2020:14:20:18 +0000] "GET /ajax/hub.php?type=start&host=https://webailesi.com/&port=80&reqtype=GET&time=120&method=HTTP-BRUST&csrf=024695bc8e5de97483ddd7d80de2c9b07odcingd6c9pbegcv2vrha510i560refCS894723410refCSdf54327be805c8adefef104582e8a25e HTTP/1.1" 200 1026 "https://realstresser.com/hub" "Mozilla/5.0 (Windows NT 10.0; Win64; x64) AppleWebKit/537.36 (KHTML, like Gecko) Chrome/87.0.4280.88 Safari/537.36"
89.47.234.10 - - [25/Dec/2020:14:20:18 +0000] "GET /ajax/hub.php?type=attacks&csrf=024695bc8e5de97483ddd7d80de2c9b07odcingd6c9pbegcv2vrha510i560refCS894723410refCSdf54327be805c8adefef104582e8a25e HTTP/1.1" 200 1386 "https://realstresser.com/hub" "Mozilla/5.0 (Windows NT 10.0; Win64; x64) AppleWebKit/537.36 (KHTML, like Gecko) Chrome/87.0.4280.88 Safari/537.36"
178.186.87.11 - - [25/Dec/2020:14:20:59 +0000] "GET /ajax/hub.php?type=start&host=https://payments-transfer24.site/&port=80&reqtype=GET&time=120&method=HTTP-BRUST&csrf=5e734ec27e642d2f293ae6d95b923b830boj8ee4g9e71rtjn6ls0kr9k5045refCS1781868711refCSdf54327be805c8adefef104582e8a25e HTTP/1.1" 200 1034 "https://realstresser.com/hub" "Mozilla/5.0 (Windows NT 10.0; Win64; x64) AppleWebKit/537.36 (KHTML, like Gecko) Chrome/87.0.4280.88 Safari/537.36"
45.138.72.251 - - [25/Dec/2020:14:20:59 +0000] "GET /ajax/proxies?type=HTTP HTTP/1.0" 200 27831 "-" "-"
178.186.87.11 - - [25/Dec/2020:14:21:00 +0000] "GET /ajax/hub.php?type=attacks&csrf=5e734ec27e642d2f293ae6d95b923b830boj8ee4g9e71rtjn6ls0kr9k5045refCS1781868711refCSdf54327be805c8adefef104582e8a25e HTTP/1.1" 200 1403 "https://realstresser.com/hub" "Mozilla/5.0 (Windows NT 10.0; Win64; x64) AppleWebKit/537.36 (KHTML, like Gecko) Chrome/87.0.4280.88 Safari/537.36"
63.143.42.250 - - [25/Dec/2020:14:21:02 +0000] "HEAD / HTTP/1.0" 302 347 "https://realstresser.com" "Mozilla/5.0+(compatible; UptimeRobot/2.0; http://www.uptimerobot.com/)"
63.143.42.250 - - [25/Dec/2020:14:21:02 +0000] "HEAD /welcome HTTP/1.0" 200 193 "https://realstresser.com" "Mozilla/5.0+(compatible; UptimeRobot/2.0; http://www.uptimerobot.com/)"
89.47.234.10 - - [25/Dec/2020:14:21:08 +0000] "GET /ajax/hub.php?type=start&host=https://webailesi.com/&port=80&reqtype=GET&time=120&method=HTTP-COOKIE&csrf=024695bc8e5de97483ddd7d80de2c9b07odcingd6c9pbegcv2vrha510i560refCS894723410refCSdf54327be805c8adefef104582e8a25e HTTP/1.1" 200 1014 "https://realstresser.com/hub" "Mozilla/5.0 (Windows NT 10.0; Win64; x64) AppleWebKit/537.36 (KHTML, like Gecko) Chrome/87.0.4280.88 Safari/537.36"
89.47.234.10 - - [25/Dec/2020:14:22:22 +0000] "GET /ajax/hub.php?type=attacks&csrf=024695bc8e5de97483ddd7d80de2c9b07odcingd6c9pbegcv2vrha510i560refCS894723410refCSdf54327be805c8adefef104582e8a25e HTTP/1.1" 200 1085 "https://realstresser.com/hub" "Mozilla/5.0 (Windows NT 10.0; Win64; x64) AppleWebKit/537.36 (KHTML, like Gecko) Chrome/87.0.4280.88 Safari/537.36"
178.186.87.11 - - [25/Dec/2020:14:23:00 +0000] "GET /ajax/hub.php?type=attacks&csrf=5e734ec27e642d2f293ae6d95b923b830boj8ee4g9e71rtjn6ls0kr9k5045refCS1781868711refCSdf54327be805c8adefef104582e8a25e HTTP/1.1" 200 1087 "https://realstresser.com/hub" "Mozilla/5.0 (Windows NT 10.0; Win64; x64) AppleWebKit/537.36 (KHTML, like Gecko) Chrome/87.0.4280.88 Safari/537.36"
89.47.234.10 - - [25/Dec/2020:14:23:04 +0000] "GET /ajax/hub.php?type=start&host=https://webailesi.com/&port=80&reqtype=GET&time=120&method=HTTP-COOKIE&csrf=024695bc8e5de97483ddd7d80de2c9b07odcingd6c9pbegcv2vrha510i560refCS894723410refCSdf54327be805c8adefef104582e8a25e HTTP/1.1" 200 1026 "https://realstresser.com/hub" "Mozilla/5.0 (Windows NT 10.0; Win64; x64) AppleWebKit/537.36 (KHTML, like Gecko) Chrome/87.0.4280.88 Safari/537.36"
45.138.72.251 - - [25/Dec/2020:14:23:04 +0000] "GET /ajax/proxies?type=HTTP HTTP/1.0" 200 27859 "-" "-"
89.47.234.10 - - [25/Dec/2020:14:23:05 +0000] "GET /ajax/hub.php?type=attacks&csrf=024695bc8e5de97483ddd7d80de2c9b07odcingd6c9pbegcv2vrha510i560refCS894723410refCSdf54327be805c8adefef104582e8a25e HTTP/1.1" 200 1392 "https://realstresser.com/hub" "Mozilla/5.0 (Windows NT 10.0; Win64; x64) AppleWebKit/537.36 (KHTML, like Gecko) Chrome/87.0.4280.88 Safari/537.36"
45.138.72.251 - - [25/Dec/2020:14:24:06 +0000] "GET /ajax/proxies?type=HTTP HTTP/1.0" 200 27831 "-" "-"
178.186.87.11 - - [25/Dec/2020:14:24:07 +0000] "GET /ajax/hub.php?type=start&host=https://payments-transfer24.site/&port=80&reqtype=GET&time=120&method=HTTP-BRUST&csrf=5e734ec27e642d2f293ae6d95b923b830boj8ee4g9e71rtjn6ls0kr9k5045refCS1781868711refCSdf54327be805c8adefef104582e8a25e HTTP/1.1" 200 1034 "https://realstresser.com/hub" "Mozilla/5.0 (Windows NT 10.0; Win64; x64) AppleWebKit/537.36 (KHTML, like Gecko) Chrome/87.0.4280.88 Safari/537.36"
178.186.87.11 - - [25/Dec/2020:14:24:07 +0000] "GET /ajax/hub.php?type=attacks&csrf=5e734ec27e642d2f293ae6d95b923b830boj8ee4g9e71rtjn6ls0kr9k5045refCS1781868711refCSdf54327be805c8adefef104582e8a25e HTTP/1.1" 200 1403 "https://realstresser.com/hub" "Mozilla/5.0 (Windows NT 10.0; Win64; x64) AppleWebKit/537.36 (KHTML, like Gecko) Chrome/87.0.4280.88 Safari/537.36"
89.47.234.10 - - [25/Dec/2020:14:25:06 +0000] "GET /ajax/hub.php?type=attacks&csrf=024695bc8e5de97483ddd7d80de2c9b07odcingd6c9pbegcv2vrha510i560refCS894723410refCSdf54327be805c8adefef104582e8a25e HTTP/1.1" 200 1086 "https://realstresser.com/hub" "Mozilla/5.0 (Windows NT 10.0; Win64; x64) AppleWebKit/537.36 (KHTML, like Gecko) Chrome/87.0.4280.88 Safari/537.36"
89.47.234.10 - - [25/Dec/2020:14:25:11 +0000] "GET /ajax/hub.php?type=start&host=https://webailesi.com/&port=80&reqtype=GET&time=120&method=HTTP-COOKIE&csrf=024695bc8e5de97483ddd7d80de2c9b07odcingd6c9pbegcv2vrha510i560refCS894723410refCSdf54327be805c8adefef104582e8a25e HTTP/1.1" 200 1026 "https://realstresser.com/hub" "Mozilla/5.0 (Windows NT 10.0; Win64; x64) AppleWebKit/537.36 (KHTML, like Gecko) Chrome/87.0.4280.88 Safari/537.36"
45.138.72.251 - - [25/Dec/2020:14:25:11 +0000] "GET /ajax/proxies?type=HTTP HTTP/1.0" 200 27831 "-" "-"
89.47.234.10 - - [25/Dec/2020:14:25:12 +0000] "GET /ajax/hub.php?type=attacks&csrf=024695bc8e5de97483ddd7d80de2c9b07odcingd6c9pbegcv2vrha510i560refCS894723410refCSdf54327be805c8adefef104582e8a25e HTTP/1.1" 200 1394 "https://realstresser.com/hub" "Mozilla/5.0 (Windows NT 10.0; Win64; x64) AppleWebKit/537.36 (KHTML, like Gecko) Chrome/87.0.4280.88 Safari/537.36"
89.47.234.10 - - [25/Dec/2020:14:25:46 +0000] "GET /ajax/hub.php?type=start&host=https://webailesi.com/&port=80&reqtype=GET&time=120&method=HTTP-COOKIE&csrf=024695bc8e5de97483ddd7d80de2c9b07odcingd6c9pbegcv2vrha510i560refCS894723410refCSdf54327be805c8adefef104582e8a25e HTTP/1.1" 200 1014 "https://realstresser.com/hub" "Mozilla/5.0 (Windows NT 10.0; Win64; x64) AppleWebKit/537.36 (KHTML, like Gecko) Chrome/87.0.4280.88 Safari/537.36"
63.143.42.250 - - [25/Dec/2020:14:26:02 +0000] "HEAD / HTTP/1.0" 302 347 "https://realstresser.com" "Mozilla/5.0+(compatible; UptimeRobot/2.0; http://www.uptimerobot.com/)"
63.143.42.250 - - [25/Dec/2020:14:26:02 +0000] "HEAD /welcome HTTP/1.0" 200 193 "https://realstresser.com" "Mozilla/5.0+(compatible; UptimeRobot/2.0; http://www.uptimerobot.com/)"
178.186.87.11 - - [25/Dec/2020:14:26:08 +0000] "GET /ajax/hub.php?type=attacks&csrf=5e734ec27e642d2f293ae6d95b923b830boj8ee4g9e71rtjn6ls0kr9k5045refCS1781868711refCSdf54327be805c8adefef104582e8a25e HTTP/1.1" 200 1087 "https://realstresser.com/hub" "Mozilla/5.0 (Windows NT 10.0; Win64; x64) AppleWebKit/537.36 (KHTML, like Gecko) Chrome/87.0.4280.88 Safari/537.36"
2.180.115.57 - - [25/Dec/2020:14:26:24 +0000] "GET /hub HTTP/1.0" 302 1786 "-" "Mozilla/5.0 (Windows NT 6.1; Win64; x64) AppleWebKit/537.36 (KHTML, like Gecko) Chrome/87.0.4280.88 Safari/537.36"
185.250.242.58 - - [25/Dec/2020:14:26:24 +0000] "GET /indexsrc/aos.css HTTP/1.1" 304 110 "http://realstresser.com/welcome" "Serf/1.3.9 (mod_pagespeed/1.13.35.2-0)"
185.250.242.58 - - [25/Dec/2020:14:26:24 +0000] "GET /indexsrc/home.css HTTP/1.1" 200 30860 "http://realstresser.com/welcome" "Serf/1.3.9 (mod_pagespeed/1.13.35.2-0)"
2.180.115.57 - - [25/Dec/2020:14:26:24 +0000] "GET /welcome HTTP/1.0" 200 5546 "-" "Mozilla/5.0 (Windows NT 6.1; Win64; x64) AppleWebKit/537.36 (KHTML, like Gecko) Chrome/87.0.4280.88 Safari/537.36"
185.250.242.58 - - [25/Dec/2020:14:26:24 +0000] "GET /indexsrc/all.min.css HTTP/1.1" 304 110 "http://realstresser.com/welcome" "Serf/1.3.9 (mod_pagespeed/1.13.35.2-0)"
185.250.242.58 - - [25/Dec/2020:14:26:24 +0000] "GET /indexsrc/bootstrap.min.js HTTP/1.1" 304 111 "http://realstresser.com/welcome" "Serf/1.3.9 (mod_pagespeed/1.13.35.2-0)"
185.250.242.58 - - [25/Dec/2020:14:26:24 +0000] "GET /indexsrc/home.js HTTP/1.1" 304 109 "http://realstresser.com/welcome" "Serf/1.3.9 (mod_pagespeed/1.13.35.2-0)"
185.250.242.58 - - [25/Dec/2020:14:26:24 +0000] "GET /indexsrc/aos.js HTTP/1.1" 304 110 "http://realstresser.com/welcome" "Serf/1.3.9 (mod_pagespeed/1.13.35.2-0)"
185.250.242.58 - - [25/Dec/2020:14:26:24 +0000] "GET /indexsrc/privacy.png HTTP/1.1" 304 110 "http://realstresser.com/welcome" "Serf/1.3.9 (mod_pagespeed/1.13.35.2-0)"
185.250.242.58 - - [25/Dec/2020:14:26:24 +0000] "GET /indexsrc/services.png HTTP/1.1" 304 111 "http://realstresser.com/welcome" "Serf/1.3.9 (mod_pagespeed/1.13.35.2-0)"
185.250.242.58 - - [25/Dec/2020:14:26:24 +0000] "GET /indexsrc/c-image-1.png HTTP/1.1" 304 111 "http://realstresser.com/welcome" "Serf/1.3.9 (mod_pagespeed/1.13.35.2-0)"
185.250.242.58 - - [25/Dec/2020:14:26:24 +0000] "GET /indexsrc/c-image-2.png HTTP/1.1" 304 110 "http://realstresser.com/welcome" "Serf/1.3.9 (mod_pagespeed/1.13.35.2-0)"
185.250.242.58 - - [25/Dec/2020:14:26:24 +0000] "GET /assets/img/favicon.ico HTTP/1.1" 404 1028 "http://realstresser.com/welcome" "Serf/1.3.9 (mod_pagespeed/1.13.35.2-0)"
185.250.242.58 - - [25/Dec/2020:14:26:24 +0000] "GET /indexsrc/c-image-4.png HTTP/1.1" 304 111 "http://realstresser.com/welcome" "Serf/1.3.9 (mod_pagespeed/1.13.35.2-0)"
185.250.242.58 - - [25/Dec/2020:14:26:24 +0000] "GET /indexsrc/header-bottom.svg HTTP/1.1" 200 739 "http://realstresser.com/welcome" "Serf/1.3.9 (mod_pagespeed/1.13.35.2-0)"
185.250.242.58 - - [25/Dec/2020:14:26:24 +0000] "GET /indexsrc/f-shape.svg HTTP/1.1" 200 753 "http://realstresser.com/welcome" "Serf/1.3.9 (mod_pagespeed/1.13.35.2-0)"
185.250.242.58 - - [25/Dec/2020:14:26:24 +0000] "GET /indexsrc/c-image-3.svg HTTP/1.1" 200 1603 "http://realstresser.com/welcome" "Serf/1.3.9 (mod_pagespeed/1.13.35.2-0)"
185.250.242.58 - - [25/Dec/2020:14:26:24 +0000] "GET /indexsrc/bootstrap.min.css HTTP/1.1" 304 111 "http://realstresser.com/welcome" "Serf/1.3.9 (mod_pagespeed/1.13.35.2-0)"
185.250.242.58 - - [25/Dec/2020:14:26:24 +0000] "GET /indexsrc/css HTTP/1.1" 200 7186 "http://realstresser.com/welcome" "Serf/1.3.9 (mod_pagespeed/1.13.35.2-0)"
185.250.242.58 - - [25/Dec/2020:14:26:24 +0000] "GET /indexsrc/jquery-1.12.4.min.js HTTP/1.1" 304 111 "http://realstresser.com/welcome" "Serf/1.3.9 (mod_pagespeed/1.13.35.2-0)"
2.180.115.57 - - [25/Dec/2020:14:26:25 +0000] "GET /indexsrc/css HTTP/1.0" 200 197 "https://realstresser.com/welcome" "Mozilla/5.0 (Windows NT 6.1; Win64; x64) AppleWebKit/537.36 (KHTML, like Gecko) Chrome/87.0.4280.88 Safari/537.36"
2.180.115.57 - - [25/Dec/2020:14:26:25 +0000] "GET /indexsrc/aos.css HTTP/1.0" 200 2626 "https://realstresser.com/welcome" "Mozilla/5.0 (Windows NT 6.1; Win64; x64) AppleWebKit/537.36 (KHTML, like Gecko) Chrome/87.0.4280.88 Safari/537.36"
2.180.115.57 - - [25/Dec/2020:14:26:25 +0000] "GET /indexsrc/bootstrap.min.css HTTP/1.0" 200 23399 "https://realstresser.com/welcome" "Mozilla/5.0 (Windows NT 6.1; Win64; x64) AppleWebKit/537.36 (KHTML, like Gecko) Chrome/87.0.4280.88 Safari/537.36"
2.180.115.57 - - [25/Dec/2020:14:26:25 +0000] "GET /indexsrc/home.css HTTP/1.0" 200 4840 "https://realstresser.com/welcome" "Mozilla/5.0 (Windows NT 6.1; Win64; x64) AppleWebKit/537.36 (KHTML, like Gecko) Chrome/87.0.4280.88 Safari/537.36"
2.180.115.57 - - [25/Dec/2020:14:26:25 +0000] "GET /indexsrc/all.min.css HTTP/1.0" 200 12691 "https://realstresser.com/welcome" "Mozilla/5.0 (Windows NT 6.1; Win64; x64) AppleWebKit/537.36 (KHTML, like Gecko) Chrome/87.0.4280.88 Safari/537.36"
2.180.115.57 - - [25/Dec/2020:14:26:25 +0000] "GET /indexsrc/css HTTP/1.1" 200 6996 "https://realstresser.com/welcome" "Mozilla/5.0 (Windows NT 6.1; Win64; x64) AppleWebKit/537.36 (KHTML, like Gecko) Chrome/87.0.4280.88 Safari/537.36"
2.180.115.57 - - [25/Dec/2020:14:26:30 +0000] "GET /indexsrc/c-image-3.svg HTTP/1.1" 200 1385 "https://realstresser.com/welcome" "Mozilla/5.0 (Windows NT 6.1; Win64; x64) AppleWebKit/537.36 (KHTML, like Gecko) Chrome/87.0.4280.88 Safari/537.36"
2.180.115.57 - - [25/Dec/2020:14:26:30 +0000] "GET /indexsrc/services.png HTTP/1.0" 200 317561 "https://realstresser.com/welcome" "Mozilla/5.0 (Windows NT 6.1; Win64; x64) AppleWebKit/537.36 (KHTML, like Gecko) Chrome/87.0.4280.88 Safari/537.36"
2.180.115.57 - - [25/Dec/2020:14:26:30 +0000] "GET /indexsrc/header-bottom.svg HTTP/1.0" 304 128 "https://realstresser.com/welcome" "Mozilla/5.0 (Windows NT 6.1; Win64; x64) AppleWebKit/537.36 (KHTML, like Gecko) Chrome/87.0.4280.88 Safari/537.36"
2.180.115.57 - - [25/Dec/2020:14:26:30 +0000] "GET /indexsrc/c-image-1.png HTTP/1.0" 200 109012 "https://realstresser.com/welcome" "Mozilla/5.0 (Windows NT 6.1; Win64; x64) AppleWebKit/537.36 (KHTML, like Gecko) Chrome/87.0.4280.88 Safari/537.36"
2.180.115.57 - - [25/Dec/2020:14:26:30 +0000] "GET /indexsrc/c-image-3.svg HTTP/1.0" 200 236 "https://realstresser.com/welcome" "Mozilla/5.0 (Windows NT 6.1; Win64; x64) AppleWebKit/537.36 (KHTML, like Gecko) Chrome/87.0.4280.88 Safari/537.36"
2.180.115.57 - - [25/Dec/2020:14:26:30 +0000] "GET /indexsrc/c-image-2.png HTTP/1.0" 200 33775 "https://realstresser.com/welcome" "Mozilla/5.0 (Windows NT 6.1; Win64; x64) AppleWebKit/537.36 (KHTML, like Gecko) Chrome/87.0.4280.88 Safari/537.36"
2.180.115.57 - - [25/Dec/2020:14:26:30 +0000] "GET /indexsrc/c-image-4.png HTTP/1.0" 200 85030 "https://realstresser.com/welcome" "Mozilla/5.0 (Windows NT 6.1; Win64; x64) AppleWebKit/537.36 (KHTML, like Gecko) Chrome/87.0.4280.88 Safari/537.36"
2.180.115.57 - - [25/Dec/2020:14:26:30 +0000] "GET /indexsrc/privacy.png HTTP/1.0" 200 37437 "https://realstresser.com/welcome" "Mozilla/5.0 (Windows NT 6.1; Win64; x64) AppleWebKit/537.36 (KHTML, like Gecko) Chrome/87.0.4280.88 Safari/537.36"
2.180.115.57 - - [25/Dec/2020:14:26:30 +0000] "GET /indexsrc/f-shape.svg HTTP/1.0" 304 128 "https://realstresser.com/welcome" "Mozilla/5.0 (Windows NT 6.1; Win64; x64) AppleWebKit/537.36 (KHTML, like Gecko) Chrome/87.0.4280.88 Safari/537.36"
89.47.234.10 - - [25/Dec/2020:14:27:19 +0000] "GET /ajax/hub.php?type=attacks&csrf=024695bc8e5de97483ddd7d80de2c9b07odcingd6c9pbegcv2vrha510i560refCS894723410refCSdf54327be805c8adefef104582e8a25e HTTP/1.1" 200 1087 "https://realstresser.com/hub" "Mozilla/5.0 (Windows NT 10.0; Win64; x64) AppleWebKit/537.36 (KHTML, like Gecko) Chrome/87.0.4280.88 Safari/537.36"
2.180.115.57 - - [25/Dec/2020:14:27:25 +0000] "GET /webfonts/fa-solid-900.woff2 HTTP/1.0" 404 1075 "https://realstresser.com/indexsrc/all.min.css" "Mozilla/5.0 (Windows NT 6.1; Win64; x64) AppleWebKit/537.36 (KHTML, like Gecko) Chrome/87.0.4280.88 Safari/537.36"
2.180.115.57 - - [25/Dec/2020:14:27:25 +0000] "GET /webfonts/fa-solid-900.woff HTTP/1.0" 404 1075 "https://realstresser.com/indexsrc/all.min.css" "Mozilla/5.0 (Windows NT 6.1; Win64; x64) AppleWebKit/537.36 (KHTML, like Gecko) Chrome/87.0.4280.88 Safari/537.36"
2.180.115.57 - - [25/Dec/2020:14:27:26 +0000] "GET /webfonts/fa-solid-900.ttf HTTP/1.0" 404 1075 "https://realstresser.com/indexsrc/all.min.css" "Mozilla/5.0 (Windows NT 6.1; Win64; x64) AppleWebKit/537.36 (KHTML, like Gecko) Chrome/87.0.4280.88 Safari/537.36"
45.138.72.251 - - [25/Dec/2020:14:27:36 +0000] "GET /ajax/proxies?type=HTTP HTTP/1.0" 200 27831 "-" "-"
89.47.234.10 - - [25/Dec/2020:14:27:37 +0000] "GET /ajax/hub.php?type=start&host=https://webailesi.com/&port=80&reqtype=GET&time=120&method=HTTP-COOKIE&csrf=024695bc8e5de97483ddd7d80de2c9b07odcingd6c9pbegcv2vrha510i560refCS894723410refCSdf54327be805c8adefef104582e8a25e HTTP/1.1" 200 1026 "https://realstresser.com/hub" "Mozilla/5.0 (Windows NT 10.0; Win64; x64) AppleWebKit/537.36 (KHTML, like Gecko) Chrome/87.0.4280.88 Safari/537.36"
89.47.234.10 - - [25/Dec/2020:14:27:37 +0000] "GET /ajax/hub.php?type=attacks&csrf=024695bc8e5de97483ddd7d80de2c9b07odcingd6c9pbegcv2vrha510i560refCS894723410refCSdf54327be805c8adefef104582e8a25e HTTP/1.1" 200 1395 "https://realstresser.com/hub" "Mozilla/5.0 (Windows NT 10.0; Win64; x64) AppleWebKit/537.36 (KHTML, like Gecko) Chrome/87.0.4280.88 Safari/537.36"
89.47.234.10 - - [25/Dec/2020:14:29:39 +0000] "GET /ajax/hub.php?type=attacks&csrf=024695bc8e5de97483ddd7d80de2c9b07odcingd6c9pbegcv2vrha510i560refCS894723410refCSdf54327be805c8adefef104582e8a25e HTTP/1.1" 200 1086 "https://realstresser.com/hub" "Mozilla/5.0 (Windows NT 10.0; Win64; x64) AppleWebKit/537.36 (KHTML, like Gecko) Chrome/87.0.4280.88 Safari/537.36"
89.47.234.10 - - [25/Dec/2020:14:30:12 +0000] "GET /ajax/hub.php?type=start&host=https://webailesi.com/&port=80&reqtype=GET&time=120&method=HTTP-COOKIE&csrf=024695bc8e5de97483ddd7d80de2c9b07odcingd6c9pbegcv2vrha510i560refCS894723410refCSdf54327be805c8adefef104582e8a25e HTTP/1.1" 200 1026 "https://realstresser.com/hub" "Mozilla/5.0 (Windows NT 10.0; Win64; x64) AppleWebKit/537.36 (KHTML, like Gecko) Chrome/87.0.4280.88 Safari/537.36"
45.138.72.251 - - [25/Dec/2020:14:30:12 +0000] "GET /ajax/proxies?type=HTTP HTTP/1.0" 200 27859 "-" "-"
89.47.234.10 - - [25/Dec/2020:14:30:13 +0000] "GET /ajax/hub.php?type=attacks&csrf=024695bc8e5de97483ddd7d80de2c9b07odcingd6c9pbegcv2vrha510i560refCS894723410refCSdf54327be805c8adefef104582e8a25e HTTP/1.1" 200 1395 "https://realstresser.com/hub" "Mozilla/5.0 (Windows NT 10.0; Win64; x64) AppleWebKit/537.36 (KHTML, like Gecko) Chrome/87.0.4280.88 Safari/537.36"
63.143.42.250 - - [25/Dec/2020:14:31:02 +0000] "HEAD / HTTP/1.0" 302 347 "https://realstresser.com" "Mozilla/5.0+(compatible; UptimeRobot/2.0; http://www.uptimerobot.com/)"
63.143.42.250 - - [25/Dec/2020:14:31:02 +0000] "HEAD /welcome HTTP/1.0" 200 193 "https://realstresser.com" "Mozilla/5.0+(compatible; UptimeRobot/2.0; http://www.uptimerobot.com/)"
78.175.229.99 - - [25/Dec/2020:14:32:18 +0000] "GET / HTTP/1.0" 302 1428 "-" "Mozilla/5.0 (Windows NT 10.0; Win64; x64) AppleWebKit/537.36 (KHTML, like Gecko) Chrome/87.0.4280.88 Safari/537.36"
78.175.229.99 - - [25/Dec/2020:14:32:19 +0000] "GET / HTTP/1.0" 302 1428 "-" "Mozilla/5.0 (Windows NT 10.0; Win64; x64) AppleWebKit/537.36 (KHTML, like Gecko) Chrome/87.0.4280.88 Safari/537.36"
185.250.242.58 - - [25/Dec/2020:14:32:19 +0000] "GET /indexsrc/aos.css HTTP/1.1" 304 110 "http://realstresser.com/welcome" "Serf/1.3.9 (mod_pagespeed/1.13.35.2-0)"
185.250.242.58 - - [25/Dec/2020:14:32:19 +0000] "GET /indexsrc/home.css HTTP/1.1" 304 110 "http://realstresser.com/welcome" "Serf/1.3.9 (mod_pagespeed/1.13.35.2-0)"
185.250.242.58 - - [25/Dec/2020:14:32:19 +0000] "GET /indexsrc/all.min.css HTTP/1.1" 304 110 "http://realstresser.com/welcome" "Serf/1.3.9 (mod_pagespeed/1.13.35.2-0)"
78.175.229.99 - - [25/Dec/2020:14:32:19 +0000] "GET /welcome HTTP/1.0" 200 3636 "-" "Mozilla/5.0 (Windows NT 10.0; Win64; x64) AppleWebKit/537.36 (KHTML, like Gecko) Chrome/87.0.4280.88 Safari/537.36"
185.250.242.58 - - [25/Dec/2020:14:32:19 +0000] "GET /indexsrc/bootstrap.min.js HTTP/1.1" 304 111 "http://realstresser.com/welcome" "Serf/1.3.9 (mod_pagespeed/1.13.35.2-0)"
185.250.242.58 - - [25/Dec/2020:14:32:19 +0000] "GET /indexsrc/aos.js HTTP/1.1" 304 110 "http://realstresser.com/welcome" "Serf/1.3.9 (mod_pagespeed/1.13.35.2-0)"
185.250.242.58 - - [25/Dec/2020:14:32:19 +0000] "GET /indexsrc/privacy.png HTTP/1.1" 304 110 "http://realstresser.com/welcome" "Serf/1.3.9 (mod_pagespeed/1.13.35.2-0)"
185.250.242.58 - - [25/Dec/2020:14:32:19 +0000] "GET /indexsrc/home.js HTTP/1.1" 304 109 "http://realstresser.com/welcome" "Serf/1.3.9 (mod_pagespeed/1.13.35.2-0)"
185.250.242.58 - - [25/Dec/2020:14:32:19 +0000] "GET /indexsrc/c-image-1.png HTTP/1.1" 304 111 "http://realstresser.com/welcome" "Serf/1.3.9 (mod_pagespeed/1.13.35.2-0)"
185.250.242.58 - - [25/Dec/2020:14:32:19 +0000] "GET /indexsrc/c-image-2.png HTTP/1.1" 304 110 "http://realstresser.com/welcome" "Serf/1.3.9 (mod_pagespeed/1.13.35.2-0)"
185.250.242.58 - - [25/Dec/2020:14:32:19 +0000] "GET /indexsrc/c-image-4.png HTTP/1.1" 304 111 "http://realstresser.com/welcome" "Serf/1.3.9 (mod_pagespeed/1.13.35.2-0)"
185.250.242.58 - - [25/Dec/2020:14:32:19 +0000] "GET /assets/img/favicon.ico HTTP/1.1" 404 1028 "http://realstresser.com/welcome" "Serf/1.3.9 (mod_pagespeed/1.13.35.2-0)"
185.250.242.58 - - [25/Dec/2020:14:32:19 +0000] "GET /indexsrc/services.png HTTP/1.1" 304 111 "http://realstresser.com/welcome" "Serf/1.3.9 (mod_pagespeed/1.13.35.2-0)"
185.250.242.58 - - [25/Dec/2020:14:32:19 +0000] "GET /indexsrc/header-bottom.svg HTTP/1.1" 200 739 "http://realstresser.com/welcome" "Serf/1.3.9 (mod_pagespeed/1.13.35.2-0)"
185.250.242.58 - - [25/Dec/2020:14:32:19 +0000] "GET /indexsrc/f-shape.svg HTTP/1.1" 200 753 "http://realstresser.com/welcome" "Serf/1.3.9 (mod_pagespeed/1.13.35.2-0)"
