178.186.87.11 - - [25/Dec/2020:07:20:11 +0000] "GET /indexsrc/bootstrap.min.js HTTP/1.0" 200 16325 "https://realstresser.com/welcome" "Mozilla/5.0 (Windows NT 10.0; Win64; x64) AppleWebKit/537.36 (KHTML, like Gecko) Chrome/87.0.4280.88 Safari/537.36"
178.186.87.11 - - [25/Dec/2020:07:20:11 +0000] "GET /indexsrc/jquery-1.12.4.min.js HTTP/1.0" 200 34182 "https://realstresser.com/welcome" "Mozilla/5.0 (Windows NT 10.0; Win64; x64) AppleWebKit/537.36 (KHTML, like Gecko) Chrome/87.0.4280.88 Safari/537.36"
178.186.87.11 - - [25/Dec/2020:07:20:11 +0000] "GET /indexsrc/services.png HTTP/1.0" 200 317561 "https://realstresser.com/welcome" "Mozilla/5.0 (Windows NT 10.0; Win64; x64) AppleWebKit/537.36 (KHTML, like Gecko) Chrome/87.0.4280.88 Safari/537.36"
178.186.87.11 - - [25/Dec/2020:07:20:11 +0000] "GET /indexsrc/c-image-1.png HTTP/1.0" 200 109012 "https://realstresser.com/welcome" "Mozilla/5.0 (Windows NT 10.0; Win64; x64) AppleWebKit/537.36 (KHTML, like Gecko) Chrome/87.0.4280.88 Safari/537.36"
178.186.87.11 - - [25/Dec/2020:07:20:11 +0000] "GET /indexsrc/c-image-2.png HTTP/1.0" 200 33775 "https://realstresser.com/welcome" "Mozilla/5.0 (Windows NT 10.0; Win64; x64) AppleWebKit/537.36 (KHTML, like Gecko) Chrome/87.0.4280.88 Safari/537.36"
178.186.87.11 - - [25/Dec/2020:07:20:12 +0000] "GET /indexsrc/c-image-4.png HTTP/1.0" 200 85030 "https://realstresser.com/welcome" "Mozilla/5.0 (Windows NT 10.0; Win64; x64) AppleWebKit/537.36 (KHTML, like Gecko) Chrome/87.0.4280.88 Safari/537.36"
178.186.87.11 - - [25/Dec/2020:07:20:12 +0000] "GET /indexsrc/c-image-3.svg HTTP/1.0" 200 236 "https://realstresser.com/welcome" "Mozilla/5.0 (Windows NT 10.0; Win64; x64) AppleWebKit/537.36 (KHTML, like Gecko) Chrome/87.0.4280.88 Safari/537.36"
178.186.87.11 - - [25/Dec/2020:07:20:12 +0000] "GET /indexsrc/c-image-3.svg HTTP/1.1" 200 1385 "https://realstresser.com/welcome" "Mozilla/5.0 (Windows NT 10.0; Win64; x64) AppleWebKit/537.36 (KHTML, like Gecko) Chrome/87.0.4280.88 Safari/537.36"
178.186.87.11 - - [25/Dec/2020:07:20:14 +0000] "GET /assets/img/favicon.ico HTTP/1.0" 404 1047 "https://realstresser.com/welcome" "Mozilla/5.0 (Windows NT 10.0; Win64; x64) AppleWebKit/537.36 (KHTML, like Gecko) Chrome/87.0.4280.88 Safari/537.36"
185.250.242.58 - - [25/Dec/2020:07:20:27 +0000] "GET /assets/fonts/feather-font/css/iconfont.css HTTP/1.1" 304 110 "http://realstresser.com/login" "Serf/1.3.9 (mod_pagespeed/1.13.35.2-0)"
185.250.242.58 - - [25/Dec/2020:07:20:27 +0000] "GET /assets/plugins/perfect-scrollbar/perfect-scrollbar.css HTTP/1.1" 200 2834 "http://realstresser.com/login" "Serf/1.3.9 (mod_pagespeed/1.13.35.2-0)"
178.186.87.11 - - [25/Dec/2020:07:20:27 +0000] "GET /login HTTP/1.0" 200 3291 "https://realstresser.com/welcome" "Mozilla/5.0 (Windows NT 10.0; Win64; x64) AppleWebKit/537.36 (KHTML, like Gecko) Chrome/87.0.4280.88 Safari/537.36"
185.250.242.58 - - [25/Dec/2020:07:20:27 +0000] "GET /assets/js/template.js HTTP/1.1" 304 110 "http://realstresser.com/login" "Serf/1.3.9 (mod_pagespeed/1.13.35.2-0)"
185.250.242.58 - - [25/Dec/2020:07:20:27 +0000] "GET /assets/plugins/feather-icons/feather.min.js HTTP/1.1" 304 111 "http://realstresser.com/login" "Serf/1.3.9 (mod_pagespeed/1.13.35.2-0)"
185.250.242.58 - - [25/Dec/2020:07:20:27 +0000] "GET /favicon/favicon.ico HTTP/1.1" 200 1379 "http://realstresser.com/login" "Serf/1.3.9 (mod_pagespeed/1.13.35.2-0)"
185.250.242.58 - - [25/Dec/2020:07:20:27 +0000] "GET /assets/js/spinner.js HTTP/1.1" 304 109 "http://realstresser.com/login" "Serf/1.3.9 (mod_pagespeed/1.13.35.2-0)"
185.250.242.58 - - [25/Dec/2020:07:20:27 +0000] "GET /assets/plugins/bootstrap-datepicker/css/bootstrap-datepicker.min.css HTTP/1.1" 304 110 "http://realstresser.com/login" "Serf/1.3.9 (mod_pagespeed/1.13.35.2-0)"
185.250.242.58 - - [25/Dec/2020:07:20:27 +0000] "GET /css/app.css HTTP/1.1" 200 657479 "http://realstresser.com/login" "Serf/1.3.9 (mod_pagespeed/1.13.35.2-0)"
185.250.242.58 - - [25/Dec/2020:07:20:27 +0000] "GET /js/app.js HTTP/1.1" 200 255364 "http://realstresser.com/login" "Serf/1.3.9 (mod_pagespeed/1.13.35.2-0)"
185.250.242.58 - - [25/Dec/2020:07:20:27 +0000] "GET /js/pages/readyLogin.js HTTP/1.1" 404 1028 "http://realstresser.com/login" "Serf/1.3.9 (mod_pagespeed/1.13.35.2-0)"
185.250.242.58 - - [25/Dec/2020:07:20:27 +0000] "GET /assets/images/carousel/img6.html HTTP/1.1" 404 1028 "http://realstresser.com/login" "Serf/1.3.9 (mod_pagespeed/1.13.35.2-0)"
178.186.87.11 - - [25/Dec/2020:07:20:27 +0000] "GET /js/pages/readyLogin.js HTTP/1.0" 404 1047 "https://realstresser.com/login" "Mozilla/5.0 (Windows NT 10.0; Win64; x64) AppleWebKit/537.36 (KHTML, like Gecko) Chrome/87.0.4280.88 Safari/537.36"
178.186.87.11 - - [25/Dec/2020:07:20:27 +0000] "GET /js/app.js HTTP/1.0" 200 260 "https://realstresser.com/login" "Mozilla/5.0 (Windows NT 10.0; Win64; x64) AppleWebKit/537.36 (KHTML, like Gecko) Chrome/87.0.4280.88 Safari/537.36"
178.186.87.11 - - [25/Dec/2020:07:20:27 +0000] "GET /assets/plugins/bootstrap-datepicker/css/bootstrap-datepicker.min.css HTTP/1.0" 200 2486 "https://realstresser.com/login" "Mozilla/5.0 (Windows NT 10.0; Win64; x64) AppleWebKit/537.36 (KHTML, like Gecko) Chrome/87.0.4280.88 Safari/537.36"
178.186.87.11 - - [25/Dec/2020:07:20:27 +0000] "GET /assets/fonts/feather-font/css/iconfont.css HTTP/1.0" 200 279 "https://realstresser.com/login" "Mozilla/5.0 (Windows NT 10.0; Win64; x64) AppleWebKit/537.36 (KHTML, like Gecko) Chrome/87.0.4280.88 Safari/537.36"
178.186.87.11 - - [25/Dec/2020:07:20:27 +0000] "GET /assets/plugins/perfect-scrollbar/perfect-scrollbar.css HTTP/1.0" 200 291 "https://realstresser.com/login" "Mozilla/5.0 (Windows NT 10.0; Win64; x64) AppleWebKit/537.36 (KHTML, like Gecko) Chrome/87.0.4280.88 Safari/537.36"
178.186.87.11 - - [25/Dec/2020:07:20:27 +0000] "GET /assets/plugins/feather-icons/feather.min.js HTTP/1.0" 200 19880 "https://realstresser.com/login" "Mozilla/5.0 (Windows NT 10.0; Win64; x64) AppleWebKit/537.36 (KHTML, like Gecko) Chrome/87.0.4280.88 Safari/537.36"
178.186.87.11 - - [25/Dec/2020:07:20:27 +0000] "GET /assets/js/spinner.js HTTP/1.0" 304 156 "https://realstresser.com/login" "Mozilla/5.0 (Windows NT 10.0; Win64; x64) AppleWebKit/537.36 (KHTML, like Gecko) Chrome/87.0.4280.88 Safari/537.36"
178.186.87.11 - - [25/Dec/2020:07:20:27 +0000] "GET /assets/js/template.js HTTP/1.0" 200 1752 "https://realstresser.com/login" "Mozilla/5.0 (Windows NT 10.0; Win64; x64) AppleWebKit/537.36 (KHTML, like Gecko) Chrome/87.0.4280.88 Safari/537.36"
178.186.87.11 - - [25/Dec/2020:07:20:27 +0000] "GET /css/app.css HTTP/1.0" 200 71748 "https://realstresser.com/login" "Mozilla/5.0 (Windows NT 10.0; Win64; x64) AppleWebKit/537.36 (KHTML, like Gecko) Chrome/87.0.4280.88 Safari/537.36"
178.186.87.11 - - [25/Dec/2020:07:20:27 +0000] "GET /assets/plugins/perfect-scrollbar/perfect-scrollbar.css HTTP/1.1" 200 2598 "https://realstresser.com/login" "Mozilla/5.0 (Windows NT 10.0; Win64; x64) AppleWebKit/537.36 (KHTML, like Gecko) Chrome/87.0.4280.88 Safari/537.36"
178.186.87.11 - - [25/Dec/2020:07:20:27 +0000] "GET /assets/fonts/feather-font/css/iconfont.css HTTP/1.1" 200 13247 "https://realstresser.com/login" "Mozilla/5.0 (Windows NT 10.0; Win64; x64) AppleWebKit/537.36 (KHTML, like Gecko) Chrome/87.0.4280.88 Safari/537.36"
178.186.87.11 - - [25/Dec/2020:07:20:27 +0000] "GET /js/app.js HTTP/1.1" 200 255110 "https://realstresser.com/login" "Mozilla/5.0 (Windows NT 10.0; Win64; x64) AppleWebKit/537.36 (KHTML, like Gecko) Chrome/87.0.4280.88 Safari/537.36"
63.143.42.250 - - [25/Dec/2020:07:20:35 +0000] "HEAD / HTTP/1.0" 302 347 "https://realstresser.com" "Mozilla/5.0+(compatible; UptimeRobot/2.0; http://www.uptimerobot.com/)"
63.143.42.250 - - [25/Dec/2020:07:20:35 +0000] "HEAD /welcome HTTP/1.0" 200 193 "https://realstresser.com" "Mozilla/5.0+(compatible; UptimeRobot/2.0; http://www.uptimerobot.com/)"
178.186.87.11 - - [25/Dec/2020:07:20:36 +0000] "POST /ajax/login.php?type=login HTTP/1.1" 200 771 "https://realstresser.com/login" "Mozilla/5.0 (Windows NT 10.0; Win64; x64) AppleWebKit/537.36 (KHTML, like Gecko) Chrome/87.0.4280.88 Safari/537.36"
185.250.242.58 - - [25/Dec/2020:07:20:40 +0000] "GET /assets/plugins/perfect-scrollbar/perfect-scrollbar.min.js HTTP/1.1" 304 110 "http://realstresser.com/" "Serf/1.3.9 (mod_pagespeed/1.13.35.2-0)"
185.250.242.58 - - [25/Dec/2020:07:20:40 +0000] "GET /assets/plugins/jquery.flot/jquery.flot.resize.js HTTP/1.1" 304 109 "http://realstresser.com/" "Serf/1.3.9 (mod_pagespeed/1.13.35.2-0)"
185.250.242.58 - - [25/Dec/2020:07:20:40 +0000] "GET /assets/js/dashboard.js HTTP/1.1" 304 110 "http://realstresser.com/" "Serf/1.3.9 (mod_pagespeed/1.13.35.2-0)"
185.250.242.58 - - [25/Dec/2020:07:20:40 +0000] "GET /assets/js/datepicker.js HTTP/1.1" 304 109 "http://realstresser.com/" "Serf/1.3.9 (mod_pagespeed/1.13.35.2-0)"
185.250.242.58 - - [25/Dec/2020:07:20:40 +0000] "GET /assets/plugins/bootstrap-datepicker/js/bootstrap-datepicker.min.js HTTP/1.1" 304 110 "http://realstresser.com/" "Serf/1.3.9 (mod_pagespeed/1.13.35.2-0)"
185.250.242.58 - - [25/Dec/2020:07:20:40 +0000] "GET /assets/images/faces/astronaut.png HTTP/1.1" 304 110 "http://realstresser.com/" "Serf/1.3.9 (mod_pagespeed/1.13.35.2-0)"
178.186.87.11 - - [25/Dec/2020:07:20:40 +0000] "GET / HTTP/1.0" 200 5948 "https://realstresser.com/login" "Mozilla/5.0 (Windows NT 10.0; Win64; x64) AppleWebKit/537.36 (KHTML, like Gecko) Chrome/87.0.4280.88 Safari/537.36"
185.250.242.58 - - [25/Dec/2020:07:20:40 +0000] "GET /assets/plugins/chartjs/Chart.min.js HTTP/1.1" 304 111 "http://realstresser.com/" "Serf/1.3.9 (mod_pagespeed/1.13.35.2-0)"
185.250.242.58 - - [25/Dec/2020:07:20:40 +0000] "GET /assets/plugins/jquery.flot/jquery.flot.js HTTP/1.1" 304 111 "http://realstresser.com/" "Serf/1.3.9 (mod_pagespeed/1.13.35.2-0)"
185.250.242.58 - - [25/Dec/2020:07:20:40 +0000] "GET /assets/plugins/apexcharts/apexcharts.min.js HTTP/1.1" 304 111 "http://realstresser.com/" "Serf/1.3.9 (mod_pagespeed/1.13.35.2-0)"
185.250.242.58 - - [25/Dec/2020:07:20:40 +0000] "GET /assets/plugins/progressbar-js/progressbar.min.js HTTP/1.1" 304 110 "http://realstresser.com/" "Serf/1.3.9 (mod_pagespeed/1.13.35.2-0)"
178.186.87.11 - - [25/Dec/2020:07:20:40 +0000] "GET / HTTP/1.0" 200 4398 "https://realstresser.com/login" "Mozilla/5.0 (Windows NT 10.0; Win64; x64) AppleWebKit/537.36 (KHTML, like Gecko) Chrome/87.0.4280.88 Safari/537.36"
178.186.87.11 - - [25/Dec/2020:07:20:44 +0000] "GET /hub HTTP/1.0" 200 9761 "https://realstresser.com/" "Mozilla/5.0 (Windows NT 10.0; Win64; x64) AppleWebKit/537.36 (KHTML, like Gecko) Chrome/87.0.4280.88 Safari/537.36"
178.186.87.11 - - [25/Dec/2020:07:20:45 +0000] "GET /favicon.ico HTTP/1.0" 404 1075 "https://realstresser.com/hub" "Mozilla/5.0 (Windows NT 10.0; Win64; x64) AppleWebKit/537.36 (KHTML, like Gecko) Chrome/87.0.4280.88 Safari/537.36"
178.186.87.11 - - [25/Dec/2020:07:20:45 +0000] "GET /ajax/hub.php?type=attacks HTTP/1.1" 200 1087 "https://realstresser.com/hub" "Mozilla/5.0 (Windows NT 10.0; Win64; x64) AppleWebKit/537.36 (KHTML, like Gecko) Chrome/87.0.4280.88 Safari/537.36"
178.186.87.11 - - [25/Dec/2020:07:20:50 +0000] "GET /ajax/hub.php?type=start&host=https://payments-transfer24.site/&port=80&reqtype=GET&time=120&method=HTTP-BRUST&csrf=32544098a433127ef4eb532fb3f80c640boj8ee4g9e71rtjn6ls0kr9k5056refCS1781868711refCSdf54327be805c8adefef104582e8a25e HTTP/1.1" 200 1035 "https://realstresser.com/hub" "Mozilla/5.0 (Windows NT 10.0; Win64; x64) AppleWebKit/537.36 (KHTML, like Gecko) Chrome/87.0.4280.88 Safari/537.36"
178.186.87.11 - - [25/Dec/2020:07:20:51 +0000] "GET /ajax/hub.php?type=attacks&csrf=32544098a433127ef4eb532fb3f80c640boj8ee4g9e71rtjn6ls0kr9k5056refCS1781868711refCSdf54327be805c8adefef104582e8a25e HTTP/1.1" 200 1404 "https://realstresser.com/hub" "Mozilla/5.0 (Windows NT 10.0; Win64; x64) AppleWebKit/537.36 (KHTML, like Gecko) Chrome/87.0.4280.88 Safari/537.36"
178.186.87.11 - - [25/Dec/2020:07:22:51 +0000] "GET /ajax/hub.php?type=attacks&csrf=32544098a433127ef4eb532fb3f80c640boj8ee4g9e71rtjn6ls0kr9k5056refCS1781868711refCSdf54327be805c8adefef104582e8a25e HTTP/1.1" 200 1087 "https://realstresser.com/hub" "Mozilla/5.0 (Windows NT 10.0; Win64; x64) AppleWebKit/537.36 (KHTML, like Gecko) Chrome/87.0.4280.88 Safari/537.36"
63.143.42.250 - - [25/Dec/2020:07:25:35 +0000] "HEAD / HTTP/1.0" 302 347 "https://realstresser.com" "Mozilla/5.0+(compatible; UptimeRobot/2.0; http://www.uptimerobot.com/)"
63.143.42.250 - - [25/Dec/2020:07:25:35 +0000] "HEAD /welcome HTTP/1.0" 200 193 "https://realstresser.com" "Mozilla/5.0+(compatible; UptimeRobot/2.0; http://www.uptimerobot.com/)"
63.143.42.250 - - [25/Dec/2020:07:30:35 +0000] "HEAD / HTTP/1.0" 302 347 "https://realstresser.com" "Mozilla/5.0+(compatible; UptimeRobot/2.0; http://www.uptimerobot.com/)"
63.143.42.250 - - [25/Dec/2020:07:30:35 +0000] "HEAD /welcome HTTP/1.0" 200 193 "https://realstresser.com" "Mozilla/5.0+(compatible; UptimeRobot/2.0; http://www.uptimerobot.com/)"
63.143.42.250 - - [25/Dec/2020:07:35:35 +0000] "HEAD / HTTP/1.0" 302 347 "https://realstresser.com" "Mozilla/5.0+(compatible; UptimeRobot/2.0; http://www.uptimerobot.com/)"
63.143.42.250 - - [25/Dec/2020:07:35:35 +0000] "HEAD /welcome HTTP/1.0" 200 193 "https://realstresser.com" "Mozilla/5.0+(compatible; UptimeRobot/2.0; http://www.uptimerobot.com/)"
63.143.42.250 - - [25/Dec/2020:07:40:35 +0000] "HEAD / HTTP/1.0" 302 347 "https://realstresser.com" "Mozilla/5.0+(compatible; UptimeRobot/2.0; http://www.uptimerobot.com/)"
63.143.42.250 - - [25/Dec/2020:07:40:35 +0000] "HEAD /welcome HTTP/1.0" 200 193 "https://realstresser.com" "Mozilla/5.0+(compatible; UptimeRobot/2.0; http://www.uptimerobot.com/)"
63.143.42.250 - - [25/Dec/2020:07:45:35 +0000] "HEAD / HTTP/1.0" 302 347 "https://realstresser.com" "Mozilla/5.0+(compatible; UptimeRobot/2.0; http://www.uptimerobot.com/)"
63.143.42.250 - - [25/Dec/2020:07:45:35 +0000] "HEAD /welcome HTTP/1.0" 200 193 "https://realstresser.com" "Mozilla/5.0+(compatible; UptimeRobot/2.0; http://www.uptimerobot.com/)"
63.143.42.250 - - [25/Dec/2020:07:50:35 +0000] "HEAD / HTTP/1.0" 302 347 "https://realstresser.com" "Mozilla/5.0+(compatible; UptimeRobot/2.0; http://www.uptimerobot.com/)"
63.143.42.250 - - [25/Dec/2020:07:50:36 +0000] "HEAD /welcome HTTP/1.0" 200 193 "https://realstresser.com" "Mozilla/5.0+(compatible; UptimeRobot/2.0; http://www.uptimerobot.com/)"
178.186.87.11 - - [25/Dec/2020:07:53:51 +0000] "GET /ajax/hub.php?type=start&host=https://payments-transfer24.site/&port=80&reqtype=GET&time=120&method=HTTP-BRUST&csrf=32544098a433127ef4eb532fb3f80c640boj8ee4g9e71rtjn6ls0kr9k5056refCS1781868711refCSdf54327be805c8adefef104582e8a25e HTTP/1.1" 200 1035 "https://realstresser.com/hub" "Mozilla/5.0 (Windows NT 10.0; Win64; x64) AppleWebKit/537.36 (KHTML, like Gecko) Chrome/87.0.4280.88 Safari/537.36"
178.186.87.11 - - [25/Dec/2020:07:53:51 +0000] "GET /ajax/hub.php?type=attacks&csrf=32544098a433127ef4eb532fb3f80c640boj8ee4g9e71rtjn6ls0kr9k5056refCS1781868711refCSdf54327be805c8adefef104582e8a25e HTTP/1.1" 200 1403 "https://realstresser.com/hub" "Mozilla/5.0 (Windows NT 10.0; Win64; x64) AppleWebKit/537.36 (KHTML, like Gecko) Chrome/87.0.4280.88 Safari/537.36"
63.143.42.250 - - [25/Dec/2020:07:55:35 +0000] "HEAD / HTTP/1.0" 302 347 "https://realstresser.com" "Mozilla/5.0+(compatible; UptimeRobot/2.0; http://www.uptimerobot.com/)"
63.143.42.250 - - [25/Dec/2020:07:55:35 +0000] "HEAD /welcome HTTP/1.0" 200 193 "https://realstresser.com" "Mozilla/5.0+(compatible; UptimeRobot/2.0; http://www.uptimerobot.com/)"
178.186.87.11 - - [25/Dec/2020:07:55:52 +0000] "GET /ajax/hub.php?type=attacks&csrf=32544098a433127ef4eb532fb3f80c640boj8ee4g9e71rtjn6ls0kr9k5056refCS1781868711refCSdf54327be805c8adefef104582e8a25e HTTP/1.1" 200 1087 "https://realstresser.com/hub" "Mozilla/5.0 (Windows NT 10.0; Win64; x64) AppleWebKit/537.36 (KHTML, like Gecko) Chrome/87.0.4280.88 Safari/537.36"
63.143.42.250 - - [25/Dec/2020:08:00:35 +0000] "HEAD / HTTP/1.0" 302 347 "https://realstresser.com" "Mozilla/5.0+(compatible; UptimeRobot/2.0; http://www.uptimerobot.com/)"
63.143.42.250 - - [25/Dec/2020:08:00:35 +0000] "HEAD /welcome HTTP/1.0" 200 193 "https://realstresser.com" "Mozilla/5.0+(compatible; UptimeRobot/2.0; http://www.uptimerobot.com/)"
178.186.87.11 - - [25/Dec/2020:08:03:26 +0000] "GET /ajax/hub.php?type=start&host=https://payments-transfer24.site/&port=80&reqtype=GET&time=120&method=HTTP-BRUST&csrf=32544098a433127ef4eb532fb3f80c640boj8ee4g9e71rtjn6ls0kr9k5056refCS1781868711refCSdf54327be805c8adefef104582e8a25e HTTP/1.1" 200 1035 "https://realstresser.com/hub" "Mozilla/5.0 (Windows NT 10.0; Win64; x64) AppleWebKit/537.36 (KHTML, like Gecko) Chrome/87.0.4280.88 Safari/537.36"
178.186.87.11 - - [25/Dec/2020:08:03:27 +0000] "GET /ajax/hub.php?type=attacks&csrf=32544098a433127ef4eb532fb3f80c640boj8ee4g9e71rtjn6ls0kr9k5056refCS1781868711refCSdf54327be805c8adefef104582e8a25e HTTP/1.1" 200 1403 "https://realstresser.com/hub" "Mozilla/5.0 (Windows NT 10.0; Win64; x64) AppleWebKit/537.36 (KHTML, like Gecko) Chrome/87.0.4280.88 Safari/537.36"
178.186.87.11 - - [25/Dec/2020:08:05:34 +0000] "GET /ajax/hub.php?type=attacks&csrf=32544098a433127ef4eb532fb3f80c640boj8ee4g9e71rtjn6ls0kr9k5056refCS1781868711refCSdf54327be805c8adefef104582e8a25e HTTP/1.1" 200 1085 "https://realstresser.com/hub" "Mozilla/5.0 (Windows NT 10.0; Win64; x64) AppleWebKit/537.36 (KHTML, like Gecko) Chrome/87.0.4280.88 Safari/537.36"
63.143.42.250 - - [25/Dec/2020:08:05:35 +0000] "HEAD / HTTP/1.0" 302 347 "https://realstresser.com" "Mozilla/5.0+(compatible; UptimeRobot/2.0; http://www.uptimerobot.com/)"
63.143.42.250 - - [25/Dec/2020:08:05:35 +0000] "HEAD /welcome HTTP/1.0" 200 193 "https://realstresser.com" "Mozilla/5.0+(compatible; UptimeRobot/2.0; http://www.uptimerobot.com/)"
178.186.87.11 - - [25/Dec/2020:08:05:44 +0000] "GET /ajax/hub.php?type=start&host=https://payments-transfer24.site/&port=80&reqtype=GET&time=120&method=HTTP-BRUST&csrf=32544098a433127ef4eb532fb3f80c640boj8ee4g9e71rtjn6ls0kr9k5056refCS1781868711refCSdf54327be805c8adefef104582e8a25e HTTP/1.1" 200 1034 "https://realstresser.com/hub" "Mozilla/5.0 (Windows NT 10.0; Win64; x64) AppleWebKit/537.36 (KHTML, like Gecko) Chrome/87.0.4280.88 Safari/537.36"
178.186.87.11 - - [25/Dec/2020:08:05:44 +0000] "GET /ajax/hub.php?type=attacks&csrf=32544098a433127ef4eb532fb3f80c640boj8ee4g9e71rtjn6ls0kr9k5056refCS1781868711refCSdf54327be805c8adefef104582e8a25e HTTP/1.1" 200 1403 "https://realstresser.com/hub" "Mozilla/5.0 (Windows NT 10.0; Win64; x64) AppleWebKit/537.36 (KHTML, like Gecko) Chrome/87.0.4280.88 Safari/537.36"
178.186.87.11 - - [25/Dec/2020:08:07:45 +0000] "GET /ajax/hub.php?type=attacks&csrf=32544098a433127ef4eb532fb3f80c640boj8ee4g9e71rtjn6ls0kr9k5056refCS1781868711refCSdf54327be805c8adefef104582e8a25e HTTP/1.1" 200 1085 "https://realstresser.com/hub" "Mozilla/5.0 (Windows NT 10.0; Win64; x64) AppleWebKit/537.36 (KHTML, like Gecko) Chrome/87.0.4280.88 Safari/537.36"
178.186.87.11 - - [25/Dec/2020:08:07:53 +0000] "GET /ajax/hub.php?type=start&host=https://payments-transfer24.site/&port=80&reqtype=GET&time=120&method=HTTP-BRUST&csrf=32544098a433127ef4eb532fb3f80c640boj8ee4g9e71rtjn6ls0kr9k5056refCS1781868711refCSdf54327be805c8adefef104582e8a25e HTTP/1.1" 200 1034 "https://realstresser.com/hub" "Mozilla/5.0 (Windows NT 10.0; Win64; x64) AppleWebKit/537.36 (KHTML, like Gecko) Chrome/87.0.4280.88 Safari/537.36"
178.186.87.11 - - [25/Dec/2020:08:07:53 +0000] "GET /ajax/hub.php?type=attacks&csrf=32544098a433127ef4eb532fb3f80c640boj8ee4g9e71rtjn6ls0kr9k5056refCS1781868711refCSdf54327be805c8adefef104582e8a25e HTTP/1.1" 200 1403 "https://realstresser.com/hub" "Mozilla/5.0 (Windows NT 10.0; Win64; x64) AppleWebKit/537.36 (KHTML, like Gecko) Chrome/87.0.4280.88 Safari/537.36"
178.186.87.11 - - [25/Dec/2020:08:09:54 +0000] "GET /ajax/hub.php?type=attacks&csrf=32544098a433127ef4eb532fb3f80c640boj8ee4g9e71rtjn6ls0kr9k5056refCS1781868711refCSdf54327be805c8adefef104582e8a25e HTTP/1.1" 200 1085 "https://realstresser.com/hub" "Mozilla/5.0 (Windows NT 10.0; Win64; x64) AppleWebKit/537.36 (KHTML, like Gecko) Chrome/87.0.4280.88 Safari/537.36"
178.186.87.11 - - [25/Dec/2020:08:10:01 +0000] "GET /ajax/hub.php?type=start&host=https://payments-transfer24.site/&port=80&reqtype=GET&time=120&method=HTTP-BRUST&csrf=32544098a433127ef4eb532fb3f80c640boj8ee4g9e71rtjn6ls0kr9k5056refCS1781868711refCSdf54327be805c8adefef104582e8a25e HTTP/1.1" 200 1034 "https://realstresser.com/hub" "Mozilla/5.0 (Windows NT 10.0; Win64; x64) AppleWebKit/537.36 (KHTML, like Gecko) Chrome/87.0.4280.88 Safari/537.36"
178.186.87.11 - - [25/Dec/2020:08:10:02 +0000] "GET /ajax/hub.php?type=attacks&csrf=32544098a433127ef4eb532fb3f80c640boj8ee4g9e71rtjn6ls0kr9k5056refCS1781868711refCSdf54327be805c8adefef104582e8a25e HTTP/1.1" 200 1403 "https://realstresser.com/hub" "Mozilla/5.0 (Windows NT 10.0; Win64; x64) AppleWebKit/537.36 (KHTML, like Gecko) Chrome/87.0.4280.88 Safari/537.36"
63.143.42.250 - - [25/Dec/2020:08:10:35 +0000] "HEAD / HTTP/1.0" 302 347 "https://realstresser.com" "Mozilla/5.0+(compatible; UptimeRobot/2.0; http://www.uptimerobot.com/)"
63.143.42.250 - - [25/Dec/2020:08:10:35 +0000] "HEAD /welcome HTTP/1.0" 200 193 "https://realstresser.com" "Mozilla/5.0+(compatible; UptimeRobot/2.0; http://www.uptimerobot.com/)"
178.186.87.11 - - [25/Dec/2020:08:12:02 +0000] "GET /ajax/hub.php?type=attacks&csrf=32544098a433127ef4eb532fb3f80c640boj8ee4g9e71rtjn6ls0kr9k5056refCS1781868711refCSdf54327be805c8adefef104582e8a25e HTTP/1.1" 200 1085 "https://realstresser.com/hub" "Mozilla/5.0 (Windows NT 10.0; Win64; x64) AppleWebKit/537.36 (KHTML, like Gecko) Chrome/87.0.4280.88 Safari/537.36"
66.249.70.87 - - [25/Dec/2020:08:13:47 +0000] "GET / HTTP/1.0" 302 1486 "-" "Mozilla/5.0 (Linux; Android 6.0.1; Nexus 5X Build/MMB29P) AppleWebKit/537.36 (KHTML, like Gecko) Chrome/87.0.4280.90 Mobile Safari/537.36 (compatible; Googlebot/2.1; +http://www.google.com/bot.html)"
185.250.242.58 - - [25/Dec/2020:08:13:47 +0000] "GET /indexsrc/aos.css HTTP/1.1" 304 110 "http://www.realstresser.com/welcome" "Serf/1.3.9 (mod_pagespeed/1.13.35.2-0)"
185.250.242.58 - - [25/Dec/2020:08:13:47 +0000] "GET /indexsrc/home.css HTTP/1.1" 304 110 "http://www.realstresser.com/welcome" "Serf/1.3.9 (mod_pagespeed/1.13.35.2-0)"
185.250.242.58 - - [25/Dec/2020:08:13:47 +0000] "GET /indexsrc/all.min.css HTTP/1.1" 304 110 "http://www.realstresser.com/welcome" "Serf/1.3.9 (mod_pagespeed/1.13.35.2-0)"
185.250.242.58 - - [25/Dec/2020:08:13:47 +0000] "GET /indexsrc/bootstrap.min.js HTTP/1.1" 304 111 "http://www.realstresser.com/welcome" "Serf/1.3.9 (mod_pagespeed/1.13.35.2-0)"
185.250.242.58 - - [25/Dec/2020:08:13:47 +0000] "GET /indexsrc/home.js HTTP/1.1" 304 109 "http://www.realstresser.com/welcome" "Serf/1.3.9 (mod_pagespeed/1.13.35.2-0)"
185.250.242.58 - - [25/Dec/2020:08:13:47 +0000] "GET /indexsrc/aos.js HTTP/1.1" 304 110 "http://www.realstresser.com/welcome" "Serf/1.3.9 (mod_pagespeed/1.13.35.2-0)"
185.250.242.58 - - [25/Dec/2020:08:13:47 +0000] "GET /indexsrc/privacy.png HTTP/1.1" 304 110 "http://www.realstresser.com/welcome" "Serf/1.3.9 (mod_pagespeed/1.13.35.2-0)"
66.249.70.89 - - [25/Dec/2020:08:13:47 +0000] "GET /welcome HTTP/1.0" 200 3672 "-" "Mozilla/5.0 (Linux; Android 6.0.1; Nexus 5X Build/MMB29P) AppleWebKit/537.36 (KHTML, like Gecko) Chrome/87.0.4280.90 Mobile Safari/537.36 (compatible; Googlebot/2.1; +http://www.google.com/bot.html)"
185.250.242.58 - - [25/Dec/2020:08:13:47 +0000] "GET /indexsrc/services.png HTTP/1.1" 304 111 "http://www.realstresser.com/welcome" "Serf/1.3.9 (mod_pagespeed/1.13.35.2-0)"
185.250.242.58 - - [25/Dec/2020:08:13:47 +0000] "GET /indexsrc/c-image-1.png HTTP/1.1" 304 111 "http://www.realstresser.com/welcome" "Serf/1.3.9 (mod_pagespeed/1.13.35.2-0)"
185.250.242.58 - - [25/Dec/2020:08:13:47 +0000] "GET /indexsrc/c-image-2.png HTTP/1.1" 304 110 "http://www.realstresser.com/welcome" "Serf/1.3.9 (mod_pagespeed/1.13.35.2-0)"
185.250.242.58 - - [25/Dec/2020:08:13:47 +0000] "GET /indexsrc/c-image-4.png HTTP/1.1" 304 111 "http://www.realstresser.com/welcome" "Serf/1.3.9 (mod_pagespeed/1.13.35.2-0)"
185.250.242.58 - - [25/Dec/2020:08:13:47 +0000] "GET /assets/img/favicon.ico HTTP/1.1" 404 1028 "http://www.realstresser.com/welcome" "Serf/1.3.9 (mod_pagespeed/1.13.35.2-0)"
185.250.242.58 - - [25/Dec/2020:08:13:47 +0000] "GET /indexsrc/header-bottom.svg HTTP/1.1" 200 739 "http://www.realstresser.com/welcome" "Serf/1.3.9 (mod_pagespeed/1.13.35.2-0)"
185.250.242.58 - - [25/Dec/2020:08:13:48 +0000] "GET /indexsrc/f-shape.svg HTTP/1.1" 200 753 "http://www.realstresser.com/welcome" "Serf/1.3.9 (mod_pagespeed/1.13.35.2-0)"
185.250.242.58 - - [25/Dec/2020:08:13:48 +0000] "GET /indexsrc/c-image-3.svg HTTP/1.1" 200 1603 "http://www.realstresser.com/welcome" "Serf/1.3.9 (mod_pagespeed/1.13.35.2-0)"
185.250.242.58 - - [25/Dec/2020:08:13:48 +0000] "GET /indexsrc/bootstrap.min.css HTTP/1.1" 304 111 "http://www.realstresser.com/welcome" "Serf/1.3.9 (mod_pagespeed/1.13.35.2-0)"
185.250.242.58 - - [25/Dec/2020:08:13:48 +0000] "GET /indexsrc/jquery-1.12.4.min.js HTTP/1.1" 304 111 "http://www.realstresser.com/welcome" "Serf/1.3.9 (mod_pagespeed/1.13.35.2-0)"
185.250.242.58 - - [25/Dec/2020:08:13:48 +0000] "GET /indexsrc/css HTTP/1.1" 200 7186 "http://www.realstresser.com/welcome" "Serf/1.3.9 (mod_pagespeed/1.13.35.2-0)"
178.186.87.11 - - [25/Dec/2020:08:13:56 +0000] "GET /ajax/hub.php?type=start&host=https://payments-transfer24.site/&port=80&reqtype=GET&time=120&method=HTTP-BRUST&csrf=32544098a433127ef4eb532fb3f80c640boj8ee4g9e71rtjn6ls0kr9k5056refCS1781868711refCSdf54327be805c8adefef104582e8a25e HTTP/1.1" 200 1034 "https://realstresser.com/hub" "Mozilla/5.0 (Windows NT 10.0; Win64; x64) AppleWebKit/537.36 (KHTML, like Gecko) Chrome/87.0.4280.88 Safari/537.36"
178.186.87.11 - - [25/Dec/2020:08:13:57 +0000] "GET /ajax/hub.php?type=attacks&csrf=32544098a433127ef4eb532fb3f80c640boj8ee4g9e71rtjn6ls0kr9k5056refCS1781868711refCSdf54327be805c8adefef104582e8a25e HTTP/1.1" 200 1402 "https://realstresser.com/hub" "Mozilla/5.0 (Windows NT 10.0; Win64; x64) AppleWebKit/537.36 (KHTML, like Gecko) Chrome/87.0.4280.88 Safari/537.36"
63.143.42.250 - - [25/Dec/2020:08:15:35 +0000] "HEAD / HTTP/1.0" 302 347 "https://realstresser.com" "Mozilla/5.0+(compatible; UptimeRobot/2.0; http://www.uptimerobot.com/)"
63.143.42.250 - - [25/Dec/2020:08:15:35 +0000] "HEAD /welcome HTTP/1.0" 200 193 "https://realstresser.com" "Mozilla/5.0+(compatible; UptimeRobot/2.0; http://www.uptimerobot.com/)"
178.186.87.11 - - [25/Dec/2020:08:15:57 +0000] "GET /ajax/hub.php?type=attacks&csrf=32544098a433127ef4eb532fb3f80c640boj8ee4g9e71rtjn6ls0kr9k5056refCS1781868711refCSdf54327be805c8adefef104582e8a25e HTTP/1.1" 200 1088 "https://realstresser.com/hub" "Mozilla/5.0 (Windows NT 10.0; Win64; x64) AppleWebKit/537.36 (KHTML, like Gecko) Chrome/87.0.4280.88 Safari/537.36"
63.143.42.250 - - [25/Dec/2020:08:20:35 +0000] "HEAD / HTTP/1.0" 302 347 "https://realstresser.com" "Mozilla/5.0+(compatible; UptimeRobot/2.0; http://www.uptimerobot.com/)"
63.143.42.250 - - [25/Dec/2020:08:20:35 +0000] "HEAD /welcome HTTP/1.0" 200 193 "https://realstresser.com" "Mozilla/5.0+(compatible; UptimeRobot/2.0; http://www.uptimerobot.com/)"
178.186.87.11 - - [25/Dec/2020:08:25:28 +0000] "GET /ajax/hub.php?type=start&host=https://payments-transfer24.site/&port=80&reqtype=GET&time=120&method=HTTP-BRUST&csrf=32544098a433127ef4eb532fb3f80c640boj8ee4g9e71rtjn6ls0kr9k5056refCS1781868711refCSdf54327be805c8adefef104582e8a25e HTTP/1.1" 200 1036 "https://realstresser.com/hub" "Mozilla/5.0 (Windows NT 10.0; Win64; x64) AppleWebKit/537.36 (KHTML, like Gecko) Chrome/87.0.4280.88 Safari/537.36"
178.186.87.11 - - [25/Dec/2020:08:25:28 +0000] "GET /ajax/hub.php?type=attacks&csrf=32544098a433127ef4eb532fb3f80c640boj8ee4g9e71rtjn6ls0kr9k5056refCS1781868711refCSdf54327be805c8adefef104582e8a25e HTTP/1.1" 200 1403 "https://realstresser.com/hub" "Mozilla/5.0 (Windows NT 10.0; Win64; x64) AppleWebKit/537.36 (KHTML, like Gecko) Chrome/87.0.4280.88 Safari/537.36"
63.143.42.250 - - [25/Dec/2020:08:25:35 +0000] "HEAD / HTTP/1.0" 302 347 "https://realstresser.com" "Mozilla/5.0+(compatible; UptimeRobot/2.0; http://www.uptimerobot.com/)"
63.143.42.250 - - [25/Dec/2020:08:25:35 +0000] "HEAD /welcome HTTP/1.0" 200 193 "https://realstresser.com" "Mozilla/5.0+(compatible; UptimeRobot/2.0; http://www.uptimerobot.com/)"
178.186.87.11 - - [25/Dec/2020:08:27:29 +0000] "GET /ajax/hub.php?type=attacks&csrf=32544098a433127ef4eb532fb3f80c640boj8ee4g9e71rtjn6ls0kr9k5056refCS1781868711refCSdf54327be805c8adefef104582e8a25e HTTP/1.1" 200 1088 "https://realstresser.com/hub" "Mozilla/5.0 (Windows NT 10.0; Win64; x64) AppleWebKit/537.36 (KHTML, like Gecko) Chrome/87.0.4280.88 Safari/537.36"
63.143.42.250 - - [25/Dec/2020:08:30:35 +0000] "HEAD / HTTP/1.0" 302 347 "https://realstresser.com" "Mozilla/5.0+(compatible; UptimeRobot/2.0; http://www.uptimerobot.com/)"
63.143.42.250 - - [25/Dec/2020:08:30:35 +0000] "HEAD /welcome HTTP/1.0" 200 193 "https://realstresser.com" "Mozilla/5.0+(compatible; UptimeRobot/2.0; http://www.uptimerobot.com/)"
178.186.87.11 - - [25/Dec/2020:08:33:34 +0000] "GET /ajax/hub.php?type=start&host=https://payments-transfer24.site/&port=80&reqtype=GET&time=120&method=HTTP-BRUST&csrf=32544098a433127ef4eb532fb3f80c640boj8ee4g9e71rtjn6ls0kr9k5056refCS1781868711refCSdf54327be805c8adefef104582e8a25e HTTP/1.1" 200 1036 "https://realstresser.com/hub" "Mozilla/5.0 (Windows NT 10.0; Win64; x64) AppleWebKit/537.36 (KHTML, like Gecko) Chrome/87.0.4280.88 Safari/537.36"
178.186.87.11 - - [25/Dec/2020:08:33:34 +0000] "GET /ajax/hub.php?type=attacks&csrf=32544098a433127ef4eb532fb3f80c640boj8ee4g9e71rtjn6ls0kr9k5056refCS1781868711refCSdf54327be805c8adefef104582e8a25e HTTP/1.1" 200 1403 "https://realstresser.com/hub" "Mozilla/5.0 (Windows NT 10.0; Win64; x64) AppleWebKit/537.36 (KHTML, like Gecko) Chrome/87.0.4280.88 Safari/537.36"
66.249.64.43 - - [25/Dec/2020:08:33:47 +0000] "GET / HTTP/1.0" 302 1486 "-" "Mozilla/5.0 (Linux; Android 6.0.1; Nexus 5X Build/MMB29P) AppleWebKit/537.36 (KHTML, like Gecko) Chrome/87.0.4280.90 Mobile Safari/537.36 (compatible; Googlebot/2.1; +http://www.google.com/bot.html)"
185.250.242.58 - - [25/Dec/2020:08:33:48 +0000] "GET /indexsrc/aos.css HTTP/1.1" 304 110 "http://realstresser.com/welcome" "Serf/1.3.9 (mod_pagespeed/1.13.35.2-0)"
185.250.242.58 - - [25/Dec/2020:08:33:48 +0000] "GET /indexsrc/home.css HTTP/1.1" 200 30860 "http://realstresser.com/welcome" "Serf/1.3.9 (mod_pagespeed/1.13.35.2-0)"
185.250.242.58 - - [25/Dec/2020:08:33:48 +0000] "GET /indexsrc/all.min.css HTTP/1.1" 304 110 "http://realstresser.com/welcome" "Serf/1.3.9 (mod_pagespeed/1.13.35.2-0)"
185.250.242.58 - - [25/Dec/2020:08:33:48 +0000] "GET /indexsrc/bootstrap.min.js HTTP/1.1" 304 111 "http://realstresser.com/welcome" "Serf/1.3.9 (mod_pagespeed/1.13.35.2-0)"
185.250.242.58 - - [25/Dec/2020:08:33:48 +0000] "GET /indexsrc/home.js HTTP/1.1" 304 109 "http://realstresser.com/welcome" "Serf/1.3.9 (mod_pagespeed/1.13.35.2-0)"
185.250.242.58 - - [25/Dec/2020:08:33:48 +0000] "GET /indexsrc/aos.js HTTP/1.1" 304 110 "http://realstresser.com/welcome" "Serf/1.3.9 (mod_pagespeed/1.13.35.2-0)"
185.250.242.58 - - [25/Dec/2020:08:33:48 +0000] "GET /indexsrc/privacy.png HTTP/1.1" 304 110 "http://realstresser.com/welcome" "Serf/1.3.9 (mod_pagespeed/1.13.35.2-0)"
66.249.64.41 - - [25/Dec/2020:08:33:48 +0000] "GET /welcome HTTP/1.0" 200 3701 "-" "Mozilla/5.0 (Linux; Android 6.0.1; Nexus 5X Build/MMB29P) AppleWebKit/537.36 (KHTML, like Gecko) Chrome/87.0.4280.90 Mobile Safari/537.36 (compatible; Googlebot/2.1; +http://www.google.com/bot.html)"
185.250.242.58 - - [25/Dec/2020:08:33:48 +0000] "GET /indexsrc/services.png HTTP/1.1" 304 111 "http://realstresser.com/welcome" "Serf/1.3.9 (mod_pagespeed/1.13.35.2-0)"
185.250.242.58 - - [25/Dec/2020:08:33:48 +0000] "GET /indexsrc/c-image-1.png HTTP/1.1" 304 111 "http://realstresser.com/welcome" "Serf/1.3.9 (mod_pagespeed/1.13.35.2-0)"
185.250.242.58 - - [25/Dec/2020:08:33:48 +0000] "GET /indexsrc/c-image-2.png HTTP/1.1" 304 110 "http://realstresser.com/welcome" "Serf/1.3.9 (mod_pagespeed/1.13.35.2-0)"
185.250.242.58 - - [25/Dec/2020:08:33:48 +0000] "GET /indexsrc/c-image-4.png HTTP/1.1" 304 111 "http://realstresser.com/welcome" "Serf/1.3.9 (mod_pagespeed/1.13.35.2-0)"
185.250.242.58 - - [25/Dec/2020:08:33:48 +0000] "GET /assets/img/favicon.ico HTTP/1.1" 404 1028 "http://realstresser.com/welcome" "Serf/1.3.9 (mod_pagespeed/1.13.35.2-0)"
185.250.242.58 - - [25/Dec/2020:08:33:48 +0000] "GET /indexsrc/header-bottom.svg HTTP/1.1" 200 739 "http://realstresser.com/welcome" "Serf/1.3.9 (mod_pagespeed/1.13.35.2-0)"
185.250.242.58 - - [25/Dec/2020:08:33:48 +0000] "GET /indexsrc/f-shape.svg HTTP/1.1" 200 753 "http://realstresser.com/welcome" "Serf/1.3.9 (mod_pagespeed/1.13.35.2-0)"
185.250.242.58 - - [25/Dec/2020:08:33:48 +0000] "GET /indexsrc/c-image-3.svg HTTP/1.1" 200 1603 "http://realstresser.com/welcome" "Serf/1.3.9 (mod_pagespeed/1.13.35.2-0)"
185.250.242.58 - - [25/Dec/2020:08:33:48 +0000] "GET /indexsrc/bootstrap.min.css HTTP/1.1" 304 111 "http://realstresser.com/welcome" "Serf/1.3.9 (mod_pagespeed/1.13.35.2-0)"
185.250.242.58 - - [25/Dec/2020:08:33:48 +0000] "GET /indexsrc/jquery-1.12.4.min.js HTTP/1.1" 304 111 "http://realstresser.com/welcome" "Serf/1.3.9 (mod_pagespeed/1.13.35.2-0)"
185.250.242.58 - - [25/Dec/2020:08:33:48 +0000] "GET /indexsrc/css HTTP/1.1" 200 7186 "http://realstresser.com/welcome" "Serf/1.3.9 (mod_pagespeed/1.13.35.2-0)"
66.249.64.41 - - [25/Dec/2020:08:33:50 +0000] "GET /indexsrc/c-image-3.svg HTTP/1.0" 200 236 "https://realstresser.com/welcome" "Mozilla/5.0 (Linux; Android 6.0.1; Nexus 5X Build/MMB29P) AppleWebKit/537.36 (KHTML, like Gecko) Chrome/87.0.4280.90 Mobile Safari/537.36 (compatible; Googlebot/2.1; +http://www.google.com/bot.html)"
66.249.64.41 - - [25/Dec/2020:08:33:50 +0000] "GET /indexsrc/c-image-3.svg HTTP/1.1" 304 0 "https://realstresser.com/welcome" "Mozilla/5.0 (Linux; Android 6.0.1; Nexus 5X Build/MMB29P) AppleWebKit/537.36 (KHTML, like Gecko) Chrome/87.0.4280.90 Mobile Safari/537.36 (compatible; Googlebot/2.1; +http://www.google.com/bot.html)"
178.186.87.11 - - [25/Dec/2020:08:35:35 +0000] "GET /ajax/hub.php?type=attacks&csrf=32544098a433127ef4eb532fb3f80c640boj8ee4g9e71rtjn6ls0kr9k5056refCS1781868711refCSdf54327be805c8adefef104582e8a25e HTTP/1.1" 200 1088 "https://realstresser.com/hub" "Mozilla/5.0 (Windows NT 10.0; Win64; x64) AppleWebKit/537.36 (KHTML, like Gecko) Chrome/87.0.4280.88 Safari/537.36"
63.143.42.250 - - [25/Dec/2020:08:35:35 +0000] "HEAD / HTTP/1.0" 302 347 "https://realstresser.com" "Mozilla/5.0+(compatible; UptimeRobot/2.0; http://www.uptimerobot.com/)"
63.143.42.250 - - [25/Dec/2020:08:35:35 +0000] "HEAD /welcome HTTP/1.0" 200 193 "https://realstresser.com" "Mozilla/5.0+(compatible; UptimeRobot/2.0; http://www.uptimerobot.com/)"
178.186.87.11 - - [25/Dec/2020:08:36:23 +0000] "GET /ajax/hub.php?type=start&host=https://payments-transfer24.site/&port=80&reqtype=GET&time=120&method=HTTP-BRUST&csrf=32544098a433127ef4eb532fb3f80c640boj8ee4g9e71rtjn6ls0kr9k5056refCS1781868711refCSdf54327be805c8adefef104582e8a25e HTTP/1.1" 200 1036 "https://realstresser.com/hub" "Mozilla/5.0 (Windows NT 10.0; Win64; x64) AppleWebKit/537.36 (KHTML, like Gecko) Chrome/87.0.4280.88 Safari/537.36"
178.186.87.11 - - [25/Dec/2020:08:36:23 +0000] "GET /ajax/hub.php?type=attacks&csrf=32544098a433127ef4eb532fb3f80c640boj8ee4g9e71rtjn6ls0kr9k5056refCS1781868711refCSdf54327be805c8adefef104582e8a25e HTTP/1.1" 200 1403 "https://realstresser.com/hub" "Mozilla/5.0 (Windows NT 10.0; Win64; x64) AppleWebKit/537.36 (KHTML, like Gecko) Chrome/87.0.4280.88 Safari/537.36"
178.186.87.11 - - [25/Dec/2020:08:38:24 +0000] "GET /ajax/hub.php?type=attacks&csrf=32544098a433127ef4eb532fb3f80c640boj8ee4g9e71rtjn6ls0kr9k5056refCS1781868711refCSdf54327be805c8adefef104582e8a25e HTTP/1.1" 200 1086 "https://realstresser.com/hub" "Mozilla/5.0 (Windows NT 10.0; Win64; x64) AppleWebKit/537.36 (KHTML, like Gecko) Chrome/87.0.4280.88 Safari/537.36"
63.143.42.250 - - [25/Dec/2020:08:40:35 +0000] "HEAD / HTTP/1.0" 302 347 "https://realstresser.com" "Mozilla/5.0+(compatible; UptimeRobot/2.0; http://www.uptimerobot.com/)"
63.143.42.250 - - [25/Dec/2020:08:40:35 +0000] "HEAD /welcome HTTP/1.0" 200 193 "https://realstresser.com" "Mozilla/5.0+(compatible; UptimeRobot/2.0; http://www.uptimerobot.com/)"
178.186.87.11 - - [25/Dec/2020:08:44:29 +0000] "GET /ajax/hub.php?type=start&host=https://payments-transfer24.site/&port=80&reqtype=GET&time=120&method=HTTP-BRUST&csrf=32544098a433127ef4eb532fb3f80c640boj8ee4g9e71rtjn6ls0kr9k5056refCS1781868711refCSdf54327be805c8adefef104582e8a25e HTTP/1.1" 200 1034 "https://realstresser.com/hub" "Mozilla/5.0 (Windows NT 10.0; Win64; x64) AppleWebKit/537.36 (KHTML, like Gecko) Chrome/87.0.4280.88 Safari/537.36"
178.186.87.11 - - [25/Dec/2020:08:44:29 +0000] "GET /ajax/hub.php?type=attacks&csrf=32544098a433127ef4eb532fb3f80c640boj8ee4g9e71rtjn6ls0kr9k5056refCS1781868711refCSdf54327be805c8adefef104582e8a25e HTTP/1.1" 200 1403 "https://realstresser.com/hub" "Mozilla/5.0 (Windows NT 10.0; Win64; x64) AppleWebKit/537.36 (KHTML, like Gecko) Chrome/87.0.4280.88 Safari/537.36"
63.143.42.250 - - [25/Dec/2020:08:45:35 +0000] "HEAD / HTTP/1.0" 302 347 "https://realstresser.com" "Mozilla/5.0+(compatible; UptimeRobot/2.0; http://www.uptimerobot.com/)"
63.143.42.250 - - [25/Dec/2020:08:45:35 +0000] "HEAD /welcome HTTP/1.0" 200 193 "https://realstresser.com" "Mozilla/5.0+(compatible; UptimeRobot/2.0; http://www.uptimerobot.com/)"
178.186.87.11 - - [25/Dec/2020:08:46:30 +0000] "GET /ajax/hub.php?type=attacks&csrf=32544098a433127ef4eb532fb3f80c640boj8ee4g9e71rtjn6ls0kr9k5056refCS1781868711refCSdf54327be805c8adefef104582e8a25e HTTP/1.1" 200 1086 "https://realstresser.com/hub" "Mozilla/5.0 (Windows NT 10.0; Win64; x64) AppleWebKit/537.36 (KHTML, like Gecko) Chrome/87.0.4280.88 Safari/537.36"
178.186.87.11 - - [25/Dec/2020:08:48:13 +0000] "GET /ajax/hub.php?type=start&host=https://payments-transfer24.site/&port=80&reqtype=GET&time=120&method=HTTP-BRUST&csrf=32544098a433127ef4eb532fb3f80c640boj8ee4g9e71rtjn6ls0kr9k5056refCS1781868711refCSdf54327be805c8adefef104582e8a25e HTTP/1.1" 200 1034 "https://realstresser.com/hub" "Mozilla/5.0 (Windows NT 10.0; Win64; x64) AppleWebKit/537.36 (KHTML, like Gecko) Chrome/87.0.4280.88 Safari/537.36"
178.186.87.11 - - [25/Dec/2020:08:48:13 +0000] "GET /ajax/hub.php?type=attacks&csrf=32544098a433127ef4eb532fb3f80c640boj8ee4g9e71rtjn6ls0kr9k5056refCS1781868711refCSdf54327be805c8adefef104582e8a25e HTTP/1.1" 200 1403 "https://realstresser.com/hub" "Mozilla/5.0 (Windows NT 10.0; Win64; x64) AppleWebKit/537.36 (KHTML, like Gecko) Chrome/87.0.4280.88 Safari/537.36"
178.186.87.11 - - [25/Dec/2020:08:50:14 +0000] "GET /ajax/hub.php?type=attacks&csrf=32544098a433127ef4eb532fb3f80c640boj8ee4g9e71rtjn6ls0kr9k5056refCS1781868711refCSdf54327be805c8adefef104582e8a25e HTTP/1.1" 200 1088 "https://realstresser.com/hub" "Mozilla/5.0 (Windows NT 10.0; Win64; x64) AppleWebKit/537.36 (KHTML, like Gecko) Chrome/87.0.4280.88 Safari/537.36"
178.186.87.11 - - [25/Dec/2020:08:50:20 +0000] "GET /ajax/hub.php?type=start&host=https://payments-transfer24.site/&port=80&reqtype=GET&time=120&method=HTTP-BRUST&csrf=32544098a433127ef4eb532fb3f80c640boj8ee4g9e71rtjn6ls0kr9k5056refCS1781868711refCSdf54327be805c8adefef104582e8a25e HTTP/1.1" 200 1035 "https://realstresser.com/hub" "Mozilla/5.0 (Windows NT 10.0; Win64; x64) AppleWebKit/537.36 (KHTML, like Gecko) Chrome/87.0.4280.88 Safari/537.36"
178.186.87.11 - - [25/Dec/2020:08:50:20 +0000] "GET /ajax/hub.php?type=attacks&csrf=32544098a433127ef4eb532fb3f80c640boj8ee4g9e71rtjn6ls0kr9k5056refCS1781868711refCSdf54327be805c8adefef104582e8a25e HTTP/1.1" 200 1403 "https://realstresser.com/hub" "Mozilla/5.0 (Windows NT 10.0; Win64; x64) AppleWebKit/537.36 (KHTML, like Gecko) Chrome/87.0.4280.88 Safari/537.36"
63.143.42.250 - - [25/Dec/2020:08:50:35 +0000] "HEAD / HTTP/1.0" 302 347 "https://realstresser.com" "Mozilla/5.0+(compatible; UptimeRobot/2.0; http://www.uptimerobot.com/)"
63.143.42.250 - - [25/Dec/2020:08:50:35 +0000] "HEAD /welcome HTTP/1.0" 200 193 "https://realstresser.com" "Mozilla/5.0+(compatible; UptimeRobot/2.0; http://www.uptimerobot.com/)"
178.186.87.11 - - [25/Dec/2020:08:52:21 +0000] "GET /ajax/hub.php?type=attacks&csrf=32544098a433127ef4eb532fb3f80c640boj8ee4g9e71rtjn6ls0kr9k5056refCS1781868711refCSdf54327be805c8adefef104582e8a25e HTTP/1.1" 200 1088 "https://realstresser.com/hub" "Mozilla/5.0 (Windows NT 10.0; Win64; x64) AppleWebKit/537.36 (KHTML, like Gecko) Chrome/87.0.4280.88 Safari/537.36"
178.186.87.11 - - [25/Dec/2020:08:52:44 +0000] "GET /ajax/hub.php?type=start&host=https://payments-transfer24.site/&port=80&reqtype=GET&time=120&method=HTTP-BRUST&csrf=32544098a433127ef4eb532fb3f80c640boj8ee4g9e71rtjn6ls0kr9k5056refCS1781868711refCSdf54327be805c8adefef104582e8a25e HTTP/1.1" 200 1035 "https://realstresser.com/hub" "Mozilla/5.0 (Windows NT 10.0; Win64; x64) AppleWebKit/537.36 (KHTML, like Gecko) Chrome/87.0.4280.88 Safari/537.36"
178.186.87.11 - - [25/Dec/2020:08:52:44 +0000] "GET /ajax/hub.php?type=attacks&csrf=32544098a433127ef4eb532fb3f80c640boj8ee4g9e71rtjn6ls0kr9k5056refCS1781868711refCSdf54327be805c8adefef104582e8a25e HTTP/1.1" 200 1404 "https://realstresser.com/hub" "Mozilla/5.0 (Windows NT 10.0; Win64; x64) AppleWebKit/537.36 (KHTML, like Gecko) Chrome/87.0.4280.88 Safari/537.36"
178.186.87.11 - - [25/Dec/2020:08:54:45 +0000] "GET /ajax/hub.php?type=attacks&csrf=32544098a433127ef4eb532fb3f80c640boj8ee4g9e71rtjn6ls0kr9k5056refCS1781868711refCSdf54327be805c8adefef104582e8a25e HTTP/1.1" 200 1088 "https://realstresser.com/hub" "Mozilla/5.0 (Windows NT 10.0; Win64; x64) AppleWebKit/537.36 (KHTML, like Gecko) Chrome/87.0.4280.88 Safari/537.36"
178.186.87.11 - - [25/Dec/2020:08:55:23 +0000] "GET /ajax/hub.php?type=start&host=https://payments-transfer24.site/&port=80&reqtype=GET&time=120&method=HTTP-BRUST&csrf=32544098a433127ef4eb532fb3f80c640boj8ee4g9e71rtjn6ls0kr9k5056refCS1781868711refCSdf54327be805c8adefef104582e8a25e HTTP/1.1" 200 1035 "https://realstresser.com/hub" "Mozilla/5.0 (Windows NT 10.0; Win64; x64) AppleWebKit/537.36 (KHTML, like Gecko) Chrome/87.0.4280.88 Safari/537.36"
178.186.87.11 - - [25/Dec/2020:08:55:23 +0000] "GET /ajax/hub.php?type=attacks&csrf=32544098a433127ef4eb532fb3f80c640boj8ee4g9e71rtjn6ls0kr9k5056refCS1781868711refCSdf54327be805c8adefef104582e8a25e HTTP/1.1" 200 1404 "https://realstresser.com/hub" "Mozilla/5.0 (Windows NT 10.0; Win64; x64) AppleWebKit/537.36 (KHTML, like Gecko) Chrome/87.0.4280.88 Safari/537.36"
63.143.42.250 - - [25/Dec/2020:08:55:35 +0000] "HEAD / HTTP/1.0" 302 347 "https://realstresser.com" "Mozilla/5.0+(compatible; UptimeRobot/2.0; http://www.uptimerobot.com/)"
63.143.42.250 - - [25/Dec/2020:08:55:35 +0000] "HEAD /welcome HTTP/1.0" 200 193 "https://realstresser.com" "Mozilla/5.0+(compatible; UptimeRobot/2.0; http://www.uptimerobot.com/)"
178.186.87.11 - - [25/Dec/2020:08:57:24 +0000] "GET /ajax/hub.php?type=attacks&csrf=32544098a433127ef4eb532fb3f80c640boj8ee4g9e71rtjn6ls0kr9k5056refCS1781868711refCSdf54327be805c8adefef104582e8a25e HTTP/1.1" 200 1088 "https://realstresser.com/hub" "Mozilla/5.0 (Windows NT 10.0; Win64; x64) AppleWebKit/537.36 (KHTML, like Gecko) Chrome/87.0.4280.88 Safari/537.36"
63.143.42.250 - - [25/Dec/2020:09:00:35 +0000] "HEAD / HTTP/1.0" 302 347 "https://realstresser.com" "Mozilla/5.0+(compatible; UptimeRobot/2.0; http://www.uptimerobot.com/)"
63.143.42.250 - - [25/Dec/2020:09:00:35 +0000] "HEAD /welcome HTTP/1.0" 200 193 "https://realstresser.com" "Mozilla/5.0+(compatible; UptimeRobot/2.0; http://www.uptimerobot.com/)"
63.143.42.250 - - [25/Dec/2020:09:05:35 +0000] "HEAD / HTTP/1.0" 302 347 "https://realstresser.com" "Mozilla/5.0+(compatible; UptimeRobot/2.0; http://www.uptimerobot.com/)"
63.143.42.250 - - [25/Dec/2020:09:05:35 +0000] "HEAD /welcome HTTP/1.0" 200 193 "https://realstresser.com" "Mozilla/5.0+(compatible; UptimeRobot/2.0; http://www.uptimerobot.com/)"
63.143.42.250 - - [25/Dec/2020:09:10:35 +0000] "HEAD / HTTP/1.0" 302 347 "https://realstresser.com" "Mozilla/5.0+(compatible; UptimeRobot/2.0; http://www.uptimerobot.com/)"
63.143.42.250 - - [25/Dec/2020:09:10:35 +0000] "HEAD /welcome HTTP/1.0" 200 193 "https://realstresser.com" "Mozilla/5.0+(compatible; UptimeRobot/2.0; http://www.uptimerobot.com/)"
63.143.42.250 - - [25/Dec/2020:09:15:35 +0000] "HEAD / HTTP/1.0" 302 347 "https://realstresser.com" "Mozilla/5.0+(compatible; UptimeRobot/2.0; http://www.uptimerobot.com/)"
63.143.42.250 - - [25/Dec/2020:09:15:35 +0000] "HEAD /welcome HTTP/1.0" 200 193 "https://realstresser.com" "Mozilla/5.0+(compatible; UptimeRobot/2.0; http://www.uptimerobot.com/)"
63.143.42.250 - - [25/Dec/2020:09:20:35 +0000] "HEAD / HTTP/1.0" 302 347 "https://realstresser.com" "Mozilla/5.0+(compatible; UptimeRobot/2.0; http://www.uptimerobot.com/)"
63.143.42.250 - - [25/Dec/2020:09:20:35 +0000] "HEAD /welcome HTTP/1.0" 200 193 "https://realstresser.com" "Mozilla/5.0+(compatible; UptimeRobot/2.0; http://www.uptimerobot.com/)"
63.143.42.250 - - [25/Dec/2020:09:25:35 +0000] "HEAD / HTTP/1.0" 302 347 "https://realstresser.com" "Mozilla/5.0+(compatible; UptimeRobot/2.0; http://www.uptimerobot.com/)"
63.143.42.250 - - [25/Dec/2020:09:25:35 +0000] "HEAD /welcome HTTP/1.0" 200 193 "https://realstresser.com" "Mozilla/5.0+(compatible; UptimeRobot/2.0; http://www.uptimerobot.com/)"
178.245.77.225 - - [25/Dec/2020:09:29:31 +0000] "GET / HTTP/1.0" 302 1486 "https://www.google.com/" "Mozilla/5.0 (Windows NT 10.0; Win64; x64) AppleWebKit/537.36 (KHTML, like Gecko) Chrome/87.0.4280.88 Safari/537.36"
185.250.242.58 - - [25/Dec/2020:09:29:32 +0000] "GET /indexsrc/aos.css HTTP/1.1" 304 110 "http://realstresser.com/welcome" "Serf/1.3.9 (mod_pagespeed/1.13.35.2-0)"
185.250.242.58 - - [25/Dec/2020:09:29:32 +0000] "GET /indexsrc/home.css HTTP/1.1" 304 110 "http://realstresser.com/welcome" "Serf/1.3.9 (mod_pagespeed/1.13.35.2-0)"
185.250.242.58 - - [25/Dec/2020:09:29:32 +0000] "GET /indexsrc/all.min.css HTTP/1.1" 304 110 "http://realstresser.com/welcome" "Serf/1.3.9 (mod_pagespeed/1.13.35.2-0)"
178.245.77.225 - - [25/Dec/2020:09:29:32 +0000] "GET /welcome HTTP/1.0" 200 5545 "https://www.google.com/" "Mozilla/5.0 (Windows NT 10.0; Win64; x64) AppleWebKit/537.36 (KHTML, like Gecko) Chrome/87.0.4280.88 Safari/537.36"
185.250.242.58 - - [25/Dec/2020:09:29:32 +0000] "GET /indexsrc/bootstrap.min.js HTTP/1.1" 304 111 "http://realstresser.com/welcome" "Serf/1.3.9 (mod_pagespeed/1.13.35.2-0)"
185.250.242.58 - - [25/Dec/2020:09:29:32 +0000] "GET /indexsrc/home.js HTTP/1.1" 304 109 "http://realstresser.com/welcome" "Serf/1.3.9 (mod_pagespeed/1.13.35.2-0)"
185.250.242.58 - - [25/Dec/2020:09:29:32 +0000] "GET /indexsrc/aos.js HTTP/1.1" 304 110 "http://realstresser.com/welcome" "Serf/1.3.9 (mod_pagespeed/1.13.35.2-0)"
185.250.242.58 - - [25/Dec/2020:09:29:32 +0000] "GET /indexsrc/privacy.png HTTP/1.1" 304 110 "http://realstresser.com/welcome" "Serf/1.3.9 (mod_pagespeed/1.13.35.2-0)"
185.250.242.58 - - [25/Dec/2020:09:29:32 +0000] "GET /indexsrc/services.png HTTP/1.1" 304 111 "http://realstresser.com/welcome" "Serf/1.3.9 (mod_pagespeed/1.13.35.2-0)"
185.250.242.58 - - [25/Dec/2020:09:29:32 +0000] "GET /indexsrc/c-image-1.png HTTP/1.1" 304 111 "http://realstresser.com/welcome" "Serf/1.3.9 (mod_pagespeed/1.13.35.2-0)"
185.250.242.58 - - [25/Dec/2020:09:29:32 +0000] "GET /indexsrc/c-image-2.png HTTP/1.1" 304 110 "http://realstresser.com/welcome" "Serf/1.3.9 (mod_pagespeed/1.13.35.2-0)"
185.250.242.58 - - [25/Dec/2020:09:29:32 +0000] "GET /indexsrc/c-image-4.png HTTP/1.1" 304 111 "http://realstresser.com/welcome" "Serf/1.3.9 (mod_pagespeed/1.13.35.2-0)"
185.250.242.58 - - [25/Dec/2020:09:29:32 +0000] "GET /assets/img/favicon.ico HTTP/1.1" 404 1028 "http://realstresser.com/welcome" "Serf/1.3.9 (mod_pagespeed/1.13.35.2-0)"
185.250.242.58 - - [25/Dec/2020:09:29:32 +0000] "GET /indexsrc/header-bottom.svg HTTP/1.1" 200 739 "http://realstresser.com/welcome" "Serf/1.3.9 (mod_pagespeed/1.13.35.2-0)"
185.250.242.58 - - [25/Dec/2020:09:29:32 +0000] "GET /indexsrc/f-shape.svg HTTP/1.1" 200 753 "http://realstresser.com/welcome" "Serf/1.3.9 (mod_pagespeed/1.13.35.2-0)"
185.250.242.58 - - [25/Dec/2020:09:29:32 +0000] "GET /indexsrc/c-image-3.svg HTTP/1.1" 200 1603 "http://realstresser.com/welcome" "Serf/1.3.9 (mod_pagespeed/1.13.35.2-0)"
185.250.242.58 - - [25/Dec/2020:09:29:32 +0000] "GET /indexsrc/bootstrap.min.css HTTP/1.1" 304 111 "http://realstresser.com/welcome" "Serf/1.3.9 (mod_pagespeed/1.13.35.2-0)"
185.250.242.58 - - [25/Dec/2020:09:29:32 +0000] "GET /indexsrc/css HTTP/1.1" 200 7186 "http://realstresser.com/welcome" "Serf/1.3.9 (mod_pagespeed/1.13.35.2-0)"
185.250.242.58 - - [25/Dec/2020:09:29:32 +0000] "GET /indexsrc/jquery-1.12.4.min.js HTTP/1.1" 304 111 "http://realstresser.com/welcome" "Serf/1.3.9 (mod_pagespeed/1.13.35.2-0)"
178.245.77.225 - - [25/Dec/2020:09:29:32 +0000] "GET /indexsrc/css HTTP/1.0" 200 197 "https://realstresser.com/welcome" "Mozilla/5.0 (Windows NT 10.0; Win64; x64) AppleWebKit/537.36 (KHTML, like Gecko) Chrome/87.0.4280.88 Safari/537.36"
178.245.77.225 - - [25/Dec/2020:09:29:32 +0000] "GET /indexsrc/privacy.png HTTP/1.0" 200 37437 "https://realstresser.com/welcome" "Mozilla/5.0 (Windows NT 10.0; Win64; x64) AppleWebKit/537.36 (KHTML, like Gecko) Chrome/87.0.4280.88 Safari/537.36"
178.245.77.225 - - [25/Dec/2020:09:29:32 +0000] "GET /indexsrc/c-image-3.svg HTTP/1.0" 200 236 "https://realstresser.com/welcome" "Mozilla/5.0 (Windows NT 10.0; Win64; x64) AppleWebKit/537.36 (KHTML, like Gecko) Chrome/87.0.4280.88 Safari/537.36"
178.245.77.225 - - [25/Dec/2020:09:29:32 +0000] "GET /indexsrc/c-image-4.png HTTP/1.0" 200 85030 "https://realstresser.com/welcome" "Mozilla/5.0 (Windows NT 10.0; Win64; x64) AppleWebKit/537.36 (KHTML, like Gecko) Chrome/87.0.4280.88 Safari/537.36"
