178.245.77.225 - - [25/Dec/2020:09:29:32 +0000] "GET /indexsrc/header-bottom.svg HTTP/1.0" 304 128 "https://realstresser.com/welcome" "Mozilla/5.0 (Windows NT 10.0; Win64; x64) AppleWebKit/537.36 (KHTML, like Gecko) Chrome/87.0.4280.88 Safari/537.36"
178.245.77.225 - - [25/Dec/2020:09:29:32 +0000] "GET /indexsrc/all.min.css HTTP/1.0" 200 12691 "https://realstresser.com/welcome" "Mozilla/5.0 (Windows NT 10.0; Win64; x64) AppleWebKit/537.36 (KHTML, like Gecko) Chrome/87.0.4280.88 Safari/537.36"
178.245.77.225 - - [25/Dec/2020:09:29:32 +0000] "GET /indexsrc/bootstrap.min.css HTTP/1.0" 200 23399 "https://realstresser.com/welcome" "Mozilla/5.0 (Windows NT 10.0; Win64; x64) AppleWebKit/537.36 (KHTML, like Gecko) Chrome/87.0.4280.88 Safari/537.36"
178.245.77.225 - - [25/Dec/2020:09:29:32 +0000] "GET /indexsrc/c-image-2.png HTTP/1.0" 200 33775 "https://realstresser.com/welcome" "Mozilla/5.0 (Windows NT 10.0; Win64; x64) AppleWebKit/537.36 (KHTML, like Gecko) Chrome/87.0.4280.88 Safari/537.36"
178.245.77.225 - - [25/Dec/2020:09:29:32 +0000] "GET /indexsrc/c-image-1.png HTTP/1.0" 200 109012 "https://realstresser.com/welcome" "Mozilla/5.0 (Windows NT 10.0; Win64; x64) AppleWebKit/537.36 (KHTML, like Gecko) Chrome/87.0.4280.88 Safari/537.36"
178.245.77.225 - - [25/Dec/2020:09:29:32 +0000] "GET /indexsrc/f-shape.svg HTTP/1.0" 304 128 "https://realstresser.com/welcome" "Mozilla/5.0 (Windows NT 10.0; Win64; x64) AppleWebKit/537.36 (KHTML, like Gecko) Chrome/87.0.4280.88 Safari/537.36"
178.245.77.225 - - [25/Dec/2020:09:29:32 +0000] "GET /indexsrc/aos.css HTTP/1.0" 200 2626 "https://realstresser.com/welcome" "Mozilla/5.0 (Windows NT 10.0; Win64; x64) AppleWebKit/537.36 (KHTML, like Gecko) Chrome/87.0.4280.88 Safari/537.36"
178.245.77.225 - - [25/Dec/2020:09:29:32 +0000] "GET /indexsrc/home.css HTTP/1.0" 200 254 "https://realstresser.com/welcome" "Mozilla/5.0 (Windows NT 10.0; Win64; x64) AppleWebKit/537.36 (KHTML, like Gecko) Chrome/87.0.4280.88 Safari/537.36"
178.245.77.225 - - [25/Dec/2020:09:29:32 +0000] "GET /indexsrc/services.png HTTP/1.0" 200 317561 "https://realstresser.com/welcome" "Mozilla/5.0 (Windows NT 10.0; Win64; x64) AppleWebKit/537.36 (KHTML, like Gecko) Chrome/87.0.4280.88 Safari/537.36"
178.245.77.225 - - [25/Dec/2020:09:29:32 +0000] "GET / HTTP/1.0" 302 1428 "https://www.google.com/" "Mozilla/5.0 (Windows NT 10.0; Win64; x64) AppleWebKit/537.36 (KHTML, like Gecko) Chrome/87.0.4280.88 Safari/537.36"
178.245.77.225 - - [25/Dec/2020:09:29:32 +0000] "GET /indexsrc/css HTTP/1.1" 200 6996 "https://realstresser.com/welcome" "Mozilla/5.0 (Windows NT 10.0; Win64; x64) AppleWebKit/537.36 (KHTML, like Gecko) Chrome/87.0.4280.88 Safari/537.36"
178.245.77.225 - - [25/Dec/2020:09:29:32 +0000] "GET /indexsrc/c-image-3.svg HTTP/1.1" 200 1385 "https://realstresser.com/welcome" "Mozilla/5.0 (Windows NT 10.0; Win64; x64) AppleWebKit/537.36 (KHTML, like Gecko) Chrome/87.0.4280.88 Safari/537.36"
178.245.77.225 - - [25/Dec/2020:09:29:32 +0000] "GET /indexsrc/home.css HTTP/1.1" 200 30622 "https://realstresser.com/welcome" "Mozilla/5.0 (Windows NT 10.0; Win64; x64) AppleWebKit/537.36 (KHTML, like Gecko) Chrome/87.0.4280.88 Safari/537.36"
178.245.77.225 - - [25/Dec/2020:09:29:33 +0000] "GET /indexsrc/aos.js HTTP/1.0" 200 4944 "https://realstresser.com/welcome" "Mozilla/5.0 (Windows NT 10.0; Win64; x64) AppleWebKit/537.36 (KHTML, like Gecko) Chrome/87.0.4280.88 Safari/537.36"
178.245.77.225 - - [25/Dec/2020:09:29:33 +0000] "GET /indexsrc/jquery-1.12.4.min.js HTTP/1.0" 200 34182 "https://realstresser.com/welcome" "Mozilla/5.0 (Windows NT 10.0; Win64; x64) AppleWebKit/537.36 (KHTML, like Gecko) Chrome/87.0.4280.88 Safari/537.36"
178.245.77.225 - - [25/Dec/2020:09:29:33 +0000] "GET /indexsrc/bootstrap.min.js HTTP/1.0" 200 16325 "https://realstresser.com/welcome" "Mozilla/5.0 (Windows NT 10.0; Win64; x64) AppleWebKit/537.36 (KHTML, like Gecko) Chrome/87.0.4280.88 Safari/537.36"
178.245.77.225 - - [25/Dec/2020:09:29:33 +0000] "GET /indexsrc/home.js HTTP/1.0" 200 705 "https://realstresser.com/welcome" "Mozilla/5.0 (Windows NT 10.0; Win64; x64) AppleWebKit/537.36 (KHTML, like Gecko) Chrome/87.0.4280.88 Safari/537.36"
178.245.77.225 - - [25/Dec/2020:09:29:34 +0000] "GET /assets/img/favicon.ico HTTP/1.0" 404 1047 "https://realstresser.com/welcome" "Mozilla/5.0 (Windows NT 10.0; Win64; x64) AppleWebKit/537.36 (KHTML, like Gecko) Chrome/87.0.4280.88 Safari/537.36"
178.245.77.225 - - [25/Dec/2020:09:29:37 +0000] "GET /login HTTP/1.0" 200 3291 "https://realstresser.com/welcome" "Mozilla/5.0 (Windows NT 10.0; Win64; x64) AppleWebKit/537.36 (KHTML, like Gecko) Chrome/87.0.4280.88 Safari/537.36"
185.250.242.58 - - [25/Dec/2020:09:29:37 +0000] "GET /assets/fonts/feather-font/css/iconfont.css HTTP/1.1" 200 13485 "http://realstresser.com/login" "Serf/1.3.9 (mod_pagespeed/1.13.35.2-0)"
185.250.242.58 - - [25/Dec/2020:09:29:37 +0000] "GET /assets/plugins/perfect-scrollbar/perfect-scrollbar.css HTTP/1.1" 200 2834 "http://realstresser.com/login" "Serf/1.3.9 (mod_pagespeed/1.13.35.2-0)"
185.250.242.58 - - [25/Dec/2020:09:29:37 +0000] "GET /assets/plugins/bootstrap-datepicker/css/bootstrap-datepicker.min.css HTTP/1.1" 304 110 "http://realstresser.com/login" "Serf/1.3.9 (mod_pagespeed/1.13.35.2-0)"
185.250.242.58 - - [25/Dec/2020:09:29:37 +0000] "GET /assets/plugins/feather-icons/feather.min.js HTTP/1.1" 304 111 "http://realstresser.com/login" "Serf/1.3.9 (mod_pagespeed/1.13.35.2-0)"
185.250.242.58 - - [25/Dec/2020:09:29:37 +0000] "GET /assets/js/template.js HTTP/1.1" 304 110 "http://realstresser.com/login" "Serf/1.3.9 (mod_pagespeed/1.13.35.2-0)"
185.250.242.58 - - [25/Dec/2020:09:29:37 +0000] "GET /favicon/favicon.ico HTTP/1.1" 304 109 "http://realstresser.com/login" "Serf/1.3.9 (mod_pagespeed/1.13.35.2-0)"
185.250.242.58 - - [25/Dec/2020:09:29:37 +0000] "GET /assets/js/spinner.js HTTP/1.1" 304 109 "http://realstresser.com/login" "Serf/1.3.9 (mod_pagespeed/1.13.35.2-0)"
185.250.242.58 - - [25/Dec/2020:09:29:37 +0000] "GET /css/app.css HTTP/1.1" 304 111 "http://realstresser.com/login" "Serf/1.3.9 (mod_pagespeed/1.13.35.2-0)"
185.250.242.58 - - [25/Dec/2020:09:29:37 +0000] "GET /js/app.js HTTP/1.1" 200 255364 "http://realstresser.com/login" "Serf/1.3.9 (mod_pagespeed/1.13.35.2-0)"
185.250.242.58 - - [25/Dec/2020:09:29:37 +0000] "GET /js/pages/readyLogin.js HTTP/1.1" 404 1028 "http://realstresser.com/login" "Serf/1.3.9 (mod_pagespeed/1.13.35.2-0)"
185.250.242.58 - - [25/Dec/2020:09:29:37 +0000] "GET /assets/images/carousel/img6.html HTTP/1.1" 404 1028 "http://realstresser.com/login" "Serf/1.3.9 (mod_pagespeed/1.13.35.2-0)"
178.245.77.225 - - [25/Dec/2020:09:29:38 +0000] "GET /assets/plugins/perfect-scrollbar/perfect-scrollbar.css HTTP/1.0" 200 291 "https://realstresser.com/login" "Mozilla/5.0 (Windows NT 10.0; Win64; x64) AppleWebKit/537.36 (KHTML, like Gecko) Chrome/87.0.4280.88 Safari/537.36"
178.245.77.225 - - [25/Dec/2020:09:29:38 +0000] "GET /assets/fonts/feather-font/css/iconfont.css HTTP/1.0" 200 2849 "https://realstresser.com/login" "Mozilla/5.0 (Windows NT 10.0; Win64; x64) AppleWebKit/537.36 (KHTML, like Gecko) Chrome/87.0.4280.88 Safari/537.36"
178.245.77.225 - - [25/Dec/2020:09:29:38 +0000] "GET /css/app.css HTTP/1.0" 200 248 "https://realstresser.com/login" "Mozilla/5.0 (Windows NT 10.0; Win64; x64) AppleWebKit/537.36 (KHTML, like Gecko) Chrome/87.0.4280.88 Safari/537.36"
178.245.77.225 - - [25/Dec/2020:09:29:38 +0000] "GET /assets/plugins/bootstrap-datepicker/css/bootstrap-datepicker.min.css HTTP/1.0" 200 2486 "https://realstresser.com/login" "Mozilla/5.0 (Windows NT 10.0; Win64; x64) AppleWebKit/537.36 (KHTML, like Gecko) Chrome/87.0.4280.88 Safari/537.36"
178.245.77.225 - - [25/Dec/2020:09:29:38 +0000] "GET /assets/js/template.js HTTP/1.0" 200 272 "https://realstresser.com/login" "Mozilla/5.0 (Windows NT 10.0; Win64; x64) AppleWebKit/537.36 (KHTML, like Gecko) Chrome/87.0.4280.88 Safari/537.36"
178.245.77.225 - - [25/Dec/2020:09:29:38 +0000] "GET /js/pages/readyLogin.js HTTP/1.0" 404 1047 "https://realstresser.com/login" "Mozilla/5.0 (Windows NT 10.0; Win64; x64) AppleWebKit/537.36 (KHTML, like Gecko) Chrome/87.0.4280.88 Safari/537.36"
178.245.77.225 - - [25/Dec/2020:09:29:38 +0000] "GET /js/app.js HTTP/1.0" 200 82284 "https://realstresser.com/login" "Mozilla/5.0 (Windows NT 10.0; Win64; x64) AppleWebKit/537.36 (KHTML, like Gecko) Chrome/87.0.4280.88 Safari/537.36"
178.245.77.225 - - [25/Dec/2020:09:29:38 +0000] "GET /assets/js/spinner.js HTTP/1.0" 304 156 "https://realstresser.com/login" "Mozilla/5.0 (Windows NT 10.0; Win64; x64) AppleWebKit/537.36 (KHTML, like Gecko) Chrome/87.0.4280.88 Safari/537.36"
178.245.77.225 - - [25/Dec/2020:09:29:38 +0000] "GET /assets/plugins/feather-icons/feather.min.js HTTP/1.0" 200 19880 "https://realstresser.com/login" "Mozilla/5.0 (Windows NT 10.0; Win64; x64) AppleWebKit/537.36 (KHTML, like Gecko) Chrome/87.0.4280.88 Safari/537.36"
178.245.77.225 - - [25/Dec/2020:09:29:38 +0000] "GET /favicon/favicon.ico HTTP/1.0" 200 272 "https://realstresser.com/login" "Mozilla/5.0 (Windows NT 10.0; Win64; x64) AppleWebKit/537.36 (KHTML, like Gecko) Chrome/87.0.4280.88 Safari/537.36"
178.245.77.225 - - [25/Dec/2020:09:29:38 +0000] "GET /assets/plugins/perfect-scrollbar/perfect-scrollbar.css HTTP/1.1" 200 2598 "https://realstresser.com/login" "Mozilla/5.0 (Windows NT 10.0; Win64; x64) AppleWebKit/537.36 (KHTML, like Gecko) Chrome/87.0.4280.88 Safari/537.36"
178.245.77.225 - - [25/Dec/2020:09:29:38 +0000] "GET /assets/js/template.js HTTP/1.1" 200 4134 "https://realstresser.com/login" "Mozilla/5.0 (Windows NT 10.0; Win64; x64) AppleWebKit/537.36 (KHTML, like Gecko) Chrome/87.0.4280.88 Safari/537.36"
178.245.77.225 - - [25/Dec/2020:09:29:38 +0000] "GET /css/app.css HTTP/1.1" 200 657239 "https://realstresser.com/login" "Mozilla/5.0 (Windows NT 10.0; Win64; x64) AppleWebKit/537.36 (KHTML, like Gecko) Chrome/87.0.4280.88 Safari/537.36"
178.245.77.225 - - [25/Dec/2020:09:29:38 +0000] "GET /favicon/favicon.ico HTTP/1.1" 200 1150 "https://realstresser.com/login" "Mozilla/5.0 (Windows NT 10.0; Win64; x64) AppleWebKit/537.36 (KHTML, like Gecko) Chrome/87.0.4280.88 Safari/537.36"
178.245.77.225 - - [25/Dec/2020:09:29:46 +0000] "POST /ajax/login.php?type=login HTTP/1.1" 200 718 "https://realstresser.com/login" "Mozilla/5.0 (Windows NT 10.0; Win64; x64) AppleWebKit/537.36 (KHTML, like Gecko) Chrome/87.0.4280.88 Safari/537.36"
178.245.77.225 - - [25/Dec/2020:09:29:49 +0000] "POST /ajax/login.php?type=login HTTP/1.1" 200 736 "https://realstresser.com/login" "Mozilla/5.0 (Windows NT 10.0; Win64; x64) AppleWebKit/537.36 (KHTML, like Gecko) Chrome/87.0.4280.88 Safari/537.36"
178.245.77.225 - - [25/Dec/2020:09:29:59 +0000] "POST /ajax/login.php?type=login HTTP/1.1" 200 771 "https://realstresser.com/login" "Mozilla/5.0 (Windows NT 10.0; Win64; x64) AppleWebKit/537.36 (KHTML, like Gecko) Chrome/87.0.4280.88 Safari/537.36"
185.250.242.58 - - [25/Dec/2020:09:30:03 +0000] "GET /assets/plugins/perfect-scrollbar/perfect-scrollbar.min.js HTTP/1.1" 304 110 "http://realstresser.com/" "Serf/1.3.9 (mod_pagespeed/1.13.35.2-0)"
185.250.242.58 - - [25/Dec/2020:09:30:03 +0000] "GET /assets/plugins/jquery.flot/jquery.flot.resize.js HTTP/1.1" 304 109 "http://realstresser.com/" "Serf/1.3.9 (mod_pagespeed/1.13.35.2-0)"
185.250.242.58 - - [25/Dec/2020:09:30:03 +0000] "GET /assets/plugins/bootstrap-datepicker/js/bootstrap-datepicker.min.js HTTP/1.1" 304 110 "http://realstresser.com/" "Serf/1.3.9 (mod_pagespeed/1.13.35.2-0)"
185.250.242.58 - - [25/Dec/2020:09:30:03 +0000] "GET /assets/js/dashboard.js HTTP/1.1" 304 110 "http://realstresser.com/" "Serf/1.3.9 (mod_pagespeed/1.13.35.2-0)"
185.250.242.58 - - [25/Dec/2020:09:30:03 +0000] "GET /assets/js/datepicker.js HTTP/1.1" 304 109 "http://realstresser.com/" "Serf/1.3.9 (mod_pagespeed/1.13.35.2-0)"
185.250.242.58 - - [25/Dec/2020:09:30:03 +0000] "GET /assets/images/faces/astronaut.png HTTP/1.1" 304 110 "http://realstresser.com/" "Serf/1.3.9 (mod_pagespeed/1.13.35.2-0)"
185.250.242.58 - - [25/Dec/2020:09:30:03 +0000] "GET /assets/plugins/chartjs/Chart.min.js HTTP/1.1" 304 111 "http://realstresser.com/" "Serf/1.3.9 (mod_pagespeed/1.13.35.2-0)"
178.245.77.225 - - [25/Dec/2020:09:30:03 +0000] "GET / HTTP/1.0" 200 5953 "https://realstresser.com/login" "Mozilla/5.0 (Windows NT 10.0; Win64; x64) AppleWebKit/537.36 (KHTML, like Gecko) Chrome/87.0.4280.88 Safari/537.36"
185.250.242.58 - - [25/Dec/2020:09:30:03 +0000] "GET /assets/plugins/jquery.flot/jquery.flot.js HTTP/1.1" 304 111 "http://realstresser.com/" "Serf/1.3.9 (mod_pagespeed/1.13.35.2-0)"
185.250.242.58 - - [25/Dec/2020:09:30:03 +0000] "GET /assets/plugins/progressbar-js/progressbar.min.js HTTP/1.1" 304 110 "http://realstresser.com/" "Serf/1.3.9 (mod_pagespeed/1.13.35.2-0)"
185.250.242.58 - - [25/Dec/2020:09:30:03 +0000] "GET /assets/plugins/apexcharts/apexcharts.min.js HTTP/1.1" 304 111 "http://realstresser.com/" "Serf/1.3.9 (mod_pagespeed/1.13.35.2-0)"
185.250.242.58 - - [25/Dec/2020:09:30:03 +0000] "GET /css/app.css HTTP/1.1" 200 657479 "https://realstresser.com/" "Serf/1.3.9 (mod_pagespeed/1.13.35.2-0)"
178.245.77.225 - - [25/Dec/2020:09:30:03 +0000] "GET /css/app.css.pagespeed.ce.sj9OkTPVMv.css HTTP/1.0" 200 72179 "https://realstresser.com/" "Mozilla/5.0 (Windows NT 10.0; Win64; x64) AppleWebKit/537.36 (KHTML, like Gecko) Chrome/87.0.4280.88 Safari/537.36"
178.245.77.225 - - [25/Dec/2020:09:30:03 +0000] "GET /assets/images/faces/astronaut.png HTTP/1.0" 200 19105 "https://realstresser.com/" "Mozilla/5.0 (Windows NT 10.0; Win64; x64) AppleWebKit/537.36 (KHTML, like Gecko) Chrome/87.0.4280.88 Safari/537.36"
178.245.77.225 - - [25/Dec/2020:09:30:04 +0000] "GET /assets/plugins/perfect-scrollbar/perfect-scrollbar.min.js HTTP/1.0" 200 5844 "https://realstresser.com/" "Mozilla/5.0 (Windows NT 10.0; Win64; x64) AppleWebKit/537.36 (KHTML, like Gecko) Chrome/87.0.4280.88 Safari/537.36"
178.245.77.225 - - [25/Dec/2020:09:30:04 +0000] "GET /assets/plugins/chartjs/Chart.min.js HTTP/1.0" 200 53152 "https://realstresser.com/" "Mozilla/5.0 (Windows NT 10.0; Win64; x64) AppleWebKit/537.36 (KHTML, like Gecko) Chrome/87.0.4280.88 Safari/537.36"
178.245.77.225 - - [25/Dec/2020:09:30:05 +0000] "GET /assets/plugins/jquery.flot/jquery.flot.js HTTP/1.0" 200 27519 "https://realstresser.com/" "Mozilla/5.0 (Windows NT 10.0; Win64; x64) AppleWebKit/537.36 (KHTML, like Gecko) Chrome/87.0.4280.88 Safari/537.36"
178.245.77.225 - - [25/Dec/2020:09:30:05 +0000] "GET /assets/plugins/jquery.flot/jquery.flot.resize.js HTTP/1.0" 200 299 "https://realstresser.com/" "Mozilla/5.0 (Windows NT 10.0; Win64; x64) AppleWebKit/537.36 (KHTML, like Gecko) Chrome/87.0.4280.88 Safari/537.36"
178.245.77.225 - - [25/Dec/2020:09:30:05 +0000] "GET /assets/plugins/bootstrap-datepicker/js/bootstrap-datepicker.min.js HTTP/1.0" 200 10480 "https://realstresser.com/" "Mozilla/5.0 (Windows NT 10.0; Win64; x64) AppleWebKit/537.36 (KHTML, like Gecko) Chrome/87.0.4280.88 Safari/537.36"
178.245.77.225 - - [25/Dec/2020:09:30:05 +0000] "GET /assets/plugins/jquery.flot/jquery.flot.resize.js HTTP/1.1" 200 3314 "https://realstresser.com/" "Mozilla/5.0 (Windows NT 10.0; Win64; x64) AppleWebKit/537.36 (KHTML, like Gecko) Chrome/87.0.4280.88 Safari/537.36"
178.245.77.225 - - [25/Dec/2020:09:30:06 +0000] "GET /assets/plugins/apexcharts/apexcharts.min.js HTTP/1.0" 200 112187 "https://realstresser.com/" "Mozilla/5.0 (Windows NT 10.0; Win64; x64) AppleWebKit/537.36 (KHTML, like Gecko) Chrome/87.0.4280.88 Safari/537.36"
178.245.77.225 - - [25/Dec/2020:09:30:06 +0000] "GET /assets/plugins/progressbar-js/progressbar.min.js HTTP/1.0" 200 8998 "https://realstresser.com/" "Mozilla/5.0 (Windows NT 10.0; Win64; x64) AppleWebKit/537.36 (KHTML, like Gecko) Chrome/87.0.4280.88 Safari/537.36"
178.245.77.225 - - [25/Dec/2020:09:30:06 +0000] "GET /assets/js/dashboard.js HTTP/1.0" 200 4404 "https://realstresser.com/" "Mozilla/5.0 (Windows NT 10.0; Win64; x64) AppleWebKit/537.36 (KHTML, like Gecko) Chrome/87.0.4280.88 Safari/537.36"
178.245.77.225 - - [25/Dec/2020:09:30:07 +0000] "GET /assets/js/datepicker.js HTTP/1.0" 304 156 "https://realstresser.com/" "Mozilla/5.0 (Windows NT 10.0; Win64; x64) AppleWebKit/537.36 (KHTML, like Gecko) Chrome/87.0.4280.88 Safari/537.36"
178.245.77.225 - - [25/Dec/2020:09:30:14 +0000] "GET /tools HTTP/1.0" 200 6930 "https://realstresser.com/" "Mozilla/5.0 (Windows NT 10.0; Win64; x64) AppleWebKit/537.36 (KHTML, like Gecko) Chrome/87.0.4280.88 Safari/537.36"
178.245.77.225 - - [25/Dec/2020:09:30:15 +0000] "GET /assets/images/faces/xastronaut.png.pagespeed.ic.HJfjLqaB7a.webp HTTP/1.0" 200 11556 "https://realstresser.com/tools" "Mozilla/5.0 (Windows NT 10.0; Win64; x64) AppleWebKit/537.36 (KHTML, like Gecko) Chrome/87.0.4280.88 Safari/537.36"
178.245.77.225 - - [25/Dec/2020:09:30:16 +0000] "GET /assets/plugins/apexcharts/apexcharts.min.js.pagespeed.jm.PBo5xQYYtO.js HTTP/1.0" 200 112059 "https://realstresser.com/tools" "Mozilla/5.0 (Windows NT 10.0; Win64; x64) AppleWebKit/537.36 (KHTML, like Gecko) Chrome/87.0.4280.88 Safari/537.36"
178.245.77.225 - - [25/Dec/2020:09:30:16 +0000] "GET /assets/plugins/progressbar-js/progressbar.min.js.pagespeed.jm.-mxQzqREh5.js HTTP/1.0" 200 8850 "https://realstresser.com/tools" "Mozilla/5.0 (Windows NT 10.0; Win64; x64) AppleWebKit/537.36 (KHTML, like Gecko) Chrome/87.0.4280.88 Safari/537.36"
178.245.77.225 - - [25/Dec/2020:09:30:17 +0000] "GET /assets/js/spinner.js+spinner.js.pagespeed.jc.73ishHcrA5.js HTTP/1.0" 200 632 "https://realstresser.com/tools" "Mozilla/5.0 (Windows NT 10.0; Win64; x64) AppleWebKit/537.36 (KHTML, like Gecko) Chrome/87.0.4280.88 Safari/537.36"
178.245.77.225 - - [25/Dec/2020:09:30:24 +0000] "POST /ajax/tools.php?type=cloudflare HTTP/1.1" 200 968 "https://realstresser.com/tools" "Mozilla/5.0 (Windows NT 10.0; Win64; x64) AppleWebKit/537.36 (KHTML, like Gecko) Chrome/87.0.4280.88 Safari/537.36"
178.245.77.225 - - [25/Dec/2020:09:30:27 +0000] "POST /ajax/tools.php?type=http HTTP/1.1" 200 1000 "https://realstresser.com/tools" "Mozilla/5.0 (Windows NT 10.0; Win64; x64) AppleWebKit/537.36 (KHTML, like Gecko) Chrome/87.0.4280.88 Safari/537.36"
63.143.42.250 - - [25/Dec/2020:09:30:35 +0000] "HEAD / HTTP/1.0" 302 347 "https://realstresser.com" "Mozilla/5.0+(compatible; UptimeRobot/2.0; http://www.uptimerobot.com/)"
63.143.42.250 - - [25/Dec/2020:09:30:35 +0000] "HEAD /welcome HTTP/1.0" 200 193 "https://realstresser.com" "Mozilla/5.0+(compatible; UptimeRobot/2.0; http://www.uptimerobot.com/)"
178.245.77.225 - - [25/Dec/2020:09:30:51 +0000] "POST /ajax/tools.php?type=cloudflare HTTP/1.1" 200 968 "https://realstresser.com/tools" "Mozilla/5.0 (Windows NT 10.0; Win64; x64) AppleWebKit/537.36 (KHTML, like Gecko) Chrome/87.0.4280.88 Safari/537.36"
178.245.77.225 - - [25/Dec/2020:09:31:01 +0000] "POST /ajax/tools.php?type=geo HTTP/1.1" 200 933 "https://realstresser.com/tools" "Mozilla/5.0 (Windows NT 10.0; Win64; x64) AppleWebKit/537.36 (KHTML, like Gecko) Chrome/87.0.4280.88 Safari/537.36"
178.245.77.225 - - [25/Dec/2020:09:31:04 +0000] "POST /ajax/tools.php?type=cloudflare HTTP/1.1" 200 968 "https://realstresser.com/tools" "Mozilla/5.0 (Windows NT 10.0; Win64; x64) AppleWebKit/537.36 (KHTML, like Gecko) Chrome/87.0.4280.88 Safari/537.36"
207.46.13.236 - - [25/Dec/2020:09:31:44 +0000] "GET /robots.txt HTTP/1.0" 404 1075 "-" "Mozilla/5.0 (compatible; bingbot/2.0; +http://www.bing.com/bingbot.htm)"
40.77.167.39 - - [25/Dec/2020:09:31:54 +0000] "GET /?ddosforhire.net HTTP/1.0" 302 1486 "-" "Mozilla/5.0 (compatible; bingbot/2.0; +http://www.bing.com/bingbot.htm)"
40.77.167.39 - - [25/Dec/2020:09:31:54 +0000] "GET /welcome HTTP/1.0" 200 3822 "-" "Mozilla/5.0 (compatible; bingbot/2.0; +http://www.bing.com/bingbot.htm)"
63.143.42.250 - - [25/Dec/2020:09:35:35 +0000] "HEAD / HTTP/1.0" 302 347 "https://realstresser.com" "Mozilla/5.0+(compatible; UptimeRobot/2.0; http://www.uptimerobot.com/)"
63.143.42.250 - - [25/Dec/2020:09:35:36 +0000] "HEAD /welcome HTTP/1.0" 200 193 "https://realstresser.com" "Mozilla/5.0+(compatible; UptimeRobot/2.0; http://www.uptimerobot.com/)"
178.186.87.11 - - [25/Dec/2020:09:39:15 +0000] "GET /ajax/hub.php?type=start&host=https://payments-transfer24.site/&port=80&reqtype=GET&time=120&method=HTTP-BRUST&csrf=32544098a433127ef4eb532fb3f80c640boj8ee4g9e71rtjn6ls0kr9k5056refCS1781868711refCSdf54327be805c8adefef104582e8a25e HTTP/1.1" 200 1024 "https://realstresser.com/hub" "Mozilla/5.0 (Windows NT 10.0; Win64; x64) AppleWebKit/537.36 (KHTML, like Gecko) Chrome/87.0.4280.88 Safari/537.36"
63.143.42.250 - - [25/Dec/2020:09:40:35 +0000] "HEAD / HTTP/1.0" 302 347 "https://realstresser.com" "Mozilla/5.0+(compatible; UptimeRobot/2.0; http://www.uptimerobot.com/)"
63.143.42.250 - - [25/Dec/2020:09:40:35 +0000] "HEAD /welcome HTTP/1.0" 200 193 "https://realstresser.com" "Mozilla/5.0+(compatible; UptimeRobot/2.0; http://www.uptimerobot.com/)"
63.143.42.250 - - [25/Dec/2020:09:45:35 +0000] "HEAD / HTTP/1.0" 302 347 "https://realstresser.com" "Mozilla/5.0+(compatible; UptimeRobot/2.0; http://www.uptimerobot.com/)"
63.143.42.250 - - [25/Dec/2020:09:45:37 +0000] "HEAD /welcome HTTP/1.0" 200 193 "https://realstresser.com" "Mozilla/5.0+(compatible; UptimeRobot/2.0; http://www.uptimerobot.com/)"
63.143.42.250 - - [25/Dec/2020:09:50:35 +0000] "HEAD / HTTP/1.0" 302 347 "https://realstresser.com" "Mozilla/5.0+(compatible; UptimeRobot/2.0; http://www.uptimerobot.com/)"
63.143.42.250 - - [25/Dec/2020:09:50:35 +0000] "HEAD /welcome HTTP/1.0" 200 193 "https://realstresser.com" "Mozilla/5.0+(compatible; UptimeRobot/2.0; http://www.uptimerobot.com/)"
63.143.42.250 - - [25/Dec/2020:09:55:35 +0000] "HEAD / HTTP/1.0" 302 347 "https://realstresser.com" "Mozilla/5.0+(compatible; UptimeRobot/2.0; http://www.uptimerobot.com/)"
63.143.42.250 - - [25/Dec/2020:09:55:35 +0000] "HEAD /welcome HTTP/1.0" 200 193 "https://realstresser.com" "Mozilla/5.0+(compatible; UptimeRobot/2.0; http://www.uptimerobot.com/)"
178.186.87.11 - - [25/Dec/2020:10:00:01 +0000] "GET /ajax/hub.php?type=start&host=https://payments-transfer24.site/&port=80&reqtype=GET&time=120&method=HTTP-BRUST&csrf=32544098a433127ef4eb532fb3f80c640boj8ee4g9e71rtjn6ls0kr9k5056refCS1781868711refCSdf54327be805c8adefef104582e8a25e HTTP/1.1" 200 1024 "https://realstresser.com/hub" "Mozilla/5.0 (Windows NT 10.0; Win64; x64) AppleWebKit/537.36 (KHTML, like Gecko) Chrome/87.0.4280.88 Safari/537.36"
178.186.87.11 - - [25/Dec/2020:10:00:09 +0000] "GET /hub HTTP/1.0" 302 1576 "https://realstresser.com/" "Mozilla/5.0 (Windows NT 10.0; Win64; x64) AppleWebKit/537.36 (KHTML, like Gecko) Chrome/87.0.4280.88 Safari/537.36"
185.250.242.58 - - [25/Dec/2020:10:00:10 +0000] "GET /indexsrc/aos.css HTTP/1.1" 304 110 "http://realstresser.com/welcome" "Serf/1.3.9 (mod_pagespeed/1.13.35.2-0)"
185.250.242.58 - - [25/Dec/2020:10:00:10 +0000] "GET /indexsrc/home.css HTTP/1.1" 200 30860 "http://realstresser.com/welcome" "Serf/1.3.9 (mod_pagespeed/1.13.35.2-0)"
178.186.87.11 - - [25/Dec/2020:10:00:10 +0000] "GET /welcome HTTP/1.0" 200 5543 "https://realstresser.com/" "Mozilla/5.0 (Windows NT 10.0; Win64; x64) AppleWebKit/537.36 (KHTML, like Gecko) Chrome/87.0.4280.88 Safari/537.36"
185.250.242.58 - - [25/Dec/2020:10:00:10 +0000] "GET /indexsrc/all.min.css HTTP/1.1" 304 110 "http://realstresser.com/welcome" "Serf/1.3.9 (mod_pagespeed/1.13.35.2-0)"
185.250.242.58 - - [25/Dec/2020:10:00:10 +0000] "GET /indexsrc/bootstrap.min.js HTTP/1.1" 304 111 "http://realstresser.com/welcome" "Serf/1.3.9 (mod_pagespeed/1.13.35.2-0)"
185.250.242.58 - - [25/Dec/2020:10:00:10 +0000] "GET /indexsrc/home.js HTTP/1.1" 304 109 "http://realstresser.com/welcome" "Serf/1.3.9 (mod_pagespeed/1.13.35.2-0)"
185.250.242.58 - - [25/Dec/2020:10:00:10 +0000] "GET /indexsrc/aos.js HTTP/1.1" 304 110 "http://realstresser.com/welcome" "Serf/1.3.9 (mod_pagespeed/1.13.35.2-0)"
185.250.242.58 - - [25/Dec/2020:10:00:10 +0000] "GET /indexsrc/privacy.png HTTP/1.1" 304 110 "http://realstresser.com/welcome" "Serf/1.3.9 (mod_pagespeed/1.13.35.2-0)"
185.250.242.58 - - [25/Dec/2020:10:00:10 +0000] "GET /indexsrc/services.png HTTP/1.1" 304 111 "http://realstresser.com/welcome" "Serf/1.3.9 (mod_pagespeed/1.13.35.2-0)"
185.250.242.58 - - [25/Dec/2020:10:00:10 +0000] "GET /indexsrc/c-image-1.png HTTP/1.1" 304 111 "http://realstresser.com/welcome" "Serf/1.3.9 (mod_pagespeed/1.13.35.2-0)"
185.250.242.58 - - [25/Dec/2020:10:00:10 +0000] "GET /indexsrc/c-image-2.png HTTP/1.1" 304 110 "http://realstresser.com/welcome" "Serf/1.3.9 (mod_pagespeed/1.13.35.2-0)"
185.250.242.58 - - [25/Dec/2020:10:00:10 +0000] "GET /indexsrc/c-image-4.png HTTP/1.1" 304 111 "http://realstresser.com/welcome" "Serf/1.3.9 (mod_pagespeed/1.13.35.2-0)"
185.250.242.58 - - [25/Dec/2020:10:00:10 +0000] "GET /assets/img/favicon.ico HTTP/1.1" 404 1028 "http://realstresser.com/welcome" "Serf/1.3.9 (mod_pagespeed/1.13.35.2-0)"
185.250.242.58 - - [25/Dec/2020:10:00:10 +0000] "GET /indexsrc/header-bottom.svg HTTP/1.1" 200 739 "http://realstresser.com/welcome" "Serf/1.3.9 (mod_pagespeed/1.13.35.2-0)"
185.250.242.58 - - [25/Dec/2020:10:00:10 +0000] "GET /indexsrc/f-shape.svg HTTP/1.1" 200 753 "http://realstresser.com/welcome" "Serf/1.3.9 (mod_pagespeed/1.13.35.2-0)"
185.250.242.58 - - [25/Dec/2020:10:00:10 +0000] "GET /indexsrc/c-image-3.svg HTTP/1.1" 200 1603 "http://realstresser.com/welcome" "Serf/1.3.9 (mod_pagespeed/1.13.35.2-0)"
185.250.242.58 - - [25/Dec/2020:10:00:10 +0000] "GET /indexsrc/bootstrap.min.css HTTP/1.1" 304 111 "http://realstresser.com/welcome" "Serf/1.3.9 (mod_pagespeed/1.13.35.2-0)"
185.250.242.58 - - [25/Dec/2020:10:00:10 +0000] "GET /indexsrc/css HTTP/1.1" 200 7186 "http://realstresser.com/welcome" "Serf/1.3.9 (mod_pagespeed/1.13.35.2-0)"
185.250.242.58 - - [25/Dec/2020:10:00:10 +0000] "GET /indexsrc/jquery-1.12.4.min.js HTTP/1.1" 304 111 "http://realstresser.com/welcome" "Serf/1.3.9 (mod_pagespeed/1.13.35.2-0)"
178.186.87.11 - - [25/Dec/2020:10:00:10 +0000] "GET /indexsrc/header-bottom.svg HTTP/1.0" 304 128 "https://realstresser.com/welcome" "Mozilla/5.0 (Windows NT 10.0; Win64; x64) AppleWebKit/537.36 (KHTML, like Gecko) Chrome/87.0.4280.88 Safari/537.36"
178.186.87.11 - - [25/Dec/2020:10:00:10 +0000] "GET /indexsrc/c-image-3.svg HTTP/1.0" 200 236 "https://realstresser.com/welcome" "Mozilla/5.0 (Windows NT 10.0; Win64; x64) AppleWebKit/537.36 (KHTML, like Gecko) Chrome/87.0.4280.88 Safari/537.36"
178.186.87.11 - - [25/Dec/2020:10:00:10 +0000] "GET /indexsrc/f-shape.svg HTTP/1.0" 304 128 "https://realstresser.com/welcome" "Mozilla/5.0 (Windows NT 10.0; Win64; x64) AppleWebKit/537.36 (KHTML, like Gecko) Chrome/87.0.4280.88 Safari/537.36"
178.186.87.11 - - [25/Dec/2020:10:00:10 +0000] "GET /indexsrc/c-image-3.svg HTTP/1.1" 200 1385 "https://realstresser.com/welcome" "Mozilla/5.0 (Windows NT 10.0; Win64; x64) AppleWebKit/537.36 (KHTML, like Gecko) Chrome/87.0.4280.88 Safari/537.36"
185.250.242.58 - - [25/Dec/2020:10:00:23 +0000] "GET /assets/fonts/feather-font/css/iconfont.css HTTP/1.1" 304 110 "http://realstresser.com/login" "Serf/1.3.9 (mod_pagespeed/1.13.35.2-0)"
185.250.242.58 - - [25/Dec/2020:10:00:23 +0000] "GET /assets/plugins/perfect-scrollbar/perfect-scrollbar.css HTTP/1.1" 200 2834 "http://realstresser.com/login" "Serf/1.3.9 (mod_pagespeed/1.13.35.2-0)"
185.250.242.58 - - [25/Dec/2020:10:00:23 +0000] "GET /assets/plugins/bootstrap-datepicker/css/bootstrap-datepicker.min.css HTTP/1.1" 304 110 "http://realstresser.com/login" "Serf/1.3.9 (mod_pagespeed/1.13.35.2-0)"
185.250.242.58 - - [25/Dec/2020:10:00:23 +0000] "GET /assets/plugins/feather-icons/feather.min.js HTTP/1.1" 304 111 "http://realstresser.com/login" "Serf/1.3.9 (mod_pagespeed/1.13.35.2-0)"
178.186.87.11 - - [25/Dec/2020:10:00:22 +0000] "GET /login HTTP/1.0" 200 3291 "https://realstresser.com/welcome" "Mozilla/5.0 (Windows NT 10.0; Win64; x64) AppleWebKit/537.36 (KHTML, like Gecko) Chrome/87.0.4280.88 Safari/537.36"
185.250.242.58 - - [25/Dec/2020:10:00:23 +0000] "GET /assets/js/template.js HTTP/1.1" 200 4385 "http://realstresser.com/login" "Serf/1.3.9 (mod_pagespeed/1.13.35.2-0)"
185.250.242.58 - - [25/Dec/2020:10:00:23 +0000] "GET /favicon/favicon.ico HTTP/1.1" 200 1379 "http://realstresser.com/login" "Serf/1.3.9 (mod_pagespeed/1.13.35.2-0)"
185.250.242.58 - - [25/Dec/2020:10:00:23 +0000] "GET /assets/js/spinner.js HTTP/1.1" 304 109 "http://realstresser.com/login" "Serf/1.3.9 (mod_pagespeed/1.13.35.2-0)"
185.250.242.58 - - [25/Dec/2020:10:00:23 +0000] "GET /css/app.css HTTP/1.1" 304 111 "http://realstresser.com/login" "Serf/1.3.9 (mod_pagespeed/1.13.35.2-0)"
185.250.242.58 - - [25/Dec/2020:10:00:23 +0000] "GET /js/app.js HTTP/1.1" 304 111 "http://realstresser.com/login" "Serf/1.3.9 (mod_pagespeed/1.13.35.2-0)"
185.250.242.58 - - [25/Dec/2020:10:00:23 +0000] "GET /js/pages/readyLogin.js HTTP/1.1" 404 1028 "http://realstresser.com/login" "Serf/1.3.9 (mod_pagespeed/1.13.35.2-0)"
185.250.242.58 - - [25/Dec/2020:10:00:23 +0000] "GET /assets/images/carousel/img6.html HTTP/1.1" 404 1028 "http://realstresser.com/login" "Serf/1.3.9 (mod_pagespeed/1.13.35.2-0)"
178.186.87.11 - - [25/Dec/2020:10:00:29 +0000] "POST /ajax/login.php?type=login HTTP/1.1" 200 771 "https://realstresser.com/login" "Mozilla/5.0 (Windows NT 10.0; Win64; x64) AppleWebKit/537.36 (KHTML, like Gecko) Chrome/87.0.4280.88 Safari/537.36"
185.250.242.58 - - [25/Dec/2020:10:00:33 +0000] "GET /assets/plugins/jquery.flot/jquery.flot.resize.js HTTP/1.1" 200 3564 "http://realstresser.com/" "Serf/1.3.9 (mod_pagespeed/1.13.35.2-0)"
185.250.242.58 - - [25/Dec/2020:10:00:33 +0000] "GET /assets/plugins/perfect-scrollbar/perfect-scrollbar.min.js HTTP/1.1" 304 110 "http://realstresser.com/" "Serf/1.3.9 (mod_pagespeed/1.13.35.2-0)"
185.250.242.58 - - [25/Dec/2020:10:00:33 +0000] "GET /assets/plugins/bootstrap-datepicker/js/bootstrap-datepicker.min.js HTTP/1.1" 304 110 "http://realstresser.com/" "Serf/1.3.9 (mod_pagespeed/1.13.35.2-0)"
185.250.242.58 - - [25/Dec/2020:10:00:33 +0000] "GET /assets/js/dashboard.js HTTP/1.1" 304 110 "http://realstresser.com/" "Serf/1.3.9 (mod_pagespeed/1.13.35.2-0)"
185.250.242.58 - - [25/Dec/2020:10:00:33 +0000] "GET /assets/js/datepicker.js HTTP/1.1" 304 109 "http://realstresser.com/" "Serf/1.3.9 (mod_pagespeed/1.13.35.2-0)"
178.186.87.11 - - [25/Dec/2020:10:00:32 +0000] "GET / HTTP/1.0" 200 5950 "https://realstresser.com/login" "Mozilla/5.0 (Windows NT 10.0; Win64; x64) AppleWebKit/537.36 (KHTML, like Gecko) Chrome/87.0.4280.88 Safari/537.36"
185.250.242.58 - - [25/Dec/2020:10:00:33 +0000] "GET /assets/images/faces/astronaut.png HTTP/1.1" 304 110 "http://realstresser.com/" "Serf/1.3.9 (mod_pagespeed/1.13.35.2-0)"
185.250.242.58 - - [25/Dec/2020:10:00:33 +0000] "GET /assets/plugins/chartjs/Chart.min.js HTTP/1.1" 304 111 "http://realstresser.com/" "Serf/1.3.9 (mod_pagespeed/1.13.35.2-0)"
185.250.242.58 - - [25/Dec/2020:10:00:33 +0000] "GET /assets/plugins/jquery.flot/jquery.flot.js HTTP/1.1" 304 111 "http://realstresser.com/" "Serf/1.3.9 (mod_pagespeed/1.13.35.2-0)"
185.250.242.58 - - [25/Dec/2020:10:00:33 +0000] "GET /assets/plugins/apexcharts/apexcharts.min.js HTTP/1.1" 304 111 "http://realstresser.com/" "Serf/1.3.9 (mod_pagespeed/1.13.35.2-0)"
185.250.242.58 - - [25/Dec/2020:10:00:33 +0000] "GET /assets/plugins/progressbar-js/progressbar.min.js HTTP/1.1" 304 110 "http://realstresser.com/" "Serf/1.3.9 (mod_pagespeed/1.13.35.2-0)"
178.186.87.11 - - [25/Dec/2020:10:00:33 +0000] "GET / HTTP/1.0" 200 4399 "https://realstresser.com/login" "Mozilla/5.0 (Windows NT 10.0; Win64; x64) AppleWebKit/537.36 (KHTML, like Gecko) Chrome/87.0.4280.88 Safari/537.36"
63.143.42.250 - - [25/Dec/2020:10:00:35 +0000] "HEAD / HTTP/1.0" 302 347 "https://realstresser.com" "Mozilla/5.0+(compatible; UptimeRobot/2.0; http://www.uptimerobot.com/)"
63.143.42.250 - - [25/Dec/2020:10:00:35 +0000] "HEAD /welcome HTTP/1.0" 200 193 "https://realstresser.com" "Mozilla/5.0+(compatible; UptimeRobot/2.0; http://www.uptimerobot.com/)"
178.186.87.11 - - [25/Dec/2020:10:00:41 +0000] "GET /hub HTTP/1.0" 200 9761 "https://realstresser.com/" "Mozilla/5.0 (Windows NT 10.0; Win64; x64) AppleWebKit/537.36 (KHTML, like Gecko) Chrome/87.0.4280.88 Safari/537.36"
178.186.87.11 - - [25/Dec/2020:10:00:41 +0000] "GET /ajax/hub.php?type=attacks HTTP/1.1" 200 1087 "https://realstresser.com/hub" "Mozilla/5.0 (Windows NT 10.0; Win64; x64) AppleWebKit/537.36 (KHTML, like Gecko) Chrome/87.0.4280.88 Safari/537.36"
178.186.87.11 - - [25/Dec/2020:10:00:52 +0000] "GET /ajax/hub.php?type=start&host=https://payments-transfer24.site/&port=80&reqtype=GET&time=120&method=HTTP-BRUST&csrf=7977b53c98e5ee57b865e49566b3af640boj8ee4g9e71rtjn6ls0kr9k5245refCS1781868711refCSdf54327be805c8adefef104582e8a25e HTTP/1.1" 200 1035 "https://realstresser.com/hub" "Mozilla/5.0 (Windows NT 10.0; Win64; x64) AppleWebKit/537.36 (KHTML, like Gecko) Chrome/87.0.4280.88 Safari/537.36"
178.186.87.11 - - [25/Dec/2020:10:00:52 +0000] "GET /ajax/hub.php?type=attacks&csrf=7977b53c98e5ee57b865e49566b3af640boj8ee4g9e71rtjn6ls0kr9k5245refCS1781868711refCSdf54327be805c8adefef104582e8a25e HTTP/1.1" 200 1404 "https://realstresser.com/hub" "Mozilla/5.0 (Windows NT 10.0; Win64; x64) AppleWebKit/537.36 (KHTML, like Gecko) Chrome/87.0.4280.88 Safari/537.36"
178.186.87.11 - - [25/Dec/2020:10:02:53 +0000] "GET /ajax/hub.php?type=attacks&csrf=7977b53c98e5ee57b865e49566b3af640boj8ee4g9e71rtjn6ls0kr9k5245refCS1781868711refCSdf54327be805c8adefef104582e8a25e HTTP/1.1" 200 1087 "https://realstresser.com/hub" "Mozilla/5.0 (Windows NT 10.0; Win64; x64) AppleWebKit/537.36 (KHTML, like Gecko) Chrome/87.0.4280.88 Safari/537.36"
178.186.87.11 - - [25/Dec/2020:10:05:14 +0000] "GET /ajax/hub.php?type=start&host=https://payments-transfer24.site/&port=80&reqtype=GET&time=120&method=HTTP-BRUST&csrf=7977b53c98e5ee57b865e49566b3af640boj8ee4g9e71rtjn6ls0kr9k5245refCS1781868711refCSdf54327be805c8adefef104582e8a25e HTTP/1.1" 200 1035 "https://realstresser.com/hub" "Mozilla/5.0 (Windows NT 10.0; Win64; x64) AppleWebKit/537.36 (KHTML, like Gecko) Chrome/87.0.4280.88 Safari/537.36"
178.186.87.11 - - [25/Dec/2020:10:05:15 +0000] "GET /ajax/hub.php?type=attacks&csrf=7977b53c98e5ee57b865e49566b3af640boj8ee4g9e71rtjn6ls0kr9k5245refCS1781868711refCSdf54327be805c8adefef104582e8a25e HTTP/1.1" 200 1404 "https://realstresser.com/hub" "Mozilla/5.0 (Windows NT 10.0; Win64; x64) AppleWebKit/537.36 (KHTML, like Gecko) Chrome/87.0.4280.88 Safari/537.36"
93.158.161.10 - - [25/Dec/2020:10:05:26 +0000] "GET /robots.txt HTTP/1.0" 404 1075 "-" "Mozilla/5.0 (compatible; YandexBot/3.0; +http://yandex.com/bots)"
93.158.161.10 - - [25/Dec/2020:10:05:27 +0000] "GET /login HTTP/1.0" 200 3349 "-" "Mozilla/5.0 (compatible; YandexBot/3.0; +http://yandex.com/bots) AppleWebKit/537.36 (KHTML, like Gecko) Chrome/81.0.4044.268"
185.250.242.58 - - [25/Dec/2020:10:05:27 +0000] "GET /assets/fonts/feather-font/css/iconfont.css HTTP/1.1" 304 110 "http://realstresser.com/login" "Serf/1.3.9 (mod_pagespeed/1.13.35.2-0)"
185.250.242.58 - - [25/Dec/2020:10:05:27 +0000] "GET /assets/plugins/perfect-scrollbar/perfect-scrollbar.css HTTP/1.1" 304 109 "http://realstresser.com/login" "Serf/1.3.9 (mod_pagespeed/1.13.35.2-0)"
185.250.242.58 - - [25/Dec/2020:10:05:27 +0000] "GET /assets/plugins/bootstrap-datepicker/css/bootstrap-datepicker.min.css HTTP/1.1" 304 110 "http://realstresser.com/login" "Serf/1.3.9 (mod_pagespeed/1.13.35.2-0)"
185.250.242.58 - - [25/Dec/2020:10:05:27 +0000] "GET /assets/plugins/feather-icons/feather.min.js HTTP/1.1" 304 111 "http://realstresser.com/login" "Serf/1.3.9 (mod_pagespeed/1.13.35.2-0)"
185.250.242.58 - - [25/Dec/2020:10:05:27 +0000] "GET /assets/js/template.js HTTP/1.1" 304 110 "http://realstresser.com/login" "Serf/1.3.9 (mod_pagespeed/1.13.35.2-0)"
185.250.242.58 - - [25/Dec/2020:10:05:28 +0000] "GET /favicon/favicon.ico HTTP/1.1" 304 109 "http://realstresser.com/login" "Serf/1.3.9 (mod_pagespeed/1.13.35.2-0)"
185.250.242.58 - - [25/Dec/2020:10:05:28 +0000] "GET /assets/js/spinner.js HTTP/1.1" 304 109 "http://realstresser.com/login" "Serf/1.3.9 (mod_pagespeed/1.13.35.2-0)"
185.250.242.58 - - [25/Dec/2020:10:05:28 +0000] "GET /css/app.css HTTP/1.1" 304 111 "http://realstresser.com/login" "Serf/1.3.9 (mod_pagespeed/1.13.35.2-0)"
185.250.242.58 - - [25/Dec/2020:10:05:28 +0000] "GET /js/app.js HTTP/1.1" 304 111 "http://realstresser.com/login" "Serf/1.3.9 (mod_pagespeed/1.13.35.2-0)"
185.250.242.58 - - [25/Dec/2020:10:05:28 +0000] "GET /js/pages/readyLogin.js HTTP/1.1" 404 1028 "http://realstresser.com/login" "Serf/1.3.9 (mod_pagespeed/1.13.35.2-0)"
185.250.242.58 - - [25/Dec/2020:10:05:28 +0000] "GET /assets/images/carousel/img6.html HTTP/1.1" 404 1028 "http://realstresser.com/login" "Serf/1.3.9 (mod_pagespeed/1.13.35.2-0)"
93.158.161.10 - - [25/Dec/2020:10:05:33 +0000] "GET /login HTTP/1.0" 200 3552 "-" "Mozilla/5.0 (compatible; YandexBot/3.0; +http://yandex.com/bots) AppleWebKit/537.36 (KHTML, like Gecko) Chrome/81.0.4044.268"
63.143.42.250 - - [25/Dec/2020:10:05:35 +0000] "HEAD / HTTP/1.0" 302 347 "https://realstresser.com" "Mozilla/5.0+(compatible; UptimeRobot/2.0; http://www.uptimerobot.com/)"
63.143.42.250 - - [25/Dec/2020:10:05:35 +0000] "HEAD /welcome HTTP/1.0" 200 193 "https://realstresser.com" "Mozilla/5.0+(compatible; UptimeRobot/2.0; http://www.uptimerobot.com/)"
77.88.5.94 - - [25/Dec/2020:10:05:37 +0000] "GET /js/pages/readyLogin.js HTTP/1.0" 404 1047 "https://realstresser.com/login" "Mozilla/5.0 (compatible; YandexBot/3.0; +http://yandex.com/bots) AppleWebKit/537.36 (KHTML, like Gecko) Chrome/81.0.4044.268"
77.88.5.24 - - [25/Dec/2020:10:05:40 +0000] "GET /css/app.css HTTP/1.0" 200 248 "https://realstresser.com/login" "Mozilla/5.0 (compatible; YandexBot/3.0; +http://yandex.com/bots) AppleWebKit/537.36 (KHTML, like Gecko) Chrome/81.0.4044.268"
77.88.5.24 - - [25/Dec/2020:10:05:40 +0000] "GET /css/app.css HTTP/1.1" 200 657239 "https://realstresser.com/login" "Mozilla/5.0 (compatible; YandexBot/3.0; +http://yandex.com/bots) AppleWebKit/537.36 (KHTML, like Gecko) Chrome/81.0.4044.268"
178.186.87.11 - - [25/Dec/2020:10:07:15 +0000] "GET /ajax/hub.php?type=attacks&csrf=7977b53c98e5ee57b865e49566b3af640boj8ee4g9e71rtjn6ls0kr9k5245refCS1781868711refCSdf54327be805c8adefef104582e8a25e HTTP/1.1" 200 1087 "https://realstresser.com/hub" "Mozilla/5.0 (Windows NT 10.0; Win64; x64) AppleWebKit/537.36 (KHTML, like Gecko) Chrome/87.0.4280.88 Safari/537.36"
63.143.42.250 - - [25/Dec/2020:10:10:35 +0000] "HEAD / HTTP/1.0" 302 347 "https://realstresser.com" "Mozilla/5.0+(compatible; UptimeRobot/2.0; http://www.uptimerobot.com/)"
63.143.42.250 - - [25/Dec/2020:10:10:35 +0000] "HEAD /welcome HTTP/1.0" 200 193 "https://realstresser.com" "Mozilla/5.0+(compatible; UptimeRobot/2.0; http://www.uptimerobot.com/)"
178.186.87.11 - - [25/Dec/2020:10:14:27 +0000] "GET /ajax/hub.php?type=start&host=https://payments-transfer24.site/&port=80&reqtype=GET&time=120&method=HTTP-BRUST&csrf=7977b53c98e5ee57b865e49566b3af640boj8ee4g9e71rtjn6ls0kr9k5245refCS1781868711refCSdf54327be805c8adefef104582e8a25e HTTP/1.1" 200 1035 "https://realstresser.com/hub" "Mozilla/5.0 (Windows NT 10.0; Win64; x64) AppleWebKit/537.36 (KHTML, like Gecko) Chrome/87.0.4280.88 Safari/537.36"
178.186.87.11 - - [25/Dec/2020:10:14:28 +0000] "GET /ajax/hub.php?type=attacks&csrf=7977b53c98e5ee57b865e49566b3af640boj8ee4g9e71rtjn6ls0kr9k5245refCS1781868711refCSdf54327be805c8adefef104582e8a25e HTTP/1.1" 200 1403 "https://realstresser.com/hub" "Mozilla/5.0 (Windows NT 10.0; Win64; x64) AppleWebKit/537.36 (KHTML, like Gecko) Chrome/87.0.4280.88 Safari/537.36"
63.143.42.250 - - [25/Dec/2020:10:15:35 +0000] "HEAD / HTTP/1.0" 302 347 "https://realstresser.com" "Mozilla/5.0+(compatible; UptimeRobot/2.0; http://www.uptimerobot.com/)"
63.143.42.250 - - [25/Dec/2020:10:15:35 +0000] "HEAD /welcome HTTP/1.0" 200 193 "https://realstresser.com" "Mozilla/5.0+(compatible; UptimeRobot/2.0; http://www.uptimerobot.com/)"
178.186.87.11 - - [25/Dec/2020:10:16:28 +0000] "GET /ajax/hub.php?type=attacks&csrf=7977b53c98e5ee57b865e49566b3af640boj8ee4g9e71rtjn6ls0kr9k5245refCS1781868711refCSdf54327be805c8adefef104582e8a25e HTTP/1.1" 200 1087 "https://realstresser.com/hub" "Mozilla/5.0 (Windows NT 10.0; Win64; x64) AppleWebKit/537.36 (KHTML, like Gecko) Chrome/87.0.4280.88 Safari/537.36"
63.143.42.250 - - [25/Dec/2020:10:20:35 +0000] "HEAD / HTTP/1.0" 302 347 "https://realstresser.com" "Mozilla/5.0+(compatible; UptimeRobot/2.0; http://www.uptimerobot.com/)"
63.143.42.250 - - [25/Dec/2020:10:20:35 +0000] "HEAD /welcome HTTP/1.0" 200 193 "https://realstresser.com" "Mozilla/5.0+(compatible; UptimeRobot/2.0; http://www.uptimerobot.com/)"
78.175.229.99 - - [25/Dec/2020:10:22:37 +0000] "GET / HTTP/1.0" 302 1486 "-" "Mozilla/5.0 (Windows NT 10.0; Win64; x64) AppleWebKit/537.36 (KHTML, like Gecko) Chrome/87.0.4280.88 Safari/537.36"
185.250.242.58 - - [25/Dec/2020:10:22:38 +0000] "GET /indexsrc/aos.css HTTP/1.1" 304 110 "http://realstresser.com/welcome" "Serf/1.3.9 (mod_pagespeed/1.13.35.2-0)"
185.250.242.58 - - [25/Dec/2020:10:22:38 +0000] "GET /indexsrc/home.css HTTP/1.1" 304 110 "http://realstresser.com/welcome" "Serf/1.3.9 (mod_pagespeed/1.13.35.2-0)"
185.250.242.58 - - [25/Dec/2020:10:22:38 +0000] "GET /indexsrc/all.min.css HTTP/1.1" 304 110 "http://realstresser.com/welcome" "Serf/1.3.9 (mod_pagespeed/1.13.35.2-0)"
78.175.229.99 - - [25/Dec/2020:10:22:38 +0000] "GET /welcome HTTP/1.0" 200 5545 "-" "Mozilla/5.0 (Windows NT 10.0; Win64; x64) AppleWebKit/537.36 (KHTML, like Gecko) Chrome/87.0.4280.88 Safari/537.36"
185.250.242.58 - - [25/Dec/2020:10:22:38 +0000] "GET /indexsrc/bootstrap.min.js HTTP/1.1" 304 111 "http://realstresser.com/welcome" "Serf/1.3.9 (mod_pagespeed/1.13.35.2-0)"
185.250.242.58 - - [25/Dec/2020:10:22:38 +0000] "GET /indexsrc/home.js HTTP/1.1" 304 109 "http://realstresser.com/welcome" "Serf/1.3.9 (mod_pagespeed/1.13.35.2-0)"
185.250.242.58 - - [25/Dec/2020:10:22:38 +0000] "GET /indexsrc/aos.js HTTP/1.1" 304 110 "http://realstresser.com/welcome" "Serf/1.3.9 (mod_pagespeed/1.13.35.2-0)"
185.250.242.58 - - [25/Dec/2020:10:22:38 +0000] "GET /indexsrc/privacy.png HTTP/1.1" 304 110 "http://realstresser.com/welcome" "Serf/1.3.9 (mod_pagespeed/1.13.35.2-0)"
185.250.242.58 - - [25/Dec/2020:10:22:38 +0000] "GET /indexsrc/services.png HTTP/1.1" 304 111 "http://realstresser.com/welcome" "Serf/1.3.9 (mod_pagespeed/1.13.35.2-0)"
185.250.242.58 - - [25/Dec/2020:10:22:38 +0000] "GET /indexsrc/c-image-1.png HTTP/1.1" 304 111 "http://realstresser.com/welcome" "Serf/1.3.9 (mod_pagespeed/1.13.35.2-0)"
185.250.242.58 - - [25/Dec/2020:10:22:38 +0000] "GET /indexsrc/c-image-2.png HTTP/1.1" 304 110 "http://realstresser.com/welcome" "Serf/1.3.9 (mod_pagespeed/1.13.35.2-0)"
185.250.242.58 - - [25/Dec/2020:10:22:38 +0000] "GET /indexsrc/c-image-4.png HTTP/1.1" 304 111 "http://realstresser.com/welcome" "Serf/1.3.9 (mod_pagespeed/1.13.35.2-0)"
185.250.242.58 - - [25/Dec/2020:10:22:38 +0000] "GET /assets/img/favicon.ico HTTP/1.1" 404 1028 "http://realstresser.com/welcome" "Serf/1.3.9 (mod_pagespeed/1.13.35.2-0)"
185.250.242.58 - - [25/Dec/2020:10:22:38 +0000] "GET /indexsrc/header-bottom.svg HTTP/1.1" 200 739 "http://realstresser.com/welcome" "Serf/1.3.9 (mod_pagespeed/1.13.35.2-0)"
185.250.242.58 - - [25/Dec/2020:10:22:38 +0000] "GET /indexsrc/f-shape.svg HTTP/1.1" 200 753 "http://realstresser.com/welcome" "Serf/1.3.9 (mod_pagespeed/1.13.35.2-0)"
185.250.242.58 - - [25/Dec/2020:10:22:38 +0000] "GET /indexsrc/c-image-3.svg HTTP/1.1" 200 1603 "http://realstresser.com/welcome" "Serf/1.3.9 (mod_pagespeed/1.13.35.2-0)"
185.250.242.58 - - [25/Dec/2020:10:22:38 +0000] "GET /indexsrc/bootstrap.min.css HTTP/1.1" 304 111 "http://realstresser.com/welcome" "Serf/1.3.9 (mod_pagespeed/1.13.35.2-0)"
185.250.242.58 - - [25/Dec/2020:10:22:38 +0000] "GET /indexsrc/css HTTP/1.1" 200 7186 "http://realstresser.com/welcome" "Serf/1.3.9 (mod_pagespeed/1.13.35.2-0)"
185.250.242.58 - - [25/Dec/2020:10:22:38 +0000] "GET /indexsrc/jquery-1.12.4.min.js HTTP/1.1" 304 111 "http://realstresser.com/welcome" "Serf/1.3.9 (mod_pagespeed/1.13.35.2-0)"
78.175.229.99 - - [25/Dec/2020:10:22:38 +0000] "GET /indexsrc/c-image-3.svg HTTP/1.0" 200 236 "https://realstresser.com/welcome" "Mozilla/5.0 (Windows NT 10.0; Win64; x64) AppleWebKit/537.36 (KHTML, like Gecko) Chrome/87.0.4280.88 Safari/537.36"
78.175.229.99 - - [25/Dec/2020:10:22:38 +0000] "GET /indexsrc/privacy.png HTTP/1.0" 200 258 "https://realstresser.com/welcome" "Mozilla/5.0 (Windows NT 10.0; Win64; x64) AppleWebKit/537.36 (KHTML, like Gecko) Chrome/87.0.4280.88 Safari/537.36"
78.175.229.99 - - [25/Dec/2020:10:22:38 +0000] "GET /indexsrc/c-image-2.png HTTP/1.0" 200 260 "https://realstresser.com/welcome" "Mozilla/5.0 (Windows NT 10.0; Win64; x64) AppleWebKit/537.36 (KHTML, like Gecko) Chrome/87.0.4280.88 Safari/537.36"
78.175.229.99 - - [25/Dec/2020:10:22:38 +0000] "GET /indexsrc/all.min.css HTTP/1.0" 200 12691 "https://realstresser.com/welcome" "Mozilla/5.0 (Windows NT 10.0; Win64; x64) AppleWebKit/537.36 (KHTML, like Gecko) Chrome/87.0.4280.88 Safari/537.36"
78.175.229.99 - - [25/Dec/2020:10:22:38 +0000] "GET /indexsrc/bootstrap.min.css HTTP/1.0" 200 263 "https://realstresser.com/welcome" "Mozilla/5.0 (Windows NT 10.0; Win64; x64) AppleWebKit/537.36 (KHTML, like Gecko) Chrome/87.0.4280.88 Safari/537.36"
78.175.229.99 - - [25/Dec/2020:10:22:38 +0000] "GET /indexsrc/c-image-4.png HTTP/1.0" 200 260 "https://realstresser.com/welcome" "Mozilla/5.0 (Windows NT 10.0; Win64; x64) AppleWebKit/537.36 (KHTML, like Gecko) Chrome/87.0.4280.88 Safari/537.36"
78.175.229.99 - - [25/Dec/2020:10:22:38 +0000] "GET /indexsrc/services.png HTTP/1.0" 200 259 "https://realstresser.com/welcome" "Mozilla/5.0 (Windows NT 10.0; Win64; x64) AppleWebKit/537.36 (KHTML, like Gecko) Chrome/87.0.4280.88 Safari/537.36"
78.175.229.99 - - [25/Dec/2020:10:22:38 +0000] "GET /indexsrc/f-shape.svg HTTP/1.0" 304 128 "https://realstresser.com/welcome" "Mozilla/5.0 (Windows NT 10.0; Win64; x64) AppleWebKit/537.36 (KHTML, like Gecko) Chrome/87.0.4280.88 Safari/537.36"
78.175.229.99 - - [25/Dec/2020:10:22:38 +0000] "GET /indexsrc/aos.css HTTP/1.0" 200 2626 "https://realstresser.com/welcome" "Mozilla/5.0 (Windows NT 10.0; Win64; x64) AppleWebKit/537.36 (KHTML, like Gecko) Chrome/87.0.4280.88 Safari/537.36"
78.175.229.99 - - [25/Dec/2020:10:22:38 +0000] "GET /indexsrc/header-bottom.svg HTTP/1.0" 304 128 "https://realstresser.com/welcome" "Mozilla/5.0 (Windows NT 10.0; Win64; x64) AppleWebKit/537.36 (KHTML, like Gecko) Chrome/87.0.4280.88 Safari/537.36"
78.175.229.99 - - [25/Dec/2020:10:22:38 +0000] "GET /indexsrc/c-image-1.png HTTP/1.0" 200 260 "https://realstresser.com/welcome" "Mozilla/5.0 (Windows NT 10.0; Win64; x64) AppleWebKit/537.36 (KHTML, like Gecko) Chrome/87.0.4280.88 Safari/537.36"
78.175.229.99 - - [25/Dec/2020:10:22:38 +0000] "GET /indexsrc/home.css HTTP/1.0" 200 4840 "https://realstresser.com/welcome" "Mozilla/5.0 (Windows NT 10.0; Win64; x64) AppleWebKit/537.36 (KHTML, like Gecko) Chrome/87.0.4280.88 Safari/537.36"
78.175.229.99 - - [25/Dec/2020:10:22:38 +0000] "GET /indexsrc/c-image-3.svg HTTP/1.1" 304 0 "https://realstresser.com/welcome" "Mozilla/5.0 (Windows NT 10.0; Win64; x64) AppleWebKit/537.36 (KHTML, like Gecko) Chrome/87.0.4280.88 Safari/537.36"
78.175.229.99 - - [25/Dec/2020:10:22:38 +0000] "GET /indexsrc/privacy.png HTTP/1.1" 200 37088 "https://realstresser.com/welcome" "Mozilla/5.0 (Windows NT 10.0; Win64; x64) AppleWebKit/537.36 (KHTML, like Gecko) Chrome/87.0.4280.88 Safari/537.36"
78.175.229.99 - - [25/Dec/2020:10:22:38 +0000] "GET /indexsrc/c-image-2.png HTTP/1.1" 200 33426 "https://realstresser.com/welcome" "Mozilla/5.0 (Windows NT 10.0; Win64; x64) AppleWebKit/537.36 (KHTML, like Gecko) Chrome/87.0.4280.88 Safari/537.36"
78.175.229.99 - - [25/Dec/2020:10:22:38 +0000] "GET /indexsrc/c-image-4.png HTTP/1.1" 200 84680 "https://realstresser.com/welcome" "Mozilla/5.0 (Windows NT 10.0; Win64; x64) AppleWebKit/537.36 (KHTML, like Gecko) Chrome/87.0.4280.88 Safari/537.36"
78.175.229.99 - - [25/Dec/2020:10:22:38 +0000] "GET /indexsrc/bootstrap.min.css HTTP/1.1" 200 155497 "https://realstresser.com/welcome" "Mozilla/5.0 (Windows NT 10.0; Win64; x64) AppleWebKit/537.36 (KHTML, like Gecko) Chrome/87.0.4280.88 Safari/537.36"
78.175.229.99 - - [25/Dec/2020:10:22:38 +0000] "GET /indexsrc/c-image-1.png HTTP/1.1" 200 108661 "https://realstresser.com/welcome" "Mozilla/5.0 (Windows NT 10.0; Win64; x64) AppleWebKit/537.36 (KHTML, like Gecko) Chrome/87.0.4280.88 Safari/537.36"
78.175.229.99 - - [25/Dec/2020:10:22:38 +0000] "GET /indexsrc/services.png HTTP/1.1" 200 317210 "https://realstresser.com/welcome" "Mozilla/5.0 (Windows NT 10.0; Win64; x64) AppleWebKit/537.36 (KHTML, like Gecko) Chrome/87.0.4280.88 Safari/537.36"
63.143.42.250 - - [25/Dec/2020:10:25:35 +0000] "HEAD / HTTP/1.0" 302 347 "https://realstresser.com" "Mozilla/5.0+(compatible; UptimeRobot/2.0; http://www.uptimerobot.com/)"
63.143.42.250 - - [25/Dec/2020:10:25:35 +0000] "HEAD /welcome HTTP/1.0" 200 193 "https://realstresser.com" "Mozilla/5.0+(compatible; UptimeRobot/2.0; http://www.uptimerobot.com/)"
63.143.42.250 - - [25/Dec/2020:10:30:35 +0000] "HEAD / HTTP/1.0" 302 347 "https://realstresser.com" "Mozilla/5.0+(compatible; UptimeRobot/2.0; http://www.uptimerobot.com/)"
63.143.42.250 - - [25/Dec/2020:10:30:35 +0000] "HEAD /welcome HTTP/1.0" 200 193 "https://realstresser.com" "Mozilla/5.0+(compatible; UptimeRobot/2.0; http://www.uptimerobot.com/)"
185.250.242.58 - - [25/Dec/2020:10:32:13 +0000] "GET /indexsrc/aos.css HTTP/1.1" 304 110 "http://realstresser.com/welcome" "Serf/1.3.9 (mod_pagespeed/1.13.35.2-0)"
185.250.242.58 - - [25/Dec/2020:10:32:13 +0000] "GET /indexsrc/home.css HTTP/1.1" 304 110 "http://realstresser.com/welcome" "Serf/1.3.9 (mod_pagespeed/1.13.35.2-0)"
185.250.242.58 - - [25/Dec/2020:10:32:13 +0000] "GET /indexsrc/all.min.css HTTP/1.1" 304 110 "http://realstresser.com/welcome" "Serf/1.3.9 (mod_pagespeed/1.13.35.2-0)"
