185.250.242.58 - - [25/Dec/2020:13:42:45 +0000] "GET /indexsrc/home.js HTTP/1.1" 304 109 "http://realstresser.com/welcome" "Serf/1.3.9 (mod_pagespeed/1.13.35.2-0)"
185.250.242.58 - - [25/Dec/2020:13:42:45 +0000] "GET /indexsrc/aos.js HTTP/1.1" 304 110 "http://realstresser.com/welcome" "Serf/1.3.9 (mod_pagespeed/1.13.35.2-0)"
185.250.242.58 - - [25/Dec/2020:13:42:45 +0000] "GET /indexsrc/privacy.png HTTP/1.1" 304 110 "http://realstresser.com/welcome" "Serf/1.3.9 (mod_pagespeed/1.13.35.2-0)"
89.47.234.10 - - [25/Dec/2020:13:42:45 +0000] "GET /welcome HTTP/1.0" 200 5544 "-" "Mozilla/5.0 (Windows NT 10.0; Win64; x64) AppleWebKit/537.36 (KHTML, like Gecko) Chrome/87.0.4280.88 Safari/537.36"
185.250.242.58 - - [25/Dec/2020:13:42:45 +0000] "GET /indexsrc/services.png HTTP/1.1" 304 111 "http://realstresser.com/welcome" "Serf/1.3.9 (mod_pagespeed/1.13.35.2-0)"
185.250.242.58 - - [25/Dec/2020:13:42:45 +0000] "GET /indexsrc/c-image-1.png HTTP/1.1" 304 111 "http://realstresser.com/welcome" "Serf/1.3.9 (mod_pagespeed/1.13.35.2-0)"
185.250.242.58 - - [25/Dec/2020:13:42:45 +0000] "GET /indexsrc/c-image-2.png HTTP/1.1" 304 110 "http://realstresser.com/welcome" "Serf/1.3.9 (mod_pagespeed/1.13.35.2-0)"
185.250.242.58 - - [25/Dec/2020:13:42:45 +0000] "GET /indexsrc/c-image-4.png HTTP/1.1" 304 111 "http://realstresser.com/welcome" "Serf/1.3.9 (mod_pagespeed/1.13.35.2-0)"
185.250.242.58 - - [25/Dec/2020:13:42:45 +0000] "GET /assets/img/favicon.ico HTTP/1.1" 404 1028 "http://realstresser.com/welcome" "Serf/1.3.9 (mod_pagespeed/1.13.35.2-0)"
185.250.242.58 - - [25/Dec/2020:13:42:45 +0000] "GET /indexsrc/header-bottom.svg HTTP/1.1" 200 739 "http://realstresser.com/welcome" "Serf/1.3.9 (mod_pagespeed/1.13.35.2-0)"
185.250.242.58 - - [25/Dec/2020:13:42:45 +0000] "GET /indexsrc/f-shape.svg HTTP/1.1" 200 753 "http://realstresser.com/welcome" "Serf/1.3.9 (mod_pagespeed/1.13.35.2-0)"
185.250.242.58 - - [25/Dec/2020:13:42:45 +0000] "GET /indexsrc/c-image-3.svg HTTP/1.1" 200 1603 "http://realstresser.com/welcome" "Serf/1.3.9 (mod_pagespeed/1.13.35.2-0)"
185.250.242.58 - - [25/Dec/2020:13:42:45 +0000] "GET /indexsrc/bootstrap.min.css HTTP/1.1" 304 111 "http://realstresser.com/welcome" "Serf/1.3.9 (mod_pagespeed/1.13.35.2-0)"
185.250.242.58 - - [25/Dec/2020:13:42:45 +0000] "GET /indexsrc/jquery-1.12.4.min.js HTTP/1.1" 304 111 "http://realstresser.com/welcome" "Serf/1.3.9 (mod_pagespeed/1.13.35.2-0)"
185.250.242.58 - - [25/Dec/2020:13:42:45 +0000] "GET /indexsrc/css HTTP/1.1" 200 7186 "http://realstresser.com/welcome" "Serf/1.3.9 (mod_pagespeed/1.13.35.2-0)"
89.47.234.10 - - [25/Dec/2020:13:42:46 +0000] "GET /indexsrc/css HTTP/1.0" 200 197 "https://realstresser.com/welcome" "Mozilla/5.0 (Windows NT 10.0; Win64; x64) AppleWebKit/537.36 (KHTML, like Gecko) Chrome/87.0.4280.88 Safari/537.36"
89.47.234.10 - - [25/Dec/2020:13:42:46 +0000] "GET /indexsrc/aos.css HTTP/1.0" 200 253 "https://realstresser.com/welcome" "Mozilla/5.0 (Windows NT 10.0; Win64; x64) AppleWebKit/537.36 (KHTML, like Gecko) Chrome/87.0.4280.88 Safari/537.36"
89.47.234.10 - - [25/Dec/2020:13:42:46 +0000] "GET /indexsrc/bootstrap.min.css HTTP/1.0" 200 23399 "https://realstresser.com/welcome" "Mozilla/5.0 (Windows NT 10.0; Win64; x64) AppleWebKit/537.36 (KHTML, like Gecko) Chrome/87.0.4280.88 Safari/537.36"
89.47.234.10 - - [25/Dec/2020:13:42:46 +0000] "GET /indexsrc/css HTTP/1.1" 200 6996 "https://realstresser.com/welcome" "Mozilla/5.0 (Windows NT 10.0; Win64; x64) AppleWebKit/537.36 (KHTML, like Gecko) Chrome/87.0.4280.88 Safari/537.36"
89.47.234.10 - - [25/Dec/2020:13:42:46 +0000] "GET /indexsrc/aos.css HTTP/1.1" 200 26053 "https://realstresser.com/welcome" "Mozilla/5.0 (Windows NT 10.0; Win64; x64) AppleWebKit/537.36 (KHTML, like Gecko) Chrome/87.0.4280.88 Safari/537.36"
89.47.234.10 - - [25/Dec/2020:13:42:47 +0000] "GET /indexsrc/home.css HTTP/1.1" 200 30622 "https://realstresser.com/welcome" "Mozilla/5.0 (Windows NT 10.0; Win64; x64) AppleWebKit/537.36 (KHTML, like Gecko) Chrome/87.0.4280.88 Safari/537.36"
89.47.234.10 - - [25/Dec/2020:13:42:47 +0000] "GET /indexsrc/home.css HTTP/1.0" 200 254 "https://realstresser.com/welcome" "Mozilla/5.0 (Windows NT 10.0; Win64; x64) AppleWebKit/537.36 (KHTML, like Gecko) Chrome/87.0.4280.88 Safari/537.36"
89.47.234.10 - - [25/Dec/2020:13:42:47 +0000] "GET /indexsrc/all.min.css HTTP/1.0" 200 12691 "https://realstresser.com/welcome" "Mozilla/5.0 (Windows NT 10.0; Win64; x64) AppleWebKit/537.36 (KHTML, like Gecko) Chrome/87.0.4280.88 Safari/537.36"
89.47.234.10 - - [25/Dec/2020:13:42:48 +0000] "GET /indexsrc/privacy.png HTTP/1.0" 200 37437 "https://realstresser.com/welcome" "Mozilla/5.0 (Windows NT 10.0; Win64; x64) AppleWebKit/537.36 (KHTML, like Gecko) Chrome/87.0.4280.88 Safari/537.36"
89.47.234.10 - - [25/Dec/2020:13:42:48 +0000] "GET /indexsrc/header-bottom.svg HTTP/1.0" 200 781 "https://realstresser.com/welcome" "Mozilla/5.0 (Windows NT 10.0; Win64; x64) AppleWebKit/537.36 (KHTML, like Gecko) Chrome/87.0.4280.88 Safari/537.36"
89.47.234.10 - - [25/Dec/2020:13:42:49 +0000] "GET /indexsrc/f-shape.svg HTTP/1.0" 200 795 "https://realstresser.com/welcome" "Mozilla/5.0 (Windows NT 10.0; Win64; x64) AppleWebKit/537.36 (KHTML, like Gecko) Chrome/87.0.4280.88 Safari/537.36"
89.47.234.10 - - [25/Dec/2020:13:42:50 +0000] "GET /indexsrc/aos.js HTTP/1.0" 200 266 "https://realstresser.com/welcome" "Mozilla/5.0 (Windows NT 10.0; Win64; x64) AppleWebKit/537.36 (KHTML, like Gecko) Chrome/87.0.4280.88 Safari/537.36"
89.47.234.10 - - [25/Dec/2020:13:42:50 +0000] "GET /indexsrc/home.js HTTP/1.0" 304 156 "https://realstresser.com/welcome" "Mozilla/5.0 (Windows NT 10.0; Win64; x64) AppleWebKit/537.36 (KHTML, like Gecko) Chrome/87.0.4280.88 Safari/537.36"
89.47.234.10 - - [25/Dec/2020:13:42:50 +0000] "GET /indexsrc/bootstrap.min.js HTTP/1.0" 200 16325 "https://realstresser.com/welcome" "Mozilla/5.0 (Windows NT 10.0; Win64; x64) AppleWebKit/537.36 (KHTML, like Gecko) Chrome/87.0.4280.88 Safari/537.36"
89.47.234.10 - - [25/Dec/2020:13:42:50 +0000] "GET /indexsrc/jquery-1.12.4.min.js HTTP/1.0" 200 34182 "https://realstresser.com/welcome" "Mozilla/5.0 (Windows NT 10.0; Win64; x64) AppleWebKit/537.36 (KHTML, like Gecko) Chrome/87.0.4280.88 Safari/537.36"
89.47.234.10 - - [25/Dec/2020:13:42:50 +0000] "GET /indexsrc/aos.js HTTP/1.1" 200 14239 "https://realstresser.com/welcome" "Mozilla/5.0 (Windows NT 10.0; Win64; x64) AppleWebKit/537.36 (KHTML, like Gecko) Chrome/87.0.4280.88 Safari/537.36"
89.47.234.10 - - [25/Dec/2020:13:42:51 +0000] "GET /indexsrc/c-image-1.png HTTP/1.0" 200 109012 "https://realstresser.com/welcome" "Mozilla/5.0 (Windows NT 10.0; Win64; x64) AppleWebKit/537.36 (KHTML, like Gecko) Chrome/87.0.4280.88 Safari/537.36"
89.47.234.10 - - [25/Dec/2020:13:42:51 +0000] "GET /indexsrc/services.png HTTP/1.0" 200 317561 "https://realstresser.com/welcome" "Mozilla/5.0 (Windows NT 10.0; Win64; x64) AppleWebKit/537.36 (KHTML, like Gecko) Chrome/87.0.4280.88 Safari/537.36"
89.47.234.10 - - [25/Dec/2020:13:42:55 +0000] "GET /indexsrc/c-image-2.png HTTP/1.0" 200 33775 "https://realstresser.com/welcome" "Mozilla/5.0 (Windows NT 10.0; Win64; x64) AppleWebKit/537.36 (KHTML, like Gecko) Chrome/87.0.4280.88 Safari/537.36"
89.47.234.10 - - [25/Dec/2020:13:42:55 +0000] "GET /indexsrc/c-image-3.svg HTTP/1.0" 200 236 "https://realstresser.com/welcome" "Mozilla/5.0 (Windows NT 10.0; Win64; x64) AppleWebKit/537.36 (KHTML, like Gecko) Chrome/87.0.4280.88 Safari/537.36"
89.47.234.10 - - [25/Dec/2020:13:42:55 +0000] "GET /indexsrc/c-image-4.png HTTP/1.0" 200 85030 "https://realstresser.com/welcome" "Mozilla/5.0 (Windows NT 10.0; Win64; x64) AppleWebKit/537.36 (KHTML, like Gecko) Chrome/87.0.4280.88 Safari/537.36"
89.47.234.10 - - [25/Dec/2020:13:42:55 +0000] "GET /indexsrc/c-image-3.svg HTTP/1.1" 200 1385 "https://realstresser.com/welcome" "Mozilla/5.0 (Windows NT 10.0; Win64; x64) AppleWebKit/537.36 (KHTML, like Gecko) Chrome/87.0.4280.88 Safari/537.36"
89.47.234.10 - - [25/Dec/2020:13:42:57 +0000] "GET /register HTTP/1.0" 200 5020 "https://realstresser.com/welcome" "Mozilla/5.0 (Windows NT 10.0; Win64; x64) AppleWebKit/537.36 (KHTML, like Gecko) Chrome/87.0.4280.88 Safari/537.36"
185.250.242.58 - - [25/Dec/2020:13:42:57 +0000] "GET /assets/fonts/feather-font/css/iconfont.css HTTP/1.1" 304 110 "http://realstresser.com/register" "Serf/1.3.9 (mod_pagespeed/1.13.35.2-0)"
185.250.242.58 - - [25/Dec/2020:13:42:57 +0000] "GET /assets/plugins/perfect-scrollbar/perfect-scrollbar.css HTTP/1.1" 304 109 "http://realstresser.com/register" "Serf/1.3.9 (mod_pagespeed/1.13.35.2-0)"
185.250.242.58 - - [25/Dec/2020:13:42:57 +0000] "GET /assets/plugins/bootstrap-datepicker/css/bootstrap-datepicker.min.css HTTP/1.1" 304 110 "http://realstresser.com/register" "Serf/1.3.9 (mod_pagespeed/1.13.35.2-0)"
185.250.242.58 - - [25/Dec/2020:13:42:57 +0000] "GET /assets/plugins/feather-icons/feather.min.js HTTP/1.1" 304 111 "http://realstresser.com/register" "Serf/1.3.9 (mod_pagespeed/1.13.35.2-0)"
185.250.242.58 - - [25/Dec/2020:13:42:57 +0000] "GET /assets/js/template.js HTTP/1.1" 304 110 "http://realstresser.com/register" "Serf/1.3.9 (mod_pagespeed/1.13.35.2-0)"
185.250.242.58 - - [25/Dec/2020:13:42:57 +0000] "GET /favicon/favicon.ico HTTP/1.1" 304 109 "http://realstresser.com/register" "Serf/1.3.9 (mod_pagespeed/1.13.35.2-0)"
185.250.242.58 - - [25/Dec/2020:13:42:57 +0000] "GET /assets/js/spinner.js HTTP/1.1" 304 109 "http://realstresser.com/register" "Serf/1.3.9 (mod_pagespeed/1.13.35.2-0)"
185.250.242.58 - - [25/Dec/2020:13:42:57 +0000] "GET /img/jquery.easytree/loading.gif HTTP/1.1" 404 1028 "http://realstresser.com/register" "Serf/1.3.9 (mod_pagespeed/1.13.35.2-0)"
185.250.242.58 - - [25/Dec/2020:13:42:57 +0000] "GET /css/app.css HTTP/1.1" 304 111 "http://realstresser.com/register" "Serf/1.3.9 (mod_pagespeed/1.13.35.2-0)"
185.250.242.58 - - [25/Dec/2020:13:42:57 +0000] "GET /js/app.js HTTP/1.1" 304 111 "http://realstresser.com/register" "Serf/1.3.9 (mod_pagespeed/1.13.35.2-0)"
185.250.242.58 - - [25/Dec/2020:13:42:57 +0000] "GET /js/pages/readyLogin.js HTTP/1.1" 404 1028 "http://realstresser.com/register" "Serf/1.3.9 (mod_pagespeed/1.13.35.2-0)"
185.250.242.58 - - [25/Dec/2020:13:42:57 +0000] "GET /assets/images/carousel/img6.html HTTP/1.1" 404 1028 "http://realstresser.com/register" "Serf/1.3.9 (mod_pagespeed/1.13.35.2-0)"
89.47.234.10 - - [25/Dec/2020:13:42:59 +0000] "GET /assets/fonts/feather-font/css/iconfont.css HTTP/1.0" 200 279 "https://realstresser.com/register" "Mozilla/5.0 (Windows NT 10.0; Win64; x64) AppleWebKit/537.36 (KHTML, like Gecko) Chrome/87.0.4280.88 Safari/537.36"
89.47.234.10 - - [25/Dec/2020:13:42:59 +0000] "GET /assets/fonts/feather-font/css/iconfont.css HTTP/1.1" 200 13247 "https://realstresser.com/register" "Mozilla/5.0 (Windows NT 10.0; Win64; x64) AppleWebKit/537.36 (KHTML, like Gecko) Chrome/87.0.4280.88 Safari/537.36"
89.47.234.10 - - [25/Dec/2020:13:43:00 +0000] "GET /assets/plugins/perfect-scrollbar/perfect-scrollbar.css HTTP/1.1" 200 2598 "https://realstresser.com/register" "Mozilla/5.0 (Windows NT 10.0; Win64; x64) AppleWebKit/537.36 (KHTML, like Gecko) Chrome/87.0.4280.88 Safari/537.36"
89.47.234.10 - - [25/Dec/2020:13:43:00 +0000] "GET /css/app.css HTTP/1.1" 200 657239 "https://realstresser.com/register" "Mozilla/5.0 (Windows NT 10.0; Win64; x64) AppleWebKit/537.36 (KHTML, like Gecko) Chrome/87.0.4280.88 Safari/537.36"
89.47.234.10 - - [25/Dec/2020:13:43:00 +0000] "GET /assets/plugins/perfect-scrollbar/perfect-scrollbar.css HTTP/1.0" 200 291 "https://realstresser.com/register" "Mozilla/5.0 (Windows NT 10.0; Win64; x64) AppleWebKit/537.36 (KHTML, like Gecko) Chrome/87.0.4280.88 Safari/537.36"
89.47.234.10 - - [25/Dec/2020:13:43:00 +0000] "GET /assets/plugins/bootstrap-datepicker/css/bootstrap-datepicker.min.css HTTP/1.0" 200 2486 "https://realstresser.com/register" "Mozilla/5.0 (Windows NT 10.0; Win64; x64) AppleWebKit/537.36 (KHTML, like Gecko) Chrome/87.0.4280.88 Safari/537.36"
89.47.234.10 - - [25/Dec/2020:13:43:00 +0000] "GET /css/app.css HTTP/1.0" 200 248 "https://realstresser.com/register" "Mozilla/5.0 (Windows NT 10.0; Win64; x64) AppleWebKit/537.36 (KHTML, like Gecko) Chrome/87.0.4280.88 Safari/537.36"
89.47.234.10 - - [25/Dec/2020:13:43:00 +0000] "GET /img/jquery.easytree/loading.gif HTTP/1.0" 404 1047 "https://realstresser.com/register" "Mozilla/5.0 (Windows NT 10.0; Win64; x64) AppleWebKit/537.36 (KHTML, like Gecko) Chrome/87.0.4280.88 Safari/537.36"
89.47.234.10 - - [25/Dec/2020:13:43:03 +0000] "GET /assets/js/spinner.js HTTP/1.0" 304 156 "https://realstresser.com/register" "Mozilla/5.0 (Windows NT 10.0; Win64; x64) AppleWebKit/537.36 (KHTML, like Gecko) Chrome/87.0.4280.88 Safari/537.36"
89.47.234.10 - - [25/Dec/2020:13:43:13 +0000] "GET /js/pages/readyLogin.js HTTP/1.0" 404 1047 "https://realstresser.com/register" "Mozilla/5.0 (Windows NT 10.0; Win64; x64) AppleWebKit/537.36 (KHTML, like Gecko) Chrome/87.0.4280.88 Safari/537.36"
89.47.234.10 - - [25/Dec/2020:13:43:13 +0000] "GET /js/app.js HTTP/1.0" 200 260 "https://realstresser.com/register" "Mozilla/5.0 (Windows NT 10.0; Win64; x64) AppleWebKit/537.36 (KHTML, like Gecko) Chrome/87.0.4280.88 Safari/537.36"
89.47.234.10 - - [25/Dec/2020:13:43:13 +0000] "GET /js/app.js HTTP/1.1" 200 255110 "https://realstresser.com/register" "Mozilla/5.0 (Windows NT 10.0; Win64; x64) AppleWebKit/537.36 (KHTML, like Gecko) Chrome/87.0.4280.88 Safari/537.36"
89.47.234.10 - - [25/Dec/2020:13:43:16 +0000] "GET /assets/js/template.js HTTP/1.1" 200 4134 "https://realstresser.com/register" "Mozilla/5.0 (Windows NT 10.0; Win64; x64) AppleWebKit/537.36 (KHTML, like Gecko) Chrome/87.0.4280.88 Safari/537.36"
89.47.234.10 - - [25/Dec/2020:13:43:16 +0000] "GET /assets/js/template.js HTTP/1.0" 200 272 "https://realstresser.com/register" "Mozilla/5.0 (Windows NT 10.0; Win64; x64) AppleWebKit/537.36 (KHTML, like Gecko) Chrome/87.0.4280.88 Safari/537.36"
89.47.234.10 - - [25/Dec/2020:13:43:16 +0000] "GET /assets/plugins/feather-icons/feather.min.js HTTP/1.0" 200 19880 "https://realstresser.com/register" "Mozilla/5.0 (Windows NT 10.0; Win64; x64) AppleWebKit/537.36 (KHTML, like Gecko) Chrome/87.0.4280.88 Safari/537.36"
89.47.234.10 - - [25/Dec/2020:13:43:17 +0000] "GET /favicon/favicon.ico HTTP/1.0" 200 272 "https://realstresser.com/register" "Mozilla/5.0 (Windows NT 10.0; Win64; x64) AppleWebKit/537.36 (KHTML, like Gecko) Chrome/87.0.4280.88 Safari/537.36"
89.47.234.10 - - [25/Dec/2020:13:43:17 +0000] "GET /favicon/favicon.ico HTTP/1.1" 200 1150 "https://realstresser.com/register" "Mozilla/5.0 (Windows NT 10.0; Win64; x64) AppleWebKit/537.36 (KHTML, like Gecko) Chrome/87.0.4280.88 Safari/537.36"
87.98.244.136 - - [25/Dec/2020:13:43:46 +0000] "GET /ajax/hub.php?type=attacks&csrf=146e6346ba4591f93444a1515ecbb4988t43q6uk4m6rvtqmmfsp4sj9ec047refCS8798244136refCSdf54327be805c8adefef104582e8a25e HTTP/1.1" 200 1089 "https://www.realstresser.com/hub" "Mozilla/5.0 (Windows NT 10.0; Win64; x64) AppleWebKit/537.36 (KHTML, like Gecko) Chrome/87.0.4280.88 Safari/537.36"
89.47.234.10 - - [25/Dec/2020:13:44:32 +0000] "POST /ajax/login.php?type=register HTTP/1.1" 200 781 "https://realstresser.com/register" "Mozilla/5.0 (Windows NT 10.0; Win64; x64) AppleWebKit/537.36 (KHTML, like Gecko) Chrome/87.0.4280.88 Safari/537.36"
89.47.234.10 - - [25/Dec/2020:13:44:36 +0000] "GET / HTTP/1.0" 302 1428 "https://realstresser.com/register" "Mozilla/5.0 (Windows NT 10.0; Win64; x64) AppleWebKit/537.36 (KHTML, like Gecko) Chrome/87.0.4280.88 Safari/537.36"
89.47.234.10 - - [25/Dec/2020:13:44:36 +0000] "GET /welcome HTTP/1.0" 200 3822 "https://realstresser.com/register" "Mozilla/5.0 (Windows NT 10.0; Win64; x64) AppleWebKit/537.36 (KHTML, like Gecko) Chrome/87.0.4280.88 Safari/537.36"
89.47.234.10 - - [25/Dec/2020:13:44:37 +0000] "GET /welcome HTTP/1.0" 200 3822 "https://realstresser.com/register" "Mozilla/5.0 (Windows NT 10.0; Win64; x64) AppleWebKit/537.36 (KHTML, like Gecko) Chrome/87.0.4280.88 Safari/537.36"
89.47.234.10 - - [25/Dec/2020:13:44:37 +0000] "GET /index.php HTTP/1.1" 302 1101 "https://realstresser.com/register" "Mozilla/5.0 (Windows NT 10.0; Win64; x64) AppleWebKit/537.36 (KHTML, like Gecko) Chrome/87.0.4280.88 Safari/537.36"
89.47.234.10 - - [25/Dec/2020:13:44:38 +0000] "GET /indexsrc/xservices.png.pagespeed.ic.bIg2QnvvTe.webp HTTP/1.0" 200 264816 "https://realstresser.com/welcome" "Mozilla/5.0 (Windows NT 10.0; Win64; x64) AppleWebKit/537.36 (KHTML, like Gecko) Chrome/87.0.4280.88 Safari/537.36"
89.47.234.10 - - [25/Dec/2020:13:44:39 +0000] "GET /indexsrc/xc-image-2.png.pagespeed.ic.pE8VRvsiKu.webp HTTP/1.0" 200 31285 "https://realstresser.com/welcome" "Mozilla/5.0 (Windows NT 10.0; Win64; x64) AppleWebKit/537.36 (KHTML, like Gecko) Chrome/87.0.4280.88 Safari/537.36"
89.47.234.10 - - [25/Dec/2020:13:44:39 +0000] "GET /indexsrc/xc-image-4.png.pagespeed.ic.F53LBXuJW-.webp HTTP/1.0" 200 77523 "https://realstresser.com/welcome" "Mozilla/5.0 (Windows NT 10.0; Win64; x64) AppleWebKit/537.36 (KHTML, like Gecko) Chrome/87.0.4280.88 Safari/537.36"
89.47.234.10 - - [25/Dec/2020:13:44:40 +0000] "GET /assets/img/favicon.ico HTTP/1.0" 404 1047 "https://realstresser.com/welcome" "Mozilla/5.0 (Windows NT 10.0; Win64; x64) AppleWebKit/537.36 (KHTML, like Gecko) Chrome/87.0.4280.88 Safari/537.36"
178.186.87.11 - - [25/Dec/2020:13:45:52 +0000] "GET /ajax/hub.php?type=start&host=https://payments-transfer24.site/&port=80&reqtype=GET&time=120&method=HTTP-BRUST&csrf=7977b53c98e5ee57b865e49566b3af640boj8ee4g9e71rtjn6ls0kr9k5245refCS1781868711refCSdf54327be805c8adefef104582e8a25e HTTP/1.1" 200 1023 "https://realstresser.com/hub" "Mozilla/5.0 (Windows NT 10.0; Win64; x64) AppleWebKit/537.36 (KHTML, like Gecko) Chrome/87.0.4280.88 Safari/537.36"
63.143.42.250 - - [25/Dec/2020:13:46:02 +0000] "HEAD / HTTP/1.0" 302 347 "https://realstresser.com" "Mozilla/5.0+(compatible; UptimeRobot/2.0; http://www.uptimerobot.com/)"
63.143.42.250 - - [25/Dec/2020:13:46:02 +0000] "HEAD /welcome HTTP/1.0" 200 193 "https://realstresser.com" "Mozilla/5.0+(compatible; UptimeRobot/2.0; http://www.uptimerobot.com/)"
178.186.87.11 - - [25/Dec/2020:13:46:33 +0000] "GET /hub HTTP/1.0" 302 1576 "https://realstresser.com/" "Mozilla/5.0 (Windows NT 10.0; Win64; x64) AppleWebKit/537.36 (KHTML, like Gecko) Chrome/87.0.4280.88 Safari/537.36"
178.186.87.11 - - [25/Dec/2020:13:46:33 +0000] "GET /welcome HTTP/1.0" 200 3822 "https://realstresser.com/" "Mozilla/5.0 (Windows NT 10.0; Win64; x64) AppleWebKit/537.36 (KHTML, like Gecko) Chrome/87.0.4280.88 Safari/537.36"
178.186.87.11 - - [25/Dec/2020:13:46:34 +0000] "GET /indexsrc/c-image-3.svg HTTP/1.0" 200 236 "https://realstresser.com/welcome" "Mozilla/5.0 (Windows NT 10.0; Win64; x64) AppleWebKit/537.36 (KHTML, like Gecko) Chrome/87.0.4280.88 Safari/537.36"
178.186.87.11 - - [25/Dec/2020:13:46:34 +0000] "GET /indexsrc/f-shape.svg HTTP/1.0" 200 795 "https://realstresser.com/welcome" "Mozilla/5.0 (Windows NT 10.0; Win64; x64) AppleWebKit/537.36 (KHTML, like Gecko) Chrome/87.0.4280.88 Safari/537.36"
178.186.87.11 - - [25/Dec/2020:13:46:34 +0000] "GET /indexsrc/header-bottom.svg HTTP/1.0" 200 781 "https://realstresser.com/welcome" "Mozilla/5.0 (Windows NT 10.0; Win64; x64) AppleWebKit/537.36 (KHTML, like Gecko) Chrome/87.0.4280.88 Safari/537.36"
178.186.87.11 - - [25/Dec/2020:13:46:34 +0000] "GET /assets/img/favicon.ico HTTP/1.0" 404 1047 "https://realstresser.com/welcome" "Mozilla/5.0 (Windows NT 10.0; Win64; x64) AppleWebKit/537.36 (KHTML, like Gecko) Chrome/87.0.4280.88 Safari/537.36"
178.186.87.11 - - [25/Dec/2020:13:46:34 +0000] "GET /indexsrc/c-image-3.svg HTTP/1.1" 200 1385 "https://realstresser.com/welcome" "Mozilla/5.0 (Windows NT 10.0; Win64; x64) AppleWebKit/537.36 (KHTML, like Gecko) Chrome/87.0.4280.88 Safari/537.36"
178.186.87.11 - - [25/Dec/2020:13:46:35 +0000] "GET /login HTTP/1.0" 200 3520 "https://realstresser.com/welcome" "Mozilla/5.0 (Windows NT 10.0; Win64; x64) AppleWebKit/537.36 (KHTML, like Gecko) Chrome/87.0.4280.88 Safari/537.36"
178.186.87.11 - - [25/Dec/2020:13:46:36 +0000] "GET /js/pages/readyLogin.js HTTP/1.0" 404 1047 "https://realstresser.com/login" "Mozilla/5.0 (Windows NT 10.0; Win64; x64) AppleWebKit/537.36 (KHTML, like Gecko) Chrome/87.0.4280.88 Safari/537.36"
178.186.87.11 - - [25/Dec/2020:13:46:42 +0000] "POST /ajax/login.php?type=login HTTP/1.1" 200 771 "https://realstresser.com/login" "Mozilla/5.0 (Windows NT 10.0; Win64; x64) AppleWebKit/537.36 (KHTML, like Gecko) Chrome/87.0.4280.88 Safari/537.36"
185.250.242.58 - - [25/Dec/2020:13:46:45 +0000] "GET /assets/plugins/perfect-scrollbar/perfect-scrollbar.min.js HTTP/1.1" 304 110 "http://realstresser.com/" "Serf/1.3.9 (mod_pagespeed/1.13.35.2-0)"
185.250.242.58 - - [25/Dec/2020:13:46:45 +0000] "GET /assets/plugins/jquery.flot/jquery.flot.resize.js HTTP/1.1" 304 109 "http://realstresser.com/" "Serf/1.3.9 (mod_pagespeed/1.13.35.2-0)"
185.250.242.58 - - [25/Dec/2020:13:46:45 +0000] "GET /assets/plugins/bootstrap-datepicker/js/bootstrap-datepicker.min.js HTTP/1.1" 304 110 "http://realstresser.com/" "Serf/1.3.9 (mod_pagespeed/1.13.35.2-0)"
185.250.242.58 - - [25/Dec/2020:13:46:45 +0000] "GET /assets/js/dashboard.js HTTP/1.1" 304 110 "http://realstresser.com/" "Serf/1.3.9 (mod_pagespeed/1.13.35.2-0)"
185.250.242.58 - - [25/Dec/2020:13:46:45 +0000] "GET /assets/js/datepicker.js HTTP/1.1" 304 109 "http://realstresser.com/" "Serf/1.3.9 (mod_pagespeed/1.13.35.2-0)"
185.250.242.58 - - [25/Dec/2020:13:46:45 +0000] "GET /assets/images/faces/astronaut.png HTTP/1.1" 304 110 "http://realstresser.com/" "Serf/1.3.9 (mod_pagespeed/1.13.35.2-0)"
185.250.242.58 - - [25/Dec/2020:13:46:45 +0000] "GET /assets/plugins/chartjs/Chart.min.js HTTP/1.1" 304 111 "http://realstresser.com/" "Serf/1.3.9 (mod_pagespeed/1.13.35.2-0)"
185.250.242.58 - - [25/Dec/2020:13:46:45 +0000] "GET /assets/plugins/jquery.flot/jquery.flot.js HTTP/1.1" 304 111 "http://realstresser.com/" "Serf/1.3.9 (mod_pagespeed/1.13.35.2-0)"
185.250.242.58 - - [25/Dec/2020:13:46:45 +0000] "GET /assets/plugins/apexcharts/apexcharts.min.js HTTP/1.1" 304 111 "http://realstresser.com/" "Serf/1.3.9 (mod_pagespeed/1.13.35.2-0)"
185.250.242.58 - - [25/Dec/2020:13:46:45 +0000] "GET /assets/plugins/progressbar-js/progressbar.min.js HTTP/1.1" 304 110 "http://realstresser.com/" "Serf/1.3.9 (mod_pagespeed/1.13.35.2-0)"
178.186.87.11 - - [25/Dec/2020:13:46:45 +0000] "GET / HTTP/1.0" 200 6119 "https://realstresser.com/login" "Mozilla/5.0 (Windows NT 10.0; Win64; x64) AppleWebKit/537.36 (KHTML, like Gecko) Chrome/87.0.4280.88 Safari/537.36"
178.186.87.11 - - [25/Dec/2020:13:46:46 +0000] "GET / HTTP/1.0" 200 4389 "https://realstresser.com/login" "Mozilla/5.0 (Windows NT 10.0; Win64; x64) AppleWebKit/537.36 (KHTML, like Gecko) Chrome/87.0.4280.88 Safari/537.36"
178.186.87.11 - - [25/Dec/2020:13:46:46 +0000] "GET /assets/js/template.js HTTP/1.0" 200 244 "https://realstresser.com/" "Mozilla/5.0 (Windows NT 10.0; Win64; x64) AppleWebKit/537.36 (KHTML, like Gecko) Chrome/87.0.4280.88 Safari/537.36"
178.186.87.11 - - [25/Dec/2020:13:46:46 +0000] "GET /assets/js/template.js HTTP/1.1" 200 4134 "https://realstresser.com/" "Mozilla/5.0 (Windows NT 10.0; Win64; x64) AppleWebKit/537.36 (KHTML, like Gecko) Chrome/87.0.4280.88 Safari/537.36"
185.250.242.58 - - [25/Dec/2020:13:47:03 +0000] "GET /assets/fonts/feather-font/css/iconfont.css HTTP/1.1" 200 13485 "http://realstresser.com/hub" "Serf/1.3.9 (mod_pagespeed/1.13.35.2-0)"
178.186.87.11 - - [25/Dec/2020:13:47:03 +0000] "GET /hub HTTP/1.0" 200 9747 "https://realstresser.com/" "Mozilla/5.0 (Windows NT 10.0; Win64; x64) AppleWebKit/537.36 (KHTML, like Gecko) Chrome/87.0.4280.88 Safari/537.36"
185.250.242.58 - - [25/Dec/2020:13:47:03 +0000] "GET /assets/plugins/perfect-scrollbar/perfect-scrollbar.css HTTP/1.1" 200 2834 "http://realstresser.com/hub" "Serf/1.3.9 (mod_pagespeed/1.13.35.2-0)"
185.250.242.58 - - [25/Dec/2020:13:47:03 +0000] "GET /assets/plugins/bootstrap-datepicker/css/bootstrap-datepicker.min.css HTTP/1.1" 304 110 "http://realstresser.com/hub" "Serf/1.3.9 (mod_pagespeed/1.13.35.2-0)"
185.250.242.58 - - [25/Dec/2020:13:47:03 +0000] "GET /assets/plugins/feather-icons/feather.min.js HTTP/1.1" 304 111 "http://realstresser.com/hub" "Serf/1.3.9 (mod_pagespeed/1.13.35.2-0)"
185.250.242.58 - - [25/Dec/2020:13:47:03 +0000] "GET /css/app.css HTTP/1.1" 200 657479 "http://realstresser.com/hub" "Serf/1.3.9 (mod_pagespeed/1.13.35.2-0)"
185.250.242.58 - - [25/Dec/2020:13:47:04 +0000] "GET /assets/js/spinner.js HTTP/1.1" 304 109 "http://realstresser.com/hub" "Serf/1.3.9 (mod_pagespeed/1.13.35.2-0)"
178.186.87.11 - - [25/Dec/2020:13:47:04 +0000] "GET /favicon.ico HTTP/1.0" 404 1075 "https://realstresser.com/hub" "Mozilla/5.0 (Windows NT 10.0; Win64; x64) AppleWebKit/537.36 (KHTML, like Gecko) Chrome/87.0.4280.88 Safari/537.36"
178.186.87.11 - - [25/Dec/2020:13:47:04 +0000] "GET /ajax/hub.php?type=attacks HTTP/1.1" 200 1087 "https://realstresser.com/hub" "Mozilla/5.0 (Windows NT 10.0; Win64; x64) AppleWebKit/537.36 (KHTML, like Gecko) Chrome/87.0.4280.88 Safari/537.36"
45.138.72.251 - - [25/Dec/2020:13:47:08 +0000] "GET /ajax/proxies?type=HTTP HTTP/1.0" 200 27859 "-" "-"
178.186.87.11 - - [25/Dec/2020:13:47:09 +0000] "GET /ajax/hub.php?type=start&host=https://payments-transfer24.site/&port=80&reqtype=GET&time=120&method=HTTP-BRUST&csrf=5e734ec27e642d2f293ae6d95b923b830boj8ee4g9e71rtjn6ls0kr9k5045refCS1781868711refCSdf54327be805c8adefef104582e8a25e HTTP/1.1" 200 1035 "https://realstresser.com/hub" "Mozilla/5.0 (Windows NT 10.0; Win64; x64) AppleWebKit/537.36 (KHTML, like Gecko) Chrome/87.0.4280.88 Safari/537.36"
178.186.87.11 - - [25/Dec/2020:13:47:09 +0000] "GET /ajax/hub.php?type=attacks&csrf=5e734ec27e642d2f293ae6d95b923b830boj8ee4g9e71rtjn6ls0kr9k5045refCS1781868711refCSdf54327be805c8adefef104582e8a25e HTTP/1.1" 200 1403 "https://realstresser.com/hub" "Mozilla/5.0 (Windows NT 10.0; Win64; x64) AppleWebKit/537.36 (KHTML, like Gecko) Chrome/87.0.4280.88 Safari/537.36"
178.186.87.11 - - [25/Dec/2020:13:49:10 +0000] "GET /ajax/hub.php?type=attacks&csrf=5e734ec27e642d2f293ae6d95b923b830boj8ee4g9e71rtjn6ls0kr9k5045refCS1781868711refCSdf54327be805c8adefef104582e8a25e HTTP/1.1" 200 1087 "https://realstresser.com/hub" "Mozilla/5.0 (Windows NT 10.0; Win64; x64) AppleWebKit/537.36 (KHTML, like Gecko) Chrome/87.0.4280.88 Safari/537.36"
63.143.42.250 - - [25/Dec/2020:13:51:02 +0000] "HEAD / HTTP/1.0" 302 347 "https://realstresser.com" "Mozilla/5.0+(compatible; UptimeRobot/2.0; http://www.uptimerobot.com/)"
63.143.42.250 - - [25/Dec/2020:13:51:03 +0000] "HEAD /welcome HTTP/1.0" 200 193 "https://realstresser.com" "Mozilla/5.0+(compatible; UptimeRobot/2.0; http://www.uptimerobot.com/)"
104.128.233.51 - - [25/Dec/2020:13:53:12 +0000] "GET /?ddosforhire.net HTTP/1.0" 302 1486 "https://ddosforhire.net/" "Mozilla/5.0 (Windows NT 10.0; Win64; x64) AppleWebKit/537.36 (KHTML, like Gecko) Chrome/87.0.4280.88 Safari/537.36"
185.250.242.58 - - [25/Dec/2020:13:53:13 +0000] "GET /indexsrc/aos.css HTTP/1.1" 200 26291 "http://realstresser.com/welcome" "Serf/1.3.9 (mod_pagespeed/1.13.35.2-0)"
104.128.233.51 - - [25/Dec/2020:13:53:13 +0000] "GET /welcome HTTP/1.0" 200 5546 "https://ddosforhire.net/" "Mozilla/5.0 (Windows NT 10.0; Win64; x64) AppleWebKit/537.36 (KHTML, like Gecko) Chrome/87.0.4280.88 Safari/537.36"
185.250.242.58 - - [25/Dec/2020:13:53:13 +0000] "GET /indexsrc/home.css HTTP/1.1" 200 30860 "http://realstresser.com/welcome" "Serf/1.3.9 (mod_pagespeed/1.13.35.2-0)"
185.250.242.58 - - [25/Dec/2020:13:53:13 +0000] "GET /indexsrc/all.min.css HTTP/1.1" 304 110 "http://realstresser.com/welcome" "Serf/1.3.9 (mod_pagespeed/1.13.35.2-0)"
185.250.242.58 - - [25/Dec/2020:13:53:13 +0000] "GET /indexsrc/bootstrap.min.js HTTP/1.1" 304 111 "http://realstresser.com/welcome" "Serf/1.3.9 (mod_pagespeed/1.13.35.2-0)"
185.250.242.58 - - [25/Dec/2020:13:53:13 +0000] "GET /indexsrc/home.js HTTP/1.1" 304 109 "http://realstresser.com/welcome" "Serf/1.3.9 (mod_pagespeed/1.13.35.2-0)"
185.250.242.58 - - [25/Dec/2020:13:53:13 +0000] "GET /indexsrc/aos.js HTTP/1.1" 200 14491 "http://realstresser.com/welcome" "Serf/1.3.9 (mod_pagespeed/1.13.35.2-0)"
185.250.242.58 - - [25/Dec/2020:13:53:13 +0000] "GET /indexsrc/privacy.png HTTP/1.1" 304 110 "http://realstresser.com/welcome" "Serf/1.3.9 (mod_pagespeed/1.13.35.2-0)"
185.250.242.58 - - [25/Dec/2020:13:53:13 +0000] "GET /indexsrc/services.png HTTP/1.1" 304 111 "http://realstresser.com/welcome" "Serf/1.3.9 (mod_pagespeed/1.13.35.2-0)"
185.250.242.58 - - [25/Dec/2020:13:53:13 +0000] "GET /indexsrc/c-image-1.png HTTP/1.1" 304 111 "http://realstresser.com/welcome" "Serf/1.3.9 (mod_pagespeed/1.13.35.2-0)"
185.250.242.58 - - [25/Dec/2020:13:53:13 +0000] "GET /indexsrc/c-image-2.png HTTP/1.1" 304 110 "http://realstresser.com/welcome" "Serf/1.3.9 (mod_pagespeed/1.13.35.2-0)"
185.250.242.58 - - [25/Dec/2020:13:53:13 +0000] "GET /indexsrc/c-image-4.png HTTP/1.1" 304 111 "http://realstresser.com/welcome" "Serf/1.3.9 (mod_pagespeed/1.13.35.2-0)"
185.250.242.58 - - [25/Dec/2020:13:53:13 +0000] "GET /assets/img/favicon.ico HTTP/1.1" 404 1028 "http://realstresser.com/welcome" "Serf/1.3.9 (mod_pagespeed/1.13.35.2-0)"
185.250.242.58 - - [25/Dec/2020:13:53:13 +0000] "GET /indexsrc/header-bottom.svg HTTP/1.1" 200 739 "http://realstresser.com/welcome" "Serf/1.3.9 (mod_pagespeed/1.13.35.2-0)"
185.250.242.58 - - [25/Dec/2020:13:53:13 +0000] "GET /indexsrc/f-shape.svg HTTP/1.1" 200 753 "http://realstresser.com/welcome" "Serf/1.3.9 (mod_pagespeed/1.13.35.2-0)"
185.250.242.58 - - [25/Dec/2020:13:53:13 +0000] "GET /indexsrc/c-image-3.svg HTTP/1.1" 200 1603 "http://realstresser.com/welcome" "Serf/1.3.9 (mod_pagespeed/1.13.35.2-0)"
185.250.242.58 - - [25/Dec/2020:13:53:13 +0000] "GET /indexsrc/bootstrap.min.css HTTP/1.1" 304 111 "http://realstresser.com/welcome" "Serf/1.3.9 (mod_pagespeed/1.13.35.2-0)"
185.250.242.58 - - [25/Dec/2020:13:53:13 +0000] "GET /indexsrc/css HTTP/1.1" 200 7186 "http://realstresser.com/welcome" "Serf/1.3.9 (mod_pagespeed/1.13.35.2-0)"
185.250.242.58 - - [25/Dec/2020:13:53:13 +0000] "GET /indexsrc/jquery-1.12.4.min.js HTTP/1.1" 304 111 "http://realstresser.com/welcome" "Serf/1.3.9 (mod_pagespeed/1.13.35.2-0)"
104.128.233.51 - - [25/Dec/2020:13:53:14 +0000] "GET /indexsrc/bootstrap.min.css HTTP/1.0" 200 23399 "https://realstresser.com/welcome" "Mozilla/5.0 (Windows NT 10.0; Win64; x64) AppleWebKit/537.36 (KHTML, like Gecko) Chrome/87.0.4280.88 Safari/537.36"
104.128.233.51 - - [25/Dec/2020:13:53:14 +0000] "GET /indexsrc/all.min.css HTTP/1.0" 200 12691 "https://realstresser.com/welcome" "Mozilla/5.0 (Windows NT 10.0; Win64; x64) AppleWebKit/537.36 (KHTML, like Gecko) Chrome/87.0.4280.88 Safari/537.36"
104.128.233.51 - - [25/Dec/2020:13:53:14 +0000] "GET /indexsrc/home.css HTTP/1.0" 200 4840 "https://realstresser.com/welcome" "Mozilla/5.0 (Windows NT 10.0; Win64; x64) AppleWebKit/537.36 (KHTML, like Gecko) Chrome/87.0.4280.88 Safari/537.36"
104.128.233.51 - - [25/Dec/2020:13:53:14 +0000] "GET /indexsrc/css HTTP/1.0" 200 197 "https://realstresser.com/welcome" "Mozilla/5.0 (Windows NT 10.0; Win64; x64) AppleWebKit/537.36 (KHTML, like Gecko) Chrome/87.0.4280.88 Safari/537.36"
104.128.233.51 - - [25/Dec/2020:13:53:14 +0000] "GET /indexsrc/aos.css HTTP/1.0" 200 2626 "https://realstresser.com/welcome" "Mozilla/5.0 (Windows NT 10.0; Win64; x64) AppleWebKit/537.36 (KHTML, like Gecko) Chrome/87.0.4280.88 Safari/537.36"
104.128.233.51 - - [25/Dec/2020:13:53:14 +0000] "GET /indexsrc/privacy.png HTTP/1.0" 200 37437 "https://realstresser.com/welcome" "Mozilla/5.0 (Windows NT 10.0; Win64; x64) AppleWebKit/537.36 (KHTML, like Gecko) Chrome/87.0.4280.88 Safari/537.36"
104.128.233.51 - - [25/Dec/2020:13:53:14 +0000] "GET /indexsrc/f-shape.svg HTTP/1.0" 200 795 "https://realstresser.com/welcome" "Mozilla/5.0 (Windows NT 10.0; Win64; x64) AppleWebKit/537.36 (KHTML, like Gecko) Chrome/87.0.4280.88 Safari/537.36"
104.128.233.51 - - [25/Dec/2020:13:53:14 +0000] "GET /indexsrc/header-bottom.svg HTTP/1.0" 200 781 "https://realstresser.com/welcome" "Mozilla/5.0 (Windows NT 10.0; Win64; x64) AppleWebKit/537.36 (KHTML, like Gecko) Chrome/87.0.4280.88 Safari/537.36"
104.128.233.51 - - [25/Dec/2020:13:53:14 +0000] "GET /indexsrc/services.png HTTP/1.0" 200 317561 "https://realstresser.com/welcome" "Mozilla/5.0 (Windows NT 10.0; Win64; x64) AppleWebKit/537.36 (KHTML, like Gecko) Chrome/87.0.4280.88 Safari/537.36"
104.128.233.51 - - [25/Dec/2020:13:53:14 +0000] "GET /indexsrc/c-image-1.png HTTP/1.0" 200 109012 "https://realstresser.com/welcome" "Mozilla/5.0 (Windows NT 10.0; Win64; x64) AppleWebKit/537.36 (KHTML, like Gecko) Chrome/87.0.4280.88 Safari/537.36"
104.128.233.51 - - [25/Dec/2020:13:53:14 +0000] "GET /indexsrc/c-image-4.png HTTP/1.0" 200 85030 "https://realstresser.com/welcome" "Mozilla/5.0 (Windows NT 10.0; Win64; x64) AppleWebKit/537.36 (KHTML, like Gecko) Chrome/87.0.4280.88 Safari/537.36"
104.128.233.51 - - [25/Dec/2020:13:53:14 +0000] "GET /indexsrc/c-image-2.png HTTP/1.0" 200 33775 "https://realstresser.com/welcome" "Mozilla/5.0 (Windows NT 10.0; Win64; x64) AppleWebKit/537.36 (KHTML, like Gecko) Chrome/87.0.4280.88 Safari/537.36"
104.128.233.51 - - [25/Dec/2020:13:53:14 +0000] "GET /indexsrc/css HTTP/1.1" 200 6996 "https://realstresser.com/welcome" "Mozilla/5.0 (Windows NT 10.0; Win64; x64) AppleWebKit/537.36 (KHTML, like Gecko) Chrome/87.0.4280.88 Safari/537.36"
104.128.233.51 - - [25/Dec/2020:13:53:15 +0000] "GET /indexsrc/c-image-3.svg HTTP/1.1" 200 1385 "https://realstresser.com/welcome" "Mozilla/5.0 (Windows NT 10.0; Win64; x64) AppleWebKit/537.36 (KHTML, like Gecko) Chrome/87.0.4280.88 Safari/537.36"
104.128.233.51 - - [25/Dec/2020:13:53:15 +0000] "GET /indexsrc/c-image-3.svg HTTP/1.0" 200 236 "https://realstresser.com/welcome" "Mozilla/5.0 (Windows NT 10.0; Win64; x64) AppleWebKit/537.36 (KHTML, like Gecko) Chrome/87.0.4280.88 Safari/537.36"
104.128.233.51 - - [25/Dec/2020:13:53:15 +0000] "GET /indexsrc/jquery-1.12.4.min.js HTTP/1.0" 200 34182 "https://realstresser.com/welcome" "Mozilla/5.0 (Windows NT 10.0; Win64; x64) AppleWebKit/537.36 (KHTML, like Gecko) Chrome/87.0.4280.88 Safari/537.36"
104.128.233.51 - - [25/Dec/2020:13:53:15 +0000] "GET /indexsrc/aos.js HTTP/1.0" 200 4944 "https://realstresser.com/welcome" "Mozilla/5.0 (Windows NT 10.0; Win64; x64) AppleWebKit/537.36 (KHTML, like Gecko) Chrome/87.0.4280.88 Safari/537.36"
104.128.233.51 - - [25/Dec/2020:13:53:15 +0000] "GET /indexsrc/bootstrap.min.js HTTP/1.0" 200 16325 "https://realstresser.com/welcome" "Mozilla/5.0 (Windows NT 10.0; Win64; x64) AppleWebKit/537.36 (KHTML, like Gecko) Chrome/87.0.4280.88 Safari/537.36"
104.128.233.51 - - [25/Dec/2020:13:53:15 +0000] "GET /indexsrc/home.js HTTP/1.0" 200 705 "https://realstresser.com/welcome" "Mozilla/5.0 (Windows NT 10.0; Win64; x64) AppleWebKit/537.36 (KHTML, like Gecko) Chrome/87.0.4280.88 Safari/537.36"
104.128.233.51 - - [25/Dec/2020:13:53:16 +0000] "GET /assets/img/favicon.ico HTTP/1.0" 404 1047 "https://realstresser.com/welcome" "Mozilla/5.0 (Windows NT 10.0; Win64; x64) AppleWebKit/537.36 (KHTML, like Gecko) Chrome/87.0.4280.88 Safari/537.36"
78.175.229.99 - - [25/Dec/2020:13:53:16 +0000] "GET /ajax/proxies?type=http HTTP/1.0" 200 27859 "-" "Mozilla/5.0 (Windows NT 10.0; Win64; x64) AppleWebKit/537.36 (KHTML, like Gecko) Chrome/87.0.4280.88 Safari/537.36"
104.128.233.51 - - [25/Dec/2020:13:53:54 +0000] "GET /welcome HTTP/1.0" 200 3822 "https://ddosforhire.net/" "Mozilla/5.0 (Windows NT 10.0; Win64; x64) AppleWebKit/537.36 (KHTML, like Gecko) Chrome/87.0.4280.88 Safari/537.36"
104.128.233.51 - - [25/Dec/2020:13:53:54 +0000] "GET /indexsrc/bootstrap.min.css.pagespeed.ce.phBxDVo8R9.css HTTP/1.0" 200 23432 "https://realstresser.com/welcome" "Mozilla/5.0 (Windows NT 10.0; Win64; x64) AppleWebKit/537.36 (KHTML, like Gecko) Chrome/87.0.4280.88 Safari/537.36"
104.128.233.51 - - [25/Dec/2020:13:53:54 +0000] "GET /indexsrc/xprivacy.png.pagespeed.ic.rDDsIgDz3t.webp HTTP/1.0" 200 21249 "https://realstresser.com/welcome" "Mozilla/5.0 (Windows NT 10.0; Win64; x64) AppleWebKit/537.36 (KHTML, like Gecko) Chrome/87.0.4280.88 Safari/537.36"
104.128.233.51 - - [25/Dec/2020:13:53:55 +0000] "GET /indexsrc/aos.css+home.css+all.min.css.pagespeed.cc.AtGiQGW8It.css HTTP/1.0" 200 19393 "https://realstresser.com/welcome" "Mozilla/5.0 (Windows NT 10.0; Win64; x64) AppleWebKit/537.36 (KHTML, like Gecko) Chrome/87.0.4280.88 Safari/537.36"
104.128.233.51 - - [25/Dec/2020:13:53:55 +0000] "GET /indexsrc/xservices.png.pagespeed.ic.bIg2QnvvTe.webp HTTP/1.0" 200 264816 "https://realstresser.com/welcome" "Mozilla/5.0 (Windows NT 10.0; Win64; x64) AppleWebKit/537.36 (KHTML, like Gecko) Chrome/87.0.4280.88 Safari/537.36"
104.128.233.51 - - [25/Dec/2020:13:53:55 +0000] "GET /indexsrc/xc-image-1.png.pagespeed.ic.-uNB3m5EXg.webp HTTP/1.0" 200 103489 "https://realstresser.com/welcome" "Mozilla/5.0 (Windows NT 10.0; Win64; x64) AppleWebKit/537.36 (KHTML, like Gecko) Chrome/87.0.4280.88 Safari/537.36"
104.128.233.51 - - [25/Dec/2020:13:53:55 +0000] "GET /indexsrc/xc-image-2.png.pagespeed.ic.pE8VRvsiKu.webp HTTP/1.0" 200 31285 "https://realstresser.com/welcome" "Mozilla/5.0 (Windows NT 10.0; Win64; x64) AppleWebKit/537.36 (KHTML, like Gecko) Chrome/87.0.4280.88 Safari/537.36"
104.128.233.51 - - [25/Dec/2020:13:53:55 +0000] "GET /indexsrc/bootstrap.min.js+home.js+aos.js.pagespeed.jc.gFXzbEYqPU.js HTTP/1.0" 200 20318 "https://realstresser.com/welcome" "Mozilla/5.0 (Windows NT 10.0; Win64; x64) AppleWebKit/537.36 (KHTML, like Gecko) Chrome/87.0.4280.88 Safari/537.36"
104.128.233.51 - - [25/Dec/2020:13:53:55 +0000] "GET /indexsrc/xc-image-4.png.pagespeed.ic.F53LBXuJW-.webp HTTP/1.0" 200 77523 "https://realstresser.com/welcome" "Mozilla/5.0 (Windows NT 10.0; Win64; x64) AppleWebKit/537.36 (KHTML, like Gecko) Chrome/87.0.4280.88 Safari/537.36"
104.128.233.51 - - [25/Dec/2020:13:53:55 +0000] "GET /indexsrc/jquery-1.12.4.min.js.pagespeed.jm.29OAZzvhfX.js HTTP/1.0" 200 34076 "https://realstresser.com/welcome" "Mozilla/5.0 (Windows NT 10.0; Win64; x64) AppleWebKit/537.36 (KHTML, like Gecko) Chrome/87.0.4280.88 Safari/537.36"
104.128.233.51 - - [25/Dec/2020:13:54:29 +0000] "GET /welcome HTTP/1.0" 200 3822 "https://ddosforhire.net/" "Mozilla/5.0 (Windows NT 10.0; Win64; x64) AppleWebKit/537.36 (KHTML, like Gecko) Chrome/87.0.4280.88 Safari/537.36"
63.143.42.250 - - [25/Dec/2020:13:56:02 +0000] "HEAD / HTTP/1.0" 302 347 "https://realstresser.com" "Mozilla/5.0+(compatible; UptimeRobot/2.0; http://www.uptimerobot.com/)"
63.143.42.250 - - [25/Dec/2020:13:56:03 +0000] "HEAD /welcome HTTP/1.0" 200 193 "https://realstresser.com" "Mozilla/5.0+(compatible; UptimeRobot/2.0; http://www.uptimerobot.com/)"
185.250.242.58 - - [25/Dec/2020:13:59:02 +0000] "GET /assets/fonts/feather-font/css/iconfont.css HTTP/1.1" 304 110 "http://realstresser.com/register" "Serf/1.3.9 (mod_pagespeed/1.13.35.2-0)"
185.250.242.58 - - [25/Dec/2020:13:59:02 +0000] "GET /assets/plugins/perfect-scrollbar/perfect-scrollbar.css HTTP/1.1" 304 109 "http://realstresser.com/register" "Serf/1.3.9 (mod_pagespeed/1.13.35.2-0)"
185.250.242.58 - - [25/Dec/2020:13:59:02 +0000] "GET /assets/plugins/bootstrap-datepicker/css/bootstrap-datepicker.min.css HTTP/1.1" 304 110 "http://realstresser.com/register" "Serf/1.3.9 (mod_pagespeed/1.13.35.2-0)"
79.164.146.167 - - [25/Dec/2020:13:59:02 +0000] "GET /register HTTP/1.0" 200 5022 "https://realstresser.com/welcome" "Mozilla/5.0 (Windows NT 10.0; Win64; x64) AppleWebKit/537.36 (KHTML, like Gecko) Chrome/87.0.4280.60 YaBrowser/20.12.0.963 Yowser/2.5 Safari/537.36"
185.250.242.58 - - [25/Dec/2020:13:59:02 +0000] "GET /css/app.css HTTP/1.1" 304 111 "http://realstresser.com/register" "Serf/1.3.9 (mod_pagespeed/1.13.35.2-0)"
185.250.242.58 - - [25/Dec/2020:13:59:02 +0000] "GET /assets/plugins/feather-icons/feather.min.js HTTP/1.1" 304 111 "http://realstresser.com/register" "Serf/1.3.9 (mod_pagespeed/1.13.35.2-0)"
185.250.242.58 - - [25/Dec/2020:13:59:02 +0000] "GET /assets/js/template.js HTTP/1.1" 200 4385 "http://realstresser.com/register" "Serf/1.3.9 (mod_pagespeed/1.13.35.2-0)"
185.250.242.58 - - [25/Dec/2020:13:59:02 +0000] "GET /favicon/favicon.ico HTTP/1.1" 200 1379 "http://realstresser.com/register" "Serf/1.3.9 (mod_pagespeed/1.13.35.2-0)"
185.250.242.58 - - [25/Dec/2020:13:59:02 +0000] "GET /assets/js/spinner.js HTTP/1.1" 304 109 "http://realstresser.com/register" "Serf/1.3.9 (mod_pagespeed/1.13.35.2-0)"
185.250.242.58 - - [25/Dec/2020:13:59:02 +0000] "GET /img/jquery.easytree/loading.gif HTTP/1.1" 404 1028 "http://realstresser.com/register" "Serf/1.3.9 (mod_pagespeed/1.13.35.2-0)"
185.250.242.58 - - [25/Dec/2020:13:59:02 +0000] "GET /js/app.js HTTP/1.1" 200 255364 "http://realstresser.com/register" "Serf/1.3.9 (mod_pagespeed/1.13.35.2-0)"
79.164.146.167 - - [25/Dec/2020:13:59:02 +0000] "GET /css/app.css HTTP/1.0" 200 248 "https://realstresser.com/register" "Mozilla/5.0 (Windows NT 10.0; Win64; x64) AppleWebKit/537.36 (KHTML, like Gecko) Chrome/87.0.4280.60 YaBrowser/20.12.0.963 Yowser/2.5 Safari/537.36"
79.164.146.167 - - [25/Dec/2020:13:59:02 +0000] "GET /assets/plugins/perfect-scrollbar/perfect-scrollbar.css HTTP/1.0" 200 1077 "https://realstresser.com/register" "Mozilla/5.0 (Windows NT 10.0; Win64; x64) AppleWebKit/537.36 (KHTML, like Gecko) Chrome/87.0.4280.60 YaBrowser/20.12.0.963 Yowser/2.5 Safari/537.36"
79.164.146.167 - - [25/Dec/2020:13:59:02 +0000] "GET /img/jquery.easytree/loading.gif HTTP/1.0" 404 1047 "https://realstresser.com/register" "Mozilla/5.0 (Windows NT 10.0; Win64; x64) AppleWebKit/537.36 (KHTML, like Gecko) Chrome/87.0.4280.60 YaBrowser/20.12.0.963 Yowser/2.5 Safari/537.36"
79.164.146.167 - - [25/Dec/2020:13:59:02 +0000] "GET /assets/plugins/bootstrap-datepicker/css/bootstrap-datepicker.min.css HTTP/1.0" 200 2486 "https://realstresser.com/register" "Mozilla/5.0 (Windows NT 10.0; Win64; x64) AppleWebKit/537.36 (KHTML, like Gecko) Chrome/87.0.4280.60 YaBrowser/20.12.0.963 Yowser/2.5 Safari/537.36"
185.250.242.58 - - [25/Dec/2020:13:59:02 +0000] "GET /js/pages/readyLogin.js HTTP/1.1" 404 1028 "http://realstresser.com/register" "Serf/1.3.9 (mod_pagespeed/1.13.35.2-0)"
185.250.242.58 - - [25/Dec/2020:13:59:03 +0000] "GET /assets/images/carousel/img6.html HTTP/1.1" 404 1028 "http://realstresser.com/register" "Serf/1.3.9 (mod_pagespeed/1.13.35.2-0)"
79.164.146.167 - - [25/Dec/2020:13:59:03 +0000] "GET /assets/fonts/feather-font/css/iconfont.css HTTP/1.0" 200 2849 "https://realstresser.com/register" "Mozilla/5.0 (Windows NT 10.0; Win64; x64) AppleWebKit/537.36 (KHTML, like Gecko) Chrome/87.0.4280.60 YaBrowser/20.12.0.963 Yowser/2.5 Safari/537.36"
79.164.146.167 - - [25/Dec/2020:13:59:03 +0000] "GET /assets/js/spinner.js HTTP/1.0" 304 156 "https://realstresser.com/register" "Mozilla/5.0 (Windows NT 10.0; Win64; x64) AppleWebKit/537.36 (KHTML, like Gecko) Chrome/87.0.4280.60 YaBrowser/20.12.0.963 Yowser/2.5 Safari/537.36"
79.164.146.167 - - [25/Dec/2020:13:59:03 +0000] "GET /assets/plugins/feather-icons/feather.min.js HTTP/1.0" 200 19880 "https://realstresser.com/register" "Mozilla/5.0 (Windows NT 10.0; Win64; x64) AppleWebKit/537.36 (KHTML, like Gecko) Chrome/87.0.4280.60 YaBrowser/20.12.0.963 Yowser/2.5 Safari/537.36"
79.164.146.167 - - [25/Dec/2020:13:59:03 +0000] "GET /js/pages/readyLogin.js HTTP/1.0" 404 1047 "https://realstresser.com/register" "Mozilla/5.0 (Windows NT 10.0; Win64; x64) AppleWebKit/537.36 (KHTML, like Gecko) Chrome/87.0.4280.60 YaBrowser/20.12.0.963 Yowser/2.5 Safari/537.36"
79.164.146.167 - - [25/Dec/2020:13:59:03 +0000] "GET /js/app.js HTTP/1.0" 200 82284 "https://realstresser.com/register" "Mozilla/5.0 (Windows NT 10.0; Win64; x64) AppleWebKit/537.36 (KHTML, like Gecko) Chrome/87.0.4280.60 YaBrowser/20.12.0.963 Yowser/2.5 Safari/537.36"
79.164.146.167 - - [25/Dec/2020:13:59:03 +0000] "GET /css/app.css HTTP/1.1" 200 657239 "https://realstresser.com/register" "Mozilla/5.0 (Windows NT 10.0; Win64; x64) AppleWebKit/537.36 (KHTML, like Gecko) Chrome/87.0.4280.60 YaBrowser/20.12.0.963 Yowser/2.5 Safari/537.36"
79.164.146.167 - - [25/Dec/2020:13:59:04 +0000] "GET /favicon/favicon.ico HTTP/1.1" 200 1150 "https://realstresser.com/register" "Mozilla/5.0 (Windows NT 10.0; Win64; x64) AppleWebKit/537.36 (KHTML, like Gecko) Chrome/87.0.4280.60 YaBrowser/20.12.0.963 Yowser/2.5 Safari/537.36"
79.164.146.167 - - [25/Dec/2020:13:59:04 +0000] "GET /favicon/favicon.ico HTTP/1.0" 200 272 "https://realstresser.com/register" "Mozilla/5.0 (Windows NT 10.0; Win64; x64) AppleWebKit/537.36 (KHTML, like Gecko) Chrome/87.0.4280.60 YaBrowser/20.12.0.963 Yowser/2.5 Safari/537.36"
79.164.146.167 - - [25/Dec/2020:13:59:16 +0000] "POST /ajax/login.php?type=register HTTP/1.1" 200 781 "https://realstresser.com/register" "Mozilla/5.0 (Windows NT 10.0; Win64; x64) AppleWebKit/537.36 (KHTML, like Gecko) Chrome/87.0.4280.60 YaBrowser/20.12.0.963 Yowser/2.5 Safari/537.36"
79.164.146.167 - - [25/Dec/2020:13:59:19 +0000] "GET /index.php HTTP/1.1" 302 1101 "https://realstresser.com/register" "Mozilla/5.0 (Windows NT 10.0; Win64; x64) AppleWebKit/537.36 (KHTML, like Gecko) Chrome/87.0.4280.60 YaBrowser/20.12.0.963 Yowser/2.5 Safari/537.36"
79.164.146.167 - - [25/Dec/2020:13:59:20 +0000] "GET /indexsrc/css HTTP/1.1" 200 6996 "https://realstresser.com/welcome" "Mozilla/5.0 (Windows NT 10.0; Win64; x64) AppleWebKit/537.36 (KHTML, like Gecko) Chrome/87.0.4280.60 YaBrowser/20.12.0.963 Yowser/2.5 Safari/537.36"
79.164.146.167 - - [25/Dec/2020:13:59:20 +0000] "GET /indexsrc/home.css HTTP/1.1" 200 30622 "https://realstresser.com/welcome" "Mozilla/5.0 (Windows NT 10.0; Win64; x64) AppleWebKit/537.36 (KHTML, like Gecko) Chrome/87.0.4280.60 YaBrowser/20.12.0.963 Yowser/2.5 Safari/537.36"
185.250.242.58 - - [25/Dec/2020:13:59:20 +0000] "GET /indexsrc/aos.css HTTP/1.1" 304 110 "http://realstresser.com/welcome" "Serf/1.3.9 (mod_pagespeed/1.13.35.2-0)"
185.250.242.58 - - [25/Dec/2020:13:59:20 +0000] "GET /indexsrc/home.css HTTP/1.1" 304 110 "http://realstresser.com/welcome" "Serf/1.3.9 (mod_pagespeed/1.13.35.2-0)"
185.250.242.58 - - [25/Dec/2020:13:59:20 +0000] "GET /indexsrc/all.min.css HTTP/1.1" 304 110 "http://realstresser.com/welcome" "Serf/1.3.9 (mod_pagespeed/1.13.35.2-0)"
79.164.146.167 - - [25/Dec/2020:13:59:19 +0000] "GET /welcome HTTP/1.0" 200 3636 "https://realstresser.com/register" "Mozilla/5.0 (Windows NT 10.0; Win64; x64) AppleWebKit/537.36 (KHTML, like Gecko) Chrome/87.0.4280.60 YaBrowser/20.12.0.963 Yowser/2.5 Safari/537.36"
185.250.242.58 - - [25/Dec/2020:13:59:20 +0000] "GET /indexsrc/bootstrap.min.js HTTP/1.1" 304 111 "http://realstresser.com/welcome" "Serf/1.3.9 (mod_pagespeed/1.13.35.2-0)"
185.250.242.58 - - [25/Dec/2020:13:59:20 +0000] "GET /indexsrc/home.js HTTP/1.1" 304 109 "http://realstresser.com/welcome" "Serf/1.3.9 (mod_pagespeed/1.13.35.2-0)"
185.250.242.58 - - [25/Dec/2020:13:59:20 +0000] "GET /indexsrc/aos.js HTTP/1.1" 304 110 "http://realstresser.com/welcome" "Serf/1.3.9 (mod_pagespeed/1.13.35.2-0)"
185.250.242.58 - - [25/Dec/2020:13:59:20 +0000] "GET /indexsrc/privacy.png HTTP/1.1" 304 110 "http://realstresser.com/welcome" "Serf/1.3.9 (mod_pagespeed/1.13.35.2-0)"
185.250.242.58 - - [25/Dec/2020:13:59:20 +0000] "GET /indexsrc/services.png HTTP/1.1" 304 111 "http://realstresser.com/welcome" "Serf/1.3.9 (mod_pagespeed/1.13.35.2-0)"
185.250.242.58 - - [25/Dec/2020:13:59:20 +0000] "GET /indexsrc/c-image-1.png HTTP/1.1" 304 111 "http://realstresser.com/welcome" "Serf/1.3.9 (mod_pagespeed/1.13.35.2-0)"
185.250.242.58 - - [25/Dec/2020:13:59:20 +0000] "GET /indexsrc/c-image-2.png HTTP/1.1" 304 110 "http://realstresser.com/welcome" "Serf/1.3.9 (mod_pagespeed/1.13.35.2-0)"
185.250.242.58 - - [25/Dec/2020:13:59:20 +0000] "GET /indexsrc/c-image-4.png HTTP/1.1" 304 111 "http://realstresser.com/welcome" "Serf/1.3.9 (mod_pagespeed/1.13.35.2-0)"
185.250.242.58 - - [25/Dec/2020:13:59:20 +0000] "GET /assets/img/favicon.ico HTTP/1.1" 404 1028 "http://realstresser.com/welcome" "Serf/1.3.9 (mod_pagespeed/1.13.35.2-0)"
185.250.242.58 - - [25/Dec/2020:13:59:20 +0000] "GET /indexsrc/header-bottom.svg HTTP/1.1" 200 739 "http://realstresser.com/welcome" "Serf/1.3.9 (mod_pagespeed/1.13.35.2-0)"
185.250.242.58 - - [25/Dec/2020:13:59:20 +0000] "GET /indexsrc/f-shape.svg HTTP/1.1" 200 753 "http://realstresser.com/welcome" "Serf/1.3.9 (mod_pagespeed/1.13.35.2-0)"
185.250.242.58 - - [25/Dec/2020:13:59:20 +0000] "GET /indexsrc/bootstrap.min.css HTTP/1.1" 304 111 "http://realstresser.com/welcome" "Serf/1.3.9 (mod_pagespeed/1.13.35.2-0)"
185.250.242.58 - - [25/Dec/2020:13:59:20 +0000] "GET /indexsrc/c-image-3.svg HTTP/1.1" 200 1603 "http://realstresser.com/welcome" "Serf/1.3.9 (mod_pagespeed/1.13.35.2-0)"
185.250.242.58 - - [25/Dec/2020:13:59:20 +0000] "GET /indexsrc/css HTTP/1.1" 200 7186 "http://realstresser.com/welcome" "Serf/1.3.9 (mod_pagespeed/1.13.35.2-0)"
185.250.242.58 - - [25/Dec/2020:13:59:20 +0000] "GET /indexsrc/jquery-1.12.4.min.js HTTP/1.1" 304 111 "http://realstresser.com/welcome" "Serf/1.3.9 (mod_pagespeed/1.13.35.2-0)"
79.164.146.167 - - [25/Dec/2020:13:59:20 +0000] "GET /indexsrc/aos.css HTTP/1.0" 200 2626 "https://realstresser.com/welcome" "Mozilla/5.0 (Windows NT 10.0; Win64; x64) AppleWebKit/537.36 (KHTML, like Gecko) Chrome/87.0.4280.60 YaBrowser/20.12.0.963 Yowser/2.5 Safari/537.36"
79.164.146.167 - - [25/Dec/2020:13:59:20 +0000] "GET /indexsrc/bootstrap.min.css HTTP/1.0" 200 23399 "https://realstresser.com/welcome" "Mozilla/5.0 (Windows NT 10.0; Win64; x64) AppleWebKit/537.36 (KHTML, like Gecko) Chrome/87.0.4280.60 YaBrowser/20.12.0.963 Yowser/2.5 Safari/537.36"
79.164.146.167 - - [25/Dec/2020:13:59:20 +0000] "GET /indexsrc/css HTTP/1.0" 200 197 "https://realstresser.com/welcome" "Mozilla/5.0 (Windows NT 10.0; Win64; x64) AppleWebKit/537.36 (KHTML, like Gecko) Chrome/87.0.4280.60 YaBrowser/20.12.0.963 Yowser/2.5 Safari/537.36"
