78.175.229.99 - - [26/Dec/2020:15:17:21 +0000] "GET /ajax/hub.php?type=adminattacks&csrf=a717021acbf53e1efda3788b5606785588s8p14t4ktpnlf6q4bdats9rj460refCS7817522999refCSdf54327be805c8adefef104582e8a25e HTTP/1.1" 200 1108 "https://realstresser.com/hub" "Mozilla/5.0 (Windows NT 10.0; Win64; x64) AppleWebKit/537.36 (KHTML, like Gecko) Chrome/87.0.4280.88 Safari/537.36"
78.175.229.99 - - [26/Dec/2020:15:17:26 +0000] "GET /ajax/hub.php?type=adminattacks&csrf=a717021acbf53e1efda3788b5606785588s8p14t4ktpnlf6q4bdats9rj460refCS7817522999refCSdf54327be805c8adefef104582e8a25e HTTP/1.1" 200 1108 "https://realstresser.com/hub" "Mozilla/5.0 (Windows NT 10.0; Win64; x64) AppleWebKit/537.36 (KHTML, like Gecko) Chrome/87.0.4280.88 Safari/537.36"
78.175.229.99 - - [26/Dec/2020:15:17:27 +0000] "GET /ajax/hub.php?type=adminattacks&csrf=a717021acbf53e1efda3788b5606785588s8p14t4ktpnlf6q4bdats9rj460refCS7817522999refCSdf54327be805c8adefef104582e8a25e HTTP/1.1" 200 1108 "https://realstresser.com/hub" "Mozilla/5.0 (Windows NT 10.0; Win64; x64) AppleWebKit/537.36 (KHTML, like Gecko) Chrome/87.0.4280.88 Safari/537.36"
78.175.229.99 - - [26/Dec/2020:15:17:27 +0000] "GET /ajax/hub.php?type=adminattacks&csrf=a717021acbf53e1efda3788b5606785588s8p14t4ktpnlf6q4bdats9rj460refCS7817522999refCSdf54327be805c8adefef104582e8a25e HTTP/1.1" 200 1108 "https://realstresser.com/hub" "Mozilla/5.0 (Windows NT 10.0; Win64; x64) AppleWebKit/537.36 (KHTML, like Gecko) Chrome/87.0.4280.88 Safari/537.36"
78.175.229.99 - - [26/Dec/2020:15:17:28 +0000] "GET /ajax/hub.php?type=adminattacks&csrf=a717021acbf53e1efda3788b5606785588s8p14t4ktpnlf6q4bdats9rj460refCS7817522999refCSdf54327be805c8adefef104582e8a25e HTTP/1.1" 200 1108 "https://realstresser.com/hub" "Mozilla/5.0 (Windows NT 10.0; Win64; x64) AppleWebKit/537.36 (KHTML, like Gecko) Chrome/87.0.4280.88 Safari/537.36"
212.47.143.150 - - [26/Dec/2020:15:18:49 +0000] "GET /ajax/hub.php?type=start&host=http://miadevelopment.xyz/&port=80&reqtype=GET&time=120&method=HTTP-BRUST&csrf=b65fc1ee2d131660782096c9d8729c718t43q6uk4m6rvtqmmfsp4sj9ec060refCS21247143150refCSdf54327be805c8adefef104582e8a25e HTTP/1.1" 200 1032 "https://www.realstresser.com/hub" "Mozilla/5.0 (Windows NT 10.0; Win64; x64) AppleWebKit/537.36 (KHTML, like Gecko) Chrome/87.0.4280.88 Safari/537.36"
212.47.143.150 - - [26/Dec/2020:15:18:50 +0000] "GET /ajax/hub.php?type=attacks&csrf=b65fc1ee2d131660782096c9d8729c718t43q6uk4m6rvtqmmfsp4sj9ec060refCS21247143150refCSdf54327be805c8adefef104582e8a25e HTTP/1.1" 200 1403 "https://www.realstresser.com/hub" "Mozilla/5.0 (Windows NT 10.0; Win64; x64) AppleWebKit/537.36 (KHTML, like Gecko) Chrome/87.0.4280.88 Safari/537.36"
212.47.138.210 - - [26/Dec/2020:15:20:54 +0000] "GET /ajax/hub.php?type=attacks&csrf=b65fc1ee2d131660782096c9d8729c718t43q6uk4m6rvtqmmfsp4sj9ec060refCS21247143150refCSdf54327be805c8adefef104582e8a25e HTTP/1.1" 200 1087 "https://www.realstresser.com/hub" "Mozilla/5.0 (Windows NT 10.0; Win64; x64) AppleWebKit/537.36 (KHTML, like Gecko) Chrome/87.0.4280.88 Safari/537.36"
2601:203:300:a1c0:9904:13ad:758:f8c1 - - [26/Dec/2020:15:24:50 +0000] "GET /indexsrc/css HTTP/1.1" 200 6996 "https://realstresser.com/welcome" "Mozilla/5.0 (iPhone; CPU iPhone OS 14_4 like Mac OS X) AppleWebKit/605.1.15 (KHTML, like Gecko) Version/14.0.3 Mobile/15E148 Safari/604.1"
2601:203:300:a1c0:9904:13ad:758:f8c1 - - [26/Dec/2020:15:24:50 +0000] "GET /indexsrc/c-image-3.svg HTTP/1.1" 200 1385 "https://realstresser.com/welcome" "Mozilla/5.0 (iPhone; CPU iPhone OS 14_4 like Mac OS X) AppleWebKit/605.1.15 (KHTML, like Gecko) Version/14.0.3 Mobile/15E148 Safari/604.1"
2601:203:300:a1c0:9904:13ad:758:f8c1 - - [26/Dec/2020:15:24:59 +0000] "GET /favicon/favicon.ico HTTP/1.1" 200 1150 "https://realstresser.com/register" "Mozilla/5.0 (iPhone; CPU iPhone OS 14_4 like Mac OS X) AppleWebKit/605.1.15 (KHTML, like Gecko) Version/14.0.3 Mobile/15E148 Safari/604.1"
2601:203:300:a1c0:9904:13ad:758:f8c1 - - [26/Dec/2020:15:25:00 +0000] "GET /login.php HTTP/1.1" 200 3220 "https://realstresser.com/register" "Mozilla/5.0 (iPhone; CPU iPhone OS 14_4 like Mac OS X) AppleWebKit/605.1.15 (KHTML, like Gecko) Version/14.0.3 Mobile/15E148 Safari/604.1"
2601:203:300:a1c0:9904:13ad:758:f8c1 - - [26/Dec/2020:15:25:03 +0000] "POST /ajax/login.php?type=login HTTP/1.1" 200 718 "https://realstresser.com/login.php" "Mozilla/5.0 (iPhone; CPU iPhone OS 14_4 like Mac OS X) AppleWebKit/605.1.15 (KHTML, like Gecko) Version/14.0.3 Mobile/15E148 Safari/604.1"
2601:203:300:a1c0:9904:13ad:758:f8c1 - - [26/Dec/2020:15:25:10 +0000] "POST /ajax/login.php?type=login HTTP/1.1" 200 771 "https://realstresser.com/login.php" "Mozilla/5.0 (iPhone; CPU iPhone OS 14_4 like Mac OS X) AppleWebKit/605.1.15 (KHTML, like Gecko) Version/14.0.3 Mobile/15E148 Safari/604.1"
2601:203:300:a1c0:9904:13ad:758:f8c1 - - [26/Dec/2020:15:25:22 +0000] "GET /assets/fonts/feather-font/fonts/feathere8ab.woff?t=1525787366991 HTTP/1.1" 200 29500 "https://realstresser.com/register" "Mozilla/5.0 (iPhone; CPU iPhone OS 14_4 like Mac OS X) AppleWebKit/605.1.15 (KHTML, like Gecko) Version/14.0.3 Mobile/15E148 Safari/604.1"
94.73.28.190 - - [26/Dec/2020:15:39:39 +0000] "POST /ajax/login.php?type=login HTTP/1.1" 200 771 "https://realstresser.com/login" "Mozilla/5.0 (Windows NT 10.0; Win64; x64) AppleWebKit/537.36 (KHTML, like Gecko) Chrome/87.0.4280.88 Safari/537.36"
94.73.28.190 - - [26/Dec/2020:15:39:45 +0000] "GET /ajax/hub.php?type=attacks HTTP/1.1" 200 1079 "https://realstresser.com/hub" "Mozilla/5.0 (Windows NT 10.0; Win64; x64) AppleWebKit/537.36 (KHTML, like Gecko) Chrome/87.0.4280.88 Safari/537.36"
94.73.28.190 - - [26/Dec/2020:15:39:59 +0000] "GET /ajax/hub.php?type=start&host=http://chatarab.co/&port=80&reqtype=GET&time=120&method=HTTP-BRUST&csrf=0b65166244a7e3fb77066415d8beddb64shhgt39744tt3jjopk6jv5i6k056refCS947328190refCSdf54327be805c8adefef104582e8a25e HTTP/1.1" 200 1031 "https://realstresser.com/hub" "Mozilla/5.0 (Windows NT 10.0; Win64; x64) AppleWebKit/537.36 (KHTML, like Gecko) Chrome/87.0.4280.88 Safari/537.36"
94.73.28.190 - - [26/Dec/2020:15:40:00 +0000] "GET /ajax/hub.php?type=attacks&csrf=0b65166244a7e3fb77066415d8beddb64shhgt39744tt3jjopk6jv5i6k056refCS947328190refCSdf54327be805c8adefef104582e8a25e HTTP/1.1" 200 1388 "https://realstresser.com/hub" "Mozilla/5.0 (Windows NT 10.0; Win64; x64) AppleWebKit/537.36 (KHTML, like Gecko) Chrome/87.0.4280.88 Safari/537.36"
94.73.28.190 - - [26/Dec/2020:15:42:00 +0000] "GET /ajax/hub.php?type=attacks&csrf=0b65166244a7e3fb77066415d8beddb64shhgt39744tt3jjopk6jv5i6k056refCS947328190refCSdf54327be805c8adefef104582e8a25e HTTP/1.1" 200 1082 "https://realstresser.com/hub" "Mozilla/5.0 (Windows NT 10.0; Win64; x64) AppleWebKit/537.36 (KHTML, like Gecko) Chrome/87.0.4280.88 Safari/537.36"
94.73.28.190 - - [26/Dec/2020:15:47:08 +0000] "GET /ajax/hub.php?type=start&host=http://chatarab.co/&port=80&reqtype=GET&time=120&method=HTTP-COOKIE&csrf=0b65166244a7e3fb77066415d8beddb64shhgt39744tt3jjopk6jv5i6k056refCS947328190refCSdf54327be805c8adefef104582e8a25e HTTP/1.1" 200 1031 "https://realstresser.com/hub" "Mozilla/5.0 (Windows NT 10.0; Win64; x64) AppleWebKit/537.36 (KHTML, like Gecko) Chrome/87.0.4280.88 Safari/537.36"
94.73.28.190 - - [26/Dec/2020:15:47:08 +0000] "GET /ajax/hub.php?type=attacks&csrf=0b65166244a7e3fb77066415d8beddb64shhgt39744tt3jjopk6jv5i6k056refCS947328190refCSdf54327be805c8adefef104582e8a25e HTTP/1.1" 200 1391 "https://realstresser.com/hub" "Mozilla/5.0 (Windows NT 10.0; Win64; x64) AppleWebKit/537.36 (KHTML, like Gecko) Chrome/87.0.4280.88 Safari/537.36"
94.73.28.190 - - [26/Dec/2020:15:49:08 +0000] "GET /ajax/hub.php?type=attacks&csrf=0b65166244a7e3fb77066415d8beddb64shhgt39744tt3jjopk6jv5i6k056refCS947328190refCSdf54327be805c8adefef104582e8a25e HTTP/1.1" 200 1356 "https://realstresser.com/hub" "Mozilla/5.0 (Windows NT 10.0; Win64; x64) AppleWebKit/537.36 (KHTML, like Gecko) Chrome/87.0.4280.88 Safari/537.36"
94.73.28.190 - - [26/Dec/2020:15:49:10 +0000] "GET /ajax/hub.php?type=attacks&csrf=0b65166244a7e3fb77066415d8beddb64shhgt39744tt3jjopk6jv5i6k056refCS947328190refCSdf54327be805c8adefef104582e8a25e HTTP/1.1" 200 1083 "https://realstresser.com/hub" "Mozilla/5.0 (Windows NT 10.0; Win64; x64) AppleWebKit/537.36 (KHTML, like Gecko) Chrome/87.0.4280.88 Safari/537.36"
78.175.229.99 - - [26/Dec/2020:16:02:05 +0000] "GET /ajax/hub.php?type=attacks&csrf=a717021acbf53e1efda3788b5606785588s8p14t4ktpnlf6q4bdats9rj460refCS7817522999refCSdf54327be805c8adefef104582e8a25e HTTP/1.1" 200 1088 "https://realstresser.com/hub" "Mozilla/5.0 (Windows NT 10.0; Win64; x64) AppleWebKit/537.36 (KHTML, like Gecko) Chrome/87.0.4280.88 Safari/537.36"
78.175.229.99 - - [26/Dec/2020:16:02:05 +0000] "GET /ajax/hub.php?type=adminattacks&csrf=a717021acbf53e1efda3788b5606785588s8p14t4ktpnlf6q4bdats9rj460refCS7817522999refCSdf54327be805c8adefef104582e8a25e HTTP/1.1" 200 1108 "https://realstresser.com/hub" "Mozilla/5.0 (Windows NT 10.0; Win64; x64) AppleWebKit/537.36 (KHTML, like Gecko) Chrome/87.0.4280.88 Safari/537.36"
78.175.229.99 - - [26/Dec/2020:16:02:05 +0000] "GET /ajax/hub.php?type=adminattacks&csrf=a717021acbf53e1efda3788b5606785588s8p14t4ktpnlf6q4bdats9rj460refCS7817522999refCSdf54327be805c8adefef104582e8a25e HTTP/1.1" 200 1108 "https://realstresser.com/hub" "Mozilla/5.0 (Windows NT 10.0; Win64; x64) AppleWebKit/537.36 (KHTML, like Gecko) Chrome/87.0.4280.88 Safari/537.36"
78.175.229.99 - - [26/Dec/2020:16:02:05 +0000] "GET /ajax/hub.php?type=adminattacks&csrf=a717021acbf53e1efda3788b5606785588s8p14t4ktpnlf6q4bdats9rj460refCS7817522999refCSdf54327be805c8adefef104582e8a25e HTTP/1.1" 200 1108 "https://realstresser.com/hub" "Mozilla/5.0 (Windows NT 10.0; Win64; x64) AppleWebKit/537.36 (KHTML, like Gecko) Chrome/87.0.4280.88 Safari/537.36"
78.175.229.99 - - [26/Dec/2020:16:02:06 +0000] "GET /ajax/hub.php?type=adminattacks&csrf=a717021acbf53e1efda3788b5606785588s8p14t4ktpnlf6q4bdats9rj460refCS7817522999refCSdf54327be805c8adefef104582e8a25e HTTP/1.1" 200 1108 "https://realstresser.com/hub" "Mozilla/5.0 (Windows NT 10.0; Win64; x64) AppleWebKit/537.36 (KHTML, like Gecko) Chrome/87.0.4280.88 Safari/537.36"
78.175.229.99 - - [26/Dec/2020:16:02:06 +0000] "GET /ajax/hub.php?type=adminattacks&csrf=a717021acbf53e1efda3788b5606785588s8p14t4ktpnlf6q4bdats9rj460refCS7817522999refCSdf54327be805c8adefef104582e8a25e HTTP/1.1" 200 1108 "https://realstresser.com/hub" "Mozilla/5.0 (Windows NT 10.0; Win64; x64) AppleWebKit/537.36 (KHTML, like Gecko) Chrome/87.0.4280.88 Safari/537.36"
78.175.229.99 - - [26/Dec/2020:16:02:06 +0000] "GET /ajax/hub.php?type=adminattacks&csrf=a717021acbf53e1efda3788b5606785588s8p14t4ktpnlf6q4bdats9rj460refCS7817522999refCSdf54327be805c8adefef104582e8a25e HTTP/1.1" 200 1108 "https://realstresser.com/hub" "Mozilla/5.0 (Windows NT 10.0; Win64; x64) AppleWebKit/537.36 (KHTML, like Gecko) Chrome/87.0.4280.88 Safari/537.36"
78.175.229.99 - - [26/Dec/2020:16:07:08 +0000] "GET /ajax/hub.php?type=attacks&csrf=a717021acbf53e1efda3788b5606785588s8p14t4ktpnlf6q4bdats9rj460refCS7817522999refCSdf54327be805c8adefef104582e8a25e HTTP/1.1" 200 1088 "https://realstresser.com/hub" "Mozilla/5.0 (Windows NT 10.0; Win64; x64) AppleWebKit/537.36 (KHTML, like Gecko) Chrome/87.0.4280.88 Safari/537.36"
78.175.229.99 - - [26/Dec/2020:16:07:08 +0000] "GET /ajax/hub.php?type=attacks&csrf=a717021acbf53e1efda3788b5606785588s8p14t4ktpnlf6q4bdats9rj460refCS7817522999refCSdf54327be805c8adefef104582e8a25e HTTP/1.1" 200 1088 "https://realstresser.com/hub" "Mozilla/5.0 (Windows NT 10.0; Win64; x64) AppleWebKit/537.36 (KHTML, like Gecko) Chrome/87.0.4280.88 Safari/537.36"
78.175.229.99 - - [26/Dec/2020:16:07:13 +0000] "GET /ajax/hub.php?type=adminattacks&csrf=a717021acbf53e1efda3788b5606785588s8p14t4ktpnlf6q4bdats9rj460refCS7817522999refCSdf54327be805c8adefef104582e8a25e HTTP/1.1" 200 1108 "https://realstresser.com/hub" "Mozilla/5.0 (Windows NT 10.0; Win64; x64) AppleWebKit/537.36 (KHTML, like Gecko) Chrome/87.0.4280.88 Safari/537.36"
78.175.229.99 - - [26/Dec/2020:16:07:18 +0000] "GET /ajax/hub.php?type=attacks&csrf=a717021acbf53e1efda3788b5606785588s8p14t4ktpnlf6q4bdats9rj460refCS7817522999refCSdf54327be805c8adefef104582e8a25e HTTP/1.1" 200 1088 "https://realstresser.com/hub" "Mozilla/5.0 (Windows NT 10.0; Win64; x64) AppleWebKit/537.36 (KHTML, like Gecko) Chrome/87.0.4280.88 Safari/537.36"
78.175.229.99 - - [26/Dec/2020:16:07:18 +0000] "GET /ajax/hub.php?type=attacks&csrf=a717021acbf53e1efda3788b5606785588s8p14t4ktpnlf6q4bdats9rj460refCS7817522999refCSdf54327be805c8adefef104582e8a25e HTTP/1.1" 200 1088 "https://realstresser.com/hub" "Mozilla/5.0 (Windows NT 10.0; Win64; x64) AppleWebKit/537.36 (KHTML, like Gecko) Chrome/87.0.4280.88 Safari/537.36"
78.175.229.99 - - [26/Dec/2020:16:07:19 +0000] "GET /ajax/hub.php?type=attacks&csrf=a717021acbf53e1efda3788b5606785588s8p14t4ktpnlf6q4bdats9rj460refCS7817522999refCSdf54327be805c8adefef104582e8a25e HTTP/1.1" 200 1088 "https://realstresser.com/hub" "Mozilla/5.0 (Windows NT 10.0; Win64; x64) AppleWebKit/537.36 (KHTML, like Gecko) Chrome/87.0.4280.88 Safari/537.36"
78.175.229.99 - - [26/Dec/2020:16:07:24 +0000] "GET /ajax/hub.php?type=attacks&csrf=a717021acbf53e1efda3788b5606785588s8p14t4ktpnlf6q4bdats9rj460refCS7817522999refCSdf54327be805c8adefef104582e8a25e HTTP/1.1" 200 1088 "https://realstresser.com/hub" "Mozilla/5.0 (Windows NT 10.0; Win64; x64) AppleWebKit/537.36 (KHTML, like Gecko) Chrome/87.0.4280.88 Safari/537.36"
2a02:a443:9d1a:1:b5d8:9d92:1e34:c5c5 - - [26/Dec/2020:16:08:48 +0000] "GET /indexsrc/css HTTP/1.1" 200 6996 "https://realstresser.com/welcome" "Mozilla/5.0 (Windows NT 10.0; Win64; x64) AppleWebKit/537.36 (KHTML, like Gecko) Chrome/87.0.4280.88 Safari/537.36"
2a02:a443:9d1a:1:b5d8:9d92:1e34:c5c5 - - [26/Dec/2020:16:08:48 +0000] "GET /indexsrc/aos.css HTTP/1.1" 200 26053 "https://realstresser.com/welcome" "Mozilla/5.0 (Windows NT 10.0; Win64; x64) AppleWebKit/537.36 (KHTML, like Gecko) Chrome/87.0.4280.88 Safari/537.36"
2a02:a443:9d1a:1:b5d8:9d92:1e34:c5c5 - - [26/Dec/2020:16:08:48 +0000] "GET /indexsrc/bootstrap.min.css HTTP/1.1" 200 155497 "https://realstresser.com/welcome" "Mozilla/5.0 (Windows NT 10.0; Win64; x64) AppleWebKit/537.36 (KHTML, like Gecko) Chrome/87.0.4280.88 Safari/537.36"
2a02:a443:9d1a:1:b5d8:9d92:1e34:c5c5 - - [26/Dec/2020:16:08:48 +0000] "GET /indexsrc/home.css HTTP/1.1" 200 30622 "https://realstresser.com/welcome" "Mozilla/5.0 (Windows NT 10.0; Win64; x64) AppleWebKit/537.36 (KHTML, like Gecko) Chrome/87.0.4280.88 Safari/537.36"
2a02:a443:9d1a:1:b5d8:9d92:1e34:c5c5 - - [26/Dec/2020:16:08:49 +0000] "GET /indexsrc/all.min.css HTTP/1.1" 200 57180 "https://realstresser.com/welcome" "Mozilla/5.0 (Windows NT 10.0; Win64; x64) AppleWebKit/537.36 (KHTML, like Gecko) Chrome/87.0.4280.88 Safari/537.36"
78.175.229.99 - - [26/Dec/2020:16:11:21 +0000] "GET /ajax/hub.php?type=attacks&csrf=a717021acbf53e1efda3788b5606785588s8p14t4ktpnlf6q4bdats9rj460refCS7817522999refCSdf54327be805c8adefef104582e8a25e HTTP/1.1" 200 1088 "https://realstresser.com/hub" "Mozilla/5.0 (Windows NT 10.0; Win64; x64) AppleWebKit/537.36 (KHTML, like Gecko) Chrome/87.0.4280.88 Safari/537.36"
78.175.229.99 - - [26/Dec/2020:16:11:26 +0000] "GET /ajax/hub.php?type=attacks&csrf=a717021acbf53e1efda3788b5606785588s8p14t4ktpnlf6q4bdats9rj460refCS7817522999refCSdf54327be805c8adefef104582e8a25e HTTP/1.1" 200 1088 "https://realstresser.com/hub" "Mozilla/5.0 (Windows NT 10.0; Win64; x64) AppleWebKit/537.36 (KHTML, like Gecko) Chrome/87.0.4280.88 Safari/537.36"
78.175.229.99 - - [26/Dec/2020:16:11:26 +0000] "GET /ajax/hub.php?type=adminattacks&csrf=a717021acbf53e1efda3788b5606785588s8p14t4ktpnlf6q4bdats9rj460refCS7817522999refCSdf54327be805c8adefef104582e8a25e HTTP/1.1" 200 1108 "https://realstresser.com/hub" "Mozilla/5.0 (Windows NT 10.0; Win64; x64) AppleWebKit/537.36 (KHTML, like Gecko) Chrome/87.0.4280.88 Safari/537.36"
78.175.229.99 - - [26/Dec/2020:16:11:36 +0000] "GET /ajax/hub.php?type=adminattacks&csrf=a717021acbf53e1efda3788b5606785588s8p14t4ktpnlf6q4bdats9rj460refCS7817522999refCSdf54327be805c8adefef104582e8a25e HTTP/1.1" 200 1108 "https://realstresser.com/hub" "Mozilla/5.0 (Windows NT 10.0; Win64; x64) AppleWebKit/537.36 (KHTML, like Gecko) Chrome/87.0.4280.88 Safari/537.36"
78.175.229.99 - - [26/Dec/2020:16:18:36 +0000] "POST /ajax/login.php?type=login HTTP/1.1" 200 771 "https://realstresser.com/login" "Mozilla/5.0 (Windows NT 10.0; Win64; x64) AppleWebKit/537.36 (KHTML, like Gecko) Chrome/87.0.4280.88 Safari/537.36"
78.175.229.99 - - [26/Dec/2020:16:18:44 +0000] "GET /ajax/hub.php?type=attacks HTTP/1.1" 200 1089 "https://realstresser.com/hub" "Mozilla/5.0 (Windows NT 10.0; Win64; x64) AppleWebKit/537.36 (KHTML, like Gecko) Chrome/87.0.4280.88 Safari/537.36"
78.175.229.99 - - [26/Dec/2020:16:18:47 +0000] "GET /ajax/hub.php?type=adminattacks&csrf=41e6c99bc6dede018a560a08684979b663a5bvpbfmpi4puj54br557qef460refCS7817522999refCSdf54327be805c8adefef104582e8a25e HTTP/1.1" 200 1109 "https://realstresser.com/hub" "Mozilla/5.0 (Windows NT 10.0; Win64; x64) AppleWebKit/537.36 (KHTML, like Gecko) Chrome/87.0.4280.88 Safari/537.36"
78.175.229.99 - - [26/Dec/2020:16:22:42 +0000] "GET /ajax/hub.php?type=attacks HTTP/1.1" 200 1089 "https://realstresser.com/hub" "Mozilla/5.0 (Windows NT 10.0; Win64; x64) AppleWebKit/537.36 (KHTML, like Gecko) Chrome/87.0.4280.88 Safari/537.36"
78.175.229.99 - - [26/Dec/2020:16:22:48 +0000] "GET /ajax/hub.php?type=attacks HTTP/1.1" 200 1089 "https://realstresser.com/hub" "Mozilla/5.0 (Windows NT 10.0; Win64; x64) AppleWebKit/537.36 (KHTML, like Gecko) Chrome/87.0.4280.88 Safari/537.36"
78.175.229.99 - - [26/Dec/2020:16:22:51 +0000] "GET /ajax/hub.php?type=attacks HTTP/1.1" 200 1089 "https://realstresser.com/hub" "Mozilla/5.0 (Windows NT 10.0; Win64; x64) AppleWebKit/537.36 (KHTML, like Gecko) Chrome/87.0.4280.88 Safari/537.36"
78.175.229.99 - - [26/Dec/2020:16:23:47 +0000] "GET /ajax/hub.php?type=adminattacks&csrf=41e6c99bc6dede018a560a08684979b663a5bvpbfmpi4puj54br557qef460refCS7817522999refCSdf54327be805c8adefef104582e8a25e HTTP/1.1" 200 1109 "https://realstresser.com/hub" "Mozilla/5.0 (Windows NT 10.0; Win64; x64) AppleWebKit/537.36 (KHTML, like Gecko) Chrome/87.0.4280.88 Safari/537.36"
78.175.229.99 - - [26/Dec/2020:16:24:37 +0000] "GET /ajax/hub.php?type=attacks HTTP/1.1" 200 1089 "https://realstresser.com/hub" "Mozilla/5.0 (Windows NT 10.0; Win64; x64) AppleWebKit/537.36 (KHTML, like Gecko) Chrome/87.0.4280.88 Safari/537.36"
78.175.229.99 - - [26/Dec/2020:16:25:23 +0000] "GET /ajax/hub.php?type=attacks HTTP/1.1" 200 1089 "https://realstresser.com/hub" "Mozilla/5.0 (Windows NT 10.0; Win64; x64) AppleWebKit/537.36 (KHTML, like Gecko) Chrome/87.0.4280.88 Safari/537.36"
78.175.229.99 - - [26/Dec/2020:16:26:17 +0000] "GET /favicon/favicon.ico HTTP/1.1" 304 0 "https://realstresser.com/plans" "Mozilla/5.0 (Windows NT 10.0; Win64; x64) AppleWebKit/537.36 (KHTML, like Gecko) Chrome/87.0.4280.88 Safari/537.36"
78.175.229.99 - - [26/Dec/2020:16:26:18 +0000] "GET /ajax/hub.php?type=attacks HTTP/1.1" 200 1089 "https://realstresser.com/hub" "Mozilla/5.0 (Windows NT 10.0; Win64; x64) AppleWebKit/537.36 (KHTML, like Gecko) Chrome/87.0.4280.88 Safari/537.36"
78.175.229.99 - - [26/Dec/2020:16:27:58 +0000] "GET /ajax/hub.php?type=attacks HTTP/1.1" 200 1089 "https://realstresser.com/hub" "Mozilla/5.0 (Windows NT 10.0; Win64; x64) AppleWebKit/537.36 (KHTML, like Gecko) Chrome/87.0.4280.88 Safari/537.36"
78.175.229.99 - - [26/Dec/2020:16:59:58 +0000] "GET /assets/plugins/perfect-scrollbar/perfect-scrollbar.css HTTP/1.1" 200 2598 "https://realstresser.com/hub" "Mozilla/5.0 (Windows NT 10.0; Win64; x64) AppleWebKit/537.36 (KHTML, like Gecko) Chrome/87.0.4280.88 Safari/537.36"
78.175.229.99 - - [26/Dec/2020:16:59:58 +0000] "GET /assets/plugins/bootstrap-datepicker/css/bootstrap-datepicker.min.css HTTP/1.1" 200 15731 "https://realstresser.com/hub" "Mozilla/5.0 (Windows NT 10.0; Win64; x64) AppleWebKit/537.36 (KHTML, like Gecko) Chrome/87.0.4280.88 Safari/537.36"
78.175.229.99 - - [26/Dec/2020:16:59:58 +0000] "GET /assets/fonts/feather-font/css/iconfont.css HTTP/1.1" 200 13247 "https://realstresser.com/hub" "Mozilla/5.0 (Windows NT 10.0; Win64; x64) AppleWebKit/537.36 (KHTML, like Gecko) Chrome/87.0.4280.88 Safari/537.36"
78.175.229.99 - - [26/Dec/2020:16:59:58 +0000] "GET /css/app.css HTTP/1.1" 200 657239 "https://realstresser.com/hub" "Mozilla/5.0 (Windows NT 10.0; Win64; x64) AppleWebKit/537.36 (KHTML, like Gecko) Chrome/87.0.4280.88 Safari/537.36"
78.175.229.99 - - [26/Dec/2020:16:59:59 +0000] "GET /assets/plugins/chartjs/Chart.min.js HTTP/1.1" 200 172812 "https://realstresser.com/hub" "Mozilla/5.0 (Windows NT 10.0; Win64; x64) AppleWebKit/537.36 (KHTML, like Gecko) Chrome/87.0.4280.88 Safari/537.36"
78.175.229.99 - - [26/Dec/2020:17:00:03 +0000] "GET /ajax/hub.php?type=attacks HTTP/1.1" 200 1088 "https://realstresser.com/hub" "Mozilla/5.0 (Windows NT 10.0; Win64; x64) AppleWebKit/537.36 (KHTML, like Gecko) Chrome/87.0.4280.88 Safari/537.36"
78.175.229.99 - - [26/Dec/2020:17:00:10 +0000] "GET /ajax/hub.php?type=start&host=http://145.239.6.33&port=80&reqtype=GET&time=3600&method=HTTP-FAST&csrf=8e1a7399dc479e1a6da90f8e4feec96163a5bvpbfmpi4puj54br557qef661refCS7817522999refCSdf54327be805c8adefef104582e8a25e HTTP/1.1" 200 1030 "https://realstresser.com/hub" "Mozilla/5.0 (Windows NT 10.0; Win64; x64) AppleWebKit/537.36 (KHTML, like Gecko) Chrome/87.0.4280.88 Safari/537.36"
78.175.229.99 - - [26/Dec/2020:17:00:10 +0000] "GET /ajax/hub.php?type=attacks&csrf=8e1a7399dc479e1a6da90f8e4feec96163a5bvpbfmpi4puj54br557qef661refCS7817522999refCSdf54327be805c8adefef104582e8a25e HTTP/1.1" 200 1401 "https://realstresser.com/hub" "Mozilla/5.0 (Windows NT 10.0; Win64; x64) AppleWebKit/537.36 (KHTML, like Gecko) Chrome/87.0.4280.88 Safari/537.36"
78.175.229.99 - - [26/Dec/2020:17:00:58 +0000] "GET /ajax/hub.php?type=stop&id=11956&csrf=8e1a7399dc479e1a6da90f8e4feec96163a5bvpbfmpi4puj54br557qef661refCS7817522999refCSdf54327be805c8adefef104582e8a25e HTTP/1.1" 200 1026 "https://realstresser.com/hub" "Mozilla/5.0 (Windows NT 10.0; Win64; x64) AppleWebKit/537.36 (KHTML, like Gecko) Chrome/87.0.4280.88 Safari/537.36"
78.175.229.99 - - [26/Dec/2020:17:00:58 +0000] "GET /ajax/hub.php?type=attacks&csrf=8e1a7399dc479e1a6da90f8e4feec96163a5bvpbfmpi4puj54br557qef661refCS7817522999refCSdf54327be805c8adefef104582e8a25e HTTP/1.1" 200 1088 "https://realstresser.com/hub" "Mozilla/5.0 (Windows NT 10.0; Win64; x64) AppleWebKit/537.36 (KHTML, like Gecko) Chrome/87.0.4280.88 Safari/537.36"
176.42.198.58 - - [26/Dec/2020:17:22:57 +0000] "GET /indexsrc/css HTTP/1.1" 200 6996 "https://realstresser.com/welcome" "Mozilla/5.0 (Windows NT 6.1; Win64; x64) AppleWebKit/537.36 (KHTML, like Gecko) Chrome/86.0.4240.198 Safari/537.36 OPR/72.0.3815.454"
176.42.198.58 - - [26/Dec/2020:17:23:00 +0000] "GET /indexsrc/aos.js HTTP/1.1" 200 14239 "https://realstresser.com/welcome" "Mozilla/5.0 (Windows NT 6.1; Win64; x64) AppleWebKit/537.36 (KHTML, like Gecko) Chrome/86.0.4240.198 Safari/537.36 OPR/72.0.3815.454"
176.42.198.58 - - [26/Dec/2020:17:23:01 +0000] "GET /indexsrc/c-image-3.svg HTTP/1.1" 200 1385 "https://realstresser.com/welcome" "Mozilla/5.0 (Windows NT 6.1; Win64; x64) AppleWebKit/537.36 (KHTML, like Gecko) Chrome/86.0.4240.198 Safari/537.36 OPR/72.0.3815.454"
176.42.198.58 - - [26/Dec/2020:17:23:29 +0000] "GET /js/app.js HTTP/1.1" 200 255110 "https://realstresser.com/register" "Mozilla/5.0 (Windows NT 6.1; Win64; x64) AppleWebKit/537.36 (KHTML, like Gecko) Chrome/86.0.4240.198 Safari/537.36 OPR/72.0.3815.454"
176.42.198.58 - - [26/Dec/2020:17:23:30 +0000] "GET /favicon/favicon.ico HTTP/1.1" 200 1150 "https://realstresser.com/register" "Mozilla/5.0 (Windows NT 6.1; Win64; x64) AppleWebKit/537.36 (KHTML, like Gecko) Chrome/86.0.4240.198 Safari/537.36 OPR/72.0.3815.454"
176.42.198.58 - - [26/Dec/2020:17:23:53 +0000] "POST /ajax/login.php?type=register HTTP/1.1" 200 781 "https://realstresser.com/register" "Mozilla/5.0 (Windows NT 6.1; Win64; x64) AppleWebKit/537.36 (KHTML, like Gecko) Chrome/86.0.4240.198 Safari/537.36 OPR/72.0.3815.454"
176.42.198.58 - - [26/Dec/2020:17:24:43 +0000] "POST /ajax/login.php?type=login HTTP/1.1" 200 771 "https://realstresser.com/login" "Mozilla/5.0 (Windows NT 6.1; Win64; x64) AppleWebKit/537.36 (KHTML, like Gecko) Chrome/86.0.4240.198 Safari/537.36 OPR/72.0.3815.454"
176.42.198.58 - - [26/Dec/2020:17:24:48 +0000] "GET /assets/plugins/jquery.flot/jquery.flot.js HTTP/1.1" 200 122971 "https://realstresser.com/" "Mozilla/5.0 (Windows NT 6.1; Win64; x64) AppleWebKit/537.36 (KHTML, like Gecko) Chrome/86.0.4240.198 Safari/537.36 OPR/72.0.3815.454"
176.42.198.58 - - [26/Dec/2020:17:24:50 +0000] "GET /assets/js/dashboard.js HTTP/1.1" 200 11361 "https://realstresser.com/" "Mozilla/5.0 (Windows NT 6.1; Win64; x64) AppleWebKit/537.36 (KHTML, like Gecko) Chrome/86.0.4240.198 Safari/537.36 OPR/72.0.3815.454"
176.42.198.58 - - [26/Dec/2020:17:24:51 +0000] "GET /assets/fonts/feather-font/fonts/feathere8ab.woff?t=1525787366991 HTTP/1.1" 200 29500 "https://realstresser.com/assets/A.fonts,,_feather-font,,_css,,_iconfont.css+plugins,,_perfect-scrollbar,,_perfect-scrollbar.css+plugins,,_bootstrap-datepicker,,_css,,_bootstrap-datepicker.min.css,Mcc.bLXhyDAkkd.css.pagespeed.cf.lJM_KwHUDH.css" "Mozilla/5.0 (Windows NT 6.1; Win64; x64) AppleWebKit/537.36 (KHTML, like Gecko) Chrome/86.0.4240.198 Safari/537.36 OPR/72.0.3815.454"
176.42.198.58 - - [26/Dec/2020:17:25:18 +0000] "GET /ajax/hub.php?type=attacks HTTP/1.1" 200 1049 "https://realstresser.com/hub" "Mozilla/5.0 (Windows NT 6.1; Win64; x64) AppleWebKit/537.36 (KHTML, like Gecko) Chrome/86.0.4240.198 Safari/537.36 OPR/72.0.3815.454"
176.42.198.58 - - [26/Dec/2020:17:25:19 +0000] "GET /assets/fonts/feather-font/css/iconfont.css HTTP/1.1" 200 13247 "https://realstresser.com/hub" "Mozilla/5.0 (Windows NT 6.1; Win64; x64) AppleWebKit/537.36 (KHTML, like Gecko) Chrome/86.0.4240.198 Safari/537.36 OPR/72.0.3815.454"
176.42.198.58 - - [26/Dec/2020:17:26:36 +0000] "GET /ajax/hub.php?type=start&host=https://adultoyunceviri.com&port=80&reqtype=GET&time=120&method=HTTP-BRUST&csrf=e7b114c5e4bbac78b068a1e4ec4094874kpsavev2m2b7oju8o0aku6mbg558refCS1764219858refCSb6347833edcc131a7ebff1175a8a3cbf HTTP/1.1" 200 1030 "https://realstresser.com/hub" "Mozilla/5.0 (Windows NT 6.1; Win64; x64) AppleWebKit/537.36 (KHTML, like Gecko) Chrome/86.0.4240.198 Safari/537.36 OPR/72.0.3815.454"
176.42.198.58 - - [26/Dec/2020:17:26:37 +0000] "GET /ajax/hub.php?type=attacks&csrf=e7b114c5e4bbac78b068a1e4ec4094874kpsavev2m2b7oju8o0aku6mbg558refCS1764219858refCSb6347833edcc131a7ebff1175a8a3cbf HTTP/1.1" 200 1384 "https://realstresser.com/hub" "Mozilla/5.0 (Windows NT 6.1; Win64; x64) AppleWebKit/537.36 (KHTML, like Gecko) Chrome/86.0.4240.198 Safari/537.36 OPR/72.0.3815.454"
176.42.198.58 - - [26/Dec/2020:17:28:37 +0000] "GET /ajax/hub.php?type=attacks&csrf=e7b114c5e4bbac78b068a1e4ec4094874kpsavev2m2b7oju8o0aku6mbg558refCS1764219858refCSb6347833edcc131a7ebff1175a8a3cbf HTTP/1.1" 200 1077 "https://realstresser.com/hub" "Mozilla/5.0 (Windows NT 6.1; Win64; x64) AppleWebKit/537.36 (KHTML, like Gecko) Chrome/86.0.4240.198 Safari/537.36 OPR/72.0.3815.454"
176.42.198.58 - - [26/Dec/2020:17:33:04 +0000] "GET /ajax/hub.php?type=start&host=https://dwar.gen.tr&port=80&reqtype=GET&time=120&method=HTTP-BRUST&csrf=e7b114c5e4bbac78b068a1e4ec4094874kpsavev2m2b7oju8o0aku6mbg558refCS1764219858refCSb6347833edcc131a7ebff1175a8a3cbf HTTP/1.1" 200 1025 "https://realstresser.com/hub" "Mozilla/5.0 (Windows NT 6.1; Win64; x64) AppleWebKit/537.36 (KHTML, like Gecko) Chrome/86.0.4240.198 Safari/537.36 OPR/72.0.3815.454"
176.42.198.58 - - [26/Dec/2020:17:33:05 +0000] "GET /ajax/hub.php?type=attacks&csrf=e7b114c5e4bbac78b068a1e4ec4094874kpsavev2m2b7oju8o0aku6mbg558refCS1764219858refCSb6347833edcc131a7ebff1175a8a3cbf HTTP/1.1" 200 1383 "https://realstresser.com/hub" "Mozilla/5.0 (Windows NT 6.1; Win64; x64) AppleWebKit/537.36 (KHTML, like Gecko) Chrome/86.0.4240.198 Safari/537.36 OPR/72.0.3815.454"
176.42.198.58 - - [26/Dec/2020:17:33:42 +0000] "GET /ajax/hub.php?type=stop&id=11958&csrf=e7b114c5e4bbac78b068a1e4ec4094874kpsavev2m2b7oju8o0aku6mbg558refCS1764219858refCSb6347833edcc131a7ebff1175a8a3cbf HTTP/1.1" 200 1021 "https://realstresser.com/hub" "Mozilla/5.0 (Windows NT 6.1; Win64; x64) AppleWebKit/537.36 (KHTML, like Gecko) Chrome/86.0.4240.198 Safari/537.36 OPR/72.0.3815.454"
176.42.198.58 - - [26/Dec/2020:17:33:42 +0000] "GET /ajax/hub.php?type=attacks&csrf=e7b114c5e4bbac78b068a1e4ec4094874kpsavev2m2b7oju8o0aku6mbg558refCS1764219858refCSb6347833edcc131a7ebff1175a8a3cbf HTTP/1.1" 200 1080 "https://realstresser.com/hub" "Mozilla/5.0 (Windows NT 6.1; Win64; x64) AppleWebKit/537.36 (KHTML, like Gecko) Chrome/86.0.4240.198 Safari/537.36 OPR/72.0.3815.454"
78.175.229.99 - - [26/Dec/2020:17:35:18 +0000] "GET /ajax/hub.php?type=attacks HTTP/1.1" 200 1090 "https://realstresser.com/hub" "Mozilla/5.0 (Windows NT 10.0; Win64; x64) AppleWebKit/537.36 (KHTML, like Gecko) Chrome/87.0.4280.88 Safari/537.36"
78.175.229.99 - - [26/Dec/2020:17:37:03 +0000] "GET /ajax/hub.php?type=attacks HTTP/1.1" 200 1090 "https://realstresser.com/hub" "Mozilla/5.0 (Windows NT 10.0; Win64; x64) AppleWebKit/537.36 (KHTML, like Gecko) Chrome/87.0.4280.88 Safari/537.36"
78.175.229.99 - - [26/Dec/2020:17:37:04 +0000] "GET /ajax/hub.php?type=attacks HTTP/1.1" 200 1090 "https://realstresser.com/hub" "Mozilla/5.0 (Windows NT 10.0; Win64; x64) AppleWebKit/537.36 (KHTML, like Gecko) Chrome/87.0.4280.88 Safari/537.36"
78.175.229.99 - - [26/Dec/2020:17:37:05 +0000] "GET /ajax/hub.php?type=attacks HTTP/1.1" 200 1090 "https://realstresser.com/hub" "Mozilla/5.0 (Windows NT 10.0; Win64; x64) AppleWebKit/537.36 (KHTML, like Gecko) Chrome/87.0.4280.88 Safari/537.36"
176.42.198.58 - - [26/Dec/2020:17:38:49 +0000] "GET /ajax/hub.php?type=attacks HTTP/1.1" 200 1083 "https://realstresser.com/hub" "Mozilla/5.0 (Windows NT 6.1; Win64; x64) AppleWebKit/537.36 (KHTML, like Gecko) Chrome/86.0.4240.198 Safari/537.36 OPR/72.0.3815.454"
176.42.198.58 - - [26/Dec/2020:17:40:06 +0000] "GET /ajax/hub.php?type=start&host=http://176.9.64.59/HIT&port=80&reqtype=GET&time=120&method=HTTP-BRUST&csrf=2cdf736d03236623efdd53fad760ad4b4kpsavev2m2b7oju8o0aku6mbg757refCS1764219858refCSb6347833edcc131a7ebff1175a8a3cbf HTTP/1.1" 200 1035 "https://realstresser.com/hub" "Mozilla/5.0 (Windows NT 6.1; Win64; x64) AppleWebKit/537.36 (KHTML, like Gecko) Chrome/86.0.4240.198 Safari/537.36 OPR/72.0.3815.454"
176.42.198.58 - - [26/Dec/2020:17:40:06 +0000] "GET /ajax/hub.php?type=attacks&csrf=2cdf736d03236623efdd53fad760ad4b4kpsavev2m2b7oju8o0aku6mbg757refCS1764219858refCSb6347833edcc131a7ebff1175a8a3cbf HTTP/1.1" 200 1394 "https://realstresser.com/hub" "Mozilla/5.0 (Windows NT 6.1; Win64; x64) AppleWebKit/537.36 (KHTML, like Gecko) Chrome/86.0.4240.198 Safari/537.36 OPR/72.0.3815.454"
78.175.229.99 - - [26/Dec/2020:17:40:24 +0000] "GET /ajax/hub.php?type=adminattacks&csrf=e764c830804c3bff29648706deb0d26363a5bvpbfmpi4puj54br557qef661refCS7817522999refCSdf54327be805c8adefef104582e8a25e HTTP/1.1" 200 1372 "https://realstresser.com/hub" "Mozilla/5.0 (Windows NT 10.0; Win64; x64) AppleWebKit/537.36 (KHTML, like Gecko) Chrome/87.0.4280.88 Safari/537.36"
176.42.198.58 - - [26/Dec/2020:17:41:35 +0000] "GET /ajax/hub.php?type=stop&id=11959&csrf=2cdf736d03236623efdd53fad760ad4b4kpsavev2m2b7oju8o0aku6mbg757refCS1764219858refCSb6347833edcc131a7ebff1175a8a3cbf HTTP/1.1" 200 1032 "https://realstresser.com/hub" "Mozilla/5.0 (Windows NT 6.1; Win64; x64) AppleWebKit/537.36 (KHTML, like Gecko) Chrome/86.0.4240.198 Safari/537.36 OPR/72.0.3815.454"
176.42.198.58 - - [26/Dec/2020:17:41:36 +0000] "GET /ajax/hub.php?type=attacks&csrf=2cdf736d03236623efdd53fad760ad4b4kpsavev2m2b7oju8o0aku6mbg757refCS1764219858refCSb6347833edcc131a7ebff1175a8a3cbf HTTP/1.1" 200 1084 "https://realstresser.com/hub" "Mozilla/5.0 (Windows NT 6.1; Win64; x64) AppleWebKit/537.36 (KHTML, like Gecko) Chrome/86.0.4240.198 Safari/537.36 OPR/72.0.3815.454"
78.175.229.99 - - [26/Dec/2020:17:42:07 +0000] "GET /ajax/hub.php?type=adminattacks&csrf=e764c830804c3bff29648706deb0d26363a5bvpbfmpi4puj54br557qef661refCS7817522999refCSdf54327be805c8adefef104582e8a25e HTTP/1.1" 200 1109 "https://realstresser.com/hub" "Mozilla/5.0 (Windows NT 10.0; Win64; x64) AppleWebKit/537.36 (KHTML, like Gecko) Chrome/87.0.4280.88 Safari/537.36"
176.42.198.58 - - [26/Dec/2020:17:42:07 +0000] "GET /ajax/hub.php?type=attacks&csrf=2cdf736d03236623efdd53fad760ad4b4kpsavev2m2b7oju8o0aku6mbg757refCS1764219858refCSb6347833edcc131a7ebff1175a8a3cbf HTTP/1.1" 200 1084 "https://realstresser.com/hub" "Mozilla/5.0 (Windows NT 6.1; Win64; x64) AppleWebKit/537.36 (KHTML, like Gecko) Chrome/86.0.4240.198 Safari/537.36 OPR/72.0.3815.454"
176.42.198.58 - - [26/Dec/2020:17:43:33 +0000] "GET /ajax/hub.php?type=start&host=https://dstat.cc&port=80&reqtype=GET&time=120&method=HTTP-BRUST&csrf=2cdf736d03236623efdd53fad760ad4b4kpsavev2m2b7oju8o0aku6mbg757refCS1764219858refCSb6347833edcc131a7ebff1175a8a3cbf HTTP/1.1" 200 1026 "https://realstresser.com/hub" "Mozilla/5.0 (Windows NT 6.1; Win64; x64) AppleWebKit/537.36 (KHTML, like Gecko) Chrome/86.0.4240.198 Safari/537.36 OPR/72.0.3815.454"
176.42.198.58 - - [26/Dec/2020:17:43:33 +0000] "GET /ajax/hub.php?type=attacks&csrf=2cdf736d03236623efdd53fad760ad4b4kpsavev2m2b7oju8o0aku6mbg757refCS1764219858refCSb6347833edcc131a7ebff1175a8a3cbf HTTP/1.1" 200 1385 "https://realstresser.com/hub" "Mozilla/5.0 (Windows NT 6.1; Win64; x64) AppleWebKit/537.36 (KHTML, like Gecko) Chrome/86.0.4240.198 Safari/537.36 OPR/72.0.3815.454"
78.175.229.99 - - [26/Dec/2020:17:44:23 +0000] "GET /ajax/hub.php?type=start&host=https://hackinguide.net/&port=80&reqtype=GET&time=3600&method=HTTP-FAST&csrf=e764c830804c3bff29648706deb0d26363a5bvpbfmpi4puj54br557qef661refCS7817522999refCSdf54327be805c8adefef104582e8a25e HTTP/1.1" 200 1031 "https://realstresser.com/hub" "Mozilla/5.0 (Windows NT 10.0; Win64; x64) AppleWebKit/537.36 (KHTML, like Gecko) Chrome/87.0.4280.88 Safari/537.36"
78.175.229.99 - - [26/Dec/2020:17:44:24 +0000] "GET /ajax/hub.php?type=attacks&csrf=e764c830804c3bff29648706deb0d26363a5bvpbfmpi4puj54br557qef661refCS7817522999refCSdf54327be805c8adefef104582e8a25e HTTP/1.1" 200 1400 "https://realstresser.com/hub" "Mozilla/5.0 (Windows NT 10.0; Win64; x64) AppleWebKit/537.36 (KHTML, like Gecko) Chrome/87.0.4280.88 Safari/537.36"
78.175.229.99 - - [26/Dec/2020:17:44:49 +0000] "GET /ajax/hub.php?type=stop&id=11961&csrf=e764c830804c3bff29648706deb0d26363a5bvpbfmpi4puj54br557qef661refCS7817522999refCSdf54327be805c8adefef104582e8a25e HTTP/1.1" 200 1028 "https://realstresser.com/hub" "Mozilla/5.0 (Windows NT 10.0; Win64; x64) AppleWebKit/537.36 (KHTML, like Gecko) Chrome/87.0.4280.88 Safari/537.36"
78.175.229.99 - - [26/Dec/2020:17:44:49 +0000] "GET /ajax/hub.php?type=attacks&csrf=e764c830804c3bff29648706deb0d26363a5bvpbfmpi4puj54br557qef661refCS7817522999refCSdf54327be805c8adefef104582e8a25e HTTP/1.1" 200 1090 "https://realstresser.com/hub" "Mozilla/5.0 (Windows NT 10.0; Win64; x64) AppleWebKit/537.36 (KHTML, like Gecko) Chrome/87.0.4280.88 Safari/537.36"
78.175.229.99 - - [26/Dec/2020:17:44:50 +0000] "GET /ajax/hub.php?type=adminattacks&csrf=e764c830804c3bff29648706deb0d26363a5bvpbfmpi4puj54br557qef661refCS7817522999refCSdf54327be805c8adefef104582e8a25e HTTP/1.1" 200 1363 "https://realstresser.com/hub" "Mozilla/5.0 (Windows NT 10.0; Win64; x64) AppleWebKit/537.36 (KHTML, like Gecko) Chrome/87.0.4280.88 Safari/537.36"
78.175.229.99 - - [26/Dec/2020:17:45:22 +0000] "GET /ajax/hub.php?type=adminattacks&csrf=e764c830804c3bff29648706deb0d26363a5bvpbfmpi4puj54br557qef661refCS7817522999refCSdf54327be805c8adefef104582e8a25e HTTP/1.1" 200 1362 "https://realstresser.com/hub" "Mozilla/5.0 (Windows NT 10.0; Win64; x64) AppleWebKit/537.36 (KHTML, like Gecko) Chrome/87.0.4280.88 Safari/537.36"
176.42.198.58 - - [26/Dec/2020:17:45:32 +0000] "GET /ajax/hub.php?type=stop&id=11960&csrf=2cdf736d03236623efdd53fad760ad4b4kpsavev2m2b7oju8o0aku6mbg757refCS1764219858refCSb6347833edcc131a7ebff1175a8a3cbf HTTP/1.1" 200 1022 "https://realstresser.com/hub" "Mozilla/5.0 (Windows NT 6.1; Win64; x64) AppleWebKit/537.36 (KHTML, like Gecko) Chrome/86.0.4240.198 Safari/537.36 OPR/72.0.3815.454"
176.42.198.58 - - [26/Dec/2020:17:45:32 +0000] "GET /ajax/hub.php?type=attacks&csrf=2cdf736d03236623efdd53fad760ad4b4kpsavev2m2b7oju8o0aku6mbg757refCS1764219858refCSb6347833edcc131a7ebff1175a8a3cbf HTTP/1.1" 200 1086 "https://realstresser.com/hub" "Mozilla/5.0 (Windows NT 6.1; Win64; x64) AppleWebKit/537.36 (KHTML, like Gecko) Chrome/86.0.4240.198 Safari/537.36 OPR/72.0.3815.454"
78.175.229.99 - - [26/Dec/2020:17:45:33 +0000] "GET /ajax/hub.php?type=start&host=http://91.232.174.70/HIT&port=80&reqtype=GET&time=3600&method=HTTP-FAST&csrf=e764c830804c3bff29648706deb0d26363a5bvpbfmpi4puj54br557qef661refCS7817522999refCSdf54327be805c8adefef104582e8a25e HTTP/1.1" 200 1036 "https://realstresser.com/hub" "Mozilla/5.0 (Windows NT 10.0; Win64; x64) AppleWebKit/537.36 (KHTML, like Gecko) Chrome/87.0.4280.88 Safari/537.36"
78.175.229.99 - - [26/Dec/2020:17:45:33 +0000] "GET /ajax/hub.php?type=attacks&csrf=e764c830804c3bff29648706deb0d26363a5bvpbfmpi4puj54br557qef661refCS7817522999refCSdf54327be805c8adefef104582e8a25e HTTP/1.1" 200 1407 "https://realstresser.com/hub" "Mozilla/5.0 (Windows NT 10.0; Win64; x64) AppleWebKit/537.36 (KHTML, like Gecko) Chrome/87.0.4280.88 Safari/537.36"
78.175.229.99 - - [26/Dec/2020:17:45:33 +0000] "GET /ajax/hub.php?type=adminattacks&csrf=e764c830804c3bff29648706deb0d26363a5bvpbfmpi4puj54br557qef661refCS7817522999refCSdf54327be805c8adefef104582e8a25e HTTP/1.1" 200 1375 "https://realstresser.com/hub" "Mozilla/5.0 (Windows NT 10.0; Win64; x64) AppleWebKit/537.36 (KHTML, like Gecko) Chrome/87.0.4280.88 Safari/537.36"
78.175.229.99 - - [26/Dec/2020:17:45:34 +0000] "GET /ajax/hub.php?type=adminattacks&csrf=e764c830804c3bff29648706deb0d26363a5bvpbfmpi4puj54br557qef661refCS7817522999refCSdf54327be805c8adefef104582e8a25e HTTP/1.1" 200 1376 "https://realstresser.com/hub" "Mozilla/5.0 (Windows NT 10.0; Win64; x64) AppleWebKit/537.36 (KHTML, like Gecko) Chrome/87.0.4280.88 Safari/537.36"
176.42.198.58 - - [26/Dec/2020:17:45:34 +0000] "GET /ajax/hub.php?type=attacks HTTP/1.1" 200 1086 "https://realstresser.com/hub" "Mozilla/5.0 (Windows NT 6.1; Win64; x64) AppleWebKit/537.36 (KHTML, like Gecko) Chrome/86.0.4240.198 Safari/537.36 OPR/72.0.3815.454"
78.175.229.99 - - [26/Dec/2020:17:46:26 +0000] "GET /ajax/hub.php?type=stop&id=11962&csrf=e764c830804c3bff29648706deb0d26363a5bvpbfmpi4puj54br557qef661refCS7817522999refCSdf54327be805c8adefef104582e8a25e HTTP/1.1" 200 1032 "https://realstresser.com/hub" "Mozilla/5.0 (Windows NT 10.0; Win64; x64) AppleWebKit/537.36 (KHTML, like Gecko) Chrome/87.0.4280.88 Safari/537.36"
78.175.229.99 - - [26/Dec/2020:17:46:26 +0000] "GET /ajax/hub.php?type=attacks&csrf=e764c830804c3bff29648706deb0d26363a5bvpbfmpi4puj54br557qef661refCS7817522999refCSdf54327be805c8adefef104582e8a25e HTTP/1.1" 200 1090 "https://realstresser.com/hub" "Mozilla/5.0 (Windows NT 10.0; Win64; x64) AppleWebKit/537.36 (KHTML, like Gecko) Chrome/87.0.4280.88 Safari/537.36"
78.175.229.99 - - [26/Dec/2020:17:46:27 +0000] "GET /ajax/hub.php?type=adminattacks&csrf=e764c830804c3bff29648706deb0d26363a5bvpbfmpi4puj54br557qef661refCS7817522999refCSdf54327be805c8adefef104582e8a25e HTTP/1.1" 200 1110 "https://realstresser.com/hub" "Mozilla/5.0 (Windows NT 10.0; Win64; x64) AppleWebKit/537.36 (KHTML, like Gecko) Chrome/87.0.4280.88 Safari/537.36"
78.175.229.99 - - [26/Dec/2020:17:46:29 +0000] "GET /ajax/hub.php?type=adminattacks&csrf=e764c830804c3bff29648706deb0d26363a5bvpbfmpi4puj54br557qef661refCS7817522999refCSdf54327be805c8adefef104582e8a25e HTTP/1.1" 200 1110 "https://realstresser.com/hub" "Mozilla/5.0 (Windows NT 10.0; Win64; x64) AppleWebKit/537.36 (KHTML, like Gecko) Chrome/87.0.4280.88 Safari/537.36"
78.175.229.99 - - [26/Dec/2020:17:46:42 +0000] "GET /ajax/hub.php?type=adminattacks&csrf=e764c830804c3bff29648706deb0d26363a5bvpbfmpi4puj54br557qef661refCS7817522999refCSdf54327be805c8adefef104582e8a25e HTTP/1.1" 200 1110 "https://realstresser.com/hub" "Mozilla/5.0 (Windows NT 10.0; Win64; x64) AppleWebKit/537.36 (KHTML, like Gecko) Chrome/87.0.4280.88 Safari/537.36"
78.175.229.99 - - [26/Dec/2020:17:47:05 +0000] "GET /ajax/hub.php?type=adminattacks&csrf=e764c830804c3bff29648706deb0d26363a5bvpbfmpi4puj54br557qef661refCS7817522999refCSdf54327be805c8adefef104582e8a25e HTTP/1.1" 200 1110 "https://realstresser.com/hub" "Mozilla/5.0 (Windows NT 10.0; Win64; x64) AppleWebKit/537.36 (KHTML, like Gecko) Chrome/87.0.4280.88 Safari/537.36"
176.42.198.58 - - [26/Dec/2020:17:48:10 +0000] "GET /ajax/hub.php?type=start&host=https://spyhackerz.org/forum/&port=80&reqtype=GET&time=120&method=HTTP-BRUST&csrf=2cdf736d03236623efdd53fad760ad4b4kpsavev2m2b7oju8o0aku6mbg757refCS1764219858refCSb6347833edcc131a7ebff1175a8a3cbf HTTP/1.1" 200 1035 "https://realstresser.com/hub" "Mozilla/5.0 (Windows NT 6.1; Win64; x64) AppleWebKit/537.36 (KHTML, like Gecko) Chrome/86.0.4240.198 Safari/537.36 OPR/72.0.3815.454"
176.42.198.58 - - [26/Dec/2020:17:48:10 +0000] "GET /ajax/hub.php?type=attacks&csrf=2cdf736d03236623efdd53fad760ad4b4kpsavev2m2b7oju8o0aku6mbg757refCS1764219858refCSb6347833edcc131a7ebff1175a8a3cbf HTTP/1.1" 200 1396 "https://realstresser.com/hub" "Mozilla/5.0 (Windows NT 6.1; Win64; x64) AppleWebKit/537.36 (KHTML, like Gecko) Chrome/86.0.4240.198 Safari/537.36 OPR/72.0.3815.454"
78.175.229.99 - - [26/Dec/2020:17:49:57 +0000] "GET /ajax/hub.php?type=adminattacks&csrf=e764c830804c3bff29648706deb0d26363a5bvpbfmpi4puj54br557qef661refCS7817522999refCSdf54327be805c8adefef104582e8a25e HTTP/1.1" 200 1372 "https://realstresser.com/hub" "Mozilla/5.0 (Windows NT 10.0; Win64; x64) AppleWebKit/537.36 (KHTML, like Gecko) Chrome/87.0.4280.88 Safari/537.36"
176.42.198.58 - - [26/Dec/2020:17:50:11 +0000] "GET /ajax/hub.php?type=attacks&csrf=2cdf736d03236623efdd53fad760ad4b4kpsavev2m2b7oju8o0aku6mbg757refCS1764219858refCSb6347833edcc131a7ebff1175a8a3cbf HTTP/1.1" 200 1085 "https://realstresser.com/hub" "Mozilla/5.0 (Windows NT 6.1; Win64; x64) AppleWebKit/537.36 (KHTML, like Gecko) Chrome/86.0.4240.198 Safari/537.36 OPR/72.0.3815.454"
78.175.229.99 - - [26/Dec/2020:17:50:12 +0000] "GET /ajax/hub.php?type=adminattacks&csrf=e764c830804c3bff29648706deb0d26363a5bvpbfmpi4puj54br557qef661refCS7817522999refCSdf54327be805c8adefef104582e8a25e HTTP/1.1" 200 1110 "https://realstresser.com/hub" "Mozilla/5.0 (Windows NT 10.0; Win64; x64) AppleWebKit/537.36 (KHTML, like Gecko) Chrome/87.0.4280.88 Safari/537.36"
176.42.198.58 - - [26/Dec/2020:17:50:15 +0000] "GET /ajax/hub.php?type=start&host=https://spyhackerz.org/forum/&port=80&reqtype=GET&time=120&method=HTTP-BRUST&csrf=2cdf736d03236623efdd53fad760ad4b4kpsavev2m2b7oju8o0aku6mbg757refCS1764219858refCSb6347833edcc131a7ebff1175a8a3cbf HTTP/1.1" 200 1033 "https://realstresser.com/hub" "Mozilla/5.0 (Windows NT 6.1; Win64; x64) AppleWebKit/537.36 (KHTML, like Gecko) Chrome/86.0.4240.198 Safari/537.36 OPR/72.0.3815.454"
176.42.198.58 - - [26/Dec/2020:17:50:16 +0000] "GET /ajax/hub.php?type=attacks&csrf=2cdf736d03236623efdd53fad760ad4b4kpsavev2m2b7oju8o0aku6mbg757refCS1764219858refCSb6347833edcc131a7ebff1175a8a3cbf HTTP/1.1" 200 1394 "https://realstresser.com/hub" "Mozilla/5.0 (Windows NT 6.1; Win64; x64) AppleWebKit/537.36 (KHTML, like Gecko) Chrome/86.0.4240.198 Safari/537.36 OPR/72.0.3815.454"
78.175.229.99 - - [26/Dec/2020:17:51:07 +0000] "GET /ajax/hub.php?type=adminattacks&csrf=e764c830804c3bff29648706deb0d26363a5bvpbfmpi4puj54br557qef661refCS7817522999refCSdf54327be805c8adefef104582e8a25e HTTP/1.1" 200 1372 "https://realstresser.com/hub" "Mozilla/5.0 (Windows NT 10.0; Win64; x64) AppleWebKit/537.36 (KHTML, like Gecko) Chrome/87.0.4280.88 Safari/537.36"
78.175.229.99 - - [26/Dec/2020:17:52:16 +0000] "GET /ajax/hub.php?type=adminattacks&csrf=e764c830804c3bff29648706deb0d26363a5bvpbfmpi4puj54br557qef661refCS7817522999refCSdf54327be805c8adefef104582e8a25e HTTP/1.1" 200 1110 "https://realstresser.com/hub" "Mozilla/5.0 (Windows NT 10.0; Win64; x64) AppleWebKit/537.36 (KHTML, like Gecko) Chrome/87.0.4280.88 Safari/537.36"
176.42.198.58 - - [26/Dec/2020:17:52:16 +0000] "GET /ajax/hub.php?type=attacks&csrf=2cdf736d03236623efdd53fad760ad4b4kpsavev2m2b7oju8o0aku6mbg757refCS1764219858refCSb6347833edcc131a7ebff1175a8a3cbf HTTP/1.1" 200 1087 "https://realstresser.com/hub" "Mozilla/5.0 (Windows NT 6.1; Win64; x64) AppleWebKit/537.36 (KHTML, like Gecko) Chrome/86.0.4240.198 Safari/537.36 OPR/72.0.3815.454"
176.42.198.58 - - [26/Dec/2020:17:52:41 +0000] "GET /ajax/hub.php?type=start&host=https://hackerassociate.com/forum/&port=80&reqtype=GET&time=120&method=HTTP-BRUST&csrf=2cdf736d03236623efdd53fad760ad4b4kpsavev2m2b7oju8o0aku6mbg757refCS1764219858refCSb6347833edcc131a7ebff1175a8a3cbf HTTP/1.1" 200 1034 "https://realstresser.com/hub" "Mozilla/5.0 (Windows NT 6.1; Win64; x64) AppleWebKit/537.36 (KHTML, like Gecko) Chrome/86.0.4240.198 Safari/537.36 OPR/72.0.3815.454"
176.42.198.58 - - [26/Dec/2020:17:52:42 +0000] "GET /ajax/hub.php?type=attacks&csrf=2cdf736d03236623efdd53fad760ad4b4kpsavev2m2b7oju8o0aku6mbg757refCS1764219858refCSb6347833edcc131a7ebff1175a8a3cbf HTTP/1.1" 200 1400 "https://realstresser.com/hub" "Mozilla/5.0 (Windows NT 6.1; Win64; x64) AppleWebKit/537.36 (KHTML, like Gecko) Chrome/86.0.4240.198 Safari/537.36 OPR/72.0.3815.454"
176.42.198.58 - - [26/Dec/2020:17:53:56 +0000] "GET /ajax/hub.php?type=stop&id=11965&csrf=2cdf736d03236623efdd53fad760ad4b4kpsavev2m2b7oju8o0aku6mbg757refCS1764219858refCSb6347833edcc131a7ebff1175a8a3cbf HTTP/1.1" 200 1031 "https://realstresser.com/hub" "Mozilla/5.0 (Windows NT 6.1; Win64; x64) AppleWebKit/537.36 (KHTML, like Gecko) Chrome/86.0.4240.198 Safari/537.36 OPR/72.0.3815.454"
176.42.198.58 - - [26/Dec/2020:17:53:56 +0000] "GET /ajax/hub.php?type=attacks&csrf=2cdf736d03236623efdd53fad760ad4b4kpsavev2m2b7oju8o0aku6mbg757refCS1764219858refCSb6347833edcc131a7ebff1175a8a3cbf HTTP/1.1" 200 1087 "https://realstresser.com/hub" "Mozilla/5.0 (Windows NT 6.1; Win64; x64) AppleWebKit/537.36 (KHTML, like Gecko) Chrome/86.0.4240.198 Safari/537.36 OPR/72.0.3815.454"
176.42.198.58 - - [26/Dec/2020:17:54:41 +0000] "GET /ajax/hub.php?type=attacks&csrf=2cdf736d03236623efdd53fad760ad4b4kpsavev2m2b7oju8o0aku6mbg757refCS1764219858refCSb6347833edcc131a7ebff1175a8a3cbf HTTP/1.1" 200 1087 "https://realstresser.com/hub" "Mozilla/5.0 (Windows NT 6.1; Win64; x64) AppleWebKit/537.36 (KHTML, like Gecko) Chrome/86.0.4240.198 Safari/537.36 OPR/72.0.3815.454"
176.42.198.58 - - [26/Dec/2020:17:55:49 +0000] "GET /ajax/hub.php?type=attacks HTTP/1.1" 200 1087 "https://realstresser.com/hub" "Mozilla/5.0 (Windows NT 6.1; Win64; x64) AppleWebKit/537.36 (KHTML, like Gecko) Chrome/86.0.4240.198 Safari/537.36 OPR/72.0.3815.454"
2001:67c:198c:906:35::99 - - [26/Dec/2020:18:00:00 +0000] "GET /ajax/hub.php?type=attacks HTTP/1.1" 200 1087 "https://realstresser.com/hub" "Mozilla/5.0 (Windows NT 6.1; Win64; x64) AppleWebKit/537.36 (KHTML, like Gecko) Chrome/86.0.4240.198 Safari/537.36 OPR/72.0.3815.454"
2001:67c:198c:906:35::99 - - [26/Dec/2020:18:02:07 +0000] "GET /ajax/hub.php?type=start&host=https://online.ameriabank.am/InternetBank/MainForm.wgx&port=80&reqtype=GET&time=120&method=HTTP-BRUST&csrf=0e0f280ae4ee0035aca55af60b5dc3b34kpsavev2m2b7oju8o0aku6mbg745refCS1764219858refCSb6347833edcc131a7ebff1175a8a3cbf HTTP/1.1" 200 1059 "https://realstresser.com/hub" "Mozilla/5.0 (Windows NT 6.1; Win64; x64) AppleWebKit/537.36 (KHTML, like Gecko) Chrome/86.0.4240.198 Safari/537.36 OPR/72.0.3815.454"
2001:67c:198c:906:35::99 - - [26/Dec/2020:18:02:07 +0000] "GET /ajax/hub.php?type=attacks&csrf=0e0f280ae4ee0035aca55af60b5dc3b34kpsavev2m2b7oju8o0aku6mbg745refCS1764219858refCSb6347833edcc131a7ebff1175a8a3cbf HTTP/1.1" 200 1424 "https://realstresser.com/hub" "Mozilla/5.0 (Windows NT 6.1; Win64; x64) AppleWebKit/537.36 (KHTML, like Gecko) Chrome/86.0.4240.198 Safari/537.36 OPR/72.0.3815.454"
78.175.229.99 - - [26/Dec/2020:18:03:19 +0000] "GET /ajax/hub.php?type=adminattacks&csrf=e764c830804c3bff29648706deb0d26363a5bvpbfmpi4puj54br557qef661refCS7817522999refCSdf54327be805c8adefef104582e8a25e HTTP/1.1" 200 1389 "https://realstresser.com/hub" "Mozilla/5.0 (Windows NT 10.0; Win64; x64) AppleWebKit/537.36 (KHTML, like Gecko) Chrome/87.0.4280.88 Safari/537.36"
2001:67c:198c:906:35::99 - - [26/Dec/2020:18:03:48 +0000] "GET /ajax/hub.php?type=stop&id=11966&csrf=0e0f280ae4ee0035aca55af60b5dc3b34kpsavev2m2b7oju8o0aku6mbg745refCS1764219858refCSb6347833edcc131a7ebff1175a8a3cbf HTTP/1.1" 200 1055 "https://realstresser.com/hub" "Mozilla/5.0 (Windows NT 6.1; Win64; x64) AppleWebKit/537.36 (KHTML, like Gecko) Chrome/86.0.4240.198 Safari/537.36 OPR/72.0.3815.454"
2001:67c:198c:906:35::99 - - [26/Dec/2020:18:03:48 +0000] "GET /ajax/hub.php?type=attacks&csrf=0e0f280ae4ee0035aca55af60b5dc3b34kpsavev2m2b7oju8o0aku6mbg745refCS1764219858refCSb6347833edcc131a7ebff1175a8a3cbf HTTP/1.1" 200 1097 "https://realstresser.com/hub" "Mozilla/5.0 (Windows NT 6.1; Win64; x64) AppleWebKit/537.36 (KHTML, like Gecko) Chrome/86.0.4240.198 Safari/537.36 OPR/72.0.3815.454"
2001:67c:198c:906:35::99 - - [26/Dec/2020:18:03:50 +0000] "GET /ajax/hub.php?type=start&host=https://online.ameriabank.am/InternetBank/MainForm.wgx&port=80&reqtype=GET&time=120&method=HTTP-BRUST&csrf=0e0f280ae4ee0035aca55af60b5dc3b34kpsavev2m2b7oju8o0aku6mbg745refCS1764219858refCSb6347833edcc131a7ebff1175a8a3cbf HTTP/1.1" 200 1059 "https://realstresser.com/hub" "Mozilla/5.0 (Windows NT 6.1; Win64; x64) AppleWebKit/537.36 (KHTML, like Gecko) Chrome/86.0.4240.198 Safari/537.36 OPR/72.0.3815.454"
