178.186.87.11 - - [26/Dec/2020:13:46:50 +0000] "GET /ajax/hub.php?type=attacks&csrf=35ec2566de6d8ca237cfeec8845d36375sf3ku791o5gkupuh88bfmuft0664refCS1781868711refCSdf54327be805c8adefef104582e8a25e HTTP/1.1" 200 2535 "https://realstresser.com/hub" "Mozilla/5.0 (Windows NT 10.0; Win64; x64) AppleWebKit/537.36 (KHTML, like Gecko) Chrome/87.0.4280.88 Safari/537.36"
2403:6200:8892:7cd6:e55e:dca5:c57e:d722 - - [26/Dec/2020:13:48:25 +0000] "GET /ajax/hub.php?type=attacks HTTP/1.1" 200 2557 "https://realstresser.com/hub" "Mozilla/5.0 (Windows NT 10.0; Win64; x64) AppleWebKit/537.36 (KHTML, like Gecko) Chrome/87.0.4280.88 Safari/537.36"
2403:6200:8892:7cd6:e55e:dca5:c57e:d722 - - [26/Dec/2020:13:49:06 +0000] "GET /ajax/hub.php?type=start&host=51.159.53.190&port=25565&version=1.8.8&time=120&method=MC-FLOOD&csrf=dc5d04e311a0447dfee9e658a55ce4dbkv0spkd20f0mg7g972eltpge29664refCS2403620088927cd6e55edca5c57ed722refCSdf54327be805c8adefef104582e8a25e HTTP/1.1" 200 1972 "https://realstresser.com/hub" "Mozilla/5.0 (Windows NT 10.0; Win64; x64) AppleWebKit/537.36 (KHTML, like Gecko) Chrome/87.0.4280.88 Safari/537.36"
2403:6200:8892:7cd6:e55e:dca5:c57e:d722 - - [26/Dec/2020:13:49:07 +0000] "GET /ajax/hub.php?type=attacks&csrf=dc5d04e311a0447dfee9e658a55ce4dbkv0spkd20f0mg7g972eltpge29664refCS2403620088927cd6e55edca5c57ed722refCSdf54327be805c8adefef104582e8a25e HTTP/1.1" 200 3235 "https://realstresser.com/hub" "Mozilla/5.0 (Windows NT 10.0; Win64; x64) AppleWebKit/537.36 (KHTML, like Gecko) Chrome/87.0.4280.88 Safari/537.36"
178.186.87.11 - - [26/Dec/2020:13:49:08 +0000] "GET /ajax/hub.php?type=start&host=https://payments-transfer24.site/&port=80&reqtype=GET&time=120&method=HTTP-BRUST&csrf=35ec2566de6d8ca237cfeec8845d36375sf3ku791o5gkupuh88bfmuft0664refCS1781868711refCSdf54327be805c8adefef104582e8a25e HTTP/1.1" 200 1970 "https://realstresser.com/hub" "Mozilla/5.0 (Windows NT 10.0; Win64; x64) AppleWebKit/537.36 (KHTML, like Gecko) Chrome/87.0.4280.88 Safari/537.36"
178.186.87.11 - - [26/Dec/2020:13:49:09 +0000] "GET /ajax/hub.php?type=attacks&csrf=35ec2566de6d8ca237cfeec8845d36375sf3ku791o5gkupuh88bfmuft0664refCS1781868711refCSdf54327be805c8adefef104582e8a25e HTTP/1.1" 200 3233 "https://realstresser.com/hub" "Mozilla/5.0 (Windows NT 10.0; Win64; x64) AppleWebKit/537.36 (KHTML, like Gecko) Chrome/87.0.4280.88 Safari/537.36"
2403:6200:8892:7cd6:e55e:dca5:c57e:d722 - - [26/Dec/2020:13:51:07 +0000] "GET /ajax/hub.php?type=attacks&csrf=dc5d04e311a0447dfee9e658a55ce4dbkv0spkd20f0mg7g972eltpge29664refCS2403620088927cd6e55edca5c57ed722refCSdf54327be805c8adefef104582e8a25e HTTP/1.1" 200 2557 "https://realstresser.com/hub" "Mozilla/5.0 (Windows NT 10.0; Win64; x64) AppleWebKit/537.36 (KHTML, like Gecko) Chrome/87.0.4280.88 Safari/537.36"
178.186.87.11 - - [26/Dec/2020:13:51:08 +0000] "GET /ajax/hub.php?type=attacks&csrf=35ec2566de6d8ca237cfeec8845d36375sf3ku791o5gkupuh88bfmuft0664refCS1781868711refCSdf54327be805c8adefef104582e8a25e HTTP/1.1" 200 3136 "https://realstresser.com/hub" "Mozilla/5.0 (Windows NT 10.0; Win64; x64) AppleWebKit/537.36 (KHTML, like Gecko) Chrome/87.0.4280.88 Safari/537.36"
178.186.87.11 - - [26/Dec/2020:13:51:10 +0000] "GET /ajax/hub.php?type=attacks&csrf=35ec2566de6d8ca237cfeec8845d36375sf3ku791o5gkupuh88bfmuft0664refCS1781868711refCSdf54327be805c8adefef104582e8a25e HTTP/1.1" 200 2535 "https://realstresser.com/hub" "Mozilla/5.0 (Windows NT 10.0; Win64; x64) AppleWebKit/537.36 (KHTML, like Gecko) Chrome/87.0.4280.88 Safari/537.36"
178.186.87.11 - - [26/Dec/2020:13:52:46 +0000] "GET /ajax/hub.php?type=start&host=https://payments-transfer24.site/&port=80&reqtype=GET&time=120&method=HTTP-BRUST&csrf=35ec2566de6d8ca237cfeec8845d36375sf3ku791o5gkupuh88bfmuft0664refCS1781868711refCSdf54327be805c8adefef104582e8a25e HTTP/1.1" 200 1970 "https://realstresser.com/hub" "Mozilla/5.0 (Windows NT 10.0; Win64; x64) AppleWebKit/537.36 (KHTML, like Gecko) Chrome/87.0.4280.88 Safari/537.36"
178.186.87.11 - - [26/Dec/2020:13:52:46 +0000] "GET /ajax/hub.php?type=attacks&csrf=35ec2566de6d8ca237cfeec8845d36375sf3ku791o5gkupuh88bfmuft0664refCS1781868711refCSdf54327be805c8adefef104582e8a25e HTTP/1.1" 200 3233 "https://realstresser.com/hub" "Mozilla/5.0 (Windows NT 10.0; Win64; x64) AppleWebKit/537.36 (KHTML, like Gecko) Chrome/87.0.4280.88 Safari/537.36"
178.186.87.11 - - [26/Dec/2020:13:54:47 +0000] "GET /ajax/hub.php?type=attacks&csrf=35ec2566de6d8ca237cfeec8845d36375sf3ku791o5gkupuh88bfmuft0664refCS1781868711refCSdf54327be805c8adefef104582e8a25e HTTP/1.1" 200 2535 "https://realstresser.com/hub" "Mozilla/5.0 (Windows NT 10.0; Win64; x64) AppleWebKit/537.36 (KHTML, like Gecko) Chrome/87.0.4280.88 Safari/537.36"
178.186.87.11 - - [26/Dec/2020:13:54:49 +0000] "GET /ajax/hub.php?type=start&host=https://payments-transfer24.site/&port=80&reqtype=GET&time=120&method=HTTP-BRUST&csrf=35ec2566de6d8ca237cfeec8845d36375sf3ku791o5gkupuh88bfmuft0664refCS1781868711refCSdf54327be805c8adefef104582e8a25e HTTP/1.1" 200 1970 "https://realstresser.com/hub" "Mozilla/5.0 (Windows NT 10.0; Win64; x64) AppleWebKit/537.36 (KHTML, like Gecko) Chrome/87.0.4280.88 Safari/537.36"
178.186.87.11 - - [26/Dec/2020:13:54:50 +0000] "GET /ajax/hub.php?type=attacks&csrf=35ec2566de6d8ca237cfeec8845d36375sf3ku791o5gkupuh88bfmuft0664refCS1781868711refCSdf54327be805c8adefef104582e8a25e HTTP/1.1" 200 3233 "https://realstresser.com/hub" "Mozilla/5.0 (Windows NT 10.0; Win64; x64) AppleWebKit/537.36 (KHTML, like Gecko) Chrome/87.0.4280.88 Safari/537.36"
178.186.87.11 - - [26/Dec/2020:13:56:50 +0000] "GET /ajax/hub.php?type=attacks&csrf=35ec2566de6d8ca237cfeec8845d36375sf3ku791o5gkupuh88bfmuft0664refCS1781868711refCSdf54327be805c8adefef104582e8a25e HTTP/1.1" 200 2535 "https://realstresser.com/hub" "Mozilla/5.0 (Windows NT 10.0; Win64; x64) AppleWebKit/537.36 (KHTML, like Gecko) Chrome/87.0.4280.88 Safari/537.36"
178.186.87.11 - - [26/Dec/2020:14:02:08 +0000] "GET /ajax/hub.php?type=start&host=https://payments-transfer24.site/&port=80&reqtype=GET&time=120&method=HTTP-BRUST&csrf=35ec2566de6d8ca237cfeec8845d36375sf3ku791o5gkupuh88bfmuft0664refCS1781868711refCSdf54327be805c8adefef104582e8a25e HTTP/1.1" 200 1970 "https://realstresser.com/hub" "Mozilla/5.0 (Windows NT 10.0; Win64; x64) AppleWebKit/537.36 (KHTML, like Gecko) Chrome/87.0.4280.88 Safari/537.36"
178.186.87.11 - - [26/Dec/2020:14:02:09 +0000] "GET /ajax/hub.php?type=attacks&csrf=35ec2566de6d8ca237cfeec8845d36375sf3ku791o5gkupuh88bfmuft0664refCS1781868711refCSdf54327be805c8adefef104582e8a25e HTTP/1.1" 200 3233 "https://realstresser.com/hub" "Mozilla/5.0 (Windows NT 10.0; Win64; x64) AppleWebKit/537.36 (KHTML, like Gecko) Chrome/87.0.4280.88 Safari/537.36"
178.186.87.11 - - [26/Dec/2020:14:04:09 +0000] "GET /ajax/hub.php?type=attacks&csrf=35ec2566de6d8ca237cfeec8845d36375sf3ku791o5gkupuh88bfmuft0664refCS1781868711refCSdf54327be805c8adefef104582e8a25e HTTP/1.1" 200 2535 "https://realstresser.com/hub" "Mozilla/5.0 (Windows NT 10.0; Win64; x64) AppleWebKit/537.36 (KHTML, like Gecko) Chrome/87.0.4280.88 Safari/537.36"
5.181.233.44 - - [26/Dec/2020:14:05:49 +0000] "GET /indexsrc/css HTTP/1.1" 200 6996 "https://realstresser.com/welcome" "Mozilla/5.0 (Windows NT 10.0; Win64; x64) AppleWebKit/537.36 (KHTML, like Gecko) Chrome/87.0.4280.88 Safari/537.36"
5.181.233.44 - - [26/Dec/2020:14:05:51 +0000] "GET /indexsrc/c-image-3.svg HTTP/1.1" 200 1385 "https://realstresser.com/welcome" "Mozilla/5.0 (Windows NT 10.0; Win64; x64) AppleWebKit/537.36 (KHTML, like Gecko) Chrome/87.0.4280.88 Safari/537.36"
5.181.233.44 - - [26/Dec/2020:14:05:53 +0000] "GET /assets/js/template.js HTTP/1.1" 200 4134 "https://realstresser.com/login" "Mozilla/5.0 (Windows NT 10.0; Win64; x64) AppleWebKit/537.36 (KHTML, like Gecko) Chrome/87.0.4280.88 Safari/537.36"
5.181.233.44 - - [26/Dec/2020:14:05:53 +0000] "GET /assets/fonts/feather-font/css/iconfont.css HTTP/1.1" 200 13247 "https://realstresser.com/login" "Mozilla/5.0 (Windows NT 10.0; Win64; x64) AppleWebKit/537.36 (KHTML, like Gecko) Chrome/87.0.4280.88 Safari/537.36"
5.181.233.44 - - [26/Dec/2020:14:05:53 +0000] "GET /assets/plugins/perfect-scrollbar/perfect-scrollbar.css HTTP/1.1" 200 2598 "https://realstresser.com/login" "Mozilla/5.0 (Windows NT 10.0; Win64; x64) AppleWebKit/537.36 (KHTML, like Gecko) Chrome/87.0.4280.88 Safari/537.36"
5.181.233.44 - - [26/Dec/2020:14:05:53 +0000] "GET /js/app.js HTTP/1.1" 200 255110 "https://realstresser.com/login" "Mozilla/5.0 (Windows NT 10.0; Win64; x64) AppleWebKit/537.36 (KHTML, like Gecko) Chrome/87.0.4280.88 Safari/537.36"
5.181.233.44 - - [26/Dec/2020:14:05:53 +0000] "GET /css/app.css HTTP/1.1" 200 657239 "https://realstresser.com/login" "Mozilla/5.0 (Windows NT 10.0; Win64; x64) AppleWebKit/537.36 (KHTML, like Gecko) Chrome/87.0.4280.88 Safari/537.36"
5.181.233.44 - - [26/Dec/2020:14:06:09 +0000] "POST /ajax/login.php?type=login HTTP/1.1" 200 1215 "https://realstresser.com/login" "Mozilla/5.0 (Windows NT 10.0; Win64; x64) AppleWebKit/537.36 (KHTML, like Gecko) Chrome/87.0.4280.88 Safari/537.36"
78.175.229.99 - - [26/Dec/2020:14:06:15 +0000] "GET /ajax/hub.php?type=attacks HTTP/1.1" 200 2535 "https://realstresser.com/hub?__cf_chl_captcha_tk__=db68f97602d4b81c5034a26fd54cb3f7489806c8-1608989128-0-AUXkOAlSqFtGOyTboWt8DNck6AC6WmxsLpexZ9fnR9zES2WoUsk3dX1moWwI95z_9h9EDHjg25aJc2f41GlUNGh4vTKNUdvQncyVH7DJOCYt-69sZEdBLXb0ZHgTbNSRv-aUnpqfZbQrMlgElZtz9Hv_BJOvJm7rD44huP61KXmOQq_0jLzdHFygFpWdFRun8Ze1ScCPsjCa5tCmMnAKfGngAF3c4iKTLzfdZ0WblAtZ2pWLY6E2XMErDlPx27Qptctrww6zoCQw09BGCZNA2IGjMaoDHilyu90LpEz3K24G42jvZDM_AdHw0kJjYFoAt6V40IHREH_qSt3RGB_KF4KPE6ZmjOhQuz8Yd6pvIF5ABgvW0BTvPGxiGK3iZ6R-wjLU7Fnjq1Fm7d5t66TAWINkVpR-QimK0jX7OTQCXXx0XkwmTauo_XZ8GOTZgRVKpZJj237vNdMxdHQAae7-LXWJ53Hl7Ghy7kfGG7GsXPQO00RrMrbcM91WSA9Xrcq9uClKaFYNmeLz-89ec7pPPIJ2oEij2uiLqyj8_zBHWaEIOFxjdxQvuauf1sDjziBpPe8OlLqSCZfHPwQLF_R4bek" "Mozilla/5.0 (Windows NT 10.0; Win64; x64) AppleWebKit/537.36 (KHTML, like Gecko) Chrome/87.0.4280.88 Safari/537.36"
178.186.87.11 - - [26/Dec/2020:14:06:39 +0000] "GET /ajax/hub.php?type=start&host=https://payments-transfer24.site/&port=80&reqtype=GET&time=120&method=HTTP-BRUST&csrf=35ec2566de6d8ca237cfeec8845d36375sf3ku791o5gkupuh88bfmuft0664refCS1781868711refCSdf54327be805c8adefef104582e8a25e HTTP/1.1" 200 1970 "https://realstresser.com/hub" "Mozilla/5.0 (Windows NT 10.0; Win64; x64) AppleWebKit/537.36 (KHTML, like Gecko) Chrome/87.0.4280.88 Safari/537.36"
178.186.87.11 - - [26/Dec/2020:14:06:40 +0000] "GET /ajax/hub.php?type=attacks&csrf=35ec2566de6d8ca237cfeec8845d36375sf3ku791o5gkupuh88bfmuft0664refCS1781868711refCSdf54327be805c8adefef104582e8a25e HTTP/1.1" 200 3233 "https://realstresser.com/hub" "Mozilla/5.0 (Windows NT 10.0; Win64; x64) AppleWebKit/537.36 (KHTML, like Gecko) Chrome/87.0.4280.88 Safari/537.36"
5.181.233.44 - - [26/Dec/2020:14:06:41 +0000] "GET /ajax/hub.php?type=attacks HTTP/1.1" 200 2534 "https://realstresser.com/hub" "Mozilla/5.0 (Windows NT 10.0; Win64; x64) AppleWebKit/537.36 (KHTML, like Gecko) Chrome/87.0.4280.88 Safari/537.36"
5.181.233.44 - - [26/Dec/2020:14:06:52 +0000] "GET /ajax/hub.php?type=start&host=https://webailesi.com/konu-discord-ayarlayacak-birisi-lazim-13795&port=80&reqtype=GET&time=120&method=HTTP-BRUST&csrf=3d55d2542f10c382d3774dc9da671178v2779eu42gu2fmr78rvv1e2d5r466refCS518123344refCSdf54327be805c8adefef104582e8a25e HTTP/1.1" 200 2001 "https://realstresser.com/hub" "Mozilla/5.0 (Windows NT 10.0; Win64; x64) AppleWebKit/537.36 (KHTML, like Gecko) Chrome/87.0.4280.88 Safari/537.36"
5.181.233.44 - - [26/Dec/2020:14:06:52 +0000] "GET /ajax/hub.php?type=attacks&csrf=3d55d2542f10c382d3774dc9da671178v2779eu42gu2fmr78rvv1e2d5r466refCS518123344refCSdf54327be805c8adefef104582e8a25e HTTP/1.1" 200 3264 "https://realstresser.com/hub" "Mozilla/5.0 (Windows NT 10.0; Win64; x64) AppleWebKit/537.36 (KHTML, like Gecko) Chrome/87.0.4280.88 Safari/537.36"
66.249.93.211 - - [26/Dec/2020:14:06:59 +0000] "GET /indexsrc/css HTTP/1.1" 200 6996 "https://realstresser.com/welcome" "Mozilla/5.0 (Linux; Android 7.0; Moto G (4)) AppleWebKit/537.36 (KHTML, like Gecko) Chrome/84.0.4143.7 Mobile Safari/537.36 Chrome-Lighthouse"
66.249.93.214 - - [26/Dec/2020:14:06:59 +0000] "GET /indexsrc/c-image-3.svg HTTP/1.1" 304 0 "https://realstresser.com/welcome" "Mozilla/5.0 (Linux; Android 7.0; Moto G (4)) AppleWebKit/537.36 (KHTML, like Gecko) Chrome/84.0.4143.7 Mobile Safari/537.36 Chrome-Lighthouse"
66.249.93.212 - - [26/Dec/2020:14:07:02 +0000] "GET /indexsrc/css HTTP/1.1" 200 6996 "https://realstresser.com/welcome" "Mozilla/5.0 (Linux; Android 7.0; Moto G (4)) AppleWebKit/537.36 (KHTML, like Gecko) Chrome/84.0.4143.7 Mobile Safari/537.36 Chrome-Lighthouse"
5.181.233.44 - - [26/Dec/2020:14:08:35 +0000] "GET /ajax/hub.php?type=start&host=https://webailesi.com/konu-discord-ayarlayacak-birisi-lazim-13795&port=80&reqtype=GET&time=120&method=HTTP-BRUST&csrf=3d55d2542f10c382d3774dc9da671178v2779eu42gu2fmr78rvv1e2d5r466refCS518123344refCSdf54327be805c8adefef104582e8a25e HTTP/1.1" 200 1936 "https://realstresser.com/hub" "Mozilla/5.0 (Windows NT 10.0; Win64; x64) AppleWebKit/537.36 (KHTML, like Gecko) Chrome/87.0.4280.88 Safari/537.36"
178.186.87.11 - - [26/Dec/2020:14:08:40 +0000] "GET /ajax/hub.php?type=attacks&csrf=35ec2566de6d8ca237cfeec8845d36375sf3ku791o5gkupuh88bfmuft0664refCS1781868711refCSdf54327be805c8adefef104582e8a25e HTTP/1.1" 200 2535 "https://realstresser.com/hub" "Mozilla/5.0 (Windows NT 10.0; Win64; x64) AppleWebKit/537.36 (KHTML, like Gecko) Chrome/87.0.4280.88 Safari/537.36"
5.181.233.44 - - [26/Dec/2020:14:09:08 +0000] "GET /ajax/hub.php?type=attacks&csrf=3d55d2542f10c382d3774dc9da671178v2779eu42gu2fmr78rvv1e2d5r466refCS518123344refCSdf54327be805c8adefef104582e8a25e HTTP/1.1" 200 2534 "https://realstresser.com/hub" "Mozilla/5.0 (Windows NT 10.0; Win64; x64) AppleWebKit/537.36 (KHTML, like Gecko) Chrome/87.0.4280.88 Safari/537.36"
5.181.233.44 - - [26/Dec/2020:14:09:33 +0000] "GET /ajax/hub.php?type=start&host=https://webailesi.com/konu-discord-ayarlayacak-birisi-lazim-13795&port=80&reqtype=GET&time=120&method=HTTP-BRUST&csrf=3d55d2542f10c382d3774dc9da671178v2779eu42gu2fmr78rvv1e2d5r466refCS518123344refCSdf54327be805c8adefef104582e8a25e HTTP/1.1" 200 2001 "https://realstresser.com/hub" "Mozilla/5.0 (Windows NT 10.0; Win64; x64) AppleWebKit/537.36 (KHTML, like Gecko) Chrome/87.0.4280.88 Safari/537.36"
5.181.233.44 - - [26/Dec/2020:14:09:33 +0000] "GET /ajax/hub.php?type=attacks&csrf=3d55d2542f10c382d3774dc9da671178v2779eu42gu2fmr78rvv1e2d5r466refCS518123344refCSdf54327be805c8adefef104582e8a25e HTTP/1.1" 200 3264 "https://realstresser.com/hub" "Mozilla/5.0 (Windows NT 10.0; Win64; x64) AppleWebKit/537.36 (KHTML, like Gecko) Chrome/87.0.4280.88 Safari/537.36"
5.181.233.44 - - [26/Dec/2020:14:11:56 +0000] "GET /ajax/hub.php?type=start&host=https://webailesi.com/konu-discord-ayarlayacak-birisi-lazim-13795&port=80&reqtype=GET&time=120&method=HTTP-BRUST&csrf=3d55d2542f10c382d3774dc9da671178v2779eu42gu2fmr78rvv1e2d5r466refCS518123344refCSdf54327be805c8adefef104582e8a25e HTTP/1.1" 200 2001 "https://realstresser.com/hub" "Mozilla/5.0 (Windows NT 10.0; Win64; x64) AppleWebKit/537.36 (KHTML, like Gecko) Chrome/87.0.4280.88 Safari/537.36"
5.181.233.44 - - [26/Dec/2020:14:11:56 +0000] "GET /ajax/hub.php?type=attacks&csrf=3d55d2542f10c382d3774dc9da671178v2779eu42gu2fmr78rvv1e2d5r466refCS518123344refCSdf54327be805c8adefef104582e8a25e HTTP/1.1" 200 3264 "https://realstresser.com/hub" "Mozilla/5.0 (Windows NT 10.0; Win64; x64) AppleWebKit/537.36 (KHTML, like Gecko) Chrome/87.0.4280.88 Safari/537.36"
5.181.233.44 - - [26/Dec/2020:14:12:11 +0000] "GET /ajax/hub.php?type=attacks&csrf=3d55d2542f10c382d3774dc9da671178v2779eu42gu2fmr78rvv1e2d5r466refCS518123344refCSdf54327be805c8adefef104582e8a25e HTTP/1.1" 200 3264 "https://realstresser.com/hub" "Mozilla/5.0 (Windows NT 10.0; Win64; x64) AppleWebKit/537.36 (KHTML, like Gecko) Chrome/87.0.4280.88 Safari/537.36"
66.249.93.212 - - [26/Dec/2020:14:13:49 +0000] "GET /indexsrc/c-image-1.png HTTP/1.1" 200 108661 "https://realstresser.com/welcome" "Mozilla/5.0 (Linux; Android 7.0; Moto G (4)) AppleWebKit/537.36 (KHTML, like Gecko) Chrome/84.0.4143.7 Mobile Safari/537.36 Chrome-Lighthouse"
66.249.93.210 - - [26/Dec/2020:14:13:49 +0000] "GET /indexsrc/aos.css HTTP/1.1" 200 26053 "https://realstresser.com/welcome" "Mozilla/5.0 (Linux; Android 7.0; Moto G (4)) AppleWebKit/537.36 (KHTML, like Gecko) Chrome/84.0.4143.7 Mobile Safari/537.36 Chrome-Lighthouse"
66.249.93.214 - - [26/Dec/2020:14:13:49 +0000] "GET /indexsrc/bootstrap.min.css HTTP/1.1" 200 155497 "https://realstresser.com/welcome" "Mozilla/5.0 (Linux; Android 7.0; Moto G (4)) AppleWebKit/537.36 (KHTML, like Gecko) Chrome/84.0.4143.7 Mobile Safari/537.36 Chrome-Lighthouse"
66.249.93.211 - - [26/Dec/2020:14:13:49 +0000] "GET /indexsrc/home.css HTTP/1.1" 200 30622 "https://realstresser.com/welcome" "Mozilla/5.0 (Linux; Android 7.0; Moto G (4)) AppleWebKit/537.36 (KHTML, like Gecko) Chrome/84.0.4143.7 Mobile Safari/537.36 Chrome-Lighthouse"
66.249.93.215 - - [26/Dec/2020:14:13:49 +0000] "GET /indexsrc/c-image-4.png HTTP/1.1" 200 84680 "https://realstresser.com/welcome" "Mozilla/5.0 (Linux; Android 7.0; Moto G (4)) AppleWebKit/537.36 (KHTML, like Gecko) Chrome/84.0.4143.7 Mobile Safari/537.36 Chrome-Lighthouse"
66.249.93.211 - - [26/Dec/2020:14:13:49 +0000] "GET /indexsrc/bootstrap.min.js HTTP/1.1" 200 65622 "https://realstresser.com/welcome" "Mozilla/5.0 (Linux; Android 7.0; Moto G (4)) AppleWebKit/537.36 (KHTML, like Gecko) Chrome/84.0.4143.7 Mobile Safari/537.36 Chrome-Lighthouse"
66.249.93.210 - - [26/Dec/2020:14:13:49 +0000] "GET /indexsrc/css HTTP/1.1" 200 6996 "https://realstresser.com/welcome" "Mozilla/5.0 (Linux; Android 7.0; Moto G (4)) AppleWebKit/537.36 (KHTML, like Gecko) Chrome/84.0.4143.7 Mobile Safari/537.36 Chrome-Lighthouse"
66.249.93.212 - - [26/Dec/2020:14:13:49 +0000] "GET /indexsrc/services.png HTTP/1.1" 200 317210 "https://realstresser.com/welcome" "Mozilla/5.0 (Linux; Android 7.0; Moto G (4)) AppleWebKit/537.36 (KHTML, like Gecko) Chrome/84.0.4143.7 Mobile Safari/537.36 Chrome-Lighthouse"
5.181.233.44 - - [26/Dec/2020:14:14:13 +0000] "GET /ajax/hub.php?type=attacks&csrf=3d55d2542f10c382d3774dc9da671178v2779eu42gu2fmr78rvv1e2d5r466refCS518123344refCSdf54327be805c8adefef104582e8a25e HTTP/1.1" 200 2534 "https://realstresser.com/hub" "Mozilla/5.0 (Windows NT 10.0; Win64; x64) AppleWebKit/537.36 (KHTML, like Gecko) Chrome/87.0.4280.88 Safari/537.36"
5.181.233.44 - - [26/Dec/2020:14:14:23 +0000] "GET /ajax/hub.php?type=attacks&csrf=3d55d2542f10c382d3774dc9da671178v2779eu42gu2fmr78rvv1e2d5r466refCS518123344refCSdf54327be805c8adefef104582e8a25e HTTP/1.1" 200 2534 "https://realstresser.com/hub" "Mozilla/5.0 (Windows NT 10.0; Win64; x64) AppleWebKit/537.36 (KHTML, like Gecko) Chrome/87.0.4280.88 Safari/537.36"
178.130.172.192 - - [26/Dec/2020:14:15:22 +0000] "GET /indexsrc/c-image-4.png HTTP/1.1" 200 84680 "https://realstresser.com/welcome" "Mozilla/5.0 (Windows NT 10.0; Win64; x64) AppleWebKit/537.36 (KHTML, like Gecko) Chrome/87.0.4280.88 Safari/537.36"
178.130.172.192 - - [26/Dec/2020:14:15:22 +0000] "GET /indexsrc/c-image-1.png HTTP/1.1" 200 108661 "https://realstresser.com/welcome" "Mozilla/5.0 (Windows NT 10.0; Win64; x64) AppleWebKit/537.36 (KHTML, like Gecko) Chrome/87.0.4280.88 Safari/537.36"
178.130.172.192 - - [26/Dec/2020:14:15:22 +0000] "GET /indexsrc/services.png HTTP/1.1" 200 317210 "https://realstresser.com/welcome" "Mozilla/5.0 (Windows NT 10.0; Win64; x64) AppleWebKit/537.36 (KHTML, like Gecko) Chrome/87.0.4280.88 Safari/537.36"
178.130.172.192 - - [26/Dec/2020:14:17:00 +0000] "POST /ajax/login.php?type=register HTTP/1.1" 200 1231 "https://realstresser.com/register" "Mozilla/5.0 (Windows NT 10.0; Win64; x64) AppleWebKit/537.36 (KHTML, like Gecko) Chrome/87.0.4280.88 Safari/537.36"
178.130.172.192 - - [26/Dec/2020:14:17:04 +0000] "GET /index.php HTTP/1.1" 302 1101 "https://realstresser.com/register" "Mozilla/5.0 (Windows NT 10.0; Win64; x64) AppleWebKit/537.36 (KHTML, like Gecko) Chrome/87.0.4280.88 Safari/537.36"
178.130.172.192 - - [26/Dec/2020:14:18:10 +0000] "POST /ajax/login.php?type=login HTTP/1.1" 200 1215 "https://realstresser.com/login" "Mozilla/5.0 (Windows NT 10.0; Win64; x64) AppleWebKit/537.36 (KHTML, like Gecko) Chrome/87.0.4280.88 Safari/537.36"
178.130.172.192 - - [26/Dec/2020:14:18:28 +0000] "GET /ajax/hub.php?type=attacks HTTP/1.1" 200 2024 "https://realstresser.com/hub" "Mozilla/5.0 (Windows NT 10.0; Win64; x64) AppleWebKit/537.36 (KHTML, like Gecko) Chrome/87.0.4280.88 Safari/537.36"
178.130.172.192 - - [26/Dec/2020:14:19:08 +0000] "GET /ajax/hub.php?type=start&host=198.187.29.122&port=80&reqtype=GET&time=120&method=HTTP-BRUST&csrf=ed3e0d21c26799e1d2bac3fcb9ccb9224shhgt39744tt3jjopk6jv5i6k064refCS178130172192refCSdf54327be805c8adefef104582e8a25e HTTP/1.1" 200 1931 "https://realstresser.com/hub" "Mozilla/5.0 (Windows NT 10.0; Win64; x64) AppleWebKit/537.36 (KHTML, like Gecko) Chrome/87.0.4280.88 Safari/537.36"
178.130.172.192 - - [26/Dec/2020:14:19:22 +0000] "GET /ajax/hub.php?type=start&host=https://www.chat-alarab.info/&port=80&reqtype=GET&time=120&method=HTTP-BRUST&csrf=ed3e0d21c26799e1d2bac3fcb9ccb9224shhgt39744tt3jjopk6jv5i6k064refCS178130172192refCSdf54327be805c8adefef104582e8a25e HTTP/1.1" 200 1968 "https://realstresser.com/hub" "Mozilla/5.0 (Windows NT 10.0; Win64; x64) AppleWebKit/537.36 (KHTML, like Gecko) Chrome/87.0.4280.88 Safari/537.36"
178.130.172.192 - - [26/Dec/2020:14:19:22 +0000] "GET /ajax/hub.php?type=attacks&csrf=ed3e0d21c26799e1d2bac3fcb9ccb9224shhgt39744tt3jjopk6jv5i6k064refCS178130172192refCSdf54327be805c8adefef104582e8a25e HTTP/1.1" 200 2775 "https://realstresser.com/hub" "Mozilla/5.0 (Windows NT 10.0; Win64; x64) AppleWebKit/537.36 (KHTML, like Gecko) Chrome/87.0.4280.88 Safari/537.36"
66.249.93.210 - - [26/Dec/2020:14:21:39 +0000] "GET /indexsrc/all.min.css HTTP/1.1" 200 57180 "https://realstresser.com/welcome" "Mozilla/5.0 (Macintosh; Intel Mac OS X 10_14_6) AppleWebKit/537.36 (KHTML, like Gecko) Chrome/84.0.4143.7 Safari/537.36 Chrome-Lighthouse"
66.249.93.212 - - [26/Dec/2020:14:21:39 +0000] "GET /indexsrc/css HTTP/1.1" 200 6996 "https://realstresser.com/welcome" "Mozilla/5.0 (Linux; Android 7.0; Moto G (4)) AppleWebKit/537.36 (KHTML, like Gecko) Chrome/84.0.4143.7 Mobile Safari/537.36 Chrome-Lighthouse"
66.249.93.211 - - [26/Dec/2020:14:21:39 +0000] "GET /indexsrc/privacy.png HTTP/1.1" 200 37088 "https://realstresser.com/welcome" "Mozilla/5.0 (Linux; Android 7.0; Moto G (4)) AppleWebKit/537.36 (KHTML, like Gecko) Chrome/84.0.4143.7 Mobile Safari/537.36 Chrome-Lighthouse"
66.249.93.214 - - [26/Dec/2020:14:21:39 +0000] "GET /indexsrc/all.min.css HTTP/1.1" 200 57180 "https://realstresser.com/welcome" "Mozilla/5.0 (Linux; Android 7.0; Moto G (4)) AppleWebKit/537.36 (KHTML, like Gecko) Chrome/84.0.4143.7 Mobile Safari/537.36 Chrome-Lighthouse"
66.249.93.214 - - [26/Dec/2020:14:21:39 +0000] "GET /indexsrc/c-image-2.png HTTP/1.1" 200 33426 "https://realstresser.com/welcome" "Mozilla/5.0 (Macintosh; Intel Mac OS X 10_14_6) AppleWebKit/537.36 (KHTML, like Gecko) Chrome/84.0.4143.7 Safari/537.36 Chrome-Lighthouse"
66.249.93.212 - - [26/Dec/2020:14:21:39 +0000] "GET /indexsrc/privacy.png HTTP/1.1" 200 37088 "https://realstresser.com/welcome" "Mozilla/5.0 (Macintosh; Intel Mac OS X 10_14_6) AppleWebKit/537.36 (KHTML, like Gecko) Chrome/84.0.4143.7 Safari/537.36 Chrome-Lighthouse"
66.249.93.213 - - [26/Dec/2020:14:21:39 +0000] "GET /indexsrc/c-image-2.png HTTP/1.1" 200 33426 "https://realstresser.com/welcome" "Mozilla/5.0 (Linux; Android 7.0; Moto G (4)) AppleWebKit/537.36 (KHTML, like Gecko) Chrome/84.0.4143.7 Mobile Safari/537.36 Chrome-Lighthouse"
66.249.93.212 - - [26/Dec/2020:14:21:39 +0000] "GET /indexsrc/css HTTP/1.1" 200 6996 "https://realstresser.com/welcome" "Mozilla/5.0 (Macintosh; Intel Mac OS X 10_14_6) AppleWebKit/537.36 (KHTML, like Gecko) Chrome/84.0.4143.7 Safari/537.36 Chrome-Lighthouse"
66.249.93.213 - - [26/Dec/2020:14:21:39 +0000] "GET /indexsrc/jquery-1.12.4.min.js HTTP/1.1" 200 97163 "https://realstresser.com/welcome" "Mozilla/5.0 (Macintosh; Intel Mac OS X 10_14_6) AppleWebKit/537.36 (KHTML, like Gecko) Chrome/84.0.4143.7 Safari/537.36 Chrome-Lighthouse"
66.249.93.213 - - [26/Dec/2020:14:21:39 +0000] "GET /indexsrc/jquery-1.12.4.min.js HTTP/1.1" 200 97163 "https://realstresser.com/welcome" "Mozilla/5.0 (Linux; Android 7.0; Moto G (4)) AppleWebKit/537.36 (KHTML, like Gecko) Chrome/84.0.4143.7 Mobile Safari/537.36 Chrome-Lighthouse"
66.249.93.212 - - [26/Dec/2020:14:21:39 +0000] "GET /indexsrc/aos.js HTTP/1.1" 200 14239 "https://realstresser.com/welcome" "Mozilla/5.0 (Macintosh; Intel Mac OS X 10_14_6) AppleWebKit/537.36 (KHTML, like Gecko) Chrome/84.0.4143.7 Safari/537.36 Chrome-Lighthouse"
66.249.93.213 - - [26/Dec/2020:14:21:39 +0000] "GET /indexsrc/aos.js HTTP/1.1" 200 14239 "https://realstresser.com/welcome" "Mozilla/5.0 (Linux; Android 7.0; Moto G (4)) AppleWebKit/537.36 (KHTML, like Gecko) Chrome/84.0.4143.7 Mobile Safari/537.36 Chrome-Lighthouse"
66.249.93.215 - - [26/Dec/2020:14:21:41 +0000] "GET /indexsrc/css HTTP/1.1" 200 6996 "https://realstresser.com/welcome" "Mozilla/5.0 (Macintosh; Intel Mac OS X 10_14_6) AppleWebKit/537.36 (KHTML, like Gecko) Chrome/84.0.4143.7 Safari/537.36 Chrome-Lighthouse"
66.249.93.214 - - [26/Dec/2020:14:21:41 +0000] "GET /indexsrc/css HTTP/1.1" 200 6996 "https://realstresser.com/welcome" "Mozilla/5.0 (Linux; Android 7.0; Moto G (4)) AppleWebKit/537.36 (KHTML, like Gecko) Chrome/84.0.4143.7 Mobile Safari/537.36 Chrome-Lighthouse"
66.249.93.214 - - [26/Dec/2020:14:22:08 +0000] "GET /indexsrc/css HTTP/1.1" 200 6996 "https://realstresser.com/welcome" "Mozilla/5.0 (Macintosh; Intel Mac OS X 10_14_6) AppleWebKit/537.36 (KHTML, like Gecko) Chrome/84.0.4143.7 Safari/537.36 Chrome-Lighthouse"
66.249.93.213 - - [26/Dec/2020:14:22:08 +0000] "GET /indexsrc/css HTTP/1.1" 200 6996 "https://realstresser.com/welcome" "Mozilla/5.0 (Linux; Android 7.0; Moto G (4)) AppleWebKit/537.36 (KHTML, like Gecko) Chrome/84.0.4143.7 Mobile Safari/537.36 Chrome-Lighthouse"
66.249.93.213 - - [26/Dec/2020:14:22:10 +0000] "GET /indexsrc/css HTTP/1.1" 200 6996 "https://realstresser.com/welcome" "Mozilla/5.0 (Linux; Android 7.0; Moto G (4)) AppleWebKit/537.36 (KHTML, like Gecko) Chrome/84.0.4143.7 Mobile Safari/537.36 Chrome-Lighthouse"
66.249.93.212 - - [26/Dec/2020:14:22:10 +0000] "GET /indexsrc/css HTTP/1.1" 200 6996 "https://realstresser.com/welcome" "Mozilla/5.0 (Macintosh; Intel Mac OS X 10_14_6) AppleWebKit/537.36 (KHTML, like Gecko) Chrome/84.0.4143.7 Safari/537.36 Chrome-Lighthouse"
178.186.87.11 - - [26/Dec/2020:14:35:28 +0000] "GET /ajax/hub.php?type=start&host=https://payments-transfer24.site/&port=80&reqtype=GET&time=120&method=HTTP-BRUST&csrf=35ec2566de6d8ca237cfeec8845d36375sf3ku791o5gkupuh88bfmuft0664refCS1781868711refCSdf54327be805c8adefef104582e8a25e HTTP/1.1" 200 1970 "https://realstresser.com/hub" "Mozilla/5.0 (Windows NT 10.0; Win64; x64) AppleWebKit/537.36 (KHTML, like Gecko) Chrome/87.0.4280.88 Safari/537.36"
178.186.87.11 - - [26/Dec/2020:14:35:28 +0000] "GET /ajax/hub.php?type=attacks&csrf=35ec2566de6d8ca237cfeec8845d36375sf3ku791o5gkupuh88bfmuft0664refCS1781868711refCSdf54327be805c8adefef104582e8a25e HTTP/1.1" 200 3233 "https://realstresser.com/hub" "Mozilla/5.0 (Windows NT 10.0; Win64; x64) AppleWebKit/537.36 (KHTML, like Gecko) Chrome/87.0.4280.88 Safari/537.36"
178.186.87.11 - - [26/Dec/2020:14:37:29 +0000] "GET /ajax/hub.php?type=attacks&csrf=35ec2566de6d8ca237cfeec8845d36375sf3ku791o5gkupuh88bfmuft0664refCS1781868711refCSdf54327be805c8adefef104582e8a25e HTTP/1.1" 200 1088 "https://realstresser.com/hub" "Mozilla/5.0 (Windows NT 10.0; Win64; x64) AppleWebKit/537.36 (KHTML, like Gecko) Chrome/87.0.4280.88 Safari/537.36"
78.175.229.99 - - [26/Dec/2020:14:40:28 +0000] "GET /indexsrc/aos.js HTTP/1.1" 200 14239 "https://realstresser.com/welcome" "Mozilla/5.0 (Windows NT 10.0; Win64; x64) AppleWebKit/537.36 (KHTML, like Gecko) Chrome/87.0.4280.88 Safari/537.36"
78.175.229.99 - - [26/Dec/2020:14:40:28 +0000] "GET /indexsrc/bootstrap.min.js HTTP/1.1" 200 65622 "https://realstresser.com/welcome" "Mozilla/5.0 (Windows NT 10.0; Win64; x64) AppleWebKit/537.36 (KHTML, like Gecko) Chrome/87.0.4280.88 Safari/537.36"
78.175.229.99 - - [26/Dec/2020:14:40:30 +0000] "GET /indexsrc/services.png HTTP/1.1" 200 317210 "https://realstresser.com/welcome" "Mozilla/5.0 (Windows NT 10.0; Win64; x64) AppleWebKit/537.36 (KHTML, like Gecko) Chrome/87.0.4280.88 Safari/537.36"
78.175.229.99 - - [26/Dec/2020:14:40:32 +0000] "GET /indexsrc/c-image-2.png HTTP/1.1" 200 33426 "https://realstresser.com/welcome" "Mozilla/5.0 (Windows NT 10.0; Win64; x64) AppleWebKit/537.36 (KHTML, like Gecko) Chrome/87.0.4280.88 Safari/537.36"
78.175.229.99 - - [26/Dec/2020:14:40:32 +0000] "GET /indexsrc/jquery-1.12.4.min.js HTTP/1.1" 200 97163 "https://realstresser.com/welcome" "Mozilla/5.0 (Windows NT 10.0; Win64; x64) AppleWebKit/537.36 (KHTML, like Gecko) Chrome/87.0.4280.88 Safari/537.36"
78.175.229.99 - - [26/Dec/2020:14:40:34 +0000] "GET /indexsrc/c-image-1.png HTTP/1.1" 200 108661 "https://realstresser.com/welcome" "Mozilla/5.0 (Windows NT 10.0; Win64; x64) AppleWebKit/537.36 (KHTML, like Gecko) Chrome/87.0.4280.88 Safari/537.36"
78.175.229.99 - - [26/Dec/2020:14:40:34 +0000] "GET /indexsrc/c-image-4.png HTTP/1.1" 200 84680 "https://realstresser.com/welcome" "Mozilla/5.0 (Windows NT 10.0; Win64; x64) AppleWebKit/537.36 (KHTML, like Gecko) Chrome/87.0.4280.88 Safari/537.36"
78.175.229.99 - - [26/Dec/2020:15:01:27 +0000] "GET /indexsrc/c-image-3.svg HTTP/1.1" 304 0 "https://realstresser.com/welcome" "Mozilla/5.0 (Windows NT 10.0; Win64; x64) AppleWebKit/537.36 (KHTML, like Gecko) Chrome/87.0.4280.88 Safari/537.36"
78.175.229.99 - - [26/Dec/2020:15:01:39 +0000] "POST /ajax/login.php?type=login HTTP/1.1" 200 771 "https://realstresser.com/login" "Mozilla/5.0 (Windows NT 10.0; Win64; x64) AppleWebKit/537.36 (KHTML, like Gecko) Chrome/87.0.4280.88 Safari/537.36"
78.175.229.99 - - [26/Dec/2020:15:01:59 +0000] "GET /ajax/hub.php?type=attacks HTTP/1.1" 200 1088 "https://realstresser.com/hub" "Mozilla/5.0 (Windows NT 10.0; Win64; x64) AppleWebKit/537.36 (KHTML, like Gecko) Chrome/87.0.4280.88 Safari/537.36"
78.175.229.99 - - [26/Dec/2020:15:02:04 +0000] "GET /ajax/hub.php?type=start&host=https://www.ddosarmor.com/&port=80&reqtype=GET&time=3600&method=HTTP-FAST&csrf=a717021acbf53e1efda3788b5606785588s8p14t4ktpnlf6q4bdats9rj460refCS7817522999refCSdf54327be805c8adefef104582e8a25e HTTP/1.1" 200 1030 "https://realstresser.com/hub" "Mozilla/5.0 (Windows NT 10.0; Win64; x64) AppleWebKit/537.36 (KHTML, like Gecko) Chrome/87.0.4280.88 Safari/537.36"
78.175.229.99 - - [26/Dec/2020:15:02:04 +0000] "GET /ajax/hub.php?type=attacks&csrf=a717021acbf53e1efda3788b5606785588s8p14t4ktpnlf6q4bdats9rj460refCS7817522999refCSdf54327be805c8adefef104582e8a25e HTTP/1.1" 200 1399 "https://realstresser.com/hub" "Mozilla/5.0 (Windows NT 10.0; Win64; x64) AppleWebKit/537.36 (KHTML, like Gecko) Chrome/87.0.4280.88 Safari/537.36"
78.175.229.99 - - [26/Dec/2020:15:02:15 +0000] "GET /ajax/hub.php?type=adminattacks&csrf=a717021acbf53e1efda3788b5606785588s8p14t4ktpnlf6q4bdats9rj460refCS7817522999refCSdf54327be805c8adefef104582e8a25e HTTP/1.1" 200 1370 "https://realstresser.com/hub" "Mozilla/5.0 (Windows NT 10.0; Win64; x64) AppleWebKit/537.36 (KHTML, like Gecko) Chrome/87.0.4280.88 Safari/537.36"
78.175.229.99 - - [26/Dec/2020:15:03:03 +0000] "GET /ajax/hub.php?type=adminattacks&csrf=a717021acbf53e1efda3788b5606785588s8p14t4ktpnlf6q4bdats9rj460refCS7817522999refCSdf54327be805c8adefef104582e8a25e HTTP/1.1" 200 1370 "https://realstresser.com/hub" "Mozilla/5.0 (Windows NT 10.0; Win64; x64) AppleWebKit/537.36 (KHTML, like Gecko) Chrome/87.0.4280.88 Safari/537.36"
78.175.229.99 - - [26/Dec/2020:15:04:43 +0000] "GET /ajax/hub.php?type=adminattacks&csrf=a717021acbf53e1efda3788b5606785588s8p14t4ktpnlf6q4bdats9rj460refCS7817522999refCSdf54327be805c8adefef104582e8a25e HTTP/1.1" 200 1369 "https://realstresser.com/hub" "Mozilla/5.0 (Windows NT 10.0; Win64; x64) AppleWebKit/537.36 (KHTML, like Gecko) Chrome/87.0.4280.88 Safari/537.36"
78.175.229.99 - - [26/Dec/2020:15:05:39 +0000] "GET /ajax/hub.php?type=adminattacks&csrf=a717021acbf53e1efda3788b5606785588s8p14t4ktpnlf6q4bdats9rj460refCS7817522999refCSdf54327be805c8adefef104582e8a25e HTTP/1.1" 200 1370 "https://realstresser.com/hub" "Mozilla/5.0 (Windows NT 10.0; Win64; x64) AppleWebKit/537.36 (KHTML, like Gecko) Chrome/87.0.4280.88 Safari/537.36"
78.175.229.99 - - [26/Dec/2020:15:06:09 +0000] "GET /ajax/hub.php?type=adminattacks&csrf=a717021acbf53e1efda3788b5606785588s8p14t4ktpnlf6q4bdats9rj460refCS7817522999refCSdf54327be805c8adefef104582e8a25e HTTP/1.1" 200 1370 "https://realstresser.com/hub" "Mozilla/5.0 (Windows NT 10.0; Win64; x64) AppleWebKit/537.36 (KHTML, like Gecko) Chrome/87.0.4280.88 Safari/537.36"
212.47.143.150 - - [26/Dec/2020:15:06:20 +0000] "GET /indexsrc/home.css HTTP/1.1" 200 30622 "https://www.realstresser.com/welcome" "Mozilla/5.0 (Windows NT 10.0; Win64; x64) AppleWebKit/537.36 (KHTML, like Gecko) Chrome/87.0.4280.88 Safari/537.36"
212.47.143.150 - - [26/Dec/2020:15:06:20 +0000] "GET /indexsrc/aos.css HTTP/1.1" 200 26053 "https://www.realstresser.com/welcome" "Mozilla/5.0 (Windows NT 10.0; Win64; x64) AppleWebKit/537.36 (KHTML, like Gecko) Chrome/87.0.4280.88 Safari/537.36"
212.47.143.150 - - [26/Dec/2020:15:06:20 +0000] "GET /indexsrc/bootstrap.min.css HTTP/1.1" 200 155497 "https://www.realstresser.com/welcome" "Mozilla/5.0 (Windows NT 10.0; Win64; x64) AppleWebKit/537.36 (KHTML, like Gecko) Chrome/87.0.4280.88 Safari/537.36"
212.47.143.150 - - [26/Dec/2020:15:06:20 +0000] "GET /indexsrc/all.min.css HTTP/1.1" 200 57180 "https://www.realstresser.com/welcome" "Mozilla/5.0 (Windows NT 10.0; Win64; x64) AppleWebKit/537.36 (KHTML, like Gecko) Chrome/87.0.4280.88 Safari/537.36"
212.47.143.150 - - [26/Dec/2020:15:06:20 +0000] "GET /indexsrc/privacy.png HTTP/1.1" 200 37088 "https://www.realstresser.com/welcome" "Mozilla/5.0 (Windows NT 10.0; Win64; x64) AppleWebKit/537.36 (KHTML, like Gecko) Chrome/87.0.4280.88 Safari/537.36"
212.47.143.150 - - [26/Dec/2020:15:06:21 +0000] "GET /indexsrc/aos.js HTTP/1.1" 200 14239 "https://www.realstresser.com/welcome" "Mozilla/5.0 (Windows NT 10.0; Win64; x64) AppleWebKit/537.36 (KHTML, like Gecko) Chrome/87.0.4280.88 Safari/537.36"
212.47.143.150 - - [26/Dec/2020:15:06:21 +0000] "GET /indexsrc/bootstrap.min.js HTTP/1.1" 200 65622 "https://www.realstresser.com/welcome" "Mozilla/5.0 (Windows NT 10.0; Win64; x64) AppleWebKit/537.36 (KHTML, like Gecko) Chrome/87.0.4280.88 Safari/537.36"
212.47.143.150 - - [26/Dec/2020:15:06:22 +0000] "GET /indexsrc/jquery-1.12.4.min.js HTTP/1.1" 200 97163 "https://www.realstresser.com/welcome" "Mozilla/5.0 (Windows NT 10.0; Win64; x64) AppleWebKit/537.36 (KHTML, like Gecko) Chrome/87.0.4280.88 Safari/537.36"
212.47.143.150 - - [26/Dec/2020:15:06:22 +0000] "GET /indexsrc/c-image-1.png HTTP/1.1" 200 108661 "https://www.realstresser.com/welcome" "Mozilla/5.0 (Windows NT 10.0; Win64; x64) AppleWebKit/537.36 (KHTML, like Gecko) Chrome/87.0.4280.88 Safari/537.36"
212.47.143.150 - - [26/Dec/2020:15:06:22 +0000] "GET /indexsrc/services.png HTTP/1.1" 200 317210 "https://www.realstresser.com/welcome" "Mozilla/5.0 (Windows NT 10.0; Win64; x64) AppleWebKit/537.36 (KHTML, like Gecko) Chrome/87.0.4280.88 Safari/537.36"
212.47.143.150 - - [26/Dec/2020:15:06:23 +0000] "GET /indexsrc/c-image-2.png HTTP/1.1" 200 33426 "https://www.realstresser.com/welcome" "Mozilla/5.0 (Windows NT 10.0; Win64; x64) AppleWebKit/537.36 (KHTML, like Gecko) Chrome/87.0.4280.88 Safari/537.36"
212.47.143.150 - - [26/Dec/2020:15:06:25 +0000] "GET /indexsrc/c-image-4.png HTTP/1.1" 200 84680 "https://www.realstresser.com/welcome" "Mozilla/5.0 (Windows NT 10.0; Win64; x64) AppleWebKit/537.36 (KHTML, like Gecko) Chrome/87.0.4280.88 Safari/537.36"
212.47.143.150 - - [26/Dec/2020:15:06:25 +0000] "GET /indexsrc/c-image-3.svg HTTP/1.1" 200 1385 "https://www.realstresser.com/welcome" "Mozilla/5.0 (Windows NT 10.0; Win64; x64) AppleWebKit/537.36 (KHTML, like Gecko) Chrome/87.0.4280.88 Safari/537.36"
78.175.229.99 - - [26/Dec/2020:15:07:03 +0000] "GET /ajax/hub.php?type=adminattacks&csrf=a717021acbf53e1efda3788b5606785588s8p14t4ktpnlf6q4bdats9rj460refCS7817522999refCSdf54327be805c8adefef104582e8a25e HTTP/1.1" 200 1370 "https://realstresser.com/hub" "Mozilla/5.0 (Windows NT 10.0; Win64; x64) AppleWebKit/537.36 (KHTML, like Gecko) Chrome/87.0.4280.88 Safari/537.36"
78.175.229.99 - - [26/Dec/2020:15:07:08 +0000] "GET /ajax/hub.php?type=start&host=https://www.ddosarmor.com/&port=80&reqtype=GET&time=3600&method=HTTP-STRONG&csrf=a717021acbf53e1efda3788b5606785588s8p14t4ktpnlf6q4bdats9rj460refCS7817522999refCSdf54327be805c8adefef104582e8a25e HTTP/1.1" 200 1030 "https://realstresser.com/hub" "Mozilla/5.0 (Windows NT 10.0; Win64; x64) AppleWebKit/537.36 (KHTML, like Gecko) Chrome/87.0.4280.88 Safari/537.36"
78.175.229.99 - - [26/Dec/2020:15:07:08 +0000] "GET /ajax/hub.php?type=attacks&csrf=a717021acbf53e1efda3788b5606785588s8p14t4ktpnlf6q4bdats9rj460refCS7817522999refCSdf54327be805c8adefef104582e8a25e HTTP/1.1" 200 1445 "https://realstresser.com/hub" "Mozilla/5.0 (Windows NT 10.0; Win64; x64) AppleWebKit/537.36 (KHTML, like Gecko) Chrome/87.0.4280.88 Safari/537.36"
212.47.138.210 - - [26/Dec/2020:15:07:14 +0000] "POST /ajax/login.php?type=login HTTP/1.1" 200 771 "https://www.realstresser.com/login" "Mozilla/5.0 (Windows NT 10.0; Win64; x64) AppleWebKit/537.36 (KHTML, like Gecko) Chrome/87.0.4280.88 Safari/537.36"
78.175.229.99 - - [26/Dec/2020:15:07:17 +0000] "GET /ajax/hub.php?type=start&host=https://www.ddosarmor.com/&port=80&reqtype=GET&time=3600&method=HTTP-BRUST&csrf=a717021acbf53e1efda3788b5606785588s8p14t4ktpnlf6q4bdats9rj460refCS7817522999refCSdf54327be805c8adefef104582e8a25e HTTP/1.1" 200 1030 "https://realstresser.com/hub" "Mozilla/5.0 (Windows NT 10.0; Win64; x64) AppleWebKit/537.36 (KHTML, like Gecko) Chrome/87.0.4280.88 Safari/537.36"
78.175.229.99 - - [26/Dec/2020:15:07:17 +0000] "GET /ajax/hub.php?type=attacks&csrf=a717021acbf53e1efda3788b5606785588s8p14t4ktpnlf6q4bdats9rj460refCS7817522999refCSdf54327be805c8adefef104582e8a25e HTTP/1.1" 200 1478 "https://realstresser.com/hub" "Mozilla/5.0 (Windows NT 10.0; Win64; x64) AppleWebKit/537.36 (KHTML, like Gecko) Chrome/87.0.4280.88 Safari/537.36"
78.175.229.99 - - [26/Dec/2020:15:07:24 +0000] "GET /ajax/hub.php?type=start&host=https://www.ddosarmor.com/&port=80&reqtype=GET&time=3600&method=HTTP-RS&csrf=a717021acbf53e1efda3788b5606785588s8p14t4ktpnlf6q4bdats9rj460refCS7817522999refCSdf54327be805c8adefef104582e8a25e HTTP/1.1" 200 1030 "https://realstresser.com/hub" "Mozilla/5.0 (Windows NT 10.0; Win64; x64) AppleWebKit/537.36 (KHTML, like Gecko) Chrome/87.0.4280.88 Safari/537.36"
78.175.229.99 - - [26/Dec/2020:15:07:24 +0000] "GET /ajax/hub.php?type=attacks&csrf=a717021acbf53e1efda3788b5606785588s8p14t4ktpnlf6q4bdats9rj460refCS7817522999refCSdf54327be805c8adefef104582e8a25e HTTP/1.1" 200 1502 "https://realstresser.com/hub" "Mozilla/5.0 (Windows NT 10.0; Win64; x64) AppleWebKit/537.36 (KHTML, like Gecko) Chrome/87.0.4280.88 Safari/537.36"
212.47.138.210 - - [26/Dec/2020:15:07:24 +0000] "GET /ajax/hub.php?type=attacks HTTP/1.1" 200 1088 "https://www.realstresser.com/hub" "Mozilla/5.0 (Windows NT 10.0; Win64; x64) AppleWebKit/537.36 (KHTML, like Gecko) Chrome/87.0.4280.88 Safari/537.36"
212.47.138.210 - - [26/Dec/2020:15:07:28 +0000] "GET /ajax/hub.php?type=start&host=http://rueqeon.pw/&port=80&reqtype=GET&time=120&method=HTTP-BRUST&csrf=b65fc1ee2d131660782096c9d8729c718t43q6uk4m6rvtqmmfsp4sj9ec060refCS21247143150refCSdf54327be805c8adefef104582e8a25e HTTP/1.1" 200 1030 "https://www.realstresser.com/hub" "Mozilla/5.0 (Windows NT 10.0; Win64; x64) AppleWebKit/537.36 (KHTML, like Gecko) Chrome/87.0.4280.88 Safari/537.36"
212.47.138.210 - - [26/Dec/2020:15:07:29 +0000] "GET /ajax/hub.php?type=attacks&csrf=b65fc1ee2d131660782096c9d8729c718t43q6uk4m6rvtqmmfsp4sj9ec060refCS21247143150refCSdf54327be805c8adefef104582e8a25e HTTP/1.1" 200 1401 "https://www.realstresser.com/hub" "Mozilla/5.0 (Windows NT 10.0; Win64; x64) AppleWebKit/537.36 (KHTML, like Gecko) Chrome/87.0.4280.88 Safari/537.36"
78.175.229.99 - - [26/Dec/2020:15:07:34 +0000] "GET /ajax/hub.php?type=adminattacks&csrf=a717021acbf53e1efda3788b5606785588s8p14t4ktpnlf6q4bdats9rj460refCS7817522999refCSdf54327be805c8adefef104582e8a25e HTTP/1.1" 200 1528 "https://realstresser.com/hub" "Mozilla/5.0 (Windows NT 10.0; Win64; x64) AppleWebKit/537.36 (KHTML, like Gecko) Chrome/87.0.4280.88 Safari/537.36"
212.47.138.210 - - [26/Dec/2020:15:08:19 +0000] "GET /ajax/hub.php?type=stop&id=11950&csrf=b65fc1ee2d131660782096c9d8729c718t43q6uk4m6rvtqmmfsp4sj9ec060refCS21247143150refCSdf54327be805c8adefef104582e8a25e HTTP/1.1" 200 1026 "https://www.realstresser.com/hub" "Mozilla/5.0 (Windows NT 10.0; Win64; x64) AppleWebKit/537.36 (KHTML, like Gecko) Chrome/87.0.4280.88 Safari/537.36"
212.47.138.210 - - [26/Dec/2020:15:08:19 +0000] "GET /ajax/hub.php?type=attacks&csrf=b65fc1ee2d131660782096c9d8729c718t43q6uk4m6rvtqmmfsp4sj9ec060refCS21247143150refCSdf54327be805c8adefef104582e8a25e HTTP/1.1" 200 1088 "https://www.realstresser.com/hub" "Mozilla/5.0 (Windows NT 10.0; Win64; x64) AppleWebKit/537.36 (KHTML, like Gecko) Chrome/87.0.4280.88 Safari/537.36"
78.175.229.99 - - [26/Dec/2020:15:08:31 +0000] "GET /ajax/hub.php?type=stop&id=11950&csrf=a717021acbf53e1efda3788b5606785588s8p14t4ktpnlf6q4bdats9rj460refCS7817522999refCSdf54327be805c8adefef104582e8a25e HTTP/1.1" 200 1025 "https://realstresser.com/hub" "Mozilla/5.0 (Windows NT 10.0; Win64; x64) AppleWebKit/537.36 (KHTML, like Gecko) Chrome/87.0.4280.88 Safari/537.36"
78.175.229.99 - - [26/Dec/2020:15:08:31 +0000] "GET /ajax/hub.php?type=stop&id=11949&csrf=a717021acbf53e1efda3788b5606785588s8p14t4ktpnlf6q4bdats9rj460refCS7817522999refCSdf54327be805c8adefef104582e8a25e HTTP/1.1" 200 1027 "https://realstresser.com/hub" "Mozilla/5.0 (Windows NT 10.0; Win64; x64) AppleWebKit/537.36 (KHTML, like Gecko) Chrome/87.0.4280.88 Safari/537.36"
78.175.229.99 - - [26/Dec/2020:15:08:31 +0000] "GET /ajax/hub.php?type=attacks&csrf=a717021acbf53e1efda3788b5606785588s8p14t4ktpnlf6q4bdats9rj460refCS7817522999refCSdf54327be805c8adefef104582e8a25e HTTP/1.1" 200 1472 "https://realstresser.com/hub" "Mozilla/5.0 (Windows NT 10.0; Win64; x64) AppleWebKit/537.36 (KHTML, like Gecko) Chrome/87.0.4280.88 Safari/537.36"
78.175.229.99 - - [26/Dec/2020:15:08:32 +0000] "GET /ajax/hub.php?type=attacks&csrf=a717021acbf53e1efda3788b5606785588s8p14t4ktpnlf6q4bdats9rj460refCS7817522999refCSdf54327be805c8adefef104582e8a25e HTTP/1.1" 200 1475 "https://realstresser.com/hub" "Mozilla/5.0 (Windows NT 10.0; Win64; x64) AppleWebKit/537.36 (KHTML, like Gecko) Chrome/87.0.4280.88 Safari/537.36"
78.175.229.99 - - [26/Dec/2020:15:08:33 +0000] "GET /ajax/hub.php?type=stop&id=11948&csrf=a717021acbf53e1efda3788b5606785588s8p14t4ktpnlf6q4bdats9rj460refCS7817522999refCSdf54327be805c8adefef104582e8a25e HTTP/1.1" 200 1027 "https://realstresser.com/hub" "Mozilla/5.0 (Windows NT 10.0; Win64; x64) AppleWebKit/537.36 (KHTML, like Gecko) Chrome/87.0.4280.88 Safari/537.36"
78.175.229.99 - - [26/Dec/2020:15:08:34 +0000] "GET /ajax/hub.php?type=attacks&csrf=a717021acbf53e1efda3788b5606785588s8p14t4ktpnlf6q4bdats9rj460refCS7817522999refCSdf54327be805c8adefef104582e8a25e HTTP/1.1" 200 1446 "https://realstresser.com/hub" "Mozilla/5.0 (Windows NT 10.0; Win64; x64) AppleWebKit/537.36 (KHTML, like Gecko) Chrome/87.0.4280.88 Safari/537.36"
78.175.229.99 - - [26/Dec/2020:15:08:36 +0000] "GET /ajax/hub.php?type=stop&id=11947&csrf=a717021acbf53e1efda3788b5606785588s8p14t4ktpnlf6q4bdats9rj460refCS7817522999refCSdf54327be805c8adefef104582e8a25e HTTP/1.1" 200 1027 "https://realstresser.com/hub" "Mozilla/5.0 (Windows NT 10.0; Win64; x64) AppleWebKit/537.36 (KHTML, like Gecko) Chrome/87.0.4280.88 Safari/537.36"
78.175.229.99 - - [26/Dec/2020:15:08:36 +0000] "GET /ajax/hub.php?type=stop&id=11946&csrf=a717021acbf53e1efda3788b5606785588s8p14t4ktpnlf6q4bdats9rj460refCS7817522999refCSdf54327be805c8adefef104582e8a25e HTTP/1.1" 200 1027 "https://realstresser.com/hub" "Mozilla/5.0 (Windows NT 10.0; Win64; x64) AppleWebKit/537.36 (KHTML, like Gecko) Chrome/87.0.4280.88 Safari/537.36"
78.175.229.99 - - [26/Dec/2020:15:08:36 +0000] "GET /ajax/hub.php?type=attacks&csrf=a717021acbf53e1efda3788b5606785588s8p14t4ktpnlf6q4bdats9rj460refCS7817522999refCSdf54327be805c8adefef104582e8a25e HTTP/1.1" 200 1088 "https://realstresser.com/hub" "Mozilla/5.0 (Windows NT 10.0; Win64; x64) AppleWebKit/537.36 (KHTML, like Gecko) Chrome/87.0.4280.88 Safari/537.36"
78.175.229.99 - - [26/Dec/2020:15:08:36 +0000] "GET /ajax/hub.php?type=attacks&csrf=a717021acbf53e1efda3788b5606785588s8p14t4ktpnlf6q4bdats9rj460refCS7817522999refCSdf54327be805c8adefef104582e8a25e HTTP/1.1" 200 1088 "https://realstresser.com/hub" "Mozilla/5.0 (Windows NT 10.0; Win64; x64) AppleWebKit/537.36 (KHTML, like Gecko) Chrome/87.0.4280.88 Safari/537.36"
78.175.229.99 - - [26/Dec/2020:15:09:29 +0000] "GET /ajax/hub.php?type=adminattacks&csrf=a717021acbf53e1efda3788b5606785588s8p14t4ktpnlf6q4bdats9rj460refCS7817522999refCSdf54327be805c8adefef104582e8a25e HTTP/1.1" 200 1109 "https://realstresser.com/hub" "Mozilla/5.0 (Windows NT 10.0; Win64; x64) AppleWebKit/537.36 (KHTML, like Gecko) Chrome/87.0.4280.88 Safari/537.36"
212.47.143.150 - - [26/Dec/2020:15:09:30 +0000] "GET /ajax/hub.php?type=attacks&csrf=b65fc1ee2d131660782096c9d8729c718t43q6uk4m6rvtqmmfsp4sj9ec060refCS21247143150refCSdf54327be805c8adefef104582e8a25e HTTP/1.1" 200 1088 "https://www.realstresser.com/hub" "Mozilla/5.0 (Windows NT 10.0; Win64; x64) AppleWebKit/537.36 (KHTML, like Gecko) Chrome/87.0.4280.88 Safari/537.36"
78.175.229.99 - - [26/Dec/2020:15:11:20 +0000] "GET /ajax/hub.php?type=start&host=https://www.ddosarmor.com/&port=80&reqtype=GET&time=3600&method=HTTP-RS&csrf=a717021acbf53e1efda3788b5606785588s8p14t4ktpnlf6q4bdats9rj460refCS7817522999refCSdf54327be805c8adefef104582e8a25e HTTP/1.1" 200 1030 "https://realstresser.com/hub" "Mozilla/5.0 (Windows NT 10.0; Win64; x64) AppleWebKit/537.36 (KHTML, like Gecko) Chrome/87.0.4280.88 Safari/537.36"
78.175.229.99 - - [26/Dec/2020:15:11:21 +0000] "GET /ajax/hub.php?type=attacks&csrf=a717021acbf53e1efda3788b5606785588s8p14t4ktpnlf6q4bdats9rj460refCS7817522999refCSdf54327be805c8adefef104582e8a25e HTTP/1.1" 200 1397 "https://realstresser.com/hub" "Mozilla/5.0 (Windows NT 10.0; Win64; x64) AppleWebKit/537.36 (KHTML, like Gecko) Chrome/87.0.4280.88 Safari/537.36"
78.175.229.99 - - [26/Dec/2020:15:11:25 +0000] "GET /ajax/hub.php?type=start&host=https://www.ddosarmor.com/&port=80&reqtype=GET&time=3600&method=HTTP-FAST&csrf=a717021acbf53e1efda3788b5606785588s8p14t4ktpnlf6q4bdats9rj460refCS7817522999refCSdf54327be805c8adefef104582e8a25e HTTP/1.1" 200 1030 "https://realstresser.com/hub" "Mozilla/5.0 (Windows NT 10.0; Win64; x64) AppleWebKit/537.36 (KHTML, like Gecko) Chrome/87.0.4280.88 Safari/537.36"
78.175.229.99 - - [26/Dec/2020:15:11:25 +0000] "GET /ajax/hub.php?type=attacks&csrf=a717021acbf53e1efda3788b5606785588s8p14t4ktpnlf6q4bdats9rj460refCS7817522999refCSdf54327be805c8adefef104582e8a25e HTTP/1.1" 200 1441 "https://realstresser.com/hub" "Mozilla/5.0 (Windows NT 10.0; Win64; x64) AppleWebKit/537.36 (KHTML, like Gecko) Chrome/87.0.4280.88 Safari/537.36"
78.175.229.99 - - [26/Dec/2020:15:14:19 +0000] "GET /ajax/hub.php?type=adminattacks&csrf=a717021acbf53e1efda3788b5606785588s8p14t4ktpnlf6q4bdats9rj460refCS7817522999refCSdf54327be805c8adefef104582e8a25e HTTP/1.1" 200 1404 "https://realstresser.com/hub" "Mozilla/5.0 (Windows NT 10.0; Win64; x64) AppleWebKit/537.36 (KHTML, like Gecko) Chrome/87.0.4280.88 Safari/537.36"
78.175.229.99 - - [26/Dec/2020:15:15:33 +0000] "GET /ajax/hub.php?type=adminattacks&csrf=a717021acbf53e1efda3788b5606785588s8p14t4ktpnlf6q4bdats9rj460refCS7817522999refCSdf54327be805c8adefef104582e8a25e HTTP/1.1" 200 1405 "https://realstresser.com/hub" "Mozilla/5.0 (Windows NT 10.0; Win64; x64) AppleWebKit/537.36 (KHTML, like Gecko) Chrome/87.0.4280.88 Safari/537.36"
78.175.229.99 - - [26/Dec/2020:15:17:03 +0000] "GET /ajax/hub.php?type=stop&id=11952&csrf=a717021acbf53e1efda3788b5606785588s8p14t4ktpnlf6q4bdats9rj460refCS7817522999refCSdf54327be805c8adefef104582e8a25e HTTP/1.1" 200 1027 "https://realstresser.com/hub" "Mozilla/5.0 (Windows NT 10.0; Win64; x64) AppleWebKit/537.36 (KHTML, like Gecko) Chrome/87.0.4280.88 Safari/537.36"
78.175.229.99 - - [26/Dec/2020:15:17:03 +0000] "GET /ajax/hub.php?type=stop&id=11951&csrf=a717021acbf53e1efda3788b5606785588s8p14t4ktpnlf6q4bdats9rj460refCS7817522999refCSdf54327be805c8adefef104582e8a25e HTTP/1.1" 200 1027 "https://realstresser.com/hub" "Mozilla/5.0 (Windows NT 10.0; Win64; x64) AppleWebKit/537.36 (KHTML, like Gecko) Chrome/87.0.4280.88 Safari/537.36"
78.175.229.99 - - [26/Dec/2020:15:17:03 +0000] "GET /ajax/hub.php?type=attacks&csrf=a717021acbf53e1efda3788b5606785588s8p14t4ktpnlf6q4bdats9rj460refCS7817522999refCSdf54327be805c8adefef104582e8a25e HTTP/1.1" 200 1089 "https://realstresser.com/hub" "Mozilla/5.0 (Windows NT 10.0; Win64; x64) AppleWebKit/537.36 (KHTML, like Gecko) Chrome/87.0.4280.88 Safari/537.36"
78.175.229.99 - - [26/Dec/2020:15:17:03 +0000] "GET /ajax/hub.php?type=attacks&csrf=a717021acbf53e1efda3788b5606785588s8p14t4ktpnlf6q4bdats9rj460refCS7817522999refCSdf54327be805c8adefef104582e8a25e HTTP/1.1" 200 1089 "https://realstresser.com/hub" "Mozilla/5.0 (Windows NT 10.0; Win64; x64) AppleWebKit/537.36 (KHTML, like Gecko) Chrome/87.0.4280.88 Safari/537.36"
