2001:67c:198c:906:35::99 - - [26/Dec/2020:18:03:50 +0000] "GET /ajax/hub.php?type=attacks&csrf=0e0f280ae4ee0035aca55af60b5dc3b34kpsavev2m2b7oju8o0aku6mbg745refCS1764219858refCSb6347833edcc131a7ebff1175a8a3cbf HTTP/1.1" 200 1426 "https://realstresser.com/hub" "Mozilla/5.0 (Windows NT 6.1; Win64; x64) AppleWebKit/537.36 (KHTML, like Gecko) Chrome/86.0.4240.198 Safari/537.36 OPR/72.0.3815.454"
78.175.229.99 - - [26/Dec/2020:18:04:08 +0000] "GET /ajax/hub.php?type=adminattacks&csrf=e764c830804c3bff29648706deb0d26363a5bvpbfmpi4puj54br557qef661refCS7817522999refCSdf54327be805c8adefef104582e8a25e HTTP/1.1" 200 1390 "https://realstresser.com/hub" "Mozilla/5.0 (Windows NT 10.0; Win64; x64) AppleWebKit/537.36 (KHTML, like Gecko) Chrome/87.0.4280.88 Safari/537.36"
2001:67c:198c:906:35::99 - - [26/Dec/2020:18:04:08 +0000] "GET /ajax/hub.php?type=attacks&csrf=0e0f280ae4ee0035aca55af60b5dc3b34kpsavev2m2b7oju8o0aku6mbg745refCS1764219858refCSb6347833edcc131a7ebff1175a8a3cbf HTTP/1.1" 200 1426 "https://realstresser.com/hub" "Mozilla/5.0 (Windows NT 6.1; Win64; x64) AppleWebKit/537.36 (KHTML, like Gecko) Chrome/86.0.4240.198 Safari/537.36 OPR/72.0.3815.454"
78.175.229.99 - - [26/Dec/2020:18:05:51 +0000] "GET /ajax/hub.php?type=adminattacks&csrf=e764c830804c3bff29648706deb0d26363a5bvpbfmpi4puj54br557qef661refCS7817522999refCSdf54327be805c8adefef104582e8a25e HTTP/1.1" 200 1110 "https://realstresser.com/hub" "Mozilla/5.0 (Windows NT 10.0; Win64; x64) AppleWebKit/537.36 (KHTML, like Gecko) Chrome/87.0.4280.88 Safari/537.36"
2001:67c:198c:906:35::99 - - [26/Dec/2020:18:05:51 +0000] "GET /ajax/hub.php?type=attacks&csrf=0e0f280ae4ee0035aca55af60b5dc3b34kpsavev2m2b7oju8o0aku6mbg745refCS1764219858refCSb6347833edcc131a7ebff1175a8a3cbf HTTP/1.1" 200 1096 "https://realstresser.com/hub" "Mozilla/5.0 (Windows NT 6.1; Win64; x64) AppleWebKit/537.36 (KHTML, like Gecko) Chrome/86.0.4240.198 Safari/537.36 OPR/72.0.3815.454"
2001:67c:198c:906:35::99 - - [26/Dec/2020:18:05:52 +0000] "GET /ajax/hub.php?type=attacks&csrf=0e0f280ae4ee0035aca55af60b5dc3b34kpsavev2m2b7oju8o0aku6mbg745refCS1764219858refCSb6347833edcc131a7ebff1175a8a3cbf HTTP/1.1" 200 1096 "https://realstresser.com/hub" "Mozilla/5.0 (Windows NT 6.1; Win64; x64) AppleWebKit/537.36 (KHTML, like Gecko) Chrome/86.0.4240.198 Safari/537.36 OPR/72.0.3815.454"
2001:67c:198c:906:35::99 - - [26/Dec/2020:18:07:26 +0000] "GET /ajax/hub.php?type=attacks HTTP/1.1" 200 1096 "https://realstresser.com/hub" "Mozilla/5.0 (Windows NT 6.1; Win64; x64) AppleWebKit/537.36 (KHTML, like Gecko) Chrome/86.0.4240.198 Safari/537.36 OPR/72.0.3815.454"
2001:67c:198c:906:35::99 - - [26/Dec/2020:18:08:03 +0000] "GET /ajax/hub.php?type=start&host=https://ibanking.ardshinbank.am/login.php&port=80&reqtype=GET&time=120&method=HTTP-BRUST&csrf=4e9bf267050ff50dd71c97cae9b795264kpsavev2m2b7oju8o0aku6mbg745refCS200167c198c9063599refCSb6347833edcc131a7ebff1175a8a3cbf HTTP/1.1" 200 1049 "https://realstresser.com/hub" "Mozilla/5.0 (Windows NT 6.1; Win64; x64) AppleWebKit/537.36 (KHTML, like Gecko) Chrome/86.0.4240.198 Safari/537.36 OPR/72.0.3815.454"
2001:67c:198c:906:35::99 - - [26/Dec/2020:18:08:03 +0000] "GET /ajax/hub.php?type=attacks&csrf=4e9bf267050ff50dd71c97cae9b795264kpsavev2m2b7oju8o0aku6mbg745refCS200167c198c9063599refCSb6347833edcc131a7ebff1175a8a3cbf HTTP/1.1" 200 1417 "https://realstresser.com/hub" "Mozilla/5.0 (Windows NT 6.1; Win64; x64) AppleWebKit/537.36 (KHTML, like Gecko) Chrome/86.0.4240.198 Safari/537.36 OPR/72.0.3815.454"
2001:67c:198c:906:35::99 - - [26/Dec/2020:18:10:07 +0000] "GET /ajax/hub.php?type=attacks&csrf=4e9bf267050ff50dd71c97cae9b795264kpsavev2m2b7oju8o0aku6mbg745refCS200167c198c9063599refCSb6347833edcc131a7ebff1175a8a3cbf HTTP/1.1" 200 1096 "https://realstresser.com/hub" "Mozilla/5.0 (Windows NT 6.1; Win64; x64) AppleWebKit/537.36 (KHTML, like Gecko) Chrome/86.0.4240.198 Safari/537.36 OPR/72.0.3815.454"
2001:67c:198c:906:35::99 - - [26/Dec/2020:18:11:01 +0000] "GET /ajax/hub.php?type=start&host=https://www.acbadigital.am/hy/login&port=80&reqtype=GET&time=120&method=HTTP-BRUST&csrf=4e9bf267050ff50dd71c97cae9b795264kpsavev2m2b7oju8o0aku6mbg745refCS200167c198c9063599refCSb6347833edcc131a7ebff1175a8a3cbf HTTP/1.1" 200 1046 "https://realstresser.com/hub" "Mozilla/5.0 (Windows NT 6.1; Win64; x64) AppleWebKit/537.36 (KHTML, like Gecko) Chrome/86.0.4240.198 Safari/537.36 OPR/72.0.3815.454"
2001:67c:198c:906:35::99 - - [26/Dec/2020:18:11:02 +0000] "GET /ajax/hub.php?type=attacks&csrf=4e9bf267050ff50dd71c97cae9b795264kpsavev2m2b7oju8o0aku6mbg745refCS200167c198c9063599refCSb6347833edcc131a7ebff1175a8a3cbf HTTP/1.1" 200 1414 "https://realstresser.com/hub" "Mozilla/5.0 (Windows NT 6.1; Win64; x64) AppleWebKit/537.36 (KHTML, like Gecko) Chrome/86.0.4240.198 Safari/537.36 OPR/72.0.3815.454"
78.175.229.99 - - [26/Dec/2020:18:11:06 +0000] "GET /ajax/hub.php?type=adminattacks&csrf=e764c830804c3bff29648706deb0d26363a5bvpbfmpi4puj54br557qef661refCS7817522999refCSdf54327be805c8adefef104582e8a25e HTTP/1.1" 200 1378 "https://realstresser.com/hub" "Mozilla/5.0 (Windows NT 10.0; Win64; x64) AppleWebKit/537.36 (KHTML, like Gecko) Chrome/87.0.4280.88 Safari/537.36"
78.175.229.99 - - [26/Dec/2020:18:11:45 +0000] "GET /ajax/hub.php?type=adminattacks&csrf=e764c830804c3bff29648706deb0d26363a5bvpbfmpi4puj54br557qef661refCS7817522999refCSdf54327be805c8adefef104582e8a25e HTTP/1.1" 200 1378 "https://realstresser.com/hub" "Mozilla/5.0 (Windows NT 10.0; Win64; x64) AppleWebKit/537.36 (KHTML, like Gecko) Chrome/87.0.4280.88 Safari/537.36"
78.175.229.99 - - [26/Dec/2020:18:12:46 +0000] "GET /ajax/hub.php?type=adminattacks&csrf=e764c830804c3bff29648706deb0d26363a5bvpbfmpi4puj54br557qef661refCS7817522999refCSdf54327be805c8adefef104582e8a25e HTTP/1.1" 200 1378 "https://realstresser.com/hub" "Mozilla/5.0 (Windows NT 10.0; Win64; x64) AppleWebKit/537.36 (KHTML, like Gecko) Chrome/87.0.4280.88 Safari/537.36"
2001:67c:198c:906:35::99 - - [26/Dec/2020:18:12:58 +0000] "GET /ajax/hub.php?type=start&host=https://www.acbadigital.am/hy/login&port=80&reqtype=GET&time=120&method=HTTP-BRUST&csrf=4e9bf267050ff50dd71c97cae9b795264kpsavev2m2b7oju8o0aku6mbg745refCS200167c198c9063599refCSb6347833edcc131a7ebff1175a8a3cbf HTTP/1.1" 200 1024 "https://realstresser.com/hub" "Mozilla/5.0 (Windows NT 6.1; Win64; x64) AppleWebKit/537.36 (KHTML, like Gecko) Chrome/86.0.4240.198 Safari/537.36 OPR/72.0.3815.454"
2001:67c:198c:906:35::99 - - [26/Dec/2020:18:13:01 +0000] "GET /ajax/hub.php?type=attacks&csrf=4e9bf267050ff50dd71c97cae9b795264kpsavev2m2b7oju8o0aku6mbg745refCS200167c198c9063599refCSb6347833edcc131a7ebff1175a8a3cbf HTTP/1.1" 200 1378 "https://realstresser.com/hub" "Mozilla/5.0 (Windows NT 6.1; Win64; x64) AppleWebKit/537.36 (KHTML, like Gecko) Chrome/86.0.4240.198 Safari/537.36 OPR/72.0.3815.454"
78.175.229.99 - - [26/Dec/2020:18:13:02 +0000] "GET /ajax/hub.php?type=adminattacks&csrf=e764c830804c3bff29648706deb0d26363a5bvpbfmpi4puj54br557qef661refCS7817522999refCSdf54327be805c8adefef104582e8a25e HTTP/1.1" 200 1110 "https://realstresser.com/hub" "Mozilla/5.0 (Windows NT 10.0; Win64; x64) AppleWebKit/537.36 (KHTML, like Gecko) Chrome/87.0.4280.88 Safari/537.36"
78.175.229.99 - - [26/Dec/2020:18:13:02 +0000] "GET /ajax/hub.php?type=adminattacks&csrf=e764c830804c3bff29648706deb0d26363a5bvpbfmpi4puj54br557qef661refCS7817522999refCSdf54327be805c8adefef104582e8a25e HTTP/1.1" 200 1110 "https://realstresser.com/hub" "Mozilla/5.0 (Windows NT 10.0; Win64; x64) AppleWebKit/537.36 (KHTML, like Gecko) Chrome/87.0.4280.88 Safari/537.36"
2001:67c:198c:906:35::99 - - [26/Dec/2020:18:13:03 +0000] "GET /ajax/hub.php?type=start&host=https://www.acbadigital.am/hy/login&port=80&reqtype=GET&time=120&method=HTTP-BRUST&csrf=4e9bf267050ff50dd71c97cae9b795264kpsavev2m2b7oju8o0aku6mbg745refCS200167c198c9063599refCSb6347833edcc131a7ebff1175a8a3cbf HTTP/1.1" 200 1046 "https://realstresser.com/hub" "Mozilla/5.0 (Windows NT 6.1; Win64; x64) AppleWebKit/537.36 (KHTML, like Gecko) Chrome/86.0.4240.198 Safari/537.36 OPR/72.0.3815.454"
2001:67c:198c:906:35::99 - - [26/Dec/2020:18:13:03 +0000] "GET /ajax/hub.php?type=attacks&csrf=4e9bf267050ff50dd71c97cae9b795264kpsavev2m2b7oju8o0aku6mbg745refCS200167c198c9063599refCSb6347833edcc131a7ebff1175a8a3cbf HTTP/1.1" 200 1414 "https://realstresser.com/hub" "Mozilla/5.0 (Windows NT 6.1; Win64; x64) AppleWebKit/537.36 (KHTML, like Gecko) Chrome/86.0.4240.198 Safari/537.36 OPR/72.0.3815.454"
2001:67c:198c:906:35::99 - - [26/Dec/2020:18:13:03 +0000] "GET /ajax/hub.php?type=attacks&csrf=4e9bf267050ff50dd71c97cae9b795264kpsavev2m2b7oju8o0aku6mbg745refCS200167c198c9063599refCSb6347833edcc131a7ebff1175a8a3cbf HTTP/1.1" 200 1414 "https://realstresser.com/hub" "Mozilla/5.0 (Windows NT 6.1; Win64; x64) AppleWebKit/537.36 (KHTML, like Gecko) Chrome/86.0.4240.198 Safari/537.36 OPR/72.0.3815.454"
78.175.229.99 - - [26/Dec/2020:18:13:04 +0000] "GET /ajax/hub.php?type=adminattacks&csrf=e764c830804c3bff29648706deb0d26363a5bvpbfmpi4puj54br557qef661refCS7817522999refCSdf54327be805c8adefef104582e8a25e HTTP/1.1" 200 1378 "https://realstresser.com/hub" "Mozilla/5.0 (Windows NT 10.0; Win64; x64) AppleWebKit/537.36 (KHTML, like Gecko) Chrome/87.0.4280.88 Safari/537.36"
78.175.229.99 - - [26/Dec/2020:18:13:14 +0000] "GET /ajax/hub.php?type=adminattacks&csrf=e764c830804c3bff29648706deb0d26363a5bvpbfmpi4puj54br557qef661refCS7817522999refCSdf54327be805c8adefef104582e8a25e HTTP/1.1" 200 1378 "https://realstresser.com/hub" "Mozilla/5.0 (Windows NT 10.0; Win64; x64) AppleWebKit/537.36 (KHTML, like Gecko) Chrome/87.0.4280.88 Safari/537.36"
85.106.230.76 - - [26/Dec/2020:18:14:17 +0000] "GET /indexsrc/css HTTP/1.1" 200 6996 "https://realstresser.com/welcome" "Mozilla/5.0 (Windows NT 6.1; Win64; x64) AppleWebKit/537.36 (KHTML, like Gecko) Chrome/87.0.4280.88 Safari/537.36 OPR/73.0.3856.284"
85.106.230.76 - - [26/Dec/2020:18:14:17 +0000] "GET /indexsrc/c-image-3.svg HTTP/1.1" 304 0 "https://realstresser.com/welcome" "Mozilla/5.0 (Windows NT 6.1; Win64; x64) AppleWebKit/537.36 (KHTML, like Gecko) Chrome/87.0.4280.88 Safari/537.36 OPR/73.0.3856.284"
85.106.230.76 - - [26/Dec/2020:18:14:26 +0000] "GET /indexsrc/jquery-1.12.4.min.js HTTP/1.1" 200 97163 "https://realstresser.com/welcome" "Mozilla/5.0 (Windows NT 6.1; Win64; x64) AppleWebKit/537.36 (KHTML, like Gecko) Chrome/87.0.4280.88 Safari/537.36 OPR/73.0.3856.284"
85.106.230.76 - - [26/Dec/2020:18:14:46 +0000] "GET /assets/plugins/perfect-scrollbar/perfect-scrollbar.css HTTP/1.1" 200 2598 "https://realstresser.com/login" "Mozilla/5.0 (Windows NT 6.1; Win64; x64) AppleWebKit/537.36 (KHTML, like Gecko) Chrome/87.0.4280.88 Safari/537.36 OPR/73.0.3856.284"
85.106.230.76 - - [26/Dec/2020:18:14:46 +0000] "GET /assets/fonts/feather-font/css/iconfont.css HTTP/1.1" 200 13247 "https://realstresser.com/login" "Mozilla/5.0 (Windows NT 6.1; Win64; x64) AppleWebKit/537.36 (KHTML, like Gecko) Chrome/87.0.4280.88 Safari/537.36 OPR/73.0.3856.284"
85.106.230.76 - - [26/Dec/2020:18:14:46 +0000] "GET /assets/plugins/bootstrap-datepicker/css/bootstrap-datepicker.min.css HTTP/1.1" 200 15731 "https://realstresser.com/login" "Mozilla/5.0 (Windows NT 6.1; Win64; x64) AppleWebKit/537.36 (KHTML, like Gecko) Chrome/87.0.4280.88 Safari/537.36 OPR/73.0.3856.284"
85.106.230.76 - - [26/Dec/2020:18:14:46 +0000] "GET /js/app.js HTTP/1.1" 200 255110 "https://realstresser.com/login" "Mozilla/5.0 (Windows NT 6.1; Win64; x64) AppleWebKit/537.36 (KHTML, like Gecko) Chrome/87.0.4280.88 Safari/537.36 OPR/73.0.3856.284"
85.106.230.76 - - [26/Dec/2020:18:14:48 +0000] "GET /favicon/favicon.ico HTTP/1.1" 304 0 "https://realstresser.com/login" "Mozilla/5.0 (Windows NT 6.1; Win64; x64) AppleWebKit/537.36 (KHTML, like Gecko) Chrome/87.0.4280.88 Safari/537.36 OPR/73.0.3856.284"
85.106.230.76 - - [26/Dec/2020:18:14:51 +0000] "POST /ajax/login.php?type=login HTTP/1.1" 200 718 "https://realstresser.com/login" "Mozilla/5.0 (Windows NT 6.1; Win64; x64) AppleWebKit/537.36 (KHTML, like Gecko) Chrome/87.0.4280.88 Safari/537.36 OPR/73.0.3856.284"
78.175.229.99 - - [26/Dec/2020:18:14:57 +0000] "GET /ajax/hub.php?type=adminattacks&csrf=e764c830804c3bff29648706deb0d26363a5bvpbfmpi4puj54br557qef661refCS7817522999refCSdf54327be805c8adefef104582e8a25e HTTP/1.1" 200 1377 "https://realstresser.com/hub" "Mozilla/5.0 (Windows NT 10.0; Win64; x64) AppleWebKit/537.36 (KHTML, like Gecko) Chrome/87.0.4280.88 Safari/537.36"
78.175.229.99 - - [26/Dec/2020:18:15:02 +0000] "GET /ajax/hub.php?type=adminattacks&csrf=e764c830804c3bff29648706deb0d26363a5bvpbfmpi4puj54br557qef661refCS7817522999refCSdf54327be805c8adefef104582e8a25e HTTP/1.1" 200 1377 "https://realstresser.com/hub" "Mozilla/5.0 (Windows NT 10.0; Win64; x64) AppleWebKit/537.36 (KHTML, like Gecko) Chrome/87.0.4280.88 Safari/537.36"
78.175.229.99 - - [26/Dec/2020:18:15:03 +0000] "GET /ajax/hub.php?type=adminattacks&csrf=e764c830804c3bff29648706deb0d26363a5bvpbfmpi4puj54br557qef661refCS7817522999refCSdf54327be805c8adefef104582e8a25e HTTP/1.1" 200 1110 "https://realstresser.com/hub" "Mozilla/5.0 (Windows NT 10.0; Win64; x64) AppleWebKit/537.36 (KHTML, like Gecko) Chrome/87.0.4280.88 Safari/537.36"
78.175.229.99 - - [26/Dec/2020:18:15:03 +0000] "GET /ajax/hub.php?type=adminattacks&csrf=e764c830804c3bff29648706deb0d26363a5bvpbfmpi4puj54br557qef661refCS7817522999refCSdf54327be805c8adefef104582e8a25e HTTP/1.1" 200 1110 "https://realstresser.com/hub" "Mozilla/5.0 (Windows NT 10.0; Win64; x64) AppleWebKit/537.36 (KHTML, like Gecko) Chrome/87.0.4280.88 Safari/537.36"
78.175.229.99 - - [26/Dec/2020:18:15:03 +0000] "GET /ajax/hub.php?type=adminattacks&csrf=e764c830804c3bff29648706deb0d26363a5bvpbfmpi4puj54br557qef661refCS7817522999refCSdf54327be805c8adefef104582e8a25e HTTP/1.1" 200 1110 "https://realstresser.com/hub" "Mozilla/5.0 (Windows NT 10.0; Win64; x64) AppleWebKit/537.36 (KHTML, like Gecko) Chrome/87.0.4280.88 Safari/537.36"
78.175.229.99 - - [26/Dec/2020:18:15:04 +0000] "GET /ajax/hub.php?type=adminattacks&csrf=e764c830804c3bff29648706deb0d26363a5bvpbfmpi4puj54br557qef661refCS7817522999refCSdf54327be805c8adefef104582e8a25e HTTP/1.1" 200 1110 "https://realstresser.com/hub" "Mozilla/5.0 (Windows NT 10.0; Win64; x64) AppleWebKit/537.36 (KHTML, like Gecko) Chrome/87.0.4280.88 Safari/537.36"
78.175.229.99 - - [26/Dec/2020:18:15:04 +0000] "GET /ajax/hub.php?type=adminattacks&csrf=e764c830804c3bff29648706deb0d26363a5bvpbfmpi4puj54br557qef661refCS7817522999refCSdf54327be805c8adefef104582e8a25e HTTP/1.1" 200 1110 "https://realstresser.com/hub" "Mozilla/5.0 (Windows NT 10.0; Win64; x64) AppleWebKit/537.36 (KHTML, like Gecko) Chrome/87.0.4280.88 Safari/537.36"
2001:67c:198c:906:35::99 - - [26/Dec/2020:18:15:04 +0000] "GET /ajax/hub.php?type=attacks&csrf=4e9bf267050ff50dd71c97cae9b795264kpsavev2m2b7oju8o0aku6mbg745refCS200167c198c9063599refCSb6347833edcc131a7ebff1175a8a3cbf HTTP/1.1" 200 1096 "https://realstresser.com/hub" "Mozilla/5.0 (Windows NT 6.1; Win64; x64) AppleWebKit/537.36 (KHTML, like Gecko) Chrome/86.0.4240.198 Safari/537.36 OPR/72.0.3815.454"
2001:67c:198c:906:35::99 - - [26/Dec/2020:18:15:05 +0000] "GET /ajax/hub.php?type=attacks&csrf=4e9bf267050ff50dd71c97cae9b795264kpsavev2m2b7oju8o0aku6mbg745refCS200167c198c9063599refCSb6347833edcc131a7ebff1175a8a3cbf HTTP/1.1" 200 1096 "https://realstresser.com/hub" "Mozilla/5.0 (Windows NT 6.1; Win64; x64) AppleWebKit/537.36 (KHTML, like Gecko) Chrome/86.0.4240.198 Safari/537.36 OPR/72.0.3815.454"
78.175.229.99 - - [26/Dec/2020:18:15:12 +0000] "GET /ajax/hub.php?type=adminattacks&csrf=e764c830804c3bff29648706deb0d26363a5bvpbfmpi4puj54br557qef661refCS7817522999refCSdf54327be805c8adefef104582e8a25e HTTP/1.1" 200 1110 "https://realstresser.com/hub" "Mozilla/5.0 (Windows NT 10.0; Win64; x64) AppleWebKit/537.36 (KHTML, like Gecko) Chrome/87.0.4280.88 Safari/537.36"
85.106.230.76 - - [26/Dec/2020:18:15:12 +0000] "POST /ajax/login.php?type=login HTTP/1.1" 200 771 "https://realstresser.com/login" "Mozilla/5.0 (Windows NT 6.1; Win64; x64) AppleWebKit/537.36 (KHTML, like Gecko) Chrome/87.0.4280.88 Safari/537.36 OPR/73.0.3856.284"
85.106.230.76 - - [26/Dec/2020:18:15:18 +0000] "GET /assets/plugins/apexcharts/apexcharts.min.js HTTP/1.1" 200 445137 "https://realstresser.com/" "Mozilla/5.0 (Windows NT 6.1; Win64; x64) AppleWebKit/537.36 (KHTML, like Gecko) Chrome/87.0.4280.88 Safari/537.36 OPR/73.0.3856.284"
2001:67c:198c:906:35::99 - - [26/Dec/2020:18:15:24 +0000] "GET /ajax/hub.php?type=start&host=https://www.acbadigital.am/hy/login&port=80&reqtype=GET&time=120&method=HTTP-BRUST&csrf=4e9bf267050ff50dd71c97cae9b795264kpsavev2m2b7oju8o0aku6mbg745refCS200167c198c9063599refCSb6347833edcc131a7ebff1175a8a3cbf HTTP/1.1" 200 1046 "https://realstresser.com/hub" "Mozilla/5.0 (Windows NT 6.1; Win64; x64) AppleWebKit/537.36 (KHTML, like Gecko) Chrome/86.0.4240.198 Safari/537.36 OPR/72.0.3815.454"
2001:67c:198c:906:35::99 - - [26/Dec/2020:18:15:24 +0000] "GET /ajax/hub.php?type=attacks&csrf=4e9bf267050ff50dd71c97cae9b795264kpsavev2m2b7oju8o0aku6mbg745refCS200167c198c9063599refCSb6347833edcc131a7ebff1175a8a3cbf HTTP/1.1" 200 1414 "https://realstresser.com/hub" "Mozilla/5.0 (Windows NT 6.1; Win64; x64) AppleWebKit/537.36 (KHTML, like Gecko) Chrome/86.0.4240.198 Safari/537.36 OPR/72.0.3815.454"
78.175.229.99 - - [26/Dec/2020:18:15:39 +0000] "GET /ajax/hub.php?type=adminattacks&csrf=e764c830804c3bff29648706deb0d26363a5bvpbfmpi4puj54br557qef661refCS7817522999refCSdf54327be805c8adefef104582e8a25e HTTP/1.1" 200 1378 "https://realstresser.com/hub" "Mozilla/5.0 (Windows NT 10.0; Win64; x64) AppleWebKit/537.36 (KHTML, like Gecko) Chrome/87.0.4280.88 Safari/537.36"
85.106.230.76 - - [26/Dec/2020:18:17:01 +0000] "GET /ajax/hub.php?type=attacks HTTP/1.1" 200 1084 "https://realstresser.com/hub" "Mozilla/5.0 (Windows NT 6.1; Win64; x64) AppleWebKit/537.36 (KHTML, like Gecko) Chrome/87.0.4280.88 Safari/537.36 OPR/73.0.3856.284"
78.175.229.99 - - [26/Dec/2020:18:17:20 +0000] "GET /ajax/hub.php?type=adminattacks&csrf=e764c830804c3bff29648706deb0d26363a5bvpbfmpi4puj54br557qef661refCS7817522999refCSdf54327be805c8adefef104582e8a25e HTTP/1.1" 200 1377 "https://realstresser.com/hub" "Mozilla/5.0 (Windows NT 10.0; Win64; x64) AppleWebKit/537.36 (KHTML, like Gecko) Chrome/87.0.4280.88 Safari/537.36"
78.175.229.99 - - [26/Dec/2020:18:17:24 +0000] "GET /ajax/hub.php?type=adminattacks&csrf=e764c830804c3bff29648706deb0d26363a5bvpbfmpi4puj54br557qef661refCS7817522999refCSdf54327be805c8adefef104582e8a25e HTTP/1.1" 200 1110 "https://realstresser.com/hub" "Mozilla/5.0 (Windows NT 10.0; Win64; x64) AppleWebKit/537.36 (KHTML, like Gecko) Chrome/87.0.4280.88 Safari/537.36"
78.175.229.99 - - [26/Dec/2020:18:17:24 +0000] "GET /ajax/hub.php?type=adminattacks&csrf=e764c830804c3bff29648706deb0d26363a5bvpbfmpi4puj54br557qef661refCS7817522999refCSdf54327be805c8adefef104582e8a25e HTTP/1.1" 200 1110 "https://realstresser.com/hub" "Mozilla/5.0 (Windows NT 10.0; Win64; x64) AppleWebKit/537.36 (KHTML, like Gecko) Chrome/87.0.4280.88 Safari/537.36"
78.175.229.99 - - [26/Dec/2020:18:17:34 +0000] "GET /ajax/hub.php?type=adminattacks&csrf=e764c830804c3bff29648706deb0d26363a5bvpbfmpi4puj54br557qef661refCS7817522999refCSdf54327be805c8adefef104582e8a25e HTTP/1.1" 200 1110 "https://realstresser.com/hub" "Mozilla/5.0 (Windows NT 10.0; Win64; x64) AppleWebKit/537.36 (KHTML, like Gecko) Chrome/87.0.4280.88 Safari/537.36"
78.175.229.99 - - [26/Dec/2020:18:17:35 +0000] "GET /ajax/hub.php?type=adminattacks&csrf=e764c830804c3bff29648706deb0d26363a5bvpbfmpi4puj54br557qef661refCS7817522999refCSdf54327be805c8adefef104582e8a25e HTTP/1.1" 200 1110 "https://realstresser.com/hub" "Mozilla/5.0 (Windows NT 10.0; Win64; x64) AppleWebKit/537.36 (KHTML, like Gecko) Chrome/87.0.4280.88 Safari/537.36"
78.175.229.99 - - [26/Dec/2020:18:17:36 +0000] "GET /ajax/hub.php?type=adminattacks&csrf=e764c830804c3bff29648706deb0d26363a5bvpbfmpi4puj54br557qef661refCS7817522999refCSdf54327be805c8adefef104582e8a25e HTTP/1.1" 200 1110 "https://realstresser.com/hub" "Mozilla/5.0 (Windows NT 10.0; Win64; x64) AppleWebKit/537.36 (KHTML, like Gecko) Chrome/87.0.4280.88 Safari/537.36"
78.175.229.99 - - [26/Dec/2020:18:17:36 +0000] "GET /ajax/hub.php?type=adminattacks&csrf=e764c830804c3bff29648706deb0d26363a5bvpbfmpi4puj54br557qef661refCS7817522999refCSdf54327be805c8adefef104582e8a25e HTTP/1.1" 200 1110 "https://realstresser.com/hub" "Mozilla/5.0 (Windows NT 10.0; Win64; x64) AppleWebKit/537.36 (KHTML, like Gecko) Chrome/87.0.4280.88 Safari/537.36"
78.175.229.99 - - [26/Dec/2020:18:17:37 +0000] "GET /ajax/hub.php?type=adminattacks&csrf=e764c830804c3bff29648706deb0d26363a5bvpbfmpi4puj54br557qef661refCS7817522999refCSdf54327be805c8adefef104582e8a25e HTTP/1.1" 200 1110 "https://realstresser.com/hub" "Mozilla/5.0 (Windows NT 10.0; Win64; x64) AppleWebKit/537.36 (KHTML, like Gecko) Chrome/87.0.4280.88 Safari/537.36"
78.175.229.99 - - [26/Dec/2020:18:17:38 +0000] "GET /ajax/hub.php?type=adminattacks&csrf=e764c830804c3bff29648706deb0d26363a5bvpbfmpi4puj54br557qef661refCS7817522999refCSdf54327be805c8adefef104582e8a25e HTTP/1.1" 200 1110 "https://realstresser.com/hub" "Mozilla/5.0 (Windows NT 10.0; Win64; x64) AppleWebKit/537.36 (KHTML, like Gecko) Chrome/87.0.4280.88 Safari/537.36"
78.175.229.99 - - [26/Dec/2020:18:17:39 +0000] "GET /ajax/hub.php?type=adminattacks&csrf=e764c830804c3bff29648706deb0d26363a5bvpbfmpi4puj54br557qef661refCS7817522999refCSdf54327be805c8adefef104582e8a25e HTTP/1.1" 200 1110 "https://realstresser.com/hub" "Mozilla/5.0 (Windows NT 10.0; Win64; x64) AppleWebKit/537.36 (KHTML, like Gecko) Chrome/87.0.4280.88 Safari/537.36"
78.175.229.99 - - [26/Dec/2020:18:17:39 +0000] "GET /ajax/hub.php?type=adminattacks&csrf=e764c830804c3bff29648706deb0d26363a5bvpbfmpi4puj54br557qef661refCS7817522999refCSdf54327be805c8adefef104582e8a25e HTTP/1.1" 200 1110 "https://realstresser.com/hub" "Mozilla/5.0 (Windows NT 10.0; Win64; x64) AppleWebKit/537.36 (KHTML, like Gecko) Chrome/87.0.4280.88 Safari/537.36"
78.175.229.99 - - [26/Dec/2020:18:17:40 +0000] "GET /ajax/hub.php?type=adminattacks&csrf=e764c830804c3bff29648706deb0d26363a5bvpbfmpi4puj54br557qef661refCS7817522999refCSdf54327be805c8adefef104582e8a25e HTTP/1.1" 200 1110 "https://realstresser.com/hub" "Mozilla/5.0 (Windows NT 10.0; Win64; x64) AppleWebKit/537.36 (KHTML, like Gecko) Chrome/87.0.4280.88 Safari/537.36"
78.175.229.99 - - [26/Dec/2020:18:17:41 +0000] "GET /ajax/hub.php?type=adminattacks&csrf=e764c830804c3bff29648706deb0d26363a5bvpbfmpi4puj54br557qef661refCS7817522999refCSdf54327be805c8adefef104582e8a25e HTTP/1.1" 200 1110 "https://realstresser.com/hub" "Mozilla/5.0 (Windows NT 10.0; Win64; x64) AppleWebKit/537.36 (KHTML, like Gecko) Chrome/87.0.4280.88 Safari/537.36"
78.175.229.99 - - [26/Dec/2020:18:17:42 +0000] "GET /ajax/hub.php?type=adminattacks&csrf=e764c830804c3bff29648706deb0d26363a5bvpbfmpi4puj54br557qef661refCS7817522999refCSdf54327be805c8adefef104582e8a25e HTTP/1.1" 200 1110 "https://realstresser.com/hub" "Mozilla/5.0 (Windows NT 10.0; Win64; x64) AppleWebKit/537.36 (KHTML, like Gecko) Chrome/87.0.4280.88 Safari/537.36"
78.175.229.99 - - [26/Dec/2020:18:20:06 +0000] "GET /ajax/hub.php?type=adminattacks&csrf=e764c830804c3bff29648706deb0d26363a5bvpbfmpi4puj54br557qef661refCS7817522999refCSdf54327be805c8adefef104582e8a25e HTTP/1.1" 200 1110 "https://realstresser.com/hub" "Mozilla/5.0 (Windows NT 10.0; Win64; x64) AppleWebKit/537.36 (KHTML, like Gecko) Chrome/87.0.4280.88 Safari/537.36"
78.175.229.99 - - [26/Dec/2020:18:20:40 +0000] "GET /ajax/hub.php?type=adminattacks&csrf=e764c830804c3bff29648706deb0d26363a5bvpbfmpi4puj54br557qef661refCS7817522999refCSdf54327be805c8adefef104582e8a25e HTTP/1.1" 200 1110 "https://realstresser.com/hub" "Mozilla/5.0 (Windows NT 10.0; Win64; x64) AppleWebKit/537.36 (KHTML, like Gecko) Chrome/87.0.4280.88 Safari/537.36"
78.175.229.99 - - [26/Dec/2020:18:20:46 +0000] "GET /ajax/hub.php?type=adminattacks&csrf=e764c830804c3bff29648706deb0d26363a5bvpbfmpi4puj54br557qef661refCS7817522999refCSdf54327be805c8adefef104582e8a25e HTTP/1.1" 200 1110 "https://realstresser.com/hub" "Mozilla/5.0 (Windows NT 10.0; Win64; x64) AppleWebKit/537.36 (KHTML, like Gecko) Chrome/87.0.4280.88 Safari/537.36"
78.175.229.99 - - [26/Dec/2020:18:20:47 +0000] "GET /ajax/hub.php?type=adminattacks&csrf=e764c830804c3bff29648706deb0d26363a5bvpbfmpi4puj54br557qef661refCS7817522999refCSdf54327be805c8adefef104582e8a25e HTTP/1.1" 200 1110 "https://realstresser.com/hub" "Mozilla/5.0 (Windows NT 10.0; Win64; x64) AppleWebKit/537.36 (KHTML, like Gecko) Chrome/87.0.4280.88 Safari/537.36"
78.175.229.99 - - [26/Dec/2020:18:20:54 +0000] "GET /ajax/hub.php?type=adminattacks&csrf=e764c830804c3bff29648706deb0d26363a5bvpbfmpi4puj54br557qef661refCS7817522999refCSdf54327be805c8adefef104582e8a25e HTTP/1.1" 200 1110 "https://realstresser.com/hub" "Mozilla/5.0 (Windows NT 10.0; Win64; x64) AppleWebKit/537.36 (KHTML, like Gecko) Chrome/87.0.4280.88 Safari/537.36"
78.175.229.99 - - [26/Dec/2020:18:21:13 +0000] "GET /ajax/hub.php?type=adminattacks&csrf=e764c830804c3bff29648706deb0d26363a5bvpbfmpi4puj54br557qef661refCS7817522999refCSdf54327be805c8adefef104582e8a25e HTTP/1.1" 200 1110 "https://realstresser.com/hub" "Mozilla/5.0 (Windows NT 10.0; Win64; x64) AppleWebKit/537.36 (KHTML, like Gecko) Chrome/87.0.4280.88 Safari/537.36"
78.175.229.99 - - [26/Dec/2020:18:21:26 +0000] "GET /ajax/hub.php?type=adminattacks&csrf=e764c830804c3bff29648706deb0d26363a5bvpbfmpi4puj54br557qef661refCS7817522999refCSdf54327be805c8adefef104582e8a25e HTTP/1.1" 200 1110 "https://realstresser.com/hub" "Mozilla/5.0 (Windows NT 10.0; Win64; x64) AppleWebKit/537.36 (KHTML, like Gecko) Chrome/87.0.4280.88 Safari/537.36"
78.175.229.99 - - [26/Dec/2020:18:21:27 +0000] "GET /ajax/hub.php?type=adminattacks&csrf=e764c830804c3bff29648706deb0d26363a5bvpbfmpi4puj54br557qef661refCS7817522999refCSdf54327be805c8adefef104582e8a25e HTTP/1.1" 200 1110 "https://realstresser.com/hub" "Mozilla/5.0 (Windows NT 10.0; Win64; x64) AppleWebKit/537.36 (KHTML, like Gecko) Chrome/87.0.4280.88 Safari/537.36"
78.175.229.99 - - [26/Dec/2020:18:21:48 +0000] "GET /ajax/hub.php?type=adminattacks&csrf=e764c830804c3bff29648706deb0d26363a5bvpbfmpi4puj54br557qef661refCS7817522999refCSdf54327be805c8adefef104582e8a25e HTTP/1.1" 200 1110 "https://realstresser.com/hub" "Mozilla/5.0 (Windows NT 10.0; Win64; x64) AppleWebKit/537.36 (KHTML, like Gecko) Chrome/87.0.4280.88 Safari/537.36"
78.175.229.99 - - [26/Dec/2020:18:21:48 +0000] "GET /ajax/hub.php?type=adminattacks&csrf=e764c830804c3bff29648706deb0d26363a5bvpbfmpi4puj54br557qef661refCS7817522999refCSdf54327be805c8adefef104582e8a25e HTTP/1.1" 200 1110 "https://realstresser.com/hub" "Mozilla/5.0 (Windows NT 10.0; Win64; x64) AppleWebKit/537.36 (KHTML, like Gecko) Chrome/87.0.4280.88 Safari/537.36"
78.175.229.99 - - [26/Dec/2020:18:23:32 +0000] "GET /ajax/hub.php?type=adminattacks&csrf=e764c830804c3bff29648706deb0d26363a5bvpbfmpi4puj54br557qef661refCS7817522999refCSdf54327be805c8adefef104582e8a25e HTTP/1.1" 200 1110 "https://realstresser.com/hub" "Mozilla/5.0 (Windows NT 10.0; Win64; x64) AppleWebKit/537.36 (KHTML, like Gecko) Chrome/87.0.4280.88 Safari/537.36"
78.175.229.99 - - [26/Dec/2020:18:23:33 +0000] "GET /ajax/hub.php?type=adminattacks&csrf=e764c830804c3bff29648706deb0d26363a5bvpbfmpi4puj54br557qef661refCS7817522999refCSdf54327be805c8adefef104582e8a25e HTTP/1.1" 200 1110 "https://realstresser.com/hub" "Mozilla/5.0 (Windows NT 10.0; Win64; x64) AppleWebKit/537.36 (KHTML, like Gecko) Chrome/87.0.4280.88 Safari/537.36"
78.175.229.99 - - [26/Dec/2020:18:24:33 +0000] "GET /ajax/hub.php?type=adminattacks&csrf=e764c830804c3bff29648706deb0d26363a5bvpbfmpi4puj54br557qef661refCS7817522999refCSdf54327be805c8adefef104582e8a25e HTTP/1.1" 200 1110 "https://realstresser.com/hub" "Mozilla/5.0 (Windows NT 10.0; Win64; x64) AppleWebKit/537.36 (KHTML, like Gecko) Chrome/87.0.4280.88 Safari/537.36"
78.175.229.99 - - [26/Dec/2020:18:25:26 +0000] "GET /ajax/hub.php?type=adminattacks&csrf=e764c830804c3bff29648706deb0d26363a5bvpbfmpi4puj54br557qef661refCS7817522999refCSdf54327be805c8adefef104582e8a25e HTTP/1.1" 200 1109 "https://realstresser.com/hub" "Mozilla/5.0 (Windows NT 10.0; Win64; x64) AppleWebKit/537.36 (KHTML, like Gecko) Chrome/87.0.4280.88 Safari/537.36"
78.175.229.99 - - [26/Dec/2020:18:25:27 +0000] "GET /ajax/hub.php?type=adminattacks&csrf=e764c830804c3bff29648706deb0d26363a5bvpbfmpi4puj54br557qef661refCS7817522999refCSdf54327be805c8adefef104582e8a25e HTTP/1.1" 200 1109 "https://realstresser.com/hub" "Mozilla/5.0 (Windows NT 10.0; Win64; x64) AppleWebKit/537.36 (KHTML, like Gecko) Chrome/87.0.4280.88 Safari/537.36"
85.106.230.76 - - [26/Dec/2020:18:25:47 +0000] "GET /ajax/hub.php?type=start&host=193.111.77.103&port=25565&version=1.16.4&time=1200&method=MC-FLOOD&csrf=1fdd4ef3f80bea1bda8d74198eceebffqs1mild7ihftiduvoqhnkthfvg458refCS8510623076refCS2a6bb90b994eb9dc425f67cf866e82eb HTTP/1.1" 200 1019 "https://realstresser.com/hub" "Mozilla/5.0 (Windows NT 6.1; Win64; x64) AppleWebKit/537.36 (KHTML, like Gecko) Chrome/87.0.4280.88 Safari/537.36 OPR/73.0.3856.284"
85.106.230.76 - - [26/Dec/2020:18:25:54 +0000] "GET /ajax/hub.php?type=start&host=193.111.77.103&port=25565&version=1.16.4&time=1200&method=MC-FLOOD&csrf=1fdd4ef3f80bea1bda8d74198eceebffqs1mild7ihftiduvoqhnkthfvg458refCS8510623076refCS2a6bb90b994eb9dc425f67cf866e82eb HTTP/1.1" 200 1019 "https://realstresser.com/hub" "Mozilla/5.0 (Windows NT 6.1; Win64; x64) AppleWebKit/537.36 (KHTML, like Gecko) Chrome/87.0.4280.88 Safari/537.36 OPR/73.0.3856.284"
85.106.230.76 - - [26/Dec/2020:18:25:55 +0000] "GET /ajax/hub.php?type=start&host=193.111.77.103&port=25565&version=1.16.4&time=1200&method=MC-FLOOD&csrf=1fdd4ef3f80bea1bda8d74198eceebffqs1mild7ihftiduvoqhnkthfvg458refCS8510623076refCS2a6bb90b994eb9dc425f67cf866e82eb HTTP/1.1" 200 1019 "https://realstresser.com/hub" "Mozilla/5.0 (Windows NT 6.1; Win64; x64) AppleWebKit/537.36 (KHTML, like Gecko) Chrome/87.0.4280.88 Safari/537.36 OPR/73.0.3856.284"
85.106.230.76 - - [26/Dec/2020:18:25:56 +0000] "GET /ajax/hub.php?type=start&host=193.111.77.103&port=25565&version=1.16.4&time=1200&method=MC-FLOOD&csrf=1fdd4ef3f80bea1bda8d74198eceebffqs1mild7ihftiduvoqhnkthfvg458refCS8510623076refCS2a6bb90b994eb9dc425f67cf866e82eb HTTP/1.1" 200 1019 "https://realstresser.com/hub" "Mozilla/5.0 (Windows NT 6.1; Win64; x64) AppleWebKit/537.36 (KHTML, like Gecko) Chrome/87.0.4280.88 Safari/537.36 OPR/73.0.3856.284"
78.175.229.99 - - [26/Dec/2020:18:26:08 +0000] "GET /ajax/hub.php?type=start&host=https://acbadigital.am/hy/login&port=80&reqtype=GET&time=3600&method=HTTP-FAST&csrf=e764c830804c3bff29648706deb0d26363a5bvpbfmpi4puj54br557qef661refCS7817522999refCSdf54327be805c8adefef104582e8a25e HTTP/1.1" 200 1036 "https://realstresser.com/hub" "Mozilla/5.0 (Windows NT 10.0; Win64; x64) AppleWebKit/537.36 (KHTML, like Gecko) Chrome/87.0.4280.88 Safari/537.36"
85.106.230.76 - - [26/Dec/2020:18:26:08 +0000] "GET /ajax/hub.php?type=start&host=193.111.77.103&port=25565&version=1.16.4&time=120&method=MC-FLOOD&csrf=1fdd4ef3f80bea1bda8d74198eceebffqs1mild7ihftiduvoqhnkthfvg458refCS8510623076refCS2a6bb90b994eb9dc425f67cf866e82eb HTTP/1.1" 200 1028 "https://realstresser.com/hub" "Mozilla/5.0 (Windows NT 6.1; Win64; x64) AppleWebKit/537.36 (KHTML, like Gecko) Chrome/87.0.4280.88 Safari/537.36 OPR/73.0.3856.284"
78.175.229.99 - - [26/Dec/2020:18:26:08 +0000] "GET /ajax/hub.php?type=attacks&csrf=e764c830804c3bff29648706deb0d26363a5bvpbfmpi4puj54br557qef661refCS7817522999refCSdf54327be805c8adefef104582e8a25e HTTP/1.1" 200 1404 "https://realstresser.com/hub" "Mozilla/5.0 (Windows NT 10.0; Win64; x64) AppleWebKit/537.36 (KHTML, like Gecko) Chrome/87.0.4280.88 Safari/537.36"
85.106.230.76 - - [26/Dec/2020:18:26:08 +0000] "GET /ajax/hub.php?type=attacks&csrf=1fdd4ef3f80bea1bda8d74198eceebffqs1mild7ihftiduvoqhnkthfvg458refCS8510623076refCS2a6bb90b994eb9dc425f67cf866e82eb HTTP/1.1" 200 1388 "https://realstresser.com/hub" "Mozilla/5.0 (Windows NT 6.1; Win64; x64) AppleWebKit/537.36 (KHTML, like Gecko) Chrome/87.0.4280.88 Safari/537.36 OPR/73.0.3856.284"
78.175.229.99 - - [26/Dec/2020:18:26:28 +0000] "GET /ajax/hub.php?type=start&host=https://acbadigital.am/hy/login&port=80&reqtype=GET&time=3600&method=HTTP-RS&csrf=e764c830804c3bff29648706deb0d26363a5bvpbfmpi4puj54br557qef661refCS7817522999refCSdf54327be805c8adefef104582e8a25e HTTP/1.1" 200 1036 "https://realstresser.com/hub" "Mozilla/5.0 (Windows NT 10.0; Win64; x64) AppleWebKit/537.36 (KHTML, like Gecko) Chrome/87.0.4280.88 Safari/537.36"
78.175.229.99 - - [26/Dec/2020:18:26:28 +0000] "GET /ajax/hub.php?type=attacks&csrf=e764c830804c3bff29648706deb0d26363a5bvpbfmpi4puj54br557qef661refCS7817522999refCSdf54327be805c8adefef104582e8a25e HTTP/1.1" 200 1446 "https://realstresser.com/hub" "Mozilla/5.0 (Windows NT 10.0; Win64; x64) AppleWebKit/537.36 (KHTML, like Gecko) Chrome/87.0.4280.88 Safari/537.36"
78.175.229.99 - - [26/Dec/2020:18:26:55 +0000] "GET /ajax/hub.php?type=stop&id=11974&csrf=e764c830804c3bff29648706deb0d26363a5bvpbfmpi4puj54br557qef661refCS7817522999refCSdf54327be805c8adefef104582e8a25e HTTP/1.1" 200 1033 "https://realstresser.com/hub" "Mozilla/5.0 (Windows NT 10.0; Win64; x64) AppleWebKit/537.36 (KHTML, like Gecko) Chrome/87.0.4280.88 Safari/537.36"
78.175.229.99 - - [26/Dec/2020:18:26:56 +0000] "GET /ajax/hub.php?type=stop&id=11972&csrf=e764c830804c3bff29648706deb0d26363a5bvpbfmpi4puj54br557qef661refCS7817522999refCSdf54327be805c8adefef104582e8a25e HTTP/1.1" 200 1033 "https://realstresser.com/hub" "Mozilla/5.0 (Windows NT 10.0; Win64; x64) AppleWebKit/537.36 (KHTML, like Gecko) Chrome/87.0.4280.88 Safari/537.36"
78.175.229.99 - - [26/Dec/2020:18:26:56 +0000] "GET /ajax/hub.php?type=attacks&csrf=e764c830804c3bff29648706deb0d26363a5bvpbfmpi4puj54br557qef661refCS7817522999refCSdf54327be805c8adefef104582e8a25e HTTP/1.1" 200 1089 "https://realstresser.com/hub" "Mozilla/5.0 (Windows NT 10.0; Win64; x64) AppleWebKit/537.36 (KHTML, like Gecko) Chrome/87.0.4280.88 Safari/537.36"
78.175.229.99 - - [26/Dec/2020:18:26:56 +0000] "GET /ajax/hub.php?type=attacks&csrf=e764c830804c3bff29648706deb0d26363a5bvpbfmpi4puj54br557qef661refCS7817522999refCSdf54327be805c8adefef104582e8a25e HTTP/1.1" 200 1089 "https://realstresser.com/hub" "Mozilla/5.0 (Windows NT 10.0; Win64; x64) AppleWebKit/537.36 (KHTML, like Gecko) Chrome/87.0.4280.88 Safari/537.36"
85.106.230.76 - - [26/Dec/2020:18:28:10 +0000] "GET /ajax/hub.php?type=attacks&csrf=1fdd4ef3f80bea1bda8d74198eceebffqs1mild7ihftiduvoqhnkthfvg458refCS8510623076refCS2a6bb90b994eb9dc425f67cf866e82eb HTTP/1.1" 200 1089 "https://realstresser.com/hub" "Mozilla/5.0 (Windows NT 6.1; Win64; x64) AppleWebKit/537.36 (KHTML, like Gecko) Chrome/87.0.4280.88 Safari/537.36 OPR/73.0.3856.284"
85.106.230.76 - - [26/Dec/2020:18:29:53 +0000] "GET /ajax/hub.php?type=start&host=193.111.77.103&port=25565&version=1.16.4&time=120&method=MC-FLOOD&csrf=1fdd4ef3f80bea1bda8d74198eceebffqs1mild7ihftiduvoqhnkthfvg458refCS8510623076refCS2a6bb90b994eb9dc425f67cf866e82eb HTTP/1.1" 200 1030 "https://realstresser.com/hub" "Mozilla/5.0 (Windows NT 6.1; Win64; x64) AppleWebKit/537.36 (KHTML, like Gecko) Chrome/87.0.4280.88 Safari/537.36 OPR/73.0.3856.284"
85.106.230.76 - - [26/Dec/2020:18:29:53 +0000] "GET /ajax/hub.php?type=attacks&csrf=1fdd4ef3f80bea1bda8d74198eceebffqs1mild7ihftiduvoqhnkthfvg458refCS8510623076refCS2a6bb90b994eb9dc425f67cf866e82eb HTTP/1.1" 200 1394 "https://realstresser.com/hub" "Mozilla/5.0 (Windows NT 6.1; Win64; x64) AppleWebKit/537.36 (KHTML, like Gecko) Chrome/87.0.4280.88 Safari/537.36 OPR/73.0.3856.284"
85.106.230.76 - - [26/Dec/2020:18:30:33 +0000] "GET /ajax/hub.php?type=stop&id=11975 HTTP/1.1" 200 1026 "https://realstresser.com/hub" "Mozilla/5.0 (Windows NT 6.1; Win64; x64) AppleWebKit/537.36 (KHTML, like Gecko) Chrome/87.0.4280.88 Safari/537.36 OPR/73.0.3856.284"
85.106.230.76 - - [26/Dec/2020:18:30:34 +0000] "GET /ajax/hub.php?type=attacks&csrf=1fdd4ef3f80bea1bda8d74198eceebffqs1mild7ihftiduvoqhnkthfvg458refCS8510623076refCS2a6bb90b994eb9dc425f67cf866e82eb HTTP/1.1" 200 1090 "https://realstresser.com/hub" "Mozilla/5.0 (Windows NT 6.1; Win64; x64) AppleWebKit/537.36 (KHTML, like Gecko) Chrome/87.0.4280.88 Safari/537.36 OPR/73.0.3856.284"
85.106.230.76 - - [26/Dec/2020:18:31:53 +0000] "GET /ajax/hub.php?type=attacks&csrf=1fdd4ef3f80bea1bda8d74198eceebffqs1mild7ihftiduvoqhnkthfvg458refCS8510623076refCS2a6bb90b994eb9dc425f67cf866e82eb HTTP/1.1" 200 1090 "https://realstresser.com/hub" "Mozilla/5.0 (Windows NT 6.1; Win64; x64) AppleWebKit/537.36 (KHTML, like Gecko) Chrome/87.0.4280.88 Safari/537.36 OPR/73.0.3856.284"
78.175.229.99 - - [26/Dec/2020:18:36:49 +0000] "GET /ajax/hub.php?type=attacks HTTP/1.1" 200 1088 "https://realstresser.com/hub" "Mozilla/5.0 (Windows NT 10.0; Win64; x64) AppleWebKit/537.36 (KHTML, like Gecko) Chrome/87.0.4280.88 Safari/537.36"
78.175.229.99 - - [26/Dec/2020:18:38:49 +0000] "GET /ajax/hub.php?type=adminattacks&csrf=0e921cb338ffefd23dcadfef25ab02a163a5bvpbfmpi4puj54br557qef660refCS7817522999refCSdf54327be805c8adefef104582e8a25e HTTP/1.1" 200 1108 "https://realstresser.com/hub" "Mozilla/5.0 (Windows NT 10.0; Win64; x64) AppleWebKit/537.36 (KHTML, like Gecko) Chrome/87.0.4280.88 Safari/537.36"
78.175.229.99 - - [26/Dec/2020:18:38:50 +0000] "GET /ajax/hub.php?type=adminattacks&csrf=0e921cb338ffefd23dcadfef25ab02a163a5bvpbfmpi4puj54br557qef660refCS7817522999refCSdf54327be805c8adefef104582e8a25e HTTP/1.1" 200 1108 "https://realstresser.com/hub" "Mozilla/5.0 (Windows NT 10.0; Win64; x64) AppleWebKit/537.36 (KHTML, like Gecko) Chrome/87.0.4280.88 Safari/537.36"
78.175.229.99 - - [26/Dec/2020:18:52:55 +0000] "GET /ajax/hub.php?type=adminattacks&csrf=0e921cb338ffefd23dcadfef25ab02a163a5bvpbfmpi4puj54br557qef660refCS7817522999refCSdf54327be805c8adefef104582e8a25e HTTP/1.1" 200 1109 "https://realstresser.com/hub" "Mozilla/5.0 (Windows NT 10.0; Win64; x64) AppleWebKit/537.36 (KHTML, like Gecko) Chrome/87.0.4280.88 Safari/537.36"
78.175.229.99 - - [26/Dec/2020:18:53:19 +0000] "GET /ajax/hub.php?type=start&host=https://beta.welovecloudflare.de&port=80&reqtype=GET&time=3600&method=HTTP-RS&csrf=0e921cb338ffefd23dcadfef25ab02a163a5bvpbfmpi4puj54br557qef660refCS7817522999refCSdf54327be805c8adefef104582e8a25e HTTP/1.1" 200 1031 "https://realstresser.com/hub" "Mozilla/5.0 (Windows NT 10.0; Win64; x64) AppleWebKit/537.36 (KHTML, like Gecko) Chrome/87.0.4280.88 Safari/537.36"
78.175.229.99 - - [26/Dec/2020:18:53:19 +0000] "GET /ajax/hub.php?type=attacks&csrf=0e921cb338ffefd23dcadfef25ab02a163a5bvpbfmpi4puj54br557qef660refCS7817522999refCSdf54327be805c8adefef104582e8a25e HTTP/1.1" 200 1398 "https://realstresser.com/hub" "Mozilla/5.0 (Windows NT 10.0; Win64; x64) AppleWebKit/537.36 (KHTML, like Gecko) Chrome/87.0.4280.88 Safari/537.36"
78.175.229.99 - - [26/Dec/2020:18:53:43 +0000] "GET /ajax/hub.php?type=adminattacks&csrf=0e921cb338ffefd23dcadfef25ab02a163a5bvpbfmpi4puj54br557qef660refCS7817522999refCSdf54327be805c8adefef104582e8a25e HTTP/1.1" 200 1368 "https://realstresser.com/hub" "Mozilla/5.0 (Windows NT 10.0; Win64; x64) AppleWebKit/537.36 (KHTML, like Gecko) Chrome/87.0.4280.88 Safari/537.36"
78.175.229.99 - - [26/Dec/2020:18:55:24 +0000] "GET /ajax/hub.php?type=stop&id=11976&csrf=0e921cb338ffefd23dcadfef25ab02a163a5bvpbfmpi4puj54br557qef660refCS7817522999refCSdf54327be805c8adefef104582e8a25e HTTP/1.1" 200 1028 "https://realstresser.com/hub" "Mozilla/5.0 (Windows NT 10.0; Win64; x64) AppleWebKit/537.36 (KHTML, like Gecko) Chrome/87.0.4280.88 Safari/537.36"
78.175.229.99 - - [26/Dec/2020:18:55:24 +0000] "GET /ajax/hub.php?type=attacks&csrf=0e921cb338ffefd23dcadfef25ab02a163a5bvpbfmpi4puj54br557qef660refCS7817522999refCSdf54327be805c8adefef104582e8a25e HTTP/1.1" 200 1089 "https://realstresser.com/hub" "Mozilla/5.0 (Windows NT 10.0; Win64; x64) AppleWebKit/537.36 (KHTML, like Gecko) Chrome/87.0.4280.88 Safari/537.36"
78.175.229.99 - - [26/Dec/2020:18:56:11 +0000] "GET /ajax/hub.php?type=start&host=http://145.239.6.33&port=80&reqtype=GET&time=3600&method=HTTP-RS&csrf=0e921cb338ffefd23dcadfef25ab02a163a5bvpbfmpi4puj54br557qef660refCS7817522999refCSdf54327be805c8adefef104582e8a25e HTTP/1.1" 200 1031 "https://realstresser.com/hub" "Mozilla/5.0 (Windows NT 10.0; Win64; x64) AppleWebKit/537.36 (KHTML, like Gecko) Chrome/87.0.4280.88 Safari/537.36"
78.175.229.99 - - [26/Dec/2020:18:56:11 +0000] "GET /ajax/hub.php?type=attacks&csrf=0e921cb338ffefd23dcadfef25ab02a163a5bvpbfmpi4puj54br557qef660refCS7817522999refCSdf54327be805c8adefef104582e8a25e HTTP/1.1" 200 1399 "https://realstresser.com/hub" "Mozilla/5.0 (Windows NT 10.0; Win64; x64) AppleWebKit/537.36 (KHTML, like Gecko) Chrome/87.0.4280.88 Safari/537.36"
78.175.229.99 - - [26/Dec/2020:18:56:12 +0000] "GET /ajax/hub.php?type=adminattacks&csrf=0e921cb338ffefd23dcadfef25ab02a163a5bvpbfmpi4puj54br557qef660refCS7817522999refCSdf54327be805c8adefef104582e8a25e HTTP/1.1" 200 1369 "https://realstresser.com/hub" "Mozilla/5.0 (Windows NT 10.0; Win64; x64) AppleWebKit/537.36 (KHTML, like Gecko) Chrome/87.0.4280.88 Safari/537.36"
78.175.229.99 - - [26/Dec/2020:18:56:40 +0000] "GET /ajax/hub.php?type=adminattacks&csrf=0e921cb338ffefd23dcadfef25ab02a163a5bvpbfmpi4puj54br557qef660refCS7817522999refCSdf54327be805c8adefef104582e8a25e HTTP/1.1" 200 1369 "https://realstresser.com/hub" "Mozilla/5.0 (Windows NT 10.0; Win64; x64) AppleWebKit/537.36 (KHTML, like Gecko) Chrome/87.0.4280.88 Safari/537.36"
78.175.229.99 - - [26/Dec/2020:18:59:07 +0000] "GET /ajax/hub.php?type=stop&id=11977&csrf=0e921cb338ffefd23dcadfef25ab02a163a5bvpbfmpi4puj54br557qef660refCS7817522999refCSdf54327be805c8adefef104582e8a25e HTTP/1.1" 200 1027 "https://realstresser.com/hub" "Mozilla/5.0 (Windows NT 10.0; Win64; x64) AppleWebKit/537.36 (KHTML, like Gecko) Chrome/87.0.4280.88 Safari/537.36"
78.175.229.99 - - [26/Dec/2020:18:59:07 +0000] "GET /ajax/hub.php?type=attacks&csrf=0e921cb338ffefd23dcadfef25ab02a163a5bvpbfmpi4puj54br557qef660refCS7817522999refCSdf54327be805c8adefef104582e8a25e HTTP/1.1" 200 1089 "https://realstresser.com/hub" "Mozilla/5.0 (Windows NT 10.0; Win64; x64) AppleWebKit/537.36 (KHTML, like Gecko) Chrome/87.0.4280.88 Safari/537.36"
78.175.229.99 - - [26/Dec/2020:18:59:12 +0000] "GET /ajax/hub.php?type=start&host=https://dwar.gen.tr/&port=80&reqtype=GET&time=3600&method=HTTP-RS&csrf=0e921cb338ffefd23dcadfef25ab02a163a5bvpbfmpi4puj54br557qef660refCS7817522999refCSdf54327be805c8adefef104582e8a25e HTTP/1.1" 200 1029 "https://realstresser.com/hub" "Mozilla/5.0 (Windows NT 10.0; Win64; x64) AppleWebKit/537.36 (KHTML, like Gecko) Chrome/87.0.4280.88 Safari/537.36"
78.175.229.99 - - [26/Dec/2020:18:59:12 +0000] "GET /ajax/hub.php?type=attacks&csrf=0e921cb338ffefd23dcadfef25ab02a163a5bvpbfmpi4puj54br557qef660refCS7817522999refCSdf54327be805c8adefef104582e8a25e HTTP/1.1" 200 1395 "https://realstresser.com/hub" "Mozilla/5.0 (Windows NT 10.0; Win64; x64) AppleWebKit/537.36 (KHTML, like Gecko) Chrome/87.0.4280.88 Safari/537.36"
78.175.229.99 - - [26/Dec/2020:18:59:48 +0000] "GET /ajax/hub.php?type=start&host=https://dwar.gen.tr/?%RAND%=%RAND%&port=80&reqtype=GET&time=3600&method=BROWSER-ENGINE&csrf=0e921cb338ffefd23dcadfef25ab02a163a5bvpbfmpi4puj54br557qef660refCS7817522999refCSdf54327be805c8adefef104582e8a25e HTTP/1.1" 200 1039 "https://realstresser.com/hub" "Mozilla/5.0 (Windows NT 10.0; Win64; x64) AppleWebKit/537.36 (KHTML, like Gecko) Chrome/87.0.4280.88 Safari/537.36"
78.175.229.99 - - [26/Dec/2020:18:59:48 +0000] "GET /ajax/hub.php?type=attacks&csrf=0e921cb338ffefd23dcadfef25ab02a163a5bvpbfmpi4puj54br557qef660refCS7817522999refCSdf54327be805c8adefef104582e8a25e HTTP/1.1" 200 1467 "https://realstresser.com/hub" "Mozilla/5.0 (Windows NT 10.0; Win64; x64) AppleWebKit/537.36 (KHTML, like Gecko) Chrome/87.0.4280.88 Safari/537.36"
78.175.229.99 - - [26/Dec/2020:18:59:59 +0000] "GET /ajax/hub.php?type=adminattacks&csrf=0e921cb338ffefd23dcadfef25ab02a163a5bvpbfmpi4puj54br557qef660refCS7817522999refCSdf54327be805c8adefef104582e8a25e HTTP/1.1" 200 1427 "https://realstresser.com/hub" "Mozilla/5.0 (Windows NT 10.0; Win64; x64) AppleWebKit/537.36 (KHTML, like Gecko) Chrome/87.0.4280.88 Safari/537.36"
78.175.229.99 - - [26/Dec/2020:19:01:34 +0000] "GET /ajax/hub.php?type=stop&id=11979&csrf=0e921cb338ffefd23dcadfef25ab02a163a5bvpbfmpi4puj54br557qef660refCS7817522999refCSdf54327be805c8adefef104582e8a25e HTTP/1.1" 200 1036 "https://realstresser.com/hub" "Mozilla/5.0 (Windows NT 10.0; Win64; x64) AppleWebKit/537.36 (KHTML, like Gecko) Chrome/87.0.4280.88 Safari/537.36"
78.175.229.99 - - [26/Dec/2020:19:01:35 +0000] "GET /ajax/hub.php?type=stop&id=11978&csrf=0e921cb338ffefd23dcadfef25ab02a163a5bvpbfmpi4puj54br557qef660refCS7817522999refCSdf54327be805c8adefef104582e8a25e HTTP/1.1" 200 1024 "https://realstresser.com/hub" "Mozilla/5.0 (Windows NT 10.0; Win64; x64) AppleWebKit/537.36 (KHTML, like Gecko) Chrome/87.0.4280.88 Safari/537.36"
78.175.229.99 - - [26/Dec/2020:19:01:35 +0000] "GET /ajax/hub.php?type=attacks&csrf=0e921cb338ffefd23dcadfef25ab02a163a5bvpbfmpi4puj54br557qef660refCS7817522999refCSdf54327be805c8adefef104582e8a25e HTTP/1.1" 200 1089 "https://realstresser.com/hub" "Mozilla/5.0 (Windows NT 10.0; Win64; x64) AppleWebKit/537.36 (KHTML, like Gecko) Chrome/87.0.4280.88 Safari/537.36"
78.175.229.99 - - [26/Dec/2020:19:01:35 +0000] "GET /ajax/hub.php?type=attacks&csrf=0e921cb338ffefd23dcadfef25ab02a163a5bvpbfmpi4puj54br557qef660refCS7817522999refCSdf54327be805c8adefef104582e8a25e HTTP/1.1" 200 1089 "https://realstresser.com/hub" "Mozilla/5.0 (Windows NT 10.0; Win64; x64) AppleWebKit/537.36 (KHTML, like Gecko) Chrome/87.0.4280.88 Safari/537.36"
78.175.229.99 - - [26/Dec/2020:19:01:39 +0000] "GET /ajax/hub.php?type=start&host=https://dwar.gen.tr/?%RAND%=%RAND%&port=80&reqtype=GET&time=3600&method=HTTP-FAST&csrf=0e921cb338ffefd23dcadfef25ab02a163a5bvpbfmpi4puj54br557qef660refCS7817522999refCSdf54327be805c8adefef104582e8a25e HTTP/1.1" 200 1039 "https://realstresser.com/hub" "Mozilla/5.0 (Windows NT 10.0; Win64; x64) AppleWebKit/537.36 (KHTML, like Gecko) Chrome/87.0.4280.88 Safari/537.36"
78.175.229.99 - - [26/Dec/2020:19:01:39 +0000] "GET /ajax/hub.php?type=attacks&csrf=0e921cb338ffefd23dcadfef25ab02a163a5bvpbfmpi4puj54br557qef660refCS7817522999refCSdf54327be805c8adefef104582e8a25e HTTP/1.1" 200 1410 "https://realstresser.com/hub" "Mozilla/5.0 (Windows NT 10.0; Win64; x64) AppleWebKit/537.36 (KHTML, like Gecko) Chrome/87.0.4280.88 Safari/537.36"
78.175.229.99 - - [26/Dec/2020:19:03:44 +0000] "GET /ajax/hub.php?type=stop&id=11980&csrf=0e921cb338ffefd23dcadfef25ab02a163a5bvpbfmpi4puj54br557qef660refCS7817522999refCSdf54327be805c8adefef104582e8a25e HTTP/1.1" 200 1035 "https://realstresser.com/hub" "Mozilla/5.0 (Windows NT 10.0; Win64; x64) AppleWebKit/537.36 (KHTML, like Gecko) Chrome/87.0.4280.88 Safari/537.36"
78.175.229.99 - - [26/Dec/2020:19:03:44 +0000] "GET /ajax/hub.php?type=attacks&csrf=0e921cb338ffefd23dcadfef25ab02a163a5bvpbfmpi4puj54br557qef660refCS7817522999refCSdf54327be805c8adefef104582e8a25e HTTP/1.1" 200 1089 "https://realstresser.com/hub" "Mozilla/5.0 (Windows NT 10.0; Win64; x64) AppleWebKit/537.36 (KHTML, like Gecko) Chrome/87.0.4280.88 Safari/537.36"
78.175.229.99 - - [26/Dec/2020:19:05:00 +0000] "GET /ajax/hub.php?type=adminattacks&csrf=0e921cb338ffefd23dcadfef25ab02a163a5bvpbfmpi4puj54br557qef660refCS7817522999refCSdf54327be805c8adefef104582e8a25e HTTP/1.1" 200 1109 "https://realstresser.com/hub" "Mozilla/5.0 (Windows NT 10.0; Win64; x64) AppleWebKit/537.36 (KHTML, like Gecko) Chrome/87.0.4280.88 Safari/537.36"
78.175.229.99 - - [26/Dec/2020:19:06:27 +0000] "GET /ajax/hub.php?type=adminattacks&csrf=0e921cb338ffefd23dcadfef25ab02a163a5bvpbfmpi4puj54br557qef660refCS7817522999refCSdf54327be805c8adefef104582e8a25e HTTP/1.1" 200 1109 "https://realstresser.com/hub" "Mozilla/5.0 (Windows NT 10.0; Win64; x64) AppleWebKit/537.36 (KHTML, like Gecko) Chrome/87.0.4280.88 Safari/537.36"
94.73.24.228 - - [26/Dec/2020:19:28:03 +0000] "GET /ajax/hub.php?type=start&host=https://www.chat-araby.com/&port=80&reqtype=GET&time=120&method=HTTP-COOKIE&csrf=0b65166244a7e3fb77066415d8beddb64shhgt39744tt3jjopk6jv5i6k056refCS947328190refCSdf54327be805c8adefef104582e8a25e HTTP/1.1" 200 1023 "https://realstresser.com/hub" "Mozilla/5.0 (Windows NT 10.0; Win64; x64) AppleWebKit/537.36 (KHTML, like Gecko) Chrome/87.0.4280.88 Safari/537.36"
94.73.24.228 - - [26/Dec/2020:19:32:17 +0000] "GET /ajax/hub.php?type=start&host=https://www.chat-alarab.info/&port=80&reqtype=GET&time=120&method=HTTP-COOKIE&csrf=0b65166244a7e3fb77066415d8beddb64shhgt39744tt3jjopk6jv5i6k056refCS947328190refCSdf54327be805c8adefef104582e8a25e HTTP/1.1" 200 1023 "https://realstresser.com/hub" "Mozilla/5.0 (Windows NT 10.0; Win64; x64) AppleWebKit/537.36 (KHTML, like Gecko) Chrome/87.0.4280.88 Safari/537.36"
94.73.24.228 - - [26/Dec/2020:19:32:28 +0000] "GET /indexsrc/c-image-3.svg HTTP/1.1" 200 1385 "https://realstresser.com/welcome" "Mozilla/5.0 (Windows NT 10.0; Win64; x64) AppleWebKit/537.36 (KHTML, like Gecko) Chrome/87.0.4280.88 Safari/537.36"
94.73.24.228 - - [26/Dec/2020:19:32:30 +0000] "GET /assets/js/template.js HTTP/1.1" 200 4134 "https://realstresser.com/login" "Mozilla/5.0 (Windows NT 10.0; Win64; x64) AppleWebKit/537.36 (KHTML, like Gecko) Chrome/87.0.4280.88 Safari/537.36"
94.73.24.228 - - [26/Dec/2020:19:32:30 +0000] "GET /js/app.js HTTP/1.1" 200 255110 "https://realstresser.com/login" "Mozilla/5.0 (Windows NT 10.0; Win64; x64) AppleWebKit/537.36 (KHTML, like Gecko) Chrome/87.0.4280.88 Safari/537.36"
94.73.24.228 - - [26/Dec/2020:19:32:36 +0000] "POST /ajax/login.php?type=login HTTP/1.1" 200 771 "https://realstresser.com/login" "Mozilla/5.0 (Windows NT 10.0; Win64; x64) AppleWebKit/537.36 (KHTML, like Gecko) Chrome/87.0.4280.88 Safari/537.36"
94.73.24.228 - - [26/Dec/2020:19:32:40 +0000] "GET /assets/plugins/jquery.flot/jquery.flot.resize.js HTTP/1.1" 200 3314 "https://realstresser.com/" "Mozilla/5.0 (Windows NT 10.0; Win64; x64) AppleWebKit/537.36 (KHTML, like Gecko) Chrome/87.0.4280.88 Safari/537.36"
