79.164.146.167 - - [26/Dec/2020:10:56:49 +0000] "GET /ajax/hub.php?type=attacks&csrf=ba13e8a68170220fdda310c566a4410cbhu5etrmu9t6lhf3p1hqomvjdk645refCS79164146167refCS7b08d585257435862986d02e96d2c127 HTTP/1.1" 200 1403 "https://realstresser.com/hub" "Mozilla/5.0 (Windows NT 10.0; Win64; x64) AppleWebKit/537.36 (KHTML, like Gecko) Chrome/87.0.4280.60 YaBrowser/20.12.0.963 Yowser/2.5 Safari/537.36"
79.164.146.167 - - [26/Dec/2020:10:56:50 +0000] "GET /ajax/hub.php?type=start&host=https://online-edu.mirea.ru&port=80&reqtype=GET&time=120&method=HTTP-BRUST&csrf=ba13e8a68170220fdda310c566a4410cbhu5etrmu9t6lhf3p1hqomvjdk645refCS79164146167refCS7b08d585257435862986d02e96d2c127 HTTP/1.1" 200 1019 "https://realstresser.com/hub" "Mozilla/5.0 (Windows NT 10.0; Win64; x64) AppleWebKit/537.36 (KHTML, like Gecko) Chrome/87.0.4280.60 YaBrowser/20.12.0.963 Yowser/2.5 Safari/537.36"
178.186.87.11 - - [26/Dec/2020:10:57:26 +0000] "GET /ajax/hub.php?type=attacks&csrf=0f169995c8ae9fc5d7a8709ad580d47b5sf3ku791o5gkupuh88bfmuft0458refCS1781868711refCSdf54327be805c8adefef104582e8a25e HTTP/1.1" 200 1368 "https://realstresser.com/hub" "Mozilla/5.0 (Windows NT 10.0; Win64; x64) AppleWebKit/537.36 (KHTML, like Gecko) Chrome/87.0.4280.88 Safari/537.36"
178.186.87.11 - - [26/Dec/2020:10:57:28 +0000] "GET /ajax/hub.php?type=attacks&csrf=0f169995c8ae9fc5d7a8709ad580d47b5sf3ku791o5gkupuh88bfmuft0458refCS1781868711refCSdf54327be805c8adefef104582e8a25e HTTP/1.1" 200 1088 "https://realstresser.com/hub" "Mozilla/5.0 (Windows NT 10.0; Win64; x64) AppleWebKit/537.36 (KHTML, like Gecko) Chrome/87.0.4280.88 Safari/537.36"
178.186.87.11 - - [26/Dec/2020:10:58:04 +0000] "GET /ajax/hub.php?type=start&host=https://payments-transfer24.site/&port=80&reqtype=GET&time=120&method=HTTP-BRUST&csrf=0f169995c8ae9fc5d7a8709ad580d47b5sf3ku791o5gkupuh88bfmuft0458refCS1781868711refCSdf54327be805c8adefef104582e8a25e HTTP/1.1" 200 1034 "https://realstresser.com/hub" "Mozilla/5.0 (Windows NT 10.0; Win64; x64) AppleWebKit/537.36 (KHTML, like Gecko) Chrome/87.0.4280.88 Safari/537.36"
178.186.87.11 - - [26/Dec/2020:10:58:04 +0000] "GET /ajax/hub.php?type=attacks&csrf=0f169995c8ae9fc5d7a8709ad580d47b5sf3ku791o5gkupuh88bfmuft0458refCS1781868711refCSdf54327be805c8adefef104582e8a25e HTTP/1.1" 200 1403 "https://realstresser.com/hub" "Mozilla/5.0 (Windows NT 10.0; Win64; x64) AppleWebKit/537.36 (KHTML, like Gecko) Chrome/87.0.4280.88 Safari/537.36"
79.164.146.167 - - [26/Dec/2020:10:58:50 +0000] "GET /ajax/hub.php?type=attacks&csrf=ba13e8a68170220fdda310c566a4410cbhu5etrmu9t6lhf3p1hqomvjdk645refCS79164146167refCS7b08d585257435862986d02e96d2c127 HTTP/1.1" 200 1091 "https://realstresser.com/hub" "Mozilla/5.0 (Windows NT 10.0; Win64; x64) AppleWebKit/537.36 (KHTML, like Gecko) Chrome/87.0.4280.60 YaBrowser/20.12.0.963 Yowser/2.5 Safari/537.36"
79.164.146.167 - - [26/Dec/2020:10:58:57 +0000] "GET /ajax/hub.php?type=start&host=https://online-edu.mirea.ru&port=80&reqtype=GET&time=120&method=HTTP-BRUST&csrf=ba13e8a68170220fdda310c566a4410cbhu5etrmu9t6lhf3p1hqomvjdk645refCS79164146167refCS7b08d585257435862986d02e96d2c127 HTTP/1.1" 200 1034 "https://realstresser.com/hub" "Mozilla/5.0 (Windows NT 10.0; Win64; x64) AppleWebKit/537.36 (KHTML, like Gecko) Chrome/87.0.4280.60 YaBrowser/20.12.0.963 Yowser/2.5 Safari/537.36"
79.164.146.167 - - [26/Dec/2020:10:58:57 +0000] "GET /ajax/hub.php?type=attacks&csrf=ba13e8a68170220fdda310c566a4410cbhu5etrmu9t6lhf3p1hqomvjdk645refCS79164146167refCS7b08d585257435862986d02e96d2c127 HTTP/1.1" 200 1403 "https://realstresser.com/hub" "Mozilla/5.0 (Windows NT 10.0; Win64; x64) AppleWebKit/537.36 (KHTML, like Gecko) Chrome/87.0.4280.60 YaBrowser/20.12.0.963 Yowser/2.5 Safari/537.36"
79.164.146.167 - - [26/Dec/2020:10:59:39 +0000] "GET /ajax/hub.php?type=start&host=https://online-edu.mirea.ru&port=80&reqtype=GET&time=120&method=HTTP-BRUST&csrf=ba13e8a68170220fdda310c566a4410cbhu5etrmu9t6lhf3p1hqomvjdk645refCS79164146167refCS7b08d585257435862986d02e96d2c127 HTTP/1.1" 200 1019 "https://realstresser.com/hub" "Mozilla/5.0 (Windows NT 10.0; Win64; x64) AppleWebKit/537.36 (KHTML, like Gecko) Chrome/87.0.4280.60 YaBrowser/20.12.0.963 Yowser/2.5 Safari/537.36"
178.186.87.11 - - [26/Dec/2020:11:00:05 +0000] "GET /ajax/hub.php?type=attacks&csrf=0f169995c8ae9fc5d7a8709ad580d47b5sf3ku791o5gkupuh88bfmuft0458refCS1781868711refCSdf54327be805c8adefef104582e8a25e HTTP/1.1" 200 1088 "https://realstresser.com/hub" "Mozilla/5.0 (Windows NT 10.0; Win64; x64) AppleWebKit/537.36 (KHTML, like Gecko) Chrome/87.0.4280.88 Safari/537.36"
79.164.146.167 - - [26/Dec/2020:11:00:06 +0000] "GET /ajax/hub.php?type=start&host=https://online-edu.mirea.ru&port=80&reqtype=GET&time=120&method=HTTP-BRUST&csrf=ba13e8a68170220fdda310c566a4410cbhu5etrmu9t6lhf3p1hqomvjdk645refCS79164146167refCS7b08d585257435862986d02e96d2c127 HTTP/1.1" 200 1019 "https://realstresser.com/hub" "Mozilla/5.0 (Windows NT 10.0; Win64; x64) AppleWebKit/537.36 (KHTML, like Gecko) Chrome/87.0.4280.60 YaBrowser/20.12.0.963 Yowser/2.5 Safari/537.36"
178.186.87.11 - - [26/Dec/2020:11:00:27 +0000] "GET /ajax/hub.php?type=start&host=https://payments-transfer24.site/&port=80&reqtype=GET&time=120&method=HTTP-BRUST&csrf=0f169995c8ae9fc5d7a8709ad580d47b5sf3ku791o5gkupuh88bfmuft0458refCS1781868711refCSdf54327be805c8adefef104582e8a25e HTTP/1.1" 200 1034 "https://realstresser.com/hub" "Mozilla/5.0 (Windows NT 10.0; Win64; x64) AppleWebKit/537.36 (KHTML, like Gecko) Chrome/87.0.4280.88 Safari/537.36"
178.186.87.11 - - [26/Dec/2020:11:00:27 +0000] "GET /ajax/hub.php?type=attacks&csrf=0f169995c8ae9fc5d7a8709ad580d47b5sf3ku791o5gkupuh88bfmuft0458refCS1781868711refCSdf54327be805c8adefef104582e8a25e HTTP/1.1" 200 1403 "https://realstresser.com/hub" "Mozilla/5.0 (Windows NT 10.0; Win64; x64) AppleWebKit/537.36 (KHTML, like Gecko) Chrome/87.0.4280.88 Safari/537.36"
79.164.146.167 - - [26/Dec/2020:11:00:52 +0000] "GET /ajax/hub.php?type=start&host=https://online-edu.mirea.ru&port=80&reqtype=GET&time=120&method=HTTP-BRUST&csrf=ba13e8a68170220fdda310c566a4410cbhu5etrmu9t6lhf3p1hqomvjdk645refCS79164146167refCS7b08d585257435862986d02e96d2c127 HTTP/1.1" 200 1019 "https://realstresser.com/hub" "Mozilla/5.0 (Windows NT 10.0; Win64; x64) AppleWebKit/537.36 (KHTML, like Gecko) Chrome/87.0.4280.60 YaBrowser/20.12.0.963 Yowser/2.5 Safari/537.36"
79.164.146.167 - - [26/Dec/2020:11:00:58 +0000] "GET /ajax/hub.php?type=attacks&csrf=ba13e8a68170220fdda310c566a4410cbhu5etrmu9t6lhf3p1hqomvjdk645refCS79164146167refCS7b08d585257435862986d02e96d2c127 HTTP/1.1" 200 1091 "https://realstresser.com/hub" "Mozilla/5.0 (Windows NT 10.0; Win64; x64) AppleWebKit/537.36 (KHTML, like Gecko) Chrome/87.0.4280.60 YaBrowser/20.12.0.963 Yowser/2.5 Safari/537.36"
79.164.146.167 - - [26/Dec/2020:11:01:55 +0000] "GET /ajax/hub.php?type=start&host=https://online-edu.mirea.ru&port=80&reqtype=GET&time=120&method=HTTP-BRUST&csrf=ba13e8a68170220fdda310c566a4410cbhu5etrmu9t6lhf3p1hqomvjdk645refCS79164146167refCS7b08d585257435862986d02e96d2c127 HTTP/1.1" 200 1034 "https://realstresser.com/hub" "Mozilla/5.0 (Windows NT 10.0; Win64; x64) AppleWebKit/537.36 (KHTML, like Gecko) Chrome/87.0.4280.60 YaBrowser/20.12.0.963 Yowser/2.5 Safari/537.36"
79.164.146.167 - - [26/Dec/2020:11:01:55 +0000] "GET /ajax/hub.php?type=attacks&csrf=ba13e8a68170220fdda310c566a4410cbhu5etrmu9t6lhf3p1hqomvjdk645refCS79164146167refCS7b08d585257435862986d02e96d2c127 HTTP/1.1" 200 1403 "https://realstresser.com/hub" "Mozilla/5.0 (Windows NT 10.0; Win64; x64) AppleWebKit/537.36 (KHTML, like Gecko) Chrome/87.0.4280.60 YaBrowser/20.12.0.963 Yowser/2.5 Safari/537.36"
79.164.146.167 - - [26/Dec/2020:11:01:55 +0000] "GET /ajax/hub.php?type=start&host=https://online-edu.mirea.ru&port=80&reqtype=GET&time=120&method=HTTP-BRUST&csrf=ba13e8a68170220fdda310c566a4410cbhu5etrmu9t6lhf3p1hqomvjdk645refCS79164146167refCS7b08d585257435862986d02e96d2c127 HTTP/1.1" 200 1019 "https://realstresser.com/hub" "Mozilla/5.0 (Windows NT 10.0; Win64; x64) AppleWebKit/537.36 (KHTML, like Gecko) Chrome/87.0.4280.60 YaBrowser/20.12.0.963 Yowser/2.5 Safari/537.36"
178.186.87.11 - - [26/Dec/2020:11:02:28 +0000] "GET /ajax/hub.php?type=attacks&csrf=0f169995c8ae9fc5d7a8709ad580d47b5sf3ku791o5gkupuh88bfmuft0458refCS1781868711refCSdf54327be805c8adefef104582e8a25e HTTP/1.1" 200 1088 "https://realstresser.com/hub" "Mozilla/5.0 (Windows NT 10.0; Win64; x64) AppleWebKit/537.36 (KHTML, like Gecko) Chrome/87.0.4280.88 Safari/537.36"
178.186.87.11 - - [26/Dec/2020:11:02:33 +0000] "GET /ajax/hub.php?type=start&host=https://payments-transfer24.site/&port=80&reqtype=GET&time=120&method=HTTP-BRUST&csrf=0f169995c8ae9fc5d7a8709ad580d47b5sf3ku791o5gkupuh88bfmuft0458refCS1781868711refCSdf54327be805c8adefef104582e8a25e HTTP/1.1" 200 1034 "https://realstresser.com/hub" "Mozilla/5.0 (Windows NT 10.0; Win64; x64) AppleWebKit/537.36 (KHTML, like Gecko) Chrome/87.0.4280.88 Safari/537.36"
178.186.87.11 - - [26/Dec/2020:11:02:33 +0000] "GET /ajax/hub.php?type=attacks&csrf=0f169995c8ae9fc5d7a8709ad580d47b5sf3ku791o5gkupuh88bfmuft0458refCS1781868711refCSdf54327be805c8adefef104582e8a25e HTTP/1.1" 200 1404 "https://realstresser.com/hub" "Mozilla/5.0 (Windows NT 10.0; Win64; x64) AppleWebKit/537.36 (KHTML, like Gecko) Chrome/87.0.4280.88 Safari/537.36"
79.164.146.167 - - [26/Dec/2020:11:03:05 +0000] "GET /ajax/hub.php?type=start&host=https://online-edu.mirea.ru&port=80&reqtype=GET&time=120&method=HTTP-BRUST&csrf=ba13e8a68170220fdda310c566a4410cbhu5etrmu9t6lhf3p1hqomvjdk645refCS79164146167refCS7b08d585257435862986d02e96d2c127 HTTP/1.1" 200 1019 "https://realstresser.com/hub" "Mozilla/5.0 (Windows NT 10.0; Win64; x64) AppleWebKit/537.36 (KHTML, like Gecko) Chrome/87.0.4280.60 YaBrowser/20.12.0.963 Yowser/2.5 Safari/537.36"
79.164.146.167 - - [26/Dec/2020:11:03:05 +0000] "GET /ajax/hub.php?type=start&host=https://online-edu.mirea.ru&port=80&reqtype=GET&time=120&method=HTTP-BRUST&csrf=ba13e8a68170220fdda310c566a4410cbhu5etrmu9t6lhf3p1hqomvjdk645refCS79164146167refCS7b08d585257435862986d02e96d2c127 HTTP/1.1" 200 1025 "https://realstresser.com/hub" "Mozilla/5.0 (Windows NT 10.0; Win64; x64) AppleWebKit/537.36 (KHTML, like Gecko) Chrome/87.0.4280.60 YaBrowser/20.12.0.963 Yowser/2.5 Safari/537.36"
79.164.146.167 - - [26/Dec/2020:11:03:56 +0000] "GET /ajax/hub.php?type=attacks&csrf=ba13e8a68170220fdda310c566a4410cbhu5etrmu9t6lhf3p1hqomvjdk645refCS79164146167refCS7b08d585257435862986d02e96d2c127 HTTP/1.1" 200 1091 "https://realstresser.com/hub" "Mozilla/5.0 (Windows NT 10.0; Win64; x64) AppleWebKit/537.36 (KHTML, like Gecko) Chrome/87.0.4280.60 YaBrowser/20.12.0.963 Yowser/2.5 Safari/537.36"
79.164.146.167 - - [26/Dec/2020:11:04:18 +0000] "GET /ajax/hub.php?type=start&host=https://online-edu.mirea.ru&port=80&reqtype=GET&time=120&method=HTTP-BRUST&csrf=ba13e8a68170220fdda310c566a4410cbhu5etrmu9t6lhf3p1hqomvjdk645refCS79164146167refCS7b08d585257435862986d02e96d2c127 HTTP/1.1" 200 1034 "https://realstresser.com/hub" "Mozilla/5.0 (Windows NT 10.0; Win64; x64) AppleWebKit/537.36 (KHTML, like Gecko) Chrome/87.0.4280.60 YaBrowser/20.12.0.963 Yowser/2.5 Safari/537.36"
79.164.146.167 - - [26/Dec/2020:11:04:18 +0000] "GET /ajax/hub.php?type=attacks&csrf=ba13e8a68170220fdda310c566a4410cbhu5etrmu9t6lhf3p1hqomvjdk645refCS79164146167refCS7b08d585257435862986d02e96d2c127 HTTP/1.1" 200 1403 "https://realstresser.com/hub" "Mozilla/5.0 (Windows NT 10.0; Win64; x64) AppleWebKit/537.36 (KHTML, like Gecko) Chrome/87.0.4280.60 YaBrowser/20.12.0.963 Yowser/2.5 Safari/537.36"
79.164.146.167 - - [26/Dec/2020:11:04:20 +0000] "GET /ajax/hub.php?type=start&host=https://online-edu.mirea.ru&port=80&reqtype=GET&time=120&method=HTTP-BRUST&csrf=ba13e8a68170220fdda310c566a4410cbhu5etrmu9t6lhf3p1hqomvjdk645refCS79164146167refCS7b08d585257435862986d02e96d2c127 HTTP/1.1" 200 1019 "https://realstresser.com/hub" "Mozilla/5.0 (Windows NT 10.0; Win64; x64) AppleWebKit/537.36 (KHTML, like Gecko) Chrome/87.0.4280.60 YaBrowser/20.12.0.963 Yowser/2.5 Safari/537.36"
178.186.87.11 - - [26/Dec/2020:11:04:34 +0000] "GET /ajax/hub.php?type=attacks&csrf=0f169995c8ae9fc5d7a8709ad580d47b5sf3ku791o5gkupuh88bfmuft0458refCS1781868711refCSdf54327be805c8adefef104582e8a25e HTTP/1.1" 200 1088 "https://realstresser.com/hub" "Mozilla/5.0 (Windows NT 10.0; Win64; x64) AppleWebKit/537.36 (KHTML, like Gecko) Chrome/87.0.4280.88 Safari/537.36"
178.186.87.11 - - [26/Dec/2020:11:05:13 +0000] "GET /ajax/hub.php?type=start&host=https://payments-transfer24.site/&port=80&reqtype=GET&time=120&method=HTTP-BRUST&csrf=0f169995c8ae9fc5d7a8709ad580d47b5sf3ku791o5gkupuh88bfmuft0458refCS1781868711refCSdf54327be805c8adefef104582e8a25e HTTP/1.1" 200 1034 "https://realstresser.com/hub" "Mozilla/5.0 (Windows NT 10.0; Win64; x64) AppleWebKit/537.36 (KHTML, like Gecko) Chrome/87.0.4280.88 Safari/537.36"
178.186.87.11 - - [26/Dec/2020:11:05:13 +0000] "GET /ajax/hub.php?type=attacks&csrf=0f169995c8ae9fc5d7a8709ad580d47b5sf3ku791o5gkupuh88bfmuft0458refCS1781868711refCSdf54327be805c8adefef104582e8a25e HTTP/1.1" 200 1404 "https://realstresser.com/hub" "Mozilla/5.0 (Windows NT 10.0; Win64; x64) AppleWebKit/537.36 (KHTML, like Gecko) Chrome/87.0.4280.88 Safari/537.36"
79.164.146.167 - - [26/Dec/2020:11:05:20 +0000] "GET /ajax/hub.php?type=start&host=https://online-edu.mirea.ru&port=80&reqtype=GET&time=120&method=HTTP-BRUST&csrf=ba13e8a68170220fdda310c566a4410cbhu5etrmu9t6lhf3p1hqomvjdk645refCS79164146167refCS7b08d585257435862986d02e96d2c127 HTTP/1.1" 200 1019 "https://realstresser.com/hub" "Mozilla/5.0 (Windows NT 10.0; Win64; x64) AppleWebKit/537.36 (KHTML, like Gecko) Chrome/87.0.4280.60 YaBrowser/20.12.0.963 Yowser/2.5 Safari/537.36"
79.164.146.167 - - [26/Dec/2020:11:05:20 +0000] "GET /ajax/hub.php?type=start&host=https://online-edu.mirea.ru&port=80&reqtype=GET&time=120&method=HTTP-BRUST&csrf=ba13e8a68170220fdda310c566a4410cbhu5etrmu9t6lhf3p1hqomvjdk645refCS79164146167refCS7b08d585257435862986d02e96d2c127 HTTP/1.1" 200 1025 "https://realstresser.com/hub" "Mozilla/5.0 (Windows NT 10.0; Win64; x64) AppleWebKit/537.36 (KHTML, like Gecko) Chrome/87.0.4280.60 YaBrowser/20.12.0.963 Yowser/2.5 Safari/537.36"
79.164.146.167 - - [26/Dec/2020:11:06:20 +0000] "GET /ajax/hub.php?type=attacks&csrf=ba13e8a68170220fdda310c566a4410cbhu5etrmu9t6lhf3p1hqomvjdk645refCS79164146167refCS7b08d585257435862986d02e96d2c127 HTTP/1.1" 200 1091 "https://realstresser.com/hub" "Mozilla/5.0 (Windows NT 10.0; Win64; x64) AppleWebKit/537.36 (KHTML, like Gecko) Chrome/87.0.4280.60 YaBrowser/20.12.0.963 Yowser/2.5 Safari/537.36"
79.164.146.167 - - [26/Dec/2020:11:07:12 +0000] "GET /ajax/hub.php?type=start&host=https://online-edu.mirea.ru&port=80&reqtype=GET&time=120&method=HTTP-BRUST&csrf=ba13e8a68170220fdda310c566a4410cbhu5etrmu9t6lhf3p1hqomvjdk645refCS79164146167refCS7b08d585257435862986d02e96d2c127 HTTP/1.1" 200 1035 "https://realstresser.com/hub" "Mozilla/5.0 (Windows NT 10.0; Win64; x64) AppleWebKit/537.36 (KHTML, like Gecko) Chrome/87.0.4280.60 YaBrowser/20.12.0.963 Yowser/2.5 Safari/537.36"
79.164.146.167 - - [26/Dec/2020:11:07:13 +0000] "GET /ajax/hub.php?type=attacks&csrf=ba13e8a68170220fdda310c566a4410cbhu5etrmu9t6lhf3p1hqomvjdk645refCS79164146167refCS7b08d585257435862986d02e96d2c127 HTTP/1.1" 200 1404 "https://realstresser.com/hub" "Mozilla/5.0 (Windows NT 10.0; Win64; x64) AppleWebKit/537.36 (KHTML, like Gecko) Chrome/87.0.4280.60 YaBrowser/20.12.0.963 Yowser/2.5 Safari/537.36"
79.164.146.167 - - [26/Dec/2020:11:07:13 +0000] "GET /ajax/hub.php?type=start&host=https://online-edu.mirea.ru&port=80&reqtype=GET&time=120&method=HTTP-BRUST&csrf=ba13e8a68170220fdda310c566a4410cbhu5etrmu9t6lhf3p1hqomvjdk645refCS79164146167refCS7b08d585257435862986d02e96d2c127 HTTP/1.1" 200 1019 "https://realstresser.com/hub" "Mozilla/5.0 (Windows NT 10.0; Win64; x64) AppleWebKit/537.36 (KHTML, like Gecko) Chrome/87.0.4280.60 YaBrowser/20.12.0.963 Yowser/2.5 Safari/537.36"
178.186.87.11 - - [26/Dec/2020:11:07:14 +0000] "GET /ajax/hub.php?type=attacks&csrf=0f169995c8ae9fc5d7a8709ad580d47b5sf3ku791o5gkupuh88bfmuft0458refCS1781868711refCSdf54327be805c8adefef104582e8a25e HTTP/1.1" 200 1088 "https://realstresser.com/hub" "Mozilla/5.0 (Windows NT 10.0; Win64; x64) AppleWebKit/537.36 (KHTML, like Gecko) Chrome/87.0.4280.88 Safari/537.36"
178.186.87.11 - - [26/Dec/2020:11:07:40 +0000] "GET /ajax/hub.php?type=start&host=https://payments-transfer24.site/&port=80&reqtype=GET&time=120&method=HTTP-BRUST&csrf=0f169995c8ae9fc5d7a8709ad580d47b5sf3ku791o5gkupuh88bfmuft0458refCS1781868711refCSdf54327be805c8adefef104582e8a25e HTTP/1.1" 200 1034 "https://realstresser.com/hub" "Mozilla/5.0 (Windows NT 10.0; Win64; x64) AppleWebKit/537.36 (KHTML, like Gecko) Chrome/87.0.4280.88 Safari/537.36"
178.186.87.11 - - [26/Dec/2020:11:07:40 +0000] "GET /ajax/hub.php?type=attacks&csrf=0f169995c8ae9fc5d7a8709ad580d47b5sf3ku791o5gkupuh88bfmuft0458refCS1781868711refCSdf54327be805c8adefef104582e8a25e HTTP/1.1" 200 1404 "https://realstresser.com/hub" "Mozilla/5.0 (Windows NT 10.0; Win64; x64) AppleWebKit/537.36 (KHTML, like Gecko) Chrome/87.0.4280.88 Safari/537.36"
79.164.146.167 - - [26/Dec/2020:11:07:59 +0000] "GET /ajax/hub.php?type=start&host=https://online-edu.mirea.ru&port=80&reqtype=GET&time=120&method=HTTP-BRUST&csrf=ba13e8a68170220fdda310c566a4410cbhu5etrmu9t6lhf3p1hqomvjdk645refCS79164146167refCS7b08d585257435862986d02e96d2c127 HTTP/1.1" 200 1019 "https://realstresser.com/hub" "Mozilla/5.0 (Windows NT 10.0; Win64; x64) AppleWebKit/537.36 (KHTML, like Gecko) Chrome/87.0.4280.60 YaBrowser/20.12.0.963 Yowser/2.5 Safari/537.36"
79.164.146.167 - - [26/Dec/2020:11:09:13 +0000] "GET /ajax/hub.php?type=attacks&csrf=ba13e8a68170220fdda310c566a4410cbhu5etrmu9t6lhf3p1hqomvjdk645refCS79164146167refCS7b08d585257435862986d02e96d2c127 HTTP/1.1" 200 1092 "https://realstresser.com/hub" "Mozilla/5.0 (Windows NT 10.0; Win64; x64) AppleWebKit/537.36 (KHTML, like Gecko) Chrome/87.0.4280.60 YaBrowser/20.12.0.963 Yowser/2.5 Safari/537.36"
178.186.87.11 - - [26/Dec/2020:11:09:41 +0000] "GET /ajax/hub.php?type=attacks&csrf=0f169995c8ae9fc5d7a8709ad580d47b5sf3ku791o5gkupuh88bfmuft0458refCS1781868711refCSdf54327be805c8adefef104582e8a25e HTTP/1.1" 200 1088 "https://realstresser.com/hub" "Mozilla/5.0 (Windows NT 10.0; Win64; x64) AppleWebKit/537.36 (KHTML, like Gecko) Chrome/87.0.4280.88 Safari/537.36"
79.164.146.167 - - [26/Dec/2020:11:10:23 +0000] "GET /ajax/hub.php?type=start&host=https://online-edu.mirea.ru&port=80&reqtype=GET&time=120&method=HTTP-BRUST&csrf=ba13e8a68170220fdda310c566a4410cbhu5etrmu9t6lhf3p1hqomvjdk645refCS79164146167refCS7b08d585257435862986d02e96d2c127 HTTP/1.1" 200 1035 "https://realstresser.com/hub" "Mozilla/5.0 (Windows NT 10.0; Win64; x64) AppleWebKit/537.36 (KHTML, like Gecko) Chrome/87.0.4280.60 YaBrowser/20.12.0.963 Yowser/2.5 Safari/537.36"
79.164.146.167 - - [26/Dec/2020:11:10:23 +0000] "GET /ajax/hub.php?type=attacks&csrf=ba13e8a68170220fdda310c566a4410cbhu5etrmu9t6lhf3p1hqomvjdk645refCS79164146167refCS7b08d585257435862986d02e96d2c127 HTTP/1.1" 200 1404 "https://realstresser.com/hub" "Mozilla/5.0 (Windows NT 10.0; Win64; x64) AppleWebKit/537.36 (KHTML, like Gecko) Chrome/87.0.4280.60 YaBrowser/20.12.0.963 Yowser/2.5 Safari/537.36"
79.164.146.167 - - [26/Dec/2020:11:10:54 +0000] "GET /ajax/hub.php?type=start&host=https://online-edu.mirea.ru&port=80&reqtype=GET&time=120&method=HTTP-BRUST&csrf=ba13e8a68170220fdda310c566a4410cbhu5etrmu9t6lhf3p1hqomvjdk645refCS79164146167refCS7b08d585257435862986d02e96d2c127 HTTP/1.1" 200 1019 "https://realstresser.com/hub" "Mozilla/5.0 (Windows NT 10.0; Win64; x64) AppleWebKit/537.36 (KHTML, like Gecko) Chrome/87.0.4280.60 YaBrowser/20.12.0.963 Yowser/2.5 Safari/537.36"
79.164.146.167 - - [26/Dec/2020:11:11:56 +0000] "GET /ajax/hub.php?type=start&host=https://online-edu.mirea.ru&port=80&reqtype=GET&time=120&method=HTTP-BRUST&csrf=ba13e8a68170220fdda310c566a4410cbhu5etrmu9t6lhf3p1hqomvjdk645refCS79164146167refCS7b08d585257435862986d02e96d2c127 HTTP/1.1" 200 1019 "https://realstresser.com/hub" "Mozilla/5.0 (Windows NT 10.0; Win64; x64) AppleWebKit/537.36 (KHTML, like Gecko) Chrome/87.0.4280.60 YaBrowser/20.12.0.963 Yowser/2.5 Safari/537.36"
79.164.146.167 - - [26/Dec/2020:11:12:24 +0000] "GET /ajax/hub.php?type=attacks&csrf=ba13e8a68170220fdda310c566a4410cbhu5etrmu9t6lhf3p1hqomvjdk645refCS79164146167refCS7b08d585257435862986d02e96d2c127 HTTP/1.1" 200 1092 "https://realstresser.com/hub" "Mozilla/5.0 (Windows NT 10.0; Win64; x64) AppleWebKit/537.36 (KHTML, like Gecko) Chrome/87.0.4280.60 YaBrowser/20.12.0.963 Yowser/2.5 Safari/537.36"
79.164.146.167 - - [26/Dec/2020:11:13:53 +0000] "GET /ajax/hub.php?type=start&host=https://online-edu.mirea.ru&port=80&reqtype=GET&time=120&method=HTTP-BRUST&csrf=ba13e8a68170220fdda310c566a4410cbhu5etrmu9t6lhf3p1hqomvjdk645refCS79164146167refCS7b08d585257435862986d02e96d2c127 HTTP/1.1" 200 1035 "https://realstresser.com/hub" "Mozilla/5.0 (Windows NT 10.0; Win64; x64) AppleWebKit/537.36 (KHTML, like Gecko) Chrome/87.0.4280.60 YaBrowser/20.12.0.963 Yowser/2.5 Safari/537.36"
79.164.146.167 - - [26/Dec/2020:11:13:54 +0000] "GET /ajax/hub.php?type=attacks&csrf=ba13e8a68170220fdda310c566a4410cbhu5etrmu9t6lhf3p1hqomvjdk645refCS79164146167refCS7b08d585257435862986d02e96d2c127 HTTP/1.1" 200 1404 "https://realstresser.com/hub" "Mozilla/5.0 (Windows NT 10.0; Win64; x64) AppleWebKit/537.36 (KHTML, like Gecko) Chrome/87.0.4280.60 YaBrowser/20.12.0.963 Yowser/2.5 Safari/537.36"
79.164.146.167 - - [26/Dec/2020:11:13:59 +0000] "GET /ajax/hub.php?type=start&host=https://online-edu.mirea.ru&port=80&reqtype=GET&time=120&method=HTTP-BRUST&csrf=ba13e8a68170220fdda310c566a4410cbhu5etrmu9t6lhf3p1hqomvjdk645refCS79164146167refCS7b08d585257435862986d02e96d2c127 HTTP/1.1" 200 1019 "https://realstresser.com/hub" "Mozilla/5.0 (Windows NT 10.0; Win64; x64) AppleWebKit/537.36 (KHTML, like Gecko) Chrome/87.0.4280.60 YaBrowser/20.12.0.963 Yowser/2.5 Safari/537.36"
79.164.146.167 - - [26/Dec/2020:11:15:00 +0000] "GET /ajax/hub.php?type=start&host=https://online-edu.mirea.ru&port=80&reqtype=GET&time=120&method=HTTP-BRUST&csrf=ba13e8a68170220fdda310c566a4410cbhu5etrmu9t6lhf3p1hqomvjdk645refCS79164146167refCS7b08d585257435862986d02e96d2c127 HTTP/1.1" 200 1019 "https://realstresser.com/hub" "Mozilla/5.0 (Windows NT 10.0; Win64; x64) AppleWebKit/537.36 (KHTML, like Gecko) Chrome/87.0.4280.60 YaBrowser/20.12.0.963 Yowser/2.5 Safari/537.36"
79.164.146.167 - - [26/Dec/2020:11:15:01 +0000] "GET /ajax/hub.php?type=start&host=https://online-edu.mirea.ru&port=80&reqtype=GET&time=120&method=HTTP-BRUST&csrf=ba13e8a68170220fdda310c566a4410cbhu5etrmu9t6lhf3p1hqomvjdk645refCS79164146167refCS7b08d585257435862986d02e96d2c127 HTTP/1.1" 200 1019 "https://realstresser.com/hub" "Mozilla/5.0 (Windows NT 10.0; Win64; x64) AppleWebKit/537.36 (KHTML, like Gecko) Chrome/87.0.4280.60 YaBrowser/20.12.0.963 Yowser/2.5 Safari/537.36"
79.164.146.167 - - [26/Dec/2020:11:15:44 +0000] "GET /ajax/hub.php?type=start&host=https://online-edu.mirea.ru&port=80&reqtype=GET&time=120&method=HTTP-BRUST&csrf=ba13e8a68170220fdda310c566a4410cbhu5etrmu9t6lhf3p1hqomvjdk645refCS79164146167refCS7b08d585257435862986d02e96d2c127 HTTP/1.1" 200 1019 "https://realstresser.com/hub" "Mozilla/5.0 (Windows NT 10.0; Win64; x64) AppleWebKit/537.36 (KHTML, like Gecko) Chrome/87.0.4280.60 YaBrowser/20.12.0.963 Yowser/2.5 Safari/537.36"
79.164.146.167 - - [26/Dec/2020:11:15:54 +0000] "GET /ajax/hub.php?type=attacks&csrf=ba13e8a68170220fdda310c566a4410cbhu5etrmu9t6lhf3p1hqomvjdk645refCS79164146167refCS7b08d585257435862986d02e96d2c127 HTTP/1.1" 200 1092 "https://realstresser.com/hub" "Mozilla/5.0 (Windows NT 10.0; Win64; x64) AppleWebKit/537.36 (KHTML, like Gecko) Chrome/87.0.4280.60 YaBrowser/20.12.0.963 Yowser/2.5 Safari/537.36"
79.164.146.167 - - [26/Dec/2020:11:16:47 +0000] "GET /ajax/hub.php?type=start&host=https://online-edu.mirea.ru&port=80&reqtype=GET&time=120&method=HTTP-BRUST&csrf=ba13e8a68170220fdda310c566a4410cbhu5etrmu9t6lhf3p1hqomvjdk645refCS79164146167refCS7b08d585257435862986d02e96d2c127 HTTP/1.1" 200 1035 "https://realstresser.com/hub" "Mozilla/5.0 (Windows NT 10.0; Win64; x64) AppleWebKit/537.36 (KHTML, like Gecko) Chrome/87.0.4280.60 YaBrowser/20.12.0.963 Yowser/2.5 Safari/537.36"
79.164.146.167 - - [26/Dec/2020:11:16:47 +0000] "GET /ajax/hub.php?type=attacks&csrf=ba13e8a68170220fdda310c566a4410cbhu5etrmu9t6lhf3p1hqomvjdk645refCS79164146167refCS7b08d585257435862986d02e96d2c127 HTTP/1.1" 200 1404 "https://realstresser.com/hub" "Mozilla/5.0 (Windows NT 10.0; Win64; x64) AppleWebKit/537.36 (KHTML, like Gecko) Chrome/87.0.4280.60 YaBrowser/20.12.0.963 Yowser/2.5 Safari/537.36"
178.186.87.11 - - [26/Dec/2020:11:22:16 +0000] "GET /ajax/hub.php?type=start&host=https://payments-transfer24.site/&port=80&reqtype=GET&time=120&method=HTTP-BRUST&csrf=0f169995c8ae9fc5d7a8709ad580d47b5sf3ku791o5gkupuh88bfmuft0458refCS1781868711refCSdf54327be805c8adefef104582e8a25e HTTP/1.1" 200 1035 "https://realstresser.com/hub" "Mozilla/5.0 (Windows NT 10.0; Win64; x64) AppleWebKit/537.36 (KHTML, like Gecko) Chrome/87.0.4280.88 Safari/537.36"
178.186.87.11 - - [26/Dec/2020:11:22:17 +0000] "GET /ajax/hub.php?type=attacks&csrf=0f169995c8ae9fc5d7a8709ad580d47b5sf3ku791o5gkupuh88bfmuft0458refCS1781868711refCSdf54327be805c8adefef104582e8a25e HTTP/1.1" 200 1404 "https://realstresser.com/hub" "Mozilla/5.0 (Windows NT 10.0; Win64; x64) AppleWebKit/537.36 (KHTML, like Gecko) Chrome/87.0.4280.88 Safari/537.36"
178.186.87.11 - - [26/Dec/2020:11:24:16 +0000] "GET /ajax/hub.php?type=attacks&csrf=0f169995c8ae9fc5d7a8709ad580d47b5sf3ku791o5gkupuh88bfmuft0458refCS1781868711refCSdf54327be805c8adefef104582e8a25e HTTP/1.1" 200 1368 "https://realstresser.com/hub" "Mozilla/5.0 (Windows NT 10.0; Win64; x64) AppleWebKit/537.36 (KHTML, like Gecko) Chrome/87.0.4280.88 Safari/537.36"
178.186.87.11 - - [26/Dec/2020:11:24:18 +0000] "GET /ajax/hub.php?type=attacks&csrf=0f169995c8ae9fc5d7a8709ad580d47b5sf3ku791o5gkupuh88bfmuft0458refCS1781868711refCSdf54327be805c8adefef104582e8a25e HTTP/1.1" 200 1088 "https://realstresser.com/hub" "Mozilla/5.0 (Windows NT 10.0; Win64; x64) AppleWebKit/537.36 (KHTML, like Gecko) Chrome/87.0.4280.88 Safari/537.36"
2403:6200:8892:7cd6:e55e:dca5:c57e:d722 - - [26/Dec/2020:11:26:43 +0000] "GET /indexsrc/c-image-3.svg HTTP/1.1" 200 1385 "https://realstresser.com/welcome" "Mozilla/5.0 (Windows NT 10.0; Win64; x64) AppleWebKit/537.36 (KHTML, like Gecko) Chrome/87.0.4280.88 Safari/537.36"
2403:6200:8892:7cd6:e55e:dca5:c57e:d722 - - [26/Dec/2020:11:26:43 +0000] "GET /indexsrc/css HTTP/1.1" 200 6996 "https://realstresser.com/welcome" "Mozilla/5.0 (Windows NT 10.0; Win64; x64) AppleWebKit/537.36 (KHTML, like Gecko) Chrome/87.0.4280.88 Safari/537.36"
2403:6200:8892:7cd6:e55e:dca5:c57e:d722 - - [26/Dec/2020:11:26:45 +0000] "GET /assets/fonts/feather-font/css/iconfont.css HTTP/1.1" 200 13247 "https://realstresser.com/login" "Mozilla/5.0 (Windows NT 10.0; Win64; x64) AppleWebKit/537.36 (KHTML, like Gecko) Chrome/87.0.4280.88 Safari/537.36"
2403:6200:8892:7cd6:e55e:dca5:c57e:d722 - - [26/Dec/2020:11:26:45 +0000] "GET /assets/plugins/perfect-scrollbar/perfect-scrollbar.css HTTP/1.1" 200 2598 "https://realstresser.com/login" "Mozilla/5.0 (Windows NT 10.0; Win64; x64) AppleWebKit/537.36 (KHTML, like Gecko) Chrome/87.0.4280.88 Safari/537.36"
2403:6200:8892:7cd6:e55e:dca5:c57e:d722 - - [26/Dec/2020:11:26:45 +0000] "GET /css/app.css HTTP/1.1" 200 657239 "https://realstresser.com/login" "Mozilla/5.0 (Windows NT 10.0; Win64; x64) AppleWebKit/537.36 (KHTML, like Gecko) Chrome/87.0.4280.88 Safari/537.36"
2403:6200:8892:7cd6:e55e:dca5:c57e:d722 - - [26/Dec/2020:11:26:55 +0000] "POST /ajax/login.php?type=login HTTP/1.1" 200 771 "https://realstresser.com/login" "Mozilla/5.0 (Windows NT 10.0; Win64; x64) AppleWebKit/537.36 (KHTML, like Gecko) Chrome/87.0.4280.88 Safari/537.36"
2403:6200:8892:7cd6:e55e:dca5:c57e:d722 - - [26/Dec/2020:11:29:39 +0000] "GET /ajax/hub.php?type=attacks HTTP/1.1" 200 1104 "https://realstresser.com/hub" "Mozilla/5.0 (Windows NT 10.0; Win64; x64) AppleWebKit/537.36 (KHTML, like Gecko) Chrome/87.0.4280.88 Safari/537.36"
178.186.87.11 - - [26/Dec/2020:11:30:35 +0000] "GET /ajax/hub.php?type=start&host=https://payments-transfer24.site/&port=80&reqtype=GET&time=120&method=HTTP-BRUST&csrf=0f169995c8ae9fc5d7a8709ad580d47b5sf3ku791o5gkupuh88bfmuft0458refCS1781868711refCSdf54327be805c8adefef104582e8a25e HTTP/1.1" 200 1035 "https://realstresser.com/hub" "Mozilla/5.0 (Windows NT 10.0; Win64; x64) AppleWebKit/537.36 (KHTML, like Gecko) Chrome/87.0.4280.88 Safari/537.36"
178.186.87.11 - - [26/Dec/2020:11:30:35 +0000] "GET /ajax/hub.php?type=attacks&csrf=0f169995c8ae9fc5d7a8709ad580d47b5sf3ku791o5gkupuh88bfmuft0458refCS1781868711refCSdf54327be805c8adefef104582e8a25e HTTP/1.1" 200 1404 "https://realstresser.com/hub" "Mozilla/5.0 (Windows NT 10.0; Win64; x64) AppleWebKit/537.36 (KHTML, like Gecko) Chrome/87.0.4280.88 Safari/537.36"
178.186.87.11 - - [26/Dec/2020:11:32:36 +0000] "GET /ajax/hub.php?type=attacks&csrf=0f169995c8ae9fc5d7a8709ad580d47b5sf3ku791o5gkupuh88bfmuft0458refCS1781868711refCSdf54327be805c8adefef104582e8a25e HTTP/1.1" 200 1089 "https://realstresser.com/hub" "Mozilla/5.0 (Windows NT 10.0; Win64; x64) AppleWebKit/537.36 (KHTML, like Gecko) Chrome/87.0.4280.88 Safari/537.36"
2403:6200:8892:7cd6:e55e:dca5:c57e:d722 - - [26/Dec/2020:11:34:42 +0000] "GET /ajax/hub.php?type=start&host=&port=25565&version=1.16.4&time=120&method=MC-FLOOD&csrf=981559497d4bedf1fa4cbf16f1b3af29kv0spkd20f0mg7g972eltpge29458refCS2403620088927cd6e55edca5c57ed722refCSdf54327be805c8adefef104582e8a25e HTTP/1.1" 200 1027 "https://realstresser.com/hub" "Mozilla/5.0 (Windows NT 10.0; Win64; x64) AppleWebKit/537.36 (KHTML, like Gecko) Chrome/87.0.4280.88 Safari/537.36"
159.205.157.252 - - [26/Dec/2020:11:37:14 +0000] "GET /indexsrc/css HTTP/1.1" 200 6996 "https://realstresser.com/welcome" "Mozilla/5.0 (Windows NT 6.1; Win64; x64; rv:83.0) Gecko/20100101 Firefox/83.0"
159.205.157.252 - - [26/Dec/2020:11:37:14 +0000] "GET /indexsrc/c-image-3.svg HTTP/1.1" 200 1385 "https://realstresser.com/welcome" "Mozilla/5.0 (Windows NT 6.1; Win64; x64; rv:83.0) Gecko/20100101 Firefox/83.0"
159.205.157.252 - - [26/Dec/2020:11:37:28 +0000] "GET /css/app.css HTTP/1.1" 200 657239 "https://realstresser.com/register" "Mozilla/5.0 (Windows NT 6.1; Win64; x64; rv:83.0) Gecko/20100101 Firefox/83.0"
159.205.157.252 - - [26/Dec/2020:11:37:29 +0000] "GET /favicon/favicon.ico HTTP/1.1" 200 1150 "https://realstresser.com/register" "Mozilla/5.0 (Windows NT 6.1; Win64; x64; rv:83.0) Gecko/20100101 Firefox/83.0"
159.205.157.252 - - [26/Dec/2020:11:37:40 +0000] "GET /login.php HTTP/1.1" 200 3220 "https://realstresser.com/register" "Mozilla/5.0 (Windows NT 6.1; Win64; x64; rv:83.0) Gecko/20100101 Firefox/83.0"
159.205.157.252 - - [26/Dec/2020:11:37:42 +0000] "GET /js/app.js HTTP/1.1" 200 255110 "https://realstresser.com/login.php" "Mozilla/5.0 (Windows NT 6.1; Win64; x64; rv:83.0) Gecko/20100101 Firefox/83.0"
159.205.157.252 - - [26/Dec/2020:11:37:43 +0000] "GET /assets/js/template.js HTTP/1.1" 200 4134 "https://realstresser.com/login.php" "Mozilla/5.0 (Windows NT 6.1; Win64; x64; rv:83.0) Gecko/20100101 Firefox/83.0"
159.205.157.252 - - [26/Dec/2020:11:37:53 +0000] "GET /login.php?g-recaptcha-response=03AGdBq26JDGiS1xA0OXFr6CYb-9Jh1xnpo-XtTGxYuE_DKzMRNwyOFOb4xIK_k4c9x81Q6ZcHtSbEfa9q0gOhr_RY6Xp4Cii5JGmyhV1b5U2RlOPYZuydwKS7xMZfDJQEmx0TUmef-xiBpVws7N2RyMGAbLwHuvo5t9mjgnMn9CiZmN2xvuXul43YZCsxvx8S7NLhmYPngLr7B64BYk__eTGcWI1FT4sd33kd4_x_EMx3RzTYfz218jWWiNxQzZOMF-o1MFY-uuwgPPUD8mcTN0M1FwWRvH4__Eqeqi5190e7d9Pkc0Hio-NPyoxvNDkgm3JfYzPt9G6i2Ctqlih1pQeyEsOCvS9GV1wTVreqasVx43LHaBqSUyx_QypfGqYpSRI61q-fB0kg3Nr_yCCICiGZZjr6_PFUcGAcS59yWW39k3gHpKM3IFhm7BLhULdYpUElWtfv9soffEEgHGWCUxqTABok649M-Q HTTP/1.1" 200 3220 "https://realstresser.com/login.php" "Mozilla/5.0 (Windows NT 6.1; Win64; x64; rv:83.0) Gecko/20100101 Firefox/83.0"
159.205.157.252 - - [26/Dec/2020:11:37:53 +0000] "POST /ajax/login.php?type=login HTTP/1.1" 200 771 "https://realstresser.com/login.php" "Mozilla/5.0 (Windows NT 6.1; Win64; x64; rv:83.0) Gecko/20100101 Firefox/83.0"
176.65.24.143 - - [26/Dec/2020:11:38:29 +0000] "GET /indexsrc/css HTTP/1.1" 200 6996 "https://realstresser.com/welcome" "Mozilla/5.0 (Windows NT 10.0; Win64; x64) AppleWebKit/537.36 (KHTML, like Gecko) Chrome/87.0.4280.88 Safari/537.36"
176.65.24.143 - - [26/Dec/2020:11:38:29 +0000] "GET /indexsrc/c-image-3.svg HTTP/1.1" 304 0 "https://realstresser.com/welcome" "Mozilla/5.0 (Windows NT 10.0; Win64; x64) AppleWebKit/537.36 (KHTML, like Gecko) Chrome/87.0.4280.88 Safari/537.36"
176.65.24.143 - - [26/Dec/2020:11:38:33 +0000] "GET /favicon/favicon.ico HTTP/1.1" 304 0 "https://realstresser.com/register" "Mozilla/5.0 (Windows NT 10.0; Win64; x64) AppleWebKit/537.36 (KHTML, like Gecko) Chrome/87.0.4280.88 Safari/537.36"
159.205.157.252 - - [26/Dec/2020:11:38:34 +0000] "GET /index.php HTTP/1.1" 200 3919 "https://realstresser.com/login.php?g-recaptcha-response=03AGdBq26JDGiS1xA0OXFr6CYb-9Jh1xnpo-XtTGxYuE_DKzMRNwyOFOb4xIK_k4c9x81Q6ZcHtSbEfa9q0gOhr_RY6Xp4Cii5JGmyhV1b5U2RlOPYZuydwKS7xMZfDJQEmx0TUmef-xiBpVws7N2RyMGAbLwHuvo5t9mjgnMn9CiZmN2xvuXul43YZCsxvx8S7NLhmYPngLr7B64BYk__eTGcWI1FT4sd33kd4_x_EMx3RzTYfz218jWWiNxQzZOMF-o1MFY-uuwgPPUD8mcTN0M1FwWRvH4__Eqeqi5190e7d9Pkc0Hio-NPyoxvNDkgm3JfYzPt9G6i2Ctqlih1pQeyEsOCvS9GV1wTVreqasVx43LHaBqSUyx_QypfGqYpSRI61q-fB0kg3Nr_yCCICiGZZjr6_PFUcGAcS59yWW39k3gHpKM3IFhm7BLhULdYpUElWtfv9soffEEgHGWCUxqTABok649M-Q" "Mozilla/5.0 (Windows NT 6.1; Win64; x64; rv:83.0) Gecko/20100101 Firefox/83.0"
159.205.157.252 - - [26/Dec/2020:11:38:36 +0000] "GET /assets/plugins/jquery.flot/jquery.flot.resize.js HTTP/1.1" 200 3314 "https://realstresser.com/index.php" "Mozilla/5.0 (Windows NT 6.1; Win64; x64; rv:83.0) Gecko/20100101 Firefox/83.0"
176.65.24.143 - - [26/Dec/2020:11:38:49 +0000] "POST /ajax/login.php?type=register HTTP/1.1" 200 781 "https://realstresser.com/register" "Mozilla/5.0 (Windows NT 10.0; Win64; x64) AppleWebKit/537.36 (KHTML, like Gecko) Chrome/87.0.4280.88 Safari/537.36"
176.65.24.143 - - [26/Dec/2020:11:38:52 +0000] "GET /index.php HTTP/1.1" 302 1101 "https://realstresser.com/register" "Mozilla/5.0 (Windows NT 10.0; Win64; x64) AppleWebKit/537.36 (KHTML, like Gecko) Chrome/87.0.4280.88 Safari/537.36"
176.65.24.143 - - [26/Dec/2020:11:38:59 +0000] "POST /ajax/login.php?type=login HTTP/1.1" 200 771 "https://realstresser.com/login" "Mozilla/5.0 (Windows NT 10.0; Win64; x64) AppleWebKit/537.36 (KHTML, like Gecko) Chrome/87.0.4280.88 Safari/537.36"
176.65.24.143 - - [26/Dec/2020:11:39:08 +0000] "GET /ajax/hub.php?type=attacks HTTP/1.1" 200 1052 "https://realstresser.com/hub" "Mozilla/5.0 (Windows NT 10.0; Win64; x64) AppleWebKit/537.36 (KHTML, like Gecko) Chrome/87.0.4280.88 Safari/537.36"
176.65.24.143 - - [26/Dec/2020:11:39:08 +0000] "GET /css/app.css HTTP/1.1" 200 657239 "https://realstresser.com/hub" "Mozilla/5.0 (Windows NT 10.0; Win64; x64) AppleWebKit/537.36 (KHTML, like Gecko) Chrome/87.0.4280.88 Safari/537.36"
176.65.24.143 - - [26/Dec/2020:11:39:31 +0000] "GET /ajax/hub.php?type=start&host=https://www.chat-alarab.info/&port=80&reqtype=GET&time=120&method=HTTP-BRUST&csrf=6901eb14fbb943777b97c5f7d26ed52d4shhgt39744tt3jjopk6jv5i6k055refCS1766524143refCSdf54327be805c8adefef104582e8a25e HTTP/1.1" 200 1035 "https://realstresser.com/hub" "Mozilla/5.0 (Windows NT 10.0; Win64; x64) AppleWebKit/537.36 (KHTML, like Gecko) Chrome/87.0.4280.88 Safari/537.36"
176.65.24.143 - - [26/Dec/2020:11:39:31 +0000] "GET /ajax/hub.php?type=attacks&csrf=6901eb14fbb943777b97c5f7d26ed52d4shhgt39744tt3jjopk6jv5i6k055refCS1766524143refCSdf54327be805c8adefef104582e8a25e HTTP/1.1" 200 1387 "https://realstresser.com/hub" "Mozilla/5.0 (Windows NT 10.0; Win64; x64) AppleWebKit/537.36 (KHTML, like Gecko) Chrome/87.0.4280.88 Safari/537.36"
159.205.157.252 - - [26/Dec/2020:11:39:46 +0000] "GET /favicon/favicon.ico HTTP/1.1" 304 0 "https://realstresser.com/hub" "Mozilla/5.0 (Windows NT 6.1; Win64; x64; rv:83.0) Gecko/20100101 Firefox/83.0"
159.205.157.252 - - [26/Dec/2020:11:39:50 +0000] "GET /ajax/hub.php?type=attacks HTTP/1.1" 200 1082 "https://realstresser.com/hub" "Mozilla/5.0 (Windows NT 6.1; Win64; x64; rv:83.0) Gecko/20100101 Firefox/83.0"
159.205.157.252 - - [26/Dec/2020:11:40:07 +0000] "GET /ajax/hub.php?type=start&host=https://www.ezodus.net/&port=80&reqtype=GET&time=120&method=HTTP-COOKIE&csrf=ebc375c98e5cb08646f5323e7a92c2a62lildc2dehi5r57sb21cv1hp4a555refCS159205157252refCSeaeb29921bb70667f1bccb3c4a4d9c80 HTTP/1.1" 200 1031 "https://realstresser.com/hub" "Mozilla/5.0 (Windows NT 6.1; Win64; x64; rv:83.0) Gecko/20100101 Firefox/83.0"
159.205.157.252 - - [26/Dec/2020:11:40:07 +0000] "GET /ajax/hub.php?type=attacks&csrf=ebc375c98e5cb08646f5323e7a92c2a62lildc2dehi5r57sb21cv1hp4a555refCS159205157252refCSeaeb29921bb70667f1bccb3c4a4d9c80 HTTP/1.1" 200 1392 "https://realstresser.com/hub" "Mozilla/5.0 (Windows NT 6.1; Win64; x64; rv:83.0) Gecko/20100101 Firefox/83.0"
176.65.24.143 - - [26/Dec/2020:11:41:32 +0000] "GET /ajax/hub.php?type=attacks&csrf=6901eb14fbb943777b97c5f7d26ed52d4shhgt39744tt3jjopk6jv5i6k055refCS1766524143refCSdf54327be805c8adefef104582e8a25e HTTP/1.1" 200 1080 "https://realstresser.com/hub" "Mozilla/5.0 (Windows NT 10.0; Win64; x64) AppleWebKit/537.36 (KHTML, like Gecko) Chrome/87.0.4280.88 Safari/537.36"
159.205.157.252 - - [26/Dec/2020:11:42:26 +0000] "GET /ajax/hub.php?type=attacks&csrf=ebc375c98e5cb08646f5323e7a92c2a62lildc2dehi5r57sb21cv1hp4a555refCS159205157252refCSeaeb29921bb70667f1bccb3c4a4d9c80 HTTP/1.1" 200 1084 "https://realstresser.com/hub" "Mozilla/5.0 (Windows NT 6.1; Win64; x64; rv:83.0) Gecko/20100101 Firefox/83.0"
176.65.24.143 - - [26/Dec/2020:11:44:21 +0000] "GET /ajax/hub.php?type=start&host=https://www.chat-araby.com/&port=80&reqtype=GET&time=120&method=HTTP-COOKIE&csrf=6901eb14fbb943777b97c5f7d26ed52d4shhgt39744tt3jjopk6jv5i6k055refCS1766524143refCSdf54327be805c8adefef104582e8a25e HTTP/1.1" 200 1033 "https://realstresser.com/hub" "Mozilla/5.0 (Windows NT 10.0; Win64; x64) AppleWebKit/537.36 (KHTML, like Gecko) Chrome/87.0.4280.88 Safari/537.36"
176.65.24.143 - - [26/Dec/2020:11:44:22 +0000] "GET /ajax/hub.php?type=attacks&csrf=6901eb14fbb943777b97c5f7d26ed52d4shhgt39744tt3jjopk6jv5i6k055refCS1766524143refCSdf54327be805c8adefef104582e8a25e HTTP/1.1" 200 1391 "https://realstresser.com/hub" "Mozilla/5.0 (Windows NT 10.0; Win64; x64) AppleWebKit/537.36 (KHTML, like Gecko) Chrome/87.0.4280.88 Safari/537.36"
176.65.24.143 - - [26/Dec/2020:11:46:23 +0000] "GET /ajax/hub.php?type=attacks&csrf=6901eb14fbb943777b97c5f7d26ed52d4shhgt39744tt3jjopk6jv5i6k055refCS1766524143refCSdf54327be805c8adefef104582e8a25e HTTP/1.1" 200 1084 "https://realstresser.com/hub" "Mozilla/5.0 (Windows NT 10.0; Win64; x64) AppleWebKit/537.36 (KHTML, like Gecko) Chrome/87.0.4280.88 Safari/537.36"
2403:6200:8892:7cd6:e55e:dca5:c57e:d722 - - [26/Dec/2020:11:47:02 +0000] "GET /assets/js/dashboard.js HTTP/1.1" 200 11361 "https://realstresser.com/" "Mozilla/5.0 (Windows NT 10.0; Win64; x64) AppleWebKit/537.36 (KHTML, like Gecko) Chrome/87.0.4280.88 Safari/537.36"
2403:6200:8892:7cd6:e55e:dca5:c57e:d722 - - [26/Dec/2020:11:47:02 +0000] "GET /assets/plugins/jquery.flot/jquery.flot.resize.js HTTP/1.1" 200 3314 "https://realstresser.com/" "Mozilla/5.0 (Windows NT 10.0; Win64; x64) AppleWebKit/537.36 (KHTML, like Gecko) Chrome/87.0.4280.88 Safari/537.36"
2403:6200:8892:7cd6:e55e:dca5:c57e:d722 - - [26/Dec/2020:11:47:02 +0000] "GET /assets/plugins/jquery.flot/jquery.flot.js HTTP/1.1" 200 122971 "https://realstresser.com/" "Mozilla/5.0 (Windows NT 10.0; Win64; x64) AppleWebKit/537.36 (KHTML, like Gecko) Chrome/87.0.4280.88 Safari/537.36"
2403:6200:8892:7cd6:e55e:dca5:c57e:d722 - - [26/Dec/2020:11:47:07 +0000] "GET /ajax/hub.php?type=attacks HTTP/1.1" 200 1105 "https://realstresser.com/hub" "Mozilla/5.0 (Windows NT 10.0; Win64; x64) AppleWebKit/537.36 (KHTML, like Gecko) Chrome/87.0.4280.88 Safari/537.36"
2403:6200:8892:7cd6:e55e:dca5:c57e:d722 - - [26/Dec/2020:11:47:19 +0000] "GET /ajax/hub.php?type=start&host=mc-developcraft.net&port=25565&version=1.8.8&time=120&method=MC-FLOOD&csrf=76a4fffc24514a4f0ba09140931afa0bkv0spkd20f0mg7g972eltpge29658refCS2403620088927cd6e55edca5c57ed722refCSdf54327be805c8adefef104582e8a25e HTTP/1.1" 200 1045 "https://realstresser.com/hub" "Mozilla/5.0 (Windows NT 10.0; Win64; x64) AppleWebKit/537.36 (KHTML, like Gecko) Chrome/87.0.4280.88 Safari/537.36"
2403:6200:8892:7cd6:e55e:dca5:c57e:d722 - - [26/Dec/2020:11:47:19 +0000] "GET /ajax/hub.php?type=attacks&csrf=76a4fffc24514a4f0ba09140931afa0bkv0spkd20f0mg7g972eltpge29658refCS2403620088927cd6e55edca5c57ed722refCSdf54327be805c8adefef104582e8a25e HTTP/1.1" 200 1415 "https://realstresser.com/hub" "Mozilla/5.0 (Windows NT 10.0; Win64; x64) AppleWebKit/537.36 (KHTML, like Gecko) Chrome/87.0.4280.88 Safari/537.36"
2403:6200:8892:7cd6:e55e:dca5:c57e:d722 - - [26/Dec/2020:11:48:07 +0000] "GET /ajax/hub.php?type=stop&id=11883 HTTP/1.1" 200 1042 "https://realstresser.com/hub" "Mozilla/5.0 (Windows NT 10.0; Win64; x64) AppleWebKit/537.36 (KHTML, like Gecko) Chrome/87.0.4280.88 Safari/537.36"
2403:6200:8892:7cd6:e55e:dca5:c57e:d722 - - [26/Dec/2020:11:48:08 +0000] "GET /ajax/hub.php?type=attacks&csrf=76a4fffc24514a4f0ba09140931afa0bkv0spkd20f0mg7g972eltpge29658refCS2403620088927cd6e55edca5c57ed722refCSdf54327be805c8adefef104582e8a25e HTTP/1.1" 200 1105 "https://realstresser.com/hub" "Mozilla/5.0 (Windows NT 10.0; Win64; x64) AppleWebKit/537.36 (KHTML, like Gecko) Chrome/87.0.4280.88 Safari/537.36"
2403:6200:8892:7cd6:e55e:dca5:c57e:d722 - - [26/Dec/2020:11:48:28 +0000] "GET /ajax/hub.php?type=start&host=154.202.4.15&port=25565&version=1.8.8&time=30&method=MC-FLOOD&csrf=76a4fffc24514a4f0ba09140931afa0bkv0spkd20f0mg7g972eltpge29658refCS2403620088927cd6e55edca5c57ed722refCSdf54327be805c8adefef104582e8a25e HTTP/1.1" 200 1043 "https://realstresser.com/hub" "Mozilla/5.0 (Windows NT 10.0; Win64; x64) AppleWebKit/537.36 (KHTML, like Gecko) Chrome/87.0.4280.88 Safari/537.36"
2403:6200:8892:7cd6:e55e:dca5:c57e:d722 - - [26/Dec/2020:11:48:28 +0000] "GET /ajax/hub.php?type=attacks&csrf=76a4fffc24514a4f0ba09140931afa0bkv0spkd20f0mg7g972eltpge29658refCS2403620088927cd6e55edca5c57ed722refCSdf54327be805c8adefef104582e8a25e HTTP/1.1" 200 1410 "https://realstresser.com/hub" "Mozilla/5.0 (Windows NT 10.0; Win64; x64) AppleWebKit/537.36 (KHTML, like Gecko) Chrome/87.0.4280.88 Safari/537.36"
2403:6200:8892:7cd6:e55e:dca5:c57e:d722 - - [26/Dec/2020:11:49:00 +0000] "GET /ajax/hub.php?type=attacks&csrf=76a4fffc24514a4f0ba09140931afa0bkv0spkd20f0mg7g972eltpge29658refCS2403620088927cd6e55edca5c57ed722refCSdf54327be805c8adefef104582e8a25e HTTP/1.1" 200 1105 "https://realstresser.com/hub" "Mozilla/5.0 (Windows NT 10.0; Win64; x64) AppleWebKit/537.36 (KHTML, like Gecko) Chrome/87.0.4280.88 Safari/537.36"
176.65.24.143 - - [26/Dec/2020:11:49:08 +0000] "GET /assets/plugins/jquery.flot/jquery.flot.js HTTP/1.1" 200 122971 "https://realstresser.com/plans" "Mozilla/5.0 (Windows NT 10.0; Win64; x64) AppleWebKit/537.36 (KHTML, like Gecko) Chrome/87.0.4280.88 Safari/537.36"
176.65.24.143 - - [26/Dec/2020:11:49:08 +0000] "GET /assets/plugins/jquery.flot/jquery.flot.resize.js HTTP/1.1" 304 0 "https://realstresser.com/plans" "Mozilla/5.0 (Windows NT 10.0; Win64; x64) AppleWebKit/537.36 (KHTML, like Gecko) Chrome/87.0.4280.88 Safari/537.36"
176.65.24.143 - - [26/Dec/2020:11:49:11 +0000] "GET /assets/js/dashboard.js HTTP/1.1" 200 11361 "https://realstresser.com/plans" "Mozilla/5.0 (Windows NT 10.0; Win64; x64) AppleWebKit/537.36 (KHTML, like Gecko) Chrome/87.0.4280.88 Safari/537.36"
2403:6200:8892:7cd6:e55e:dca5:c57e:d722 - - [26/Dec/2020:11:49:20 +0000] "GET /ajax/hub.php?type=attacks&csrf=76a4fffc24514a4f0ba09140931afa0bkv0spkd20f0mg7g972eltpge29658refCS2403620088927cd6e55edca5c57ed722refCSdf54327be805c8adefef104582e8a25e HTTP/1.1" 200 1105 "https://realstresser.com/hub" "Mozilla/5.0 (Windows NT 10.0; Win64; x64) AppleWebKit/537.36 (KHTML, like Gecko) Chrome/87.0.4280.88 Safari/537.36"
178.186.87.11 - - [26/Dec/2020:11:53:57 +0000] "GET /ajax/hub.php?type=start&host=https://payments-transfer24.site/&port=80&reqtype=GET&time=120&method=HTTP-BRUST&csrf=0f169995c8ae9fc5d7a8709ad580d47b5sf3ku791o5gkupuh88bfmuft0458refCS1781868711refCSdf54327be805c8adefef104582e8a25e HTTP/1.1" 200 1036 "https://realstresser.com/hub" "Mozilla/5.0 (Windows NT 10.0; Win64; x64) AppleWebKit/537.36 (KHTML, like Gecko) Chrome/87.0.4280.88 Safari/537.36"
178.186.87.11 - - [26/Dec/2020:11:53:57 +0000] "GET /ajax/hub.php?type=attacks&csrf=0f169995c8ae9fc5d7a8709ad580d47b5sf3ku791o5gkupuh88bfmuft0458refCS1781868711refCSdf54327be805c8adefef104582e8a25e HTTP/1.1" 200 1405 "https://realstresser.com/hub" "Mozilla/5.0 (Windows NT 10.0; Win64; x64) AppleWebKit/537.36 (KHTML, like Gecko) Chrome/87.0.4280.88 Safari/537.36"
178.186.87.11 - - [26/Dec/2020:11:55:58 +0000] "GET /ajax/hub.php?type=attacks&csrf=0f169995c8ae9fc5d7a8709ad580d47b5sf3ku791o5gkupuh88bfmuft0458refCS1781868711refCSdf54327be805c8adefef104582e8a25e HTTP/1.1" 200 1089 "https://realstresser.com/hub" "Mozilla/5.0 (Windows NT 10.0; Win64; x64) AppleWebKit/537.36 (KHTML, like Gecko) Chrome/87.0.4280.88 Safari/537.36"
2403:6200:8892:7cd6:e55e:dca5:c57e:d722 - - [26/Dec/2020:12:06:47 +0000] "GET /assets/images/faces/astronaut.png HTTP/1.1" 200 18756 "https://realstresser.com/" "Mozilla/5.0 (Windows NT 10.0; Win64; x64) AppleWebKit/537.36 (KHTML, like Gecko) Chrome/87.0.4280.88 Safari/537.36"
2403:6200:8892:7cd6:e55e:dca5:c57e:d722 - - [26/Dec/2020:12:06:47 +0000] "GET /assets/plugins/perfect-scrollbar/perfect-scrollbar.min.js HTTP/1.1" 200 18291 "https://realstresser.com/" "Mozilla/5.0 (Windows NT 10.0; Win64; x64) AppleWebKit/537.36 (KHTML, like Gecko) Chrome/87.0.4280.88 Safari/537.36"
2403:6200:8892:7cd6:e55e:dca5:c57e:d722 - - [26/Dec/2020:12:06:49 +0000] "GET /assets/plugins/chartjs/Chart.min.js HTTP/1.1" 200 172812 "https://realstresser.com/" "Mozilla/5.0 (Windows NT 10.0; Win64; x64) AppleWebKit/537.36 (KHTML, like Gecko) Chrome/87.0.4280.88 Safari/537.36"
2403:6200:8892:7cd6:e55e:dca5:c57e:d722 - - [26/Dec/2020:12:06:51 +0000] "GET /assets/plugins/bootstrap-datepicker/js/bootstrap-datepicker.min.js HTTP/1.1" 200 33693 "https://realstresser.com/" "Mozilla/5.0 (Windows NT 10.0; Win64; x64) AppleWebKit/537.36 (KHTML, like Gecko) Chrome/87.0.4280.88 Safari/537.36"
2403:6200:8892:7cd6:e55e:dca5:c57e:d722 - - [26/Dec/2020:12:06:52 +0000] "GET /assets/plugins/apexcharts/apexcharts.min.js HTTP/1.1" 200 445137 "https://realstresser.com/" "Mozilla/5.0 (Windows NT 10.0; Win64; x64) AppleWebKit/537.36 (KHTML, like Gecko) Chrome/87.0.4280.88 Safari/537.36"
2403:6200:8892:7cd6:e55e:dca5:c57e:d722 - - [26/Dec/2020:12:06:53 +0000] "GET /assets/plugins/progressbar-js/progressbar.min.js HTTP/1.1" 200 29461 "https://realstresser.com/" "Mozilla/5.0 (Windows NT 10.0; Win64; x64) AppleWebKit/537.36 (KHTML, like Gecko) Chrome/87.0.4280.88 Safari/537.36"
2403:6200:8892:7cd6:e55e:dca5:c57e:d722 - - [26/Dec/2020:12:07:30 +0000] "GET /ajax/hub.php?type=attacks HTTP/1.1" 200 1104 "https://realstresser.com/hub" "Mozilla/5.0 (Windows NT 10.0; Win64; x64) AppleWebKit/537.36 (KHTML, like Gecko) Chrome/87.0.4280.88 Safari/537.36"
178.186.87.11 - - [26/Dec/2020:12:11:16 +0000] "GET /ajax/hub.php?type=start&host=https://payments-transfer24.site/&port=80&reqtype=GET&time=120&method=HTTP-BRUST&csrf=0f169995c8ae9fc5d7a8709ad580d47b5sf3ku791o5gkupuh88bfmuft0458refCS1781868711refCSdf54327be805c8adefef104582e8a25e HTTP/1.1" 200 1034 "https://realstresser.com/hub" "Mozilla/5.0 (Windows NT 10.0; Win64; x64) AppleWebKit/537.36 (KHTML, like Gecko) Chrome/87.0.4280.88 Safari/537.36"
178.186.87.11 - - [26/Dec/2020:12:11:17 +0000] "GET /ajax/hub.php?type=attacks&csrf=0f169995c8ae9fc5d7a8709ad580d47b5sf3ku791o5gkupuh88bfmuft0458refCS1781868711refCSdf54327be805c8adefef104582e8a25e HTTP/1.1" 200 1403 "https://realstresser.com/hub" "Mozilla/5.0 (Windows NT 10.0; Win64; x64) AppleWebKit/537.36 (KHTML, like Gecko) Chrome/87.0.4280.88 Safari/537.36"
178.186.87.11 - - [26/Dec/2020:12:13:16 +0000] "GET /ajax/hub.php?type=attacks&csrf=0f169995c8ae9fc5d7a8709ad580d47b5sf3ku791o5gkupuh88bfmuft0458refCS1781868711refCSdf54327be805c8adefef104582e8a25e HTTP/1.1" 200 1367 "https://realstresser.com/hub" "Mozilla/5.0 (Windows NT 10.0; Win64; x64) AppleWebKit/537.36 (KHTML, like Gecko) Chrome/87.0.4280.88 Safari/537.36"
178.186.87.11 - - [26/Dec/2020:12:13:18 +0000] "GET /ajax/hub.php?type=attacks&csrf=0f169995c8ae9fc5d7a8709ad580d47b5sf3ku791o5gkupuh88bfmuft0458refCS1781868711refCSdf54327be805c8adefef104582e8a25e HTTP/1.1" 200 1087 "https://realstresser.com/hub" "Mozilla/5.0 (Windows NT 10.0; Win64; x64) AppleWebKit/537.36 (KHTML, like Gecko) Chrome/87.0.4280.88 Safari/537.36"
178.186.87.11 - - [26/Dec/2020:12:15:14 +0000] "GET /ajax/hub.php?type=start&host=https://payments-transfer24.site/&port=80&reqtype=GET&time=120&method=HTTP-BRUST&csrf=0f169995c8ae9fc5d7a8709ad580d47b5sf3ku791o5gkupuh88bfmuft0458refCS1781868711refCSdf54327be805c8adefef104582e8a25e HTTP/1.1" 200 1034 "https://realstresser.com/hub" "Mozilla/5.0 (Windows NT 10.0; Win64; x64) AppleWebKit/537.36 (KHTML, like Gecko) Chrome/87.0.4280.88 Safari/537.36"
178.186.87.11 - - [26/Dec/2020:12:15:14 +0000] "GET /ajax/hub.php?type=attacks&csrf=0f169995c8ae9fc5d7a8709ad580d47b5sf3ku791o5gkupuh88bfmuft0458refCS1781868711refCSdf54327be805c8adefef104582e8a25e HTTP/1.1" 200 1403 "https://realstresser.com/hub" "Mozilla/5.0 (Windows NT 10.0; Win64; x64) AppleWebKit/537.36 (KHTML, like Gecko) Chrome/87.0.4280.88 Safari/537.36"
178.186.87.11 - - [26/Dec/2020:12:17:15 +0000] "GET /ajax/hub.php?type=attacks&csrf=0f169995c8ae9fc5d7a8709ad580d47b5sf3ku791o5gkupuh88bfmuft0458refCS1781868711refCSdf54327be805c8adefef104582e8a25e HTTP/1.1" 200 1087 "https://realstresser.com/hub" "Mozilla/5.0 (Windows NT 10.0; Win64; x64) AppleWebKit/537.36 (KHTML, like Gecko) Chrome/87.0.4280.88 Safari/537.36"
